{"corpus": "runs/small/pegasus3/corpus", "instances": 120, "qubits": 128, "tries_per_call": 10, "deadlines": [10.0, 30.0, 60.0, 120.0]}
    1/120 pegasus3-fill70-a3.0-0   valid at 1s attempts 1
    2/120 pegasus3-fill70-a3.0-1   valid at 1s attempts 1
    3/120 pegasus3-fill70-a3.0-2   valid at 3s attempts 1
    4/120 pegasus3-fill70-a3.0-3   valid at 1s attempts 1
    5/120 pegasus3-fill70-a3.0-4   valid at 1s attempts 1
    6/120 pegasus3-fill70-a3.0-5   valid at 3s attempts 1
    7/120 pegasus3-fill70-a3.0-6   valid at 13s attempts 3
    8/120 pegasus3-fill70-a3.0-7   valid at 0s attempts 1
    9/120 pegasus3-fill70-a3.0-8   valid at 0s attempts 1
   10/120 pegasus3-fill70-a3.0-9   valid at 121s attempts 28
   11/120 pegasus3-fill70-a3.0-10  valid at 0s attempts 1
   12/120 pegasus3-fill70-a3.0-11  valid at 1s attempts 1
   13/120 pegasus3-fill70-a2.0-0   valid at 0s attempts 1
   14/120 pegasus3-fill70-a2.0-1   valid at 0s attempts 1
   15/120 pegasus3-fill70-a2.0-2   valid at 0s attempts 1
   16/120 pegasus3-fill70-a2.0-3   valid at 1s attempts 1
   17/120 pegasus3-fill70-a2.0-4   valid at 0s attempts 1
   18/120 pegasus3-fill70-a2.0-5   valid at 0s attempts 1
   19/120 pegasus3-fill70-a2.0-6   valid at 0s attempts 1
   20/120 pegasus3-fill70-a2.0-7   valid at 0s attempts 1
   21/120 pegasus3-fill70-a2.0-8   valid at 0s attempts 1
   22/120 pegasus3-fill70-a2.0-9   valid at 0s attempts 1
   23/120 pegasus3-fill70-a2.0-10  valid at 0s attempts 1
   24/120 pegasus3-fill70-a2.0-11  valid at 0s attempts 1
   25/120 pegasus3-fill80-a3.0-0   none within 120s attempts 27
   26/120 pegasus3-fill80-a3.0-1   none within 120s attempts 38
   27/120 pegasus3-fill80-a3.0-2   none within 120s attempts 33
   28/120 pegasus3-fill80-a3.0-3   none within 120s attempts 31
   29/120 pegasus3-fill80-a3.0-4   none within 120s attempts 36
   30/120 pegasus3-fill80-a3.0-5   none within 120s attempts 37
   31/120 pegasus3-fill80-a3.0-6   none within 120s attempts 33
   32/120 pegasus3-fill80-a3.0-7   none within 120s attempts 35
   33/120 pegasus3-fill80-a3.0-8   valid at 47s attempts 15
   34/120 pegasus3-fill80-a3.0-9   none within 120s attempts 31
   35/120 pegasus3-fill80-a3.0-10  none within 120s attempts 30
   36/120 pegasus3-fill80-a3.0-11  valid at 32s attempts 10
   37/120 pegasus3-fill80-a2.0-0   valid at 0s attempts 1
   38/120 pegasus3-fill80-a2.0-1   valid at 11s attempts 4
   39/120 pegasus3-fill80-a2.0-2   valid at 46s attempts 15
   40/120 pegasus3-fill80-a2.0-3   valid at 5s attempts 2
   41/120 pegasus3-fill80-a2.0-4   valid at 0s attempts 1
   42/120 pegasus3-fill80-a2.0-5   valid at 11s attempts 4
   43/120 pegasus3-fill80-a2.0-6   valid at 1s attempts 1
   44/120 pegasus3-fill80-a2.0-7   valid at 0s attempts 1
   45/120 pegasus3-fill80-a2.0-8   none within 120s attempts 32
   46/120 pegasus3-fill80-a2.0-9   none within 120s attempts 34
   47/120 pegasus3-fill80-a2.0-10  valid at 0s attempts 1
   48/120 pegasus3-fill80-a2.0-11  valid at 37s attempts 12
   49/120 pegasus3-fill85-a3.0-0   none within 120s attempts 26
   50/120 pegasus3-fill85-a3.0-1   none within 120s attempts 28
   51/120 pegasus3-fill85-a3.0-2   none within 120s attempts 31
   52/120 pegasus3-fill85-a3.0-3   none within 120s attempts 32
   53/120 pegasus3-fill85-a3.0-4   none within 120s attempts 35
   54/120 pegasus3-fill85-a3.0-5   none within 120s attempts 39
   55/120 pegasus3-fill85-a3.0-6   none within 120s attempts 41
   56/120 pegasus3-fill85-a3.0-7   none within 120s attempts 45
   57/120 pegasus3-fill85-a3.0-8   none within 120s attempts 38
   58/120 pegasus3-fill85-a3.0-9   none within 120s attempts 44
   59/120 pegasus3-fill85-a3.0-10  none within 120s attempts 44
   60/120 pegasus3-fill85-a3.0-11  none within 120s attempts 41
   61/120 pegasus3-fill85-a2.0-0   valid at 2s attempts 2
   62/120 pegasus3-fill85-a2.0-1   valid at 3s attempts 2
   63/120 pegasus3-fill85-a2.0-2   none within 120s attempts 52
   64/120 pegasus3-fill85-a2.0-3   valid at 67s attempts 30
   65/120 pegasus3-fill85-a2.0-4   valid at 6s attempts 3
   66/120 pegasus3-fill85-a2.0-5   valid at 1s attempts 1
   67/120 pegasus3-fill85-a2.0-6   valid at 0s attempts 1
   68/120 pegasus3-fill85-a2.0-7   valid at 27s attempts 12
   69/120 pegasus3-fill85-a2.0-8   valid at 1s attempts 1
   70/120 pegasus3-fill85-a2.0-9   valid at 7s attempts 4
   71/120 pegasus3-fill85-a2.0-10  valid at 3s attempts 2
   72/120 pegasus3-fill85-a2.0-11  valid at 0s attempts 1
   73/120 pegasus3-fill90-a3.0-0   none within 120s attempts 38
   74/120 pegasus3-fill90-a3.0-1   none within 120s attempts 40
   75/120 pegasus3-fill90-a3.0-2   none within 120s attempts 38
   76/120 pegasus3-fill90-a3.0-3   none within 120s attempts 35
   77/120 pegasus3-fill90-a3.0-4   none within 120s attempts 46
   78/120 pegasus3-fill90-a3.0-5   none within 120s attempts 44
   79/120 pegasus3-fill90-a3.0-6   none within 120s attempts 35
   80/120 pegasus3-fill90-a3.0-7   none within 120s attempts 38
   81/120 pegasus3-fill90-a3.0-8   none within 120s attempts 40
   82/120 pegasus3-fill90-a3.0-9   none within 120s attempts 40
   83/120 pegasus3-fill90-a3.0-10  none within 120s attempts 40
   84/120 pegasus3-fill90-a3.0-11  none within 120s attempts 37
   85/120 pegasus3-fill90-a2.0-0   none within 120s attempts 50
   86/120 pegasus3-fill90-a2.0-1   none within 120s attempts 45
   87/120 pegasus3-fill90-a2.0-2   none within 120s attempts 50
   88/120 pegasus3-fill90-a2.0-3   valid at 22s attempts 11
   89/120 pegasus3-fill90-a2.0-4   valid at 1s attempts 1
   90/120 pegasus3-fill90-a2.0-5   valid at 4s attempts 3
   91/120 pegasus3-fill90-a2.0-6   none within 120s attempts 51
   92/120 pegasus3-fill90-a2.0-7   none within 120s attempts 51
   93/120 pegasus3-fill90-a2.0-8   none within 120s attempts 46
   94/120 pegasus3-fill90-a2.0-9   none within 120s attempts 54
   95/120 pegasus3-fill90-a2.0-10  valid at 1s attempts 1
   96/120 pegasus3-fill90-a2.0-11  valid at 18s attempts 7
   97/120 pegasus3-fill95-a3.0-0   none within 120s attempts 31
   98/120 pegasus3-fill95-a3.0-1   none within 120s attempts 37
   99/120 pegasus3-fill95-a3.0-2   none within 120s attempts 37
  100/120 pegasus3-fill95-a3.0-3   none within 120s attempts 34
  101/120 pegasus3-fill95-a3.0-4   none within 120s attempts 36
  102/120 pegasus3-fill95-a3.0-5   none within 120s attempts 42
  103/120 pegasus3-fill95-a3.0-6   none within 120s attempts 37
  104/120 pegasus3-fill95-a3.0-7   none within 120s attempts 36
  105/120 pegasus3-fill95-a3.0-8   none within 120s attempts 44
  106/120 pegasus3-fill95-a3.0-9   none within 120s attempts 38
  107/120 pegasus3-fill95-a3.0-10  none within 120s attempts 33
  108/120 pegasus3-fill95-a3.0-11  none within 120s attempts 33
  109/120 pegasus3-fill95-a2.0-0   none within 120s attempts 39
  110/120 pegasus3-fill95-a2.0-1   none within 120s attempts 43
  111/120 pegasus3-fill95-a2.0-2   none within 120s attempts 39
  112/120 pegasus3-fill95-a2.0-3   none within 120s attempts 53
  113/120 pegasus3-fill95-a2.0-4   valid at 20s attempts 10
  114/120 pegasus3-fill95-a2.0-5   none within 120s attempts 46
  115/120 pegasus3-fill95-a2.0-6   none within 120s attempts 42
  116/120 pegasus3-fill95-a2.0-7   none within 120s attempts 41
  117/120 pegasus3-fill95-a2.0-8   none within 120s attempts 51
  118/120 pegasus3-fill95-a2.0-9   valid at 33s attempts 15
  119/120 pegasus3-fill95-a2.0-10  none within 120s attempts 41
  120/120 pegasus3-fill95-a2.0-11  none within 120s attempts 44

  cell               n   <=10s   <=30s   <=60s  <=120s  attempts   mmfill
  fill70-a2.0       12    1.00    1.00    1.00    1.00       1.0     0.67
  fill70-a3.0       12    0.83    0.92    0.92    0.92       3.4     0.83
  fill80-a2.0       12    0.50    0.67    0.83    0.83       9.0     0.78
  fill80-a3.0       12    0.00    0.00    0.17    0.17      29.7     0.86
  fill85-a2.0       12    0.75    0.83    0.83    0.92       9.2     0.83
  fill85-a3.0       12    0.00    0.00    0.00    0.00      37.0        -
  fill90-a2.0       12    0.25    0.42    0.42    0.42      30.8     0.82
  fill90-a3.0       12    0.00    0.00    0.00    0.00      39.2        -
  fill95-a2.0       12    0.00    0.08    0.17    0.17      38.7     0.90
  fill95-a3.0       12    0.00    0.00    0.00    0.00      36.5        -

  Validity at each deadline is the fraction of instances whose first valid embedding
  arrived within it; every attempt, including failures, is counted in wall time.

ANYTIME BASELINE DONE
