{"cache": "runs/r1/labels.pkl", "key": ["runs/v1/corpus", 200, 60, 2, 8, 256, 0], "device": "cuda", "width": 64}
  training lineages: 389 states compiled, 0 candidates dropped, 0 without native coordinates, 115s
  held-out lineages: 118 states compiled, 0 candidates dropped, 0 without native coordinates, 38s
  fitting on 100 lineages, 198 states
  scorer parameters 123905
  step   1  nll 0.69272  rank 2.02880  train regret 0.1660  grad 16.138  inner -
  step  51  nll 0.67261  rank 1.88256  train regret 0.1052  grad 183.743  inner -
  step 101  nll 0.64409  rank 1.63589  train regret 0.0526  grad 1735.456  inner -
  step 151  nll 0.62439  rank 1.44016  train regret 0.0219  grad 998.493  inner -
  step 201  nll 0.61145  rank 1.37510  train regret 0.0155  grad 1360.162  inner -
  step 251  nll 0.59211  rank 1.35163  train regret 0.0161  grad 1426.168  inner -
  step 301  nll 0.57822  rank 1.35015  train regret 0.0141  grad 2605.901  inner -
  step 351  nll 0.57358  rank 1.32506  train regret 0.0091  grad 1443.495  inner -
  step 400  nll 0.54798  rank 1.27673  train regret 0.0085  grad 997.199  inner -

== TRAINING states, fitted on, 118 states, every pick re-measured on 512 independent reads
  picking by oracle     0.6539  over 118 states
  picking by head       0.6578  over 118 states
  picking by random     0.5013  over 118 states
  picking by resource   0.4918  over 118 states
  picking by incumbent  0.5058  over 118 states
  head minus random                    n 118 states in  60 lineages  +0.1547 [+0.1152, +0.1967]  (paired by lineage)
  head minus the protected incumbent   n 118 states in  60 lineages  +0.1507 [+0.1057, +0.1998]  (paired by lineage)
  oracle minus random, the ceiling     n 118 states in  60 lineages  +0.1513 [+0.1125, +0.1933]  (paired by lineage)
  head minus oracle, left on the table n 118 states in  60 lineages  +0.0035 [-0.0017, +0.0082]  (paired by lineage)
  median within-state rank correlation +0.693

== HELD-OUT lineages, never trained on, 118 states, every pick re-measured on 512 independent reads
  picking by oracle     0.7083  over 118 states
  picking by head       0.5775  over 118 states
  picking by random     0.5780  over 118 states
  picking by resource   0.5739  over 118 states
  picking by incumbent  0.5991  over 118 states
  head minus random                    n 118 states in  60 lineages  +0.0007 [-0.0353, +0.0395]  (paired by lineage)
  head minus the protected incumbent   n 118 states in  60 lineages  -0.0207 [-0.0587, +0.0194]  (paired by lineage)
  oracle minus random, the ceiling     n 118 states in  60 lineages  +0.1297 [+0.0981, +0.1635]  (paired by lineage)
  head minus oracle, left on the table n 118 states in  60 lineages  -0.1290 [-0.1657, -0.0967]  (paired by lineage)
  median within-state rank correlation +0.000

SUCCESSOR SCORER DONE
