{"cache": "runs/r1/labels.pkl", "key": ["runs/v1/corpus", 200, 60, 2, 8, 256, 0], "device": "cuda", "width": 64}
  training lineages: 389 states compiled, 0 candidates dropped, 0 without native coordinates, 115s
  held-out lineages: 118 states compiled, 0 candidates dropped, 0 without native coordinates, 40s
  fitting on 200 lineages, 389 states
  scorer parameters 123905
  step   1  nll 0.69310  rank 2.02015  train regret 0.1671  grad 45.844  inner -
  step  51  nll 0.66380  rank 1.86713  train regret 0.1041  grad 356.797  inner -
  step 101  nll 0.65688  rank 1.72374  train regret 0.0712  grad 2008.697  inner -
  step 151  nll 0.64429  rank 1.58112  train regret 0.0436  grad 2751.653  inner -
  step 201  nll 0.63884  rank 1.51453  train regret 0.0341  grad 3552.448  inner -
  step 251  nll 0.63186  rank 1.40437  train regret 0.0181  grad 3087.427  inner -
  step 301  nll 0.62136  rank 1.38436  train regret 0.0184  grad 3482.454  inner -
  step 351  nll 0.63785  rank 1.35673  train regret 0.0121  grad 5379.902  inner -
  step 400  nll 0.61935  rank 1.29899  train regret 0.0111  grad 3910.284  inner -

== TRAINING states, fitted on, 118 states, every pick re-measured on 512 independent reads
  picking by oracle     0.6242  over 118 states
  picking by head       0.6249  over 118 states
  picking by random     0.4879  over 118 states
  picking by resource   0.4832  over 118 states
  picking by incumbent  0.4919  over 118 states
  head minus random                    n 118 states in  61 lineages  +0.1359 [+0.1052, +0.1671]  (paired by lineage)
  head minus the protected incumbent   n 118 states in  61 lineages  +0.1330 [+0.0972, +0.1707]  (paired by lineage)
  oracle minus random, the ceiling     n 118 states in  61 lineages  +0.1350 [+0.1051, +0.1654]  (paired by lineage)
  head minus oracle, left on the table n 118 states in  61 lineages  +0.0010 [-0.0044, +0.0064]  (paired by lineage)
  median within-state rank correlation +0.734

== HELD-OUT lineages, never trained on, 118 states, every pick re-measured on 512 independent reads
  picking by oracle     0.7083  over 118 states
  picking by head       0.5903  over 118 states
  picking by random     0.5780  over 118 states
  picking by resource   0.5739  over 118 states
  picking by incumbent  0.5991  over 118 states
  head minus random                    n 118 states in  60 lineages  +0.0133 [-0.0206, +0.0459]  (paired by lineage)
  head minus the protected incumbent   n 118 states in  60 lineages  -0.0081 [-0.0415, +0.0259]  (paired by lineage)
  oracle minus random, the ceiling     n 118 states in  60 lineages  +0.1297 [+0.0981, +0.1635]  (paired by lineage)
  head minus oracle, left on the table n 118 states in  60 lineages  -0.1164 [-0.1457, -0.0885]  (paired by lineage)
  median within-state rank correlation +0.036

SUCCESSOR SCORER DONE
