{"cache": "runs/r1/labels.pkl", "key": ["runs/v1/corpus", 200, 60, 2, 8, 256, 0], "device": "cuda", "width": 64}
  training lineages: 389 states compiled, 0 candidates dropped, 0 without native coordinates, 115s
  held-out lineages: 118 states compiled, 0 candidates dropped, 0 without native coordinates, 35s
  fitting on 25 lineages, 49 states
  scorer parameters 123905
  step   1  nll 0.67663  rank 2.05940  train regret 0.1828  grad 13.059  inner -
  step  51  nll 0.60963  rank 1.78026  train regret 0.0419  grad 83.168  inner -
  step 101  nll 0.54458  rank 1.71429  train regret 0.0224  grad 161.567  inner -
  step 151  nll 0.50270  rank 1.67280  train regret 0.0131  grad 136.522  inner -
  step 201  nll 0.47490  rank 1.66017  train regret 0.0170  grad 127.739  inner -
  step 251  nll 0.47139  rank 1.68363  train regret 0.0143  grad 259.450  inner -
  step 301  nll 0.46093  rank 1.65847  train regret 0.0159  grad 128.243  inner -
  step 351  nll 0.44914  rank 1.64435  train regret 0.0179  grad 48.813  inner -
  step 400  nll 0.45127  rank 1.65107  train regret 0.0134  grad 100.851  inner -

== TRAINING states, fitted on, 49 states, every pick re-measured on 512 independent reads
  picking by oracle     0.7410  over 49 states
  picking by head       0.7420  over 49 states
  picking by random     0.6383  over 49 states
  picking by resource   0.6708  over 49 states
  picking by incumbent  0.6787  over 49 states
  head minus random                    n  49 states in  25 lineages  +0.1018 [+0.0484, +0.1665]  (paired by lineage)
  head minus the protected incumbent   n  49 states in  25 lineages  +0.0621 [-0.0113, +0.1422]  (paired by lineage)
  oracle minus random, the ceiling     n  49 states in  25 lineages  +0.1014 [+0.0496, +0.1639]  (paired by lineage)
  head minus oracle, left on the table n  49 states in  25 lineages  +0.0004 [-0.0059, +0.0063]  (paired by lineage)
  median within-state rank correlation +0.554

== HELD-OUT lineages, never trained on, 118 states, every pick re-measured on 512 independent reads
  picking by oracle     0.7083  over 118 states
  picking by head       0.6041  over 118 states
  picking by random     0.5780  over 118 states
  picking by resource   0.5739  over 118 states
  picking by incumbent  0.5991  over 118 states
  head minus random                    n 118 states in  60 lineages  +0.0253 [-0.0091, +0.0617]  (paired by lineage)
  head minus the protected incumbent   n 118 states in  60 lineages  +0.0039 [-0.0287, +0.0365]  (paired by lineage)
  oracle minus random, the ceiling     n 118 states in  60 lineages  +0.1297 [+0.0981, +0.1635]  (paired by lineage)
  head minus oracle, left on the table n 118 states in  60 lineages  -0.1044 [-0.1362, -0.0755]  (paired by lineage)
  median within-state rank correlation +0.116

SUCCESSOR SCORER DONE
