{"cache": "runs/r1/labels.pkl", "key": ["runs/v1/corpus", 200, 60, 2, 8, 256, 0], "device": "cuda", "width": 64}
  training lineages: 389 states compiled, 0 candidates dropped, 0 without native coordinates, 115s
  held-out lineages: 118 states compiled, 0 candidates dropped, 0 without native coordinates, 36s
  fitting on 50 lineages, 98 states
  scorer parameters 123905
  step   1  nll 0.69184  rank 2.05575  train regret 0.1585  grad 14.889  inner -
  step  51  nll 0.67651  rank 2.04029  train regret 0.1330  grad 1033.423  inner -
  step 101  nll 0.59780  rank 1.62868  train regret 0.0277  grad 544.234  inner -
  step 151  nll 0.57484  rank 1.55029  train regret 0.0196  grad 578.928  inner -
  step 201  nll 0.55926  rank 1.50710  train regret 0.0079  grad 647.669  inner -
  step 251  nll 0.50007  rank 1.47921  train regret 0.0104  grad 369.611  inner -
  step 301  nll 0.48850  rank 1.46448  train regret 0.0086  grad 478.888  inner -
  step 351  nll 0.47676  rank 1.46969  train regret 0.0077  grad 386.577  inner -
  step 400  nll 0.47047  rank 1.46991  train regret 0.0095  grad 347.746  inner -

== TRAINING states, fitted on, 98 states, every pick re-measured on 512 independent reads
  picking by oracle     0.7307  over 98 states
  picking by head       0.7285  over 98 states
  picking by random     0.6337  over 98 states
  picking by resource   0.6339  over 98 states
  picking by incumbent  0.6309  over 98 states
  head minus random                    n  98 states in  50 lineages  +0.0937 [+0.0633, +0.1268]  (paired by lineage)
  head minus the protected incumbent   n  98 states in  50 lineages  +0.0965 [+0.0474, +0.1507]  (paired by lineage)
  oracle minus random, the ceiling     n  98 states in  50 lineages  +0.0961 [+0.0663, +0.1289]  (paired by lineage)
  head minus oracle, left on the table n  98 states in  50 lineages  -0.0024 [-0.0077, +0.0027]  (paired by lineage)
  median within-state rank correlation +0.685

== HELD-OUT lineages, never trained on, 118 states, every pick re-measured on 512 independent reads
  picking by oracle     0.7083  over 118 states
  picking by head       0.5795  over 118 states
  picking by random     0.5780  over 118 states
  picking by resource   0.5739  over 118 states
  picking by incumbent  0.5991  over 118 states
  head minus random                    n 118 states in  60 lineages  +0.0027 [-0.0334, +0.0393]  (paired by lineage)
  head minus the protected incumbent   n 118 states in  60 lineages  -0.0187 [-0.0486, +0.0121]  (paired by lineage)
  oracle minus random, the ceiling     n 118 states in  60 lineages  +0.1297 [+0.0981, +0.1635]  (paired by lineage)
  head minus oracle, left on the table n 118 states in  60 lineages  -0.1270 [-0.1576, -0.0974]  (paired by lineage)
  median within-state rank correlation +0.012

SUCCESSOR SCORER DONE
