{"corpus": "runs/v1/corpus", "split": "test", "lineages": 60, "k": 8, "initializer": "minorminer"}

== references, every arm on the same initializer
  initializer, returned unchanged    registered 0.4392   assessed 0.4414   returned 60/60
  random controller, one episode     registered 0.4781   assessed 0.4677   returned 60/60
  random controller, best-of-8       registered 0.6967   assessed 0.6846   returned 60/60

== if-core (runs/v1/frozen/if-core.pt)
  mode, one episode                  registered 0.4629   assessed 0.4689   returned 60/60
  sampled, one episode               registered 0.4548   assessed 0.4591   returned 60/60
  sampled, best-of-8                 registered 0.7210   assessed 0.7126   returned 60/60
  best-of-8 against the initializer              n  60  +0.2818 [+0.2294, +0.3348]  (registered)
  best-of-8 against RANDOM best-of-8             n  60  +0.0242 [-0.0033, +0.0523]  (registered, the bar amendment 8 fixed)
  best-of-8 against RANDOM best-of-8             n  60  +0.0280 [-0.0013, +0.0577]  (assessed on independent reads)

== if-dual (runs/v1/frozen/if-dual.pt)
  mode, one episode                  registered 0.4503   assessed 0.4484   returned 60/60
  sampled, one episode               registered 0.4708   assessed 0.4658   returned 60/60
  sampled, best-of-8                 registered 0.7228   assessed 0.7157   returned 60/60
  best-of-8 against the initializer              n  60  +0.2836 [+0.2273, +0.3397]  (registered)
  best-of-8 against RANDOM best-of-8             n  60  +0.0260 [-0.0098, +0.0629]  (registered, the bar amendment 8 fixed)
  best-of-8 against RANDOM best-of-8             n  60  +0.0311 [-0.0047, +0.0676]  (assessed on independent reads)

== if-mlp (runs/v1/frozen/if-mlp.pt)
  mode, one episode                  registered 0.4859   assessed 0.4863   returned 60/60
  sampled, one episode               registered 0.4887   assessed 0.4931   returned 60/60
  sampled, best-of-8                 registered 0.7254   assessed 0.7173   returned 60/60
  best-of-8 against the initializer              n  60  +0.2862 [+0.2311, +0.3421]  (registered)
  best-of-8 against RANDOM best-of-8             n  60  +0.0286 [-0.0012, +0.0607]  (registered, the bar amendment 8 fixed)
  best-of-8 against RANDOM best-of-8             n  60  +0.0327 [-0.0003, +0.0674]  (assessed on independent reads)

REGISTERED BAR DONE
