{"corpus": "runs/v1/corpus", "family": "if-mlp", "train_lineages": 200, "eval_lineages": 60, "states": 2, "max_candidates": 8, "reads": 256}
  389 training states, 118 held-out states, 3831 labelled candidates, 745s
  epoch   0  mean loss 2.71003
  epoch  50  mean loss 2.60049
  epoch 100  mean loss 2.47975
  epoch 150  mean loss 2.35454
  epoch 200  mean loss 2.18834
  epoch 250  mean loss 2.08094
  epoch 300  mean loss 1.99892
  epoch 350  mean loss 1.99090
  epoch 399  mean loss 1.91773

== TRAINING states, fitted on, 118 states, every pick re-measured on 512 independent reads
  picking by oracle     0.6242  over 118 states
  picking by head       0.6239  over 118 states
  picking by random     0.4704  over 118 states
  picking by resource   0.4832  over 118 states
  picking by incumbent  0.4918  over 118 states
  head minus random                    n 118 states in  61 lineages  +0.1513 [+0.1214, +0.1853]  (paired by lineage)
  head minus the protected incumbent   n 118 states in  61 lineages  +0.1326 [+0.0965, +0.1706]  (paired by lineage)
  oracle minus random, the ceiling     n 118 states in  61 lineages  +0.1513 [+0.1219, +0.1859]  (paired by lineage)
  head minus oracle, what is left on the table n 118 states in  61 lineages  -0.0000 [-0.0049, +0.0050]  (paired by lineage)
  median within-state rank correlation +0.714

== HELD-OUT lineages, never trained on, 118 states, every pick re-measured on 512 independent reads
  picking by oracle     0.7083  over 118 states
  picking by head       0.5657  over 118 states
  picking by random     0.5947  over 118 states
  picking by resource   0.5739  over 118 states
  picking by incumbent  0.6006  over 118 states
  head minus random                    n 118 states in  60 lineages  -0.0287 [-0.0610, +0.0018]  (paired by lineage)
  head minus the protected incumbent   n 118 states in  60 lineages  -0.0343 [-0.0722, +0.0054]  (paired by lineage)
  oracle minus random, the ceiling     n 118 states in  60 lineages  +0.1123 [+0.0832, +0.1440]  (paired by lineage)
  head minus oracle, what is left on the table n 118 states in  60 lineages  -0.1410 [-0.1747, -0.1089]  (paired by lineage)
  median within-state rank correlation +0.139

TRAIN QUALITY DONE
