{"probe": "policy_excess", "corpus": "runs/quality/pegasus3_f30", "cells": ["fill30-a3.0"], "init": "runs/quality/clone_long_physics_p3.pt", "features": "physics", "support": "wide", "tasks": 20, "episodes": 3, "reads": 4096}
  task                           vars policy pruned  minmin resid pol resid prn resid mm
  pegasus3-fill30-a3.0-22          32     46     42      33   0.0921   0.0922   0.0524
{"task": "pegasus3-fill30-a3.0-22", "variables": 32, "policy": {"qubits": 46, "longest": 3, "residual": 0.09214079483695317, "p_solve": 0.24462890625, "broken": 0.06494140625}, "pruned": {"qubits": 42, "longest": 3, "residual": 0.09221085258151837, "p_solve": 0.245849609375, "broken": 0.06555938720703125}, "minorminer": {"qubits": 33, "residual": 0.05244352921195484, "p_solve": 0.1767578125, "broken": 0.02210235595703125}, "removable_qubits": 4, "removable_fraction": 0.08695652173913043}
  pegasus3-fill30-a3.0-17          34     63     60      39   0.1187   0.1091   0.0316
{"task": "pegasus3-fill30-a3.0-17", "variables": 34, "policy": {"qubits": 63, "longest": 6, "residual": 0.11868794059491142, "p_solve": 0.06689453125, "broken": 0.07491526884191177}, "pruned": {"qubits": 60, "longest": 6, "residual": 0.10911709078404574, "p_solve": 0.0595703125, "broken": 0.07811781939338236}, "minorminer": {"qubits": 39, "residual": 0.031560297025447055, "p_solve": 0.304443359375, "broken": 0.018669577205882353}, "removable_qubits": 3, "removable_fraction": 0.047619047619047616}
  pegasus3-fill30-a3.0-19          30     38     36      30   0.0393   0.0439   0.0352
{"task": "pegasus3-fill30-a3.0-19", "variables": 30, "policy": {"qubits": 38, "longest": 3, "residual": 0.039307056537479027, "p_solve": 0.374267578125, "broken": 0.05016276041666667}, "pruned": {"qubits": 36, "longest": 3, "residual": 0.04393533060051142, "p_solve": 0.364013671875, "broken": 0.050390625}, "minorminer": {"qubits": 30, "residual": 0.03519617759795635, "p_solve": 0.42138671875, "broken": 0.0}, "removable_qubits": 2, "removable_fraction": 0.05263157894736842}
  pegasus3-fill30-a3.0-21          26     44     41      28   0.1414   0.1435   0.1286
{"task": "pegasus3-fill30-a3.0-21", "variables": 26, "policy": {"qubits": 44, "longest": 4, "residual": 0.14135974702381263, "p_solve": 0.078125, "broken": 0.07034067007211539}, "pruned": {"qubits": 41, "longest": 3, "residual": 0.14349144345238318, "p_solve": 0.064697265625, "broken": 0.07030310997596154}, "minorminer": {"qubits": 28, "residual": 0.12864769345237986, "p_solve": 0.371337890625, "broken": 0.029137244591346152}, "removable_qubits": 3, "removable_fraction": 0.06818181818181818}
  pegasus3-fill30-a3.0-25          32     48     42      33   0.1167   0.1161   0.0703
{"task": "pegasus3-fill30-a3.0-25", "variables": 32, "policy": {"qubits": 48, "longest": 4, "residual": 0.11673482259114659, "p_solve": 0.1220703125, "broken": 0.08440399169921875}, "pruned": {"qubits": 42, "longest": 4, "residual": 0.11606343587239655, "p_solve": 0.128173828125, "broken": 0.08400726318359375}, "minorminer": {"qubits": 33, "residual": 0.07026926676432278, "p_solve": 0.2197265625, "broken": 0.00791168212890625}, "removable_qubits": 6, "removable_fraction": 0.125}
  pegasus3-fill30-a3.0-7           31     48     45      35   0.0767   0.0926   0.0259
{"task": "pegasus3-fill30-a3.0-7", "variables": 31, "policy": {"qubits": 48, "longest": 5, "residual": 0.07670190520446295, "p_solve": 0.239013671875, "broken": 0.07205298639112903}, "pruned": {"qubits": 45, "longest": 5, "residual": 0.09263366926115477, "p_solve": 0.12841796875, "broken": 0.08086567540322581}, "minorminer": {"qubits": 35, "residual": 0.02587346073420041, "p_solve": 0.476806640625, "broken": 0.034817603326612906}, "removable_qubits": 3, "removable_fraction": 0.0625}
  pegasus3-fill30-a3.0-10          29     39     38      30   0.1460   0.1426   0.1057
{"task": "pegasus3-fill30-a3.0-10", "variables": 29, "policy": {"qubits": 39, "longest": 3, "residual": 0.14603323573747518, "p_solve": 0.133544921875, "broken": 0.06425949622844827}, "pruned": {"qubits": 38, "longest": 3, "residual": 0.1425835604127996, "p_solve": 0.123779296875, "broken": 0.062398976293103446}, "minorminer": {"qubits": 30, "residual": 0.10573327342300086, "p_solve": 0.321533203125, "broken": 0.029793574892241378}, "removable_qubits": 1, "removable_fraction": 0.02564102564102564}
  pegasus3-fill30-a3.0-5           34     44     43      35   0.1434   0.1454   0.0598
{"task": "pegasus3-fill30-a3.0-5", "variables": 34, "policy": {"qubits": 44, "longest": 3, "residual": 0.14343238198458502, "p_solve": 0.06982421875, "broken": 0.05742331112132353}, "pruned": {"qubits": 43, "longest": 3, "residual": 0.14537421724470087, "p_solve": 0.070556640625, "broken": 0.052138384650735295}, "minorminer": {"qubits": 35, "residual": 0.05976035645472258, "p_solve": 0.190185546875, "broken": 0.0002082375919117647}, "removable_qubits": 1, "removable_fraction": 0.022727272727272728}
  pegasus3-fill30-a3.0-26          33     63     63      41   0.1537   0.1537   0.0619
{"task": "pegasus3-fill30-a3.0-26", "variables": 33, "policy": {"qubits": 63, "longest": 9, "residual": 0.15373615125240886, "p_solve": 0.089599609375, "broken": 0.08328894412878787}, "pruned": {"qubits": 63, "longest": 9, "residual": 0.15373426962909434, "p_solve": 0.087158203125, "broken": 0.08349609375}, "minorminer": {"qubits": 41, "residual": 0.06194680274566626, "p_solve": 0.23193359375, "broken": 0.054524739583333336}, "removable_qubits": 0, "removable_fraction": 0.0}
  pegasus3-fill30-a3.0-15          27     44     41      29   0.1092   0.1384   0.0288
{"task": "pegasus3-fill30-a3.0-15", "variables": 27, "policy": {"qubits": 44, "longest": 4, "residual": 0.10921407660834946, "p_solve": 0.178466796875, "broken": 0.06701208043981481}, "pruned": {"qubits": 41, "longest": 4, "residual": 0.13838089023701747, "p_solve": 0.1748046875, "broken": 0.07262731481481481}, "minorminer": {"qubits": 29, "residual": 0.0288339446952606, "p_solve": 0.461669921875, "broken": 0.0003345630787037037}, "removable_qubits": 3, "removable_fraction": 0.06818181818181818}
  pegasus3-fill30-a3.0-24          30     60     58      33   0.1340   0.1525   0.1105
{"task": "pegasus3-fill30-a3.0-24", "variables": 30, "policy": {"qubits": 60, "longest": 5, "residual": 0.1339616957322364, "p_solve": 0.154052734375, "broken": 0.09672037760416667}, "pruned": {"qubits": 58, "longest": 5, "residual": 0.15250115088821606, "p_solve": 0.1259765625, "broken": 0.10917154947916667}, "minorminer": {"qubits": 33, "residual": 0.11049542352686305, "p_solve": 0.212646484375, "broken": 0.029134114583333332}, "removable_qubits": 2, "removable_fraction": 0.03333333333333333}
  pegasus3-fill30-a3.0-3           26     39     36      31   0.0564   0.0727   0.0685
{"task": "pegasus3-fill30-a3.0-3", "variables": 26, "policy": {"qubits": 39, "longest": 5, "residual": 0.05635426456766953, "p_solve": 0.654296875, "broken": 0.022423377403846152}, "pruned": {"qubits": 36, "longest": 3, "residual": 0.0726865993107771, "p_solve": 0.6025390625, "broken": 0.026836688701923076}, "minorminer": {"qubits": 31, "residual": 0.06847685620300764, "p_solve": 0.64892578125, "broken": 0.017737755408653848}, "removable_qubits": 3, "removable_fraction": 0.07692307692307693}
  pegasus3-fill30-a3.0-8           33     40     39      34   0.0604   0.0629   0.0887
{"task": "pegasus3-fill30-a3.0-8", "variables": 33, "policy": {"qubits": 40, "longest": 3, "residual": 0.06041980421686853, "p_solve": 0.312255859375, "broken": 0.014530066287878788}, "pruned": {"qubits": 39, "longest": 3, "residual": 0.06285297439759156, "p_solve": 0.314453125, "broken": 0.014115767045454546}, "minorminer": {"qubits": 34, "residual": 0.0887165850903616, "p_solve": 0.32666015625, "broken": 0.010912346117424242}, "removable_qubits": 1, "removable_fraction": 0.025}
  pegasus3-fill30-a3.0-9           32     50     48      34   0.1242   0.1231   0.0394
{"task": "pegasus3-fill30-a3.0-9", "variables": 32, "policy": {"qubits": 50, "longest": 5, "residual": 0.12419202302631227, "p_solve": 0.063232421875, "broken": 0.06531524658203125}, "pruned": {"qubits": 48, "longest": 5, "residual": 0.12311677631578605, "p_solve": 0.068115234375, "broken": 0.077789306640625}, "minorminer": {"qubits": 34, "residual": 0.03938939144736827, "p_solve": 0.49267578125, "broken": 0.00380706787109375}, "removable_qubits": 2, "removable_fraction": 0.04}
  pegasus3-fill30-a3.0-23          28     51     48      35   0.1339   0.1298   0.2516
{"task": "pegasus3-fill30-a3.0-23", "variables": 28, "policy": {"qubits": 51, "longest": 5, "residual": 0.1338738207547166, "p_solve": 0.099853515625, "broken": 0.08522251674107142}, "pruned": {"qubits": 48, "longest": 5, "residual": 0.1297685731132078, "p_solve": 0.107421875, "broken": 0.08327811104910714}, "minorminer": {"qubits": 35, "residual": 0.251580925707545, "p_solve": 0.054931640625, "broken": 0.0677490234375}, "removable_qubits": 3, "removable_fraction": 0.058823529411764705}
  pegasus3-fill30-a3.0-27          24     35     34      30   0.1759   0.1994   0.1001
{"task": "pegasus3-fill30-a3.0-27", "variables": 24, "policy": {"qubits": 35, "longest": 3, "residual": 0.1759380375573356, "p_solve": 0.051513671875, "broken": 0.081298828125}, "pruned": {"qubits": 34, "longest": 3, "residual": 0.19942257382453663, "p_solve": 0.028564453125, "broken": 0.087432861328125}, "minorminer": {"qubits": 30, "residual": 0.10005061998279667, "p_solve": 0.193603515625, "broken": 0.042429606119791664}, "removable_qubits": 1, "removable_fraction": 0.02857142857142857}
  pegasus3-fill30-a3.0-11          25     33     32      26   0.0121   0.0113   0.0147
{"task": "pegasus3-fill30-a3.0-11", "variables": 25, "policy": {"qubits": 33, "longest": 3, "residual": 0.012074077560240861, "p_solve": 0.75341796875, "broken": 0.033095703125}, "pruned": {"qubits": 32, "longest": 3, "residual": 0.011250470632530069, "p_solve": 0.76904296875, "broken": 0.033583984375}, "minorminer": {"qubits": 26, "residual": 0.014733151355421508, "p_solve": 0.68603515625, "broken": 1.953125e-05}, "removable_qubits": 1, "removable_fraction": 0.030303030303030304}
  pegasus3-fill30-a3.0-0           17     22     21      18   0.0387   0.0394   0.0079
{"task": "pegasus3-fill30-a3.0-0", "variables": 17, "policy": {"qubits": 22, "longest": 2, "residual": 0.038654426332853035, "p_solve": 0.81396484375, "broken": 0.011072495404411764}, "pruned": {"qubits": 21, "longest": 2, "residual": 0.039363630223342945, "p_solve": 0.814453125, "broken": 0.008358226102941176}, "minorminer": {"qubits": 18, "residual": 0.007896929034582192, "p_solve": 0.88232421875, "broken": 0.0}, "removable_qubits": 1, "removable_fraction": 0.045454545454545456}
  pegasus3-fill30-a3.0-1           28     43     42      29   0.0747   0.0714   0.0523
{"task": "pegasus3-fill30-a3.0-1", "variables": 28, "policy": {"qubits": 43, "longest": 4, "residual": 0.07470463771446187, "p_solve": 0.273193359375, "broken": 0.06162806919642857}, "pruned": {"qubits": 42, "longest": 3, "residual": 0.0714183134191181, "p_solve": 0.33740234375, "broken": 0.06177629743303571}, "minorminer": {"qubits": 29, "residual": 0.05228439031862805, "p_solve": 0.536376953125, "broken": 0.004481724330357143}, "removable_qubits": 1, "removable_fraction": 0.023255813953488372}
  pegasus3-fill30-a3.0-2           29     43     39      30   0.0446   0.0379   0.0090
{"task": "pegasus3-fill30-a3.0-2", "variables": 29, "policy": {"qubits": 43, "longest": 4, "residual": 0.044623141211985316, "p_solve": 0.0693359375, "broken": 0.04939217403017242}, "pruned": {"qubits": 39, "longest": 4, "residual": 0.03792346824686948, "p_solve": 0.08251953125, "broken": 0.043196053340517244}, "minorminer": {"qubits": 30, "residual": 0.009003941189624167, "p_solve": 0.736572265625, "broken": 0.0005303744612068966}, "removable_qubits": 4, "removable_fraction": 0.09302325581395349}
{"summary": "policy_excess", "tasks": 20, "mean_policy_qubits": 44.65, "mean_pruned_qubits": 42.4, "mean_minorminer_qubits": 31.65, "mean_removable_fraction": 0.05070635484010512, "mean_residual_policy": 0.09960720205231322, "mean_residual_pruned": 0.10389146452237989, "mean_residual_minorminer": 0.06714465079805548, "recovered_by_pruning": -0.004284262470066689, "mean_broken_policy": 0.06047498850447116, "mean_broken_pruned": 0.062272174758387186, "mean_broken_minorminer": 0.0187150560967665, "reading": "a large removable fraction with a positive recovery implicates redundant growth; little removable, or removal that does not recover, implicates the placement that the growth was compensating for"}
POLICY EXCESS DONE
