{"probe": "policy_excess", "corpus": "runs/quality/pegasus3_f30", "cells": ["fill30-a3.0"], "init": "runs/quality/r30_p3_s0.best.pt", "features": "local", "support": "wide", "tasks": 20, "episodes": 3, "reads": 4096}
  task                           vars policy pruned  minmin resid pol resid prn resid mm
  pegasus3-fill30-a3.0-22          32     79     39      33   0.0911   0.0576   0.0524
{"task": "pegasus3-fill30-a3.0-22", "variables": 32, "policy": {"qubits": 79, "longest": 7, "residual": 0.09112177309782309, "p_solve": 0.09716796875, "broken": 0.0788421630859375}, "pruned": {"qubits": 39, "longest": 3, "residual": 0.0575683593749984, "p_solve": 0.24609375, "broken": 0.03937530517578125}, "minorminer": {"qubits": 33, "residual": 0.05244352921195484, "p_solve": 0.1767578125, "broken": 0.02210235595703125}, "removable_qubits": 40, "removable_fraction": 0.5063291139240507}
  pegasus3-fill30-a3.0-17          34     98     58      39   0.0683   0.0868   0.0316
{"task": "pegasus3-fill30-a3.0-17", "variables": 34, "policy": {"qubits": 98, "longest": 9, "residual": 0.06827609181568213, "p_solve": 0.18408203125, "broken": 0.061566521139705885}, "pruned": {"qubits": 58, "longest": 4, "residual": 0.08679719738652121, "p_solve": 0.176025390625, "broken": 0.06454647288602941}, "minorminer": {"qubits": 39, "residual": 0.031560297025447055, "p_solve": 0.304443359375, "broken": 0.018669577205882353}, "removable_qubits": 40, "removable_fraction": 0.40816326530612246}
  pegasus3-fill30-a3.0-19          30     79     50      30   0.0905   0.0952   0.0352
{"task": "pegasus3-fill30-a3.0-19", "variables": 30, "policy": {"qubits": 79, "longest": 9, "residual": 0.09045930046848435, "p_solve": 0.110107421875, "broken": 0.06951497395833334}, "pruned": {"qubits": 50, "longest": 4, "residual": 0.095207357325384, "p_solve": 0.057373046875, "broken": 0.08114420572916667}, "minorminer": {"qubits": 30, "residual": 0.03519617759795635, "p_solve": 0.42138671875, "broken": 0.0}, "removable_qubits": 29, "removable_fraction": 0.3670886075949367}
  pegasus3-fill30-a3.0-21          26     74     45      28   0.1367   0.1887   0.1286
{"task": "pegasus3-fill30-a3.0-21", "variables": 26, "policy": {"qubits": 74, "longest": 7, "residual": 0.13667782738095366, "p_solve": 0.121337890625, "broken": 0.0728290264423077}, "pruned": {"qubits": 45, "longest": 4, "residual": 0.18867373511905075, "p_solve": 0.045166015625, "broken": 0.07047213040865384}, "minorminer": {"qubits": 28, "residual": 0.12864769345237986, "p_solve": 0.371337890625, "broken": 0.029137244591346152}, "removable_qubits": 29, "removable_fraction": 0.3918918918918919}
  pegasus3-fill30-a3.0-25          32     87     47      33   0.1003   0.1242   0.0703
{"task": "pegasus3-fill30-a3.0-25", "variables": 32, "policy": {"qubits": 87, "longest": 9, "residual": 0.10027821858723951, "p_solve": 0.092529296875, "broken": 0.0836639404296875}, "pruned": {"qubits": 47, "longest": 7, "residual": 0.1242065429687503, "p_solve": 0.119140625, "broken": 0.04607391357421875}, "minorminer": {"qubits": 33, "residual": 0.07026926676432278, "p_solve": 0.2197265625, "broken": 0.00791168212890625}, "removable_qubits": 40, "removable_fraction": 0.45977011494252873}
  pegasus3-fill30-a3.0-7           31     92     47      35   0.0548   0.0646   0.0259
{"task": "pegasus3-fill30-a3.0-7", "variables": 31, "policy": {"qubits": 92, "longest": 8, "residual": 0.05480367100371846, "p_solve": 0.43505859375, "broken": 0.04750504032258065}, "pruned": {"qubits": 47, "longest": 5, "residual": 0.06458200220725052, "p_solve": 0.249755859375, "broken": 0.05090725806451613}, "minorminer": {"qubits": 35, "residual": 0.02587346073420041, "p_solve": 0.476806640625, "broken": 0.034817603326612906}, "removable_qubits": 45, "removable_fraction": 0.4891304347826087}
  pegasus3-fill30-a3.0-10          29     71     46      30   0.0973   0.1243   0.1057
{"task": "pegasus3-fill30-a3.0-10", "variables": 29, "policy": {"qubits": 71, "longest": 5, "residual": 0.09728845373376327, "p_solve": 0.14501953125, "broken": 0.08244376346982758}, "pruned": {"qubits": 46, "longest": 3, "residual": 0.12428433731446789, "p_solve": 0.129638671875, "broken": 0.07447130926724138}, "minorminer": {"qubits": 30, "residual": 0.10573327342300086, "p_solve": 0.321533203125, "broken": 0.029793574892241378}, "removable_qubits": 25, "removable_fraction": 0.352112676056338}
  pegasus3-fill30-a3.0-5           34     82     47      35   0.1130   0.1202   0.0598
{"task": "pegasus3-fill30-a3.0-5", "variables": 34, "policy": {"qubits": 82, "longest": 7, "residual": 0.11295761078997939, "p_solve": 0.1015625, "broken": 0.07550407858455882}, "pruned": {"qubits": 47, "longest": 3, "residual": 0.12016987295279287, "p_solve": 0.093017578125, "broken": 0.04892147288602941}, "minorminer": {"qubits": 35, "residual": 0.05976035645472258, "p_solve": 0.190185546875, "broken": 0.0002082375919117647}, "removable_qubits": 35, "removable_fraction": 0.4268292682926829}
  pegasus3-fill30-a3.0-26          33    105     71      41   0.1660   0.1909   0.0619
{"task": "pegasus3-fill30-a3.0-26", "variables": 33, "policy": {"qubits": 105, "longest": 8, "residual": 0.16596105792389093, "p_solve": 0.06640625, "broken": 0.13677053740530304}, "pruned": {"qubits": 71, "longest": 6, "residual": 0.19091702793834234, "p_solve": 0.048828125, "broken": 0.12327621922348485}, "minorminer": {"qubits": 41, "residual": 0.06194680274566626, "p_solve": 0.23193359375, "broken": 0.054524739583333336}, "removable_qubits": 34, "removable_fraction": 0.3238095238095238}
  pegasus3-fill30-a3.0-15          27     67     38      29   0.0816   0.0866   0.0288
{"task": "pegasus3-fill30-a3.0-15", "variables": 27, "policy": {"qubits": 67, "longest": 6, "residual": 0.08162122601580064, "p_solve": 0.213623046875, "broken": 0.06941731770833333}, "pruned": {"qubits": 38, "longest": 4, "residual": 0.08662307773701906, "p_solve": 0.2587890625, "broken": 0.051595052083333336}, "minorminer": {"qubits": 29, "residual": 0.0288339446952606, "p_solve": 0.461669921875, "broken": 0.0003345630787037037}, "removable_qubits": 29, "removable_fraction": 0.43283582089552236}
  pegasus3-fill30-a3.0-24          30     95     61      33   0.2031   0.2268   0.1105
{"task": "pegasus3-fill30-a3.0-24", "variables": 30, "policy": {"qubits": 95, "longest": 12, "residual": 0.20306745558925993, "p_solve": 0.0849609375, "broken": 0.10680338541666666}, "pruned": {"qubits": 61, "longest": 6, "residual": 0.22676729040295202, "p_solve": 0.079345703125, "broken": 0.12093098958333333}, "minorminer": {"qubits": 33, "residual": 0.11049542352686305, "p_solve": 0.212646484375, "broken": 0.029134114583333332}, "removable_qubits": 34, "removable_fraction": 0.35789473684210527}
  pegasus3-fill30-a3.0-3           26     66     43      31   0.1039   0.0890   0.0685
{"task": "pegasus3-fill30-a3.0-3", "variables": 26, "policy": {"qubits": 66, "longest": 7, "residual": 0.10387296365914778, "p_solve": 0.420166015625, "broken": 0.08473557692307693}, "pruned": {"qubits": 43, "longest": 6, "residual": 0.08904585682957407, "p_solve": 0.509521484375, "broken": 0.06405874399038461}, "minorminer": {"qubits": 31, "residual": 0.06847685620300764, "p_solve": 0.64892578125, "broken": 0.017737755408653848}, "removable_qubits": 23, "removable_fraction": 0.3484848484848485}
  pegasus3-fill30-a3.0-8           33     79     51      34   0.1165   0.1088   0.0887
{"task": "pegasus3-fill30-a3.0-8", "variables": 33, "policy": {"qubits": 79, "longest": 8, "residual": 0.11654273343373471, "p_solve": 0.136474609375, "broken": 0.07734079071969698}, "pruned": {"qubits": 51, "longest": 3, "residual": 0.10876317771084296, "p_solve": 0.144287109375, "broken": 0.07265033143939394}, "minorminer": {"qubits": 34, "residual": 0.0887165850903616, "p_solve": 0.32666015625, "broken": 0.010912346117424242}, "removable_qubits": 28, "removable_fraction": 0.35443037974683544}
  pegasus3-fill30-a3.0-9           32     73     46      34   0.0872   0.1702   0.0394
{"task": "pegasus3-fill30-a3.0-9", "variables": 32, "policy": {"qubits": 73, "longest": 5, "residual": 0.08717516447368394, "p_solve": 0.283447265625, "broken": 0.07050323486328125}, "pruned": {"qubits": 46, "longest": 3, "residual": 0.17016858552631575, "p_solve": 0.060791015625, "broken": 0.08231353759765625}, "minorminer": {"qubits": 34, "residual": 0.03938939144736827, "p_solve": 0.49267578125, "broken": 0.00380706787109375}, "removable_qubits": 27, "removable_fraction": 0.3698630136986301}
  pegasus3-fill30-a3.0-23          28     97     57      35   0.1453   0.1251   0.2516
{"task": "pegasus3-fill30-a3.0-23", "variables": 28, "policy": {"qubits": 97, "longest": 8, "residual": 0.14527196344339569, "p_solve": 0.103515625, "broken": 0.1087646484375}, "pruned": {"qubits": 57, "longest": 6, "residual": 0.125068175117924, "p_solve": 0.022216796875, "broken": 0.07904052734375}, "minorminer": {"qubits": 35, "residual": 0.251580925707545, "p_solve": 0.054931640625, "broken": 0.0677490234375}, "removable_qubits": 40, "removable_fraction": 0.41237113402061853}
  pegasus3-fill30-a3.0-27          24     59     42      30   0.1430   0.1472   0.1001
{"task": "pegasus3-fill30-a3.0-27", "variables": 24, "policy": {"qubits": 59, "longest": 5, "residual": 0.143037288560778, "p_solve": 0.128662109375, "broken": 0.06705729166666667}, "pruned": {"qubits": 42, "longest": 4, "residual": 0.14719887829701578, "p_solve": 0.134765625, "broken": 0.05767822265625}, "minorminer": {"qubits": 30, "residual": 0.10005061998279667, "p_solve": 0.193603515625, "broken": 0.042429606119791664}, "removable_qubits": 17, "removable_fraction": 0.288135593220339}
  pegasus3-fill30-a3.0-11          25     60     28      26   0.0392   0.0113   0.0147
{"task": "pegasus3-fill30-a3.0-11", "variables": 25, "policy": {"qubits": 60, "longest": 6, "residual": 0.039243693524096526, "p_solve": 0.49853515625, "broken": 0.027236328125}, "pruned": {"qubits": 28, "longest": 2, "residual": 0.011292827560240897, "p_solve": 0.762939453125, "broken": 0.03287109375}, "minorminer": {"qubits": 26, "residual": 0.014733151355421508, "p_solve": 0.68603515625, "broken": 1.953125e-05}, "removable_qubits": 32, "removable_fraction": 0.5333333333333333}
  pegasus3-fill30-a3.0-0           17     42     26      18   0.0426   0.0182   0.0079
{"task": "pegasus3-fill30-a3.0-0", "variables": 17, "policy": {"qubits": 42, "longest": 5, "residual": 0.042616962355907964, "p_solve": 0.7421875, "broken": 0.025304457720588234}, "pruned": {"qubits": 26, "longest": 4, "residual": 0.01815787103746382, "p_solve": 0.825439453125, "broken": 0.012896369485294117}, "minorminer": {"qubits": 18, "residual": 0.007896929034582192, "p_solve": 0.88232421875, "broken": 0.0}, "removable_qubits": 16, "removable_fraction": 0.38095238095238093}
  pegasus3-fill30-a3.0-1           28     55     36      29   0.1151   0.0407   0.0523
{"task": "pegasus3-fill30-a3.0-1", "variables": 28, "policy": {"qubits": 55, "longest": 5, "residual": 0.11505007276348232, "p_solve": 0.311279296875, "broken": 0.05743408203125}, "pruned": {"qubits": 36, "longest": 3, "residual": 0.04074276194852992, "p_solve": 0.553955078125, "broken": 0.03540910993303571}, "minorminer": {"qubits": 29, "residual": 0.05228439031862805, "p_solve": 0.536376953125, "broken": 0.004481724330357143}, "removable_qubits": 19, "removable_fraction": 0.34545454545454546}
  pegasus3-fill30-a3.0-2           29     67     38      30   0.0339   0.0200   0.0090
{"task": "pegasus3-fill30-a3.0-2", "variables": 29, "policy": {"qubits": 67, "longest": 6, "residual": 0.03388794163685178, "p_solve": 0.567626953125, "broken": 0.06440261314655173}, "pruned": {"qubits": 38, "longest": 3, "residual": 0.020009922853309527, "p_solve": 0.552001953125, "broken": 0.07290544181034483}, "minorminer": {"qubits": 30, "residual": 0.009003941189624167, "p_solve": 0.736572265625, "broken": 0.0005303744612068966}, "removable_qubits": 29, "removable_fraction": 0.43283582089552236}
{"summary": "policy_excess", "tasks": 20, "mean_policy_qubits": 76.35, "mean_pruned_qubits": 45.8, "mean_minorminer_qubits": 31.65, "mean_removable_fraction": 0.39908582520726826, "mean_residual_policy": 0.1014605735128837, "mean_residual_pruned": 0.1048122428804373, "mean_residual_minorminer": 0.06714465079805548, "recovered_by_pruning": -0.0033516693675536024, "mean_broken_policy": 0.0733819885798427, "mean_broken_pruned": 0.0640768853443949, "mean_broken_minorminer": 0.0187150560967665, "reading": "a large removable fraction with a positive recovery implicates redundant growth; little removable, or removal that does not recover, implicates the placement that the growth was compensating for"}
POLICY EXCESS DONE
