{"probe": "policy_excess", "corpus": "runs/quality/pegasus3_f30", "cells": ["fill30-a3.0"], "init": "runs/quality/clone_long_local_p3.pt", "features": "local", "support": "wide", "tasks": 20, "episodes": 3, "reads": 4096}
  task                           vars policy pruned  minmin resid pol resid prn resid mm
  pegasus3-fill30-a3.0-22          32     46     43      33   0.0593   0.0696   0.0524
{"task": "pegasus3-fill30-a3.0-22", "variables": 32, "policy": {"qubits": 46, "longest": 4, "residual": 0.059328294836954676, "p_solve": 0.2001953125, "broken": 0.06103515625}, "pruned": {"qubits": 43, "longest": 2, "residual": 0.06955672554347615, "p_solve": 0.143798828125, "broken": 0.05823516845703125}, "minorminer": {"qubits": 33, "residual": 0.05244352921195484, "p_solve": 0.1767578125, "broken": 0.02210235595703125}, "removable_qubits": 3, "removable_fraction": 0.06521739130434782}
  pegasus3-fill30-a3.0-17          34     69     66      39   0.0838   0.0941   0.0316
{"task": "pegasus3-fill30-a3.0-17", "variables": 34, "policy": {"qubits": 69, "longest": 6, "residual": 0.08383527123452586, "p_solve": 0.2568359375, "broken": 0.04564711626838235}, "pruned": {"qubits": 66, "longest": 6, "residual": 0.09413686382393462, "p_solve": 0.1796875, "broken": 0.058579388786764705}, "minorminer": {"qubits": 39, "residual": 0.031560297025447055, "p_solve": 0.304443359375, "broken": 0.018669577205882353}, "removable_qubits": 3, "removable_fraction": 0.043478260869565216}
  pegasus3-fill30-a3.0-19          30     55     49      30   0.1124   0.1010   0.0352
{"task": "pegasus3-fill30-a3.0-19", "variables": 30, "policy": {"qubits": 55, "longest": 5, "residual": 0.1124344521933558, "p_solve": 0.072998046875, "broken": 0.10775553385416667}, "pruned": {"qubits": 49, "longest": 5, "residual": 0.10103845027683112, "p_solve": 0.083984375, "broken": 0.1043701171875}, "minorminer": {"qubits": 30, "residual": 0.03519617759795635, "p_solve": 0.42138671875, "broken": 0.0}, "removable_qubits": 6, "removable_fraction": 0.10909090909090909}
  pegasus3-fill30-a3.0-21          26     85     48      28   0.1450   0.1697   0.1286
{"task": "pegasus3-fill30-a3.0-21", "variables": 26, "policy": {"qubits": 85, "longest": 10, "residual": 0.1450000000000058, "p_solve": 0.032958984375, "broken": 0.06443434495192307}, "pruned": {"qubits": 48, "longest": 6, "residual": 0.16967633928571682, "p_solve": 0.0107421875, "broken": 0.07850060096153846}, "minorminer": {"qubits": 28, "residual": 0.12864769345237986, "p_solve": 0.371337890625, "broken": 0.029137244591346152}, "removable_qubits": 37, "removable_fraction": 0.43529411764705883}
  pegasus3-fill30-a3.0-25          32     46     42      33   0.1105   0.1020   0.0703
{"task": "pegasus3-fill30-a3.0-25", "variables": 32, "policy": {"qubits": 46, "longest": 4, "residual": 0.11054229736328168, "p_solve": 0.16064453125, "broken": 0.0427703857421875}, "pruned": {"qubits": 42, "longest": 4, "residual": 0.10204315185546922, "p_solve": 0.162841796875, "broken": 0.04334259033203125}, "minorminer": {"qubits": 33, "residual": 0.07026926676432278, "p_solve": 0.2197265625, "broken": 0.00791168212890625}, "removable_qubits": 4, "removable_fraction": 0.08695652173913043}
  pegasus3-fill30-a3.0-7           31     43     40      35   0.0417   0.0464   0.0259
{"task": "pegasus3-fill30-a3.0-7", "variables": 31, "policy": {"qubits": 43, "longest": 4, "residual": 0.04173987860130193, "p_solve": 0.44921875, "broken": 0.026075793850806453}, "pruned": {"qubits": 40, "longest": 3, "residual": 0.04638671875000098, "p_solve": 0.44482421875, "broken": 0.022941343245967742}, "minorminer": {"qubits": 35, "residual": 0.02587346073420041, "p_solve": 0.476806640625, "broken": 0.034817603326612906}, "removable_qubits": 3, "removable_fraction": 0.06976744186046512}
  pegasus3-fill30-a3.0-10          29     46     43      30   0.1692   0.1685   0.1057
{"task": "pegasus3-fill30-a3.0-10", "variables": 29, "policy": {"qubits": 46, "longest": 3, "residual": 0.1692370129870105, "p_solve": 0.109375, "broken": 0.07452182112068965}, "pruned": {"qubits": 43, "longest": 3, "residual": 0.16852135030148221, "p_solve": 0.110107421875, "broken": 0.07228246228448276}, "minorminer": {"qubits": 30, "residual": 0.10573327342300086, "p_solve": 0.321533203125, "broken": 0.029793574892241378}, "removable_qubits": 3, "removable_fraction": 0.06521739130434782}
  pegasus3-fill30-a3.0-5           34     69     57      35   0.1168   0.1109   0.0598
{"task": "pegasus3-fill30-a3.0-5", "variables": 34, "policy": {"qubits": 69, "longest": 6, "residual": 0.11676037150770797, "p_solve": 0.05126953125, "broken": 0.07424029181985294}, "pruned": {"qubits": 57, "longest": 6, "residual": 0.11087089053468296, "p_solve": 0.06103515625, "broken": 0.06504193474264706}, "minorminer": {"qubits": 35, "residual": 0.05976035645472258, "p_solve": 0.190185546875, "broken": 0.0002082375919117647}, "removable_qubits": 12, "removable_fraction": 0.17391304347826086}
  pegasus3-fill30-a3.0-26          33     96     64      41   0.1078   0.1433   0.0619
{"task": "pegasus3-fill30-a3.0-26", "variables": 33, "policy": {"qubits": 96, "longest": 8, "residual": 0.10779255479287222, "p_solve": 0.09375, "broken": 0.07219904119318182}, "pruned": {"qubits": 64, "longest": 5, "residual": 0.1433364191955687, "p_solve": 0.02880859375, "broken": 0.09470436789772728}, "minorminer": {"qubits": 41, "residual": 0.06194680274566626, "p_solve": 0.23193359375, "broken": 0.054524739583333336}, "removable_qubits": 32, "removable_fraction": 0.3333333333333333}
  pegasus3-fill30-a3.0-15          27     44     39      29   0.0554   0.0547   0.0288
{"task": "pegasus3-fill30-a3.0-15", "variables": 27, "policy": {"qubits": 44, "longest": 8, "residual": 0.05541055304740516, "p_solve": 0.37939453125, "broken": 0.015995732060185185}, "pruned": {"qubits": 39, "longest": 7, "residual": 0.054749224040633336, "p_solve": 0.375732421875, "broken": 0.016565393518518517}, "minorminer": {"qubits": 29, "residual": 0.0288339446952606, "p_solve": 0.461669921875, "broken": 0.0003345630787037037}, "removable_qubits": 5, "removable_fraction": 0.11363636363636363}
  pegasus3-fill30-a3.0-24          30     83     62      33   0.1854   0.2072   0.1105
{"task": "pegasus3-fill30-a3.0-24", "variables": 30, "policy": {"qubits": 83, "longest": 6, "residual": 0.1853691643197622, "p_solve": 0.10986328125, "broken": 0.12081705729166667}, "pruned": {"qubits": 62, "longest": 5, "residual": 0.20723265543761418, "p_solve": 0.091064453125, "broken": 0.11617024739583333}, "minorminer": {"qubits": 33, "residual": 0.11049542352686305, "p_solve": 0.212646484375, "broken": 0.029134114583333332}, "removable_qubits": 21, "removable_fraction": 0.25301204819277107}
  pegasus3-fill30-a3.0-3           26     64     45      31   0.1053   0.1368   0.0685
{"task": "pegasus3-fill30-a3.0-3", "variables": 26, "policy": {"qubits": 64, "longest": 7, "residual": 0.10525581531954906, "p_solve": 0.523193359375, "broken": 0.06600247896634616}, "pruned": {"qubits": 45, "longest": 4, "residual": 0.13677993812656689, "p_solve": 0.34130859375, "broken": 0.059823843149038464}, "minorminer": {"qubits": 31, "residual": 0.06847685620300764, "p_solve": 0.64892578125, "broken": 0.017737755408653848}, "removable_qubits": 19, "removable_fraction": 0.296875}
  pegasus3-fill30-a3.0-8           33     42     41      34   0.1153   0.1105   0.0887
{"task": "pegasus3-fill30-a3.0-8", "variables": 33, "policy": {"qubits": 42, "longest": 2, "residual": 0.11526967243976172, "p_solve": 0.19775390625, "broken": 0.069091796875}, "pruned": {"qubits": 41, "longest": 2, "residual": 0.11053510918675, "p_solve": 0.208251953125, "broken": 0.06753077651515152}, "minorminer": {"qubits": 34, "residual": 0.0887165850903616, "p_solve": 0.32666015625, "broken": 0.010912346117424242}, "removable_qubits": 1, "removable_fraction": 0.023809523809523808}
  pegasus3-fill30-a3.0-9           32     47     41      34   0.1254   0.1425   0.0394
{"task": "pegasus3-fill30-a3.0-9", "variables": 32, "policy": {"qubits": 47, "longest": 4, "residual": 0.12538240131579115, "p_solve": 0.15478515625, "broken": 0.047149658203125}, "pruned": {"qubits": 41, "longest": 3, "residual": 0.14247121710526528, "p_solve": 0.162353515625, "broken": 0.04450225830078125}, "minorminer": {"qubits": 34, "residual": 0.03938939144736827, "p_solve": 0.49267578125, "broken": 0.00380706787109375}, "removable_qubits": 6, "removable_fraction": 0.1276595744680851}
  pegasus3-fill30-a3.0-23          28     58     52      35   0.1237   0.1288   0.2516
{"task": "pegasus3-fill30-a3.0-23", "variables": 28, "policy": {"qubits": 58, "longest": 6, "residual": 0.12369730247641404, "p_solve": 0.18603515625, "broken": 0.11375209263392858}, "pruned": {"qubits": 52, "longest": 5, "residual": 0.12879753832546997, "p_solve": 0.174072265625, "broken": 0.10807582310267858}, "minorminer": {"qubits": 35, "residual": 0.251580925707545, "p_solve": 0.054931640625, "broken": 0.0677490234375}, "removable_qubits": 6, "removable_fraction": 0.10344827586206896}
  pegasus3-fill30-a3.0-27          24     35     35      30   0.0976   0.0939   0.1001
{"task": "pegasus3-fill30-a3.0-27", "variables": 24, "policy": {"qubits": 35, "longest": 4, "residual": 0.09755993764334762, "p_solve": 0.140869140625, "broken": 0.056864420572916664}, "pruned": {"qubits": 35, "longest": 4, "residual": 0.09388662915710988, "p_solve": 0.154296875, "broken": 0.056538899739583336}, "minorminer": {"qubits": 30, "residual": 0.10005061998279667, "p_solve": 0.193603515625, "broken": 0.042429606119791664}, "removable_qubits": 0, "removable_fraction": 0.0}
  pegasus3-fill30-a3.0-11          25     34     33      26   0.0491   0.0510   0.0147
{"task": "pegasus3-fill30-a3.0-11", "variables": 25, "policy": {"qubits": 34, "longest": 4, "residual": 0.04910815135542204, "p_solve": 0.287109375, "broken": 0.048662109375}, "pruned": {"qubits": 33, "longest": 4, "residual": 0.05102597891566303, "p_solve": 0.28955078125, "broken": 0.047939453125}, "minorminer": {"qubits": 26, "residual": 0.014733151355421508, "p_solve": 0.68603515625, "broken": 1.953125e-05}, "removable_qubits": 1, "removable_fraction": 0.029411764705882353}
  pegasus3-fill30-a3.0-0           17     21     19      18   0.0103   0.0092   0.0079
{"task": "pegasus3-fill30-a3.0-0", "variables": 17, "policy": {"qubits": 21, "longest": 2, "residual": 0.010272199207492783, "p_solve": 0.865234375, "broken": 0.0015222886029411765}, "pruned": {"qubits": 19, "longest": 2, "residual": 0.009157735951008666, "p_solve": 0.870361328125, "broken": 0.0}, "minorminer": {"qubits": 18, "residual": 0.007896929034582192, "p_solve": 0.88232421875, "broken": 0.0}, "removable_qubits": 2, "removable_fraction": 0.09523809523809523}
  pegasus3-fill30-a3.0-1           28     47     44      29   0.1839   0.1889   0.0523
{"task": "pegasus3-fill30-a3.0-1", "variables": 28, "policy": {"qubits": 47, "longest": 7, "residual": 0.18391927083333506, "p_solve": 0.154541015625, "broken": 0.06442696707589286}, "pruned": {"qubits": 44, "longest": 7, "residual": 0.18886910232843268, "p_solve": 0.14794921875, "broken": 0.06341552734375}, "minorminer": {"qubits": 29, "residual": 0.05228439031862805, "p_solve": 0.536376953125, "broken": 0.004481724330357143}, "removable_qubits": 3, "removable_fraction": 0.06382978723404255}
  pegasus3-fill30-a3.0-2           29     39     38      30   0.0355   0.0319   0.0090
{"task": "pegasus3-fill30-a3.0-2", "variables": 29, "policy": {"qubits": 39, "longest": 3, "residual": 0.03547594756261225, "p_solve": 0.423828125, "broken": 0.06717234644396551}, "pruned": {"qubits": 38, "longest": 3, "residual": 0.03188240720035863, "p_solve": 0.4208984375, "broken": 0.06694504310344827}, "minorminer": {"qubits": 30, "residual": 0.009003941189624167, "p_solve": 0.736572265625, "broken": 0.0005303744612068966}, "removable_qubits": 1, "removable_fraction": 0.02564102564102564}
{"summary": "policy_excess", "tasks": 20, "mean_policy_qubits": 53.45, "mean_pruned_qubits": 45.05, "mean_minorminer_qubits": 31.65, "mean_removable_fraction": 0.12574149347076385, "mean_residual_policy": 0.10166952745189548, "mean_residual_pruned": 0.10804772226710177, "mean_residual_minorminer": 0.06714465079805548, "recovered_by_pruning": -0.006378194815206291, "mean_broken_policy": 0.062006821657607916, "mean_broken_pruned": 0.06227526195947369, "mean_broken_minorminer": 0.0187150560967665, "reading": "a large removable fraction with a positive recovery implicates redundant growth; little removable, or removal that does not recover, implicates the placement that the growth was compensating for"}
POLICY EXCESS DONE
