{"probe": "policy_excess", "corpus": "runs/quality/pegasus3_f30", "cells": ["fill30-a3.0"], "init": "runs/quality/clone_pegasus3_f30.pt", "features": "local", "support": "wide", "tasks": 20, "episodes": 3, "reads": 4096}
  task                           vars policy pruned  minmin resid pol resid prn resid mm
  pegasus3-fill30-a3.0-22          32     60     48      33   0.0576   0.0657   0.0524
{"task": "pegasus3-fill30-a3.0-22", "variables": 32, "policy": {"qubits": 60, "longest": 5, "residual": 0.057551375679346144, "p_solve": 0.26220703125}, "pruned": {"qubits": 48, "longest": 4, "residual": 0.06574176290760686, "p_solve": 0.243408203125}, "minorminer": {"qubits": 33, "residual": 0.05244352921195484, "p_solve": 0.1767578125}, "removable_qubits": 12, "removable_fraction": 0.2}
  pegasus3-fill30-a3.0-17          34     90     61      39   0.0911   0.1100   0.0316
{"task": "pegasus3-fill30-a3.0-17", "variables": 34, "policy": {"qubits": 90, "longest": 9, "residual": 0.09112792297111541, "p_solve": 0.2216796875}, "pruned": {"qubits": 61, "longest": 5, "residual": 0.10995663901306832, "p_solve": 0.139892578125}, "minorminer": {"qubits": 39, "residual": 0.031560297025447055, "p_solve": 0.304443359375}, "removable_qubits": 29, "removable_fraction": 0.32222222222222224}
  pegasus3-fill30-a3.0-19          30     76     54      30   0.1847   0.1316   0.0352
{"task": "pegasus3-fill30-a3.0-19", "variables": 30, "policy": {"qubits": 76, "longest": 12, "residual": 0.18469342259369875, "p_solve": 0.010009765625}, "pruned": {"qubits": 54, "longest": 7, "residual": 0.1316313085604789, "p_solve": 0.06640625}, "minorminer": {"qubits": 30, "residual": 0.03519617759795635, "p_solve": 0.42138671875}, "removable_qubits": 22, "removable_fraction": 0.2894736842105263}
  pegasus3-fill30-a3.0-21          26     49     40      28   0.0979   0.1455   0.1286
{"task": "pegasus3-fill30-a3.0-21", "variables": 26, "policy": {"qubits": 49, "longest": 5, "residual": 0.09791852678571406, "p_solve": 0.160888671875}, "pruned": {"qubits": 40, "longest": 4, "residual": 0.14548921130952064, "p_solve": 0.02783203125}, "minorminer": {"qubits": 28, "residual": 0.12864769345237986, "p_solve": 0.371337890625}, "removable_qubits": 9, "removable_fraction": 0.1836734693877551}
  pegasus3-fill30-a3.0-25          32     61     55      33   0.1563   0.1352   0.0703
{"task": "pegasus3-fill30-a3.0-25", "variables": 32, "policy": {"qubits": 61, "longest": 7, "residual": 0.15634663899739593, "p_solve": 0.081787109375}, "pruned": {"qubits": 55, "longest": 6, "residual": 0.13522084554036456, "p_solve": 0.099609375}, "minorminer": {"qubits": 33, "residual": 0.07026926676432278, "p_solve": 0.2197265625}, "removable_qubits": 6, "removable_fraction": 0.09836065573770492}
  pegasus3-fill30-a3.0-7           31     77     50      35   0.0449   0.0768   0.0259
{"task": "pegasus3-fill30-a3.0-7", "variables": 31, "policy": {"qubits": 77, "longest": 8, "residual": 0.044914614312268314, "p_solve": 0.4921875}, "pruned": {"qubits": 50, "longest": 4, "residual": 0.07677088173791903, "p_solve": 0.466064453125}, "minorminer": {"qubits": 35, "residual": 0.02587346073420041, "p_solve": 0.476806640625}, "removable_qubits": 27, "removable_fraction": 0.35064935064935066}
  pegasus3-fill30-a3.0-10          29     82     51      30   0.1849   0.1829   0.1057
{"task": "pegasus3-fill30-a3.0-10", "variables": 29, "policy": {"qubits": 82, "longest": 10, "residual": 0.1849399205705025, "p_solve": 0.031494140625}, "pruned": {"qubits": 51, "longest": 5, "residual": 0.18294512407235683, "p_solve": 0.09521484375}, "minorminer": {"qubits": 30, "residual": 0.10573327342300086, "p_solve": 0.321533203125}, "removable_qubits": 31, "removable_fraction": 0.3780487804878049}
  pegasus3-fill30-a3.0-5           34     58     50      35   0.0909   0.1030   0.0598
{"task": "pegasus3-fill30-a3.0-5", "variables": 34, "policy": {"qubits": 58, "longest": 6, "residual": 0.0909012223025067, "p_solve": 0.05517578125}, "pruned": {"qubits": 50, "longest": 4, "residual": 0.10296619099229459, "p_solve": 0.048583984375}, "minorminer": {"qubits": 35, "residual": 0.05976035645472258, "p_solve": 0.190185546875}, "removable_qubits": 8, "removable_fraction": 0.13793103448275862}
  pegasus3-fill30-a3.0-26          33    109     78      41   0.2121   0.2001   0.0619
{"task": "pegasus3-fill30-a3.0-26", "variables": 33, "policy": {"qubits": 109, "longest": 12, "residual": 0.21209846158477727, "p_solve": 0.010986328125}, "pruned": {"qubits": 78, "longest": 8, "residual": 0.20010875782755247, "p_solve": 0.03564453125}, "minorminer": {"qubits": 41, "residual": 0.06194680274566626, "p_solve": 0.23193359375}, "removable_qubits": 31, "removable_fraction": 0.28440366972477066}
  pegasus3-fill30-a3.0-15          27     53     41      29   0.1359   0.1530   0.0288
{"task": "pegasus3-fill30-a3.0-15", "variables": 27, "policy": {"qubits": 53, "longest": 9, "residual": 0.13590531532166772, "p_solve": 0.036376953125}, "pruned": {"qubits": 41, "longest": 4, "residual": 0.15296760369638687, "p_solve": 0.02392578125}, "minorminer": {"qubits": 29, "residual": 0.0288339446952606, "p_solve": 0.461669921875}, "removable_qubits": 12, "removable_fraction": 0.22641509433962265}
  pegasus3-fill30-a3.0-24          30     97     63      33   0.1566   0.1838   0.1105
{"task": "pegasus3-fill30-a3.0-24", "variables": 30, "policy": {"qubits": 97, "longest": 18, "residual": 0.15656141681109348, "p_solve": 0.095703125}, "pruned": {"qubits": 63, "longest": 7, "residual": 0.18382562012565354, "p_solve": 0.060546875}, "minorminer": {"qubits": 33, "residual": 0.11049542352686305, "p_solve": 0.212646484375}, "removable_qubits": 34, "removable_fraction": 0.35051546391752575}
  pegasus3-fill30-a3.0-3           26     61     37      31   0.1506   0.1505   0.0685
{"task": "pegasus3-fill30-a3.0-3", "variables": 26, "policy": {"qubits": 61, "longest": 7, "residual": 0.15057663690476103, "p_solve": 0.44970703125}, "pruned": {"qubits": 37, "longest": 4, "residual": 0.15051789630325665, "p_solve": 0.439208984375}, "minorminer": {"qubits": 31, "residual": 0.06847685620300764, "p_solve": 0.64892578125}, "removable_qubits": 24, "removable_fraction": 0.39344262295081966}
  pegasus3-fill30-a3.0-8           33     62     48      34   0.1121   0.1090   0.0887
{"task": "pegasus3-fill30-a3.0-8", "variables": 33, "policy": {"qubits": 62, "longest": 6, "residual": 0.11213996611445841, "p_solve": 0.037841796875}, "pruned": {"qubits": 48, "longest": 4, "residual": 0.10900084713855447, "p_solve": 0.045654296875}, "minorminer": {"qubits": 34, "residual": 0.0887165850903616, "p_solve": 0.32666015625}, "removable_qubits": 14, "removable_fraction": 0.22580645161290322}
  pegasus3-fill30-a3.0-9           32     70     47      34   0.1922   0.1840   0.0394
{"task": "pegasus3-fill30-a3.0-9", "variables": 32, "policy": {"qubits": 70, "longest": 9, "residual": 0.1922368421052584, "p_solve": 0.08154296875}, "pruned": {"qubits": 47, "longest": 3, "residual": 0.184037828947368, "p_solve": 0.107421875}, "minorminer": {"qubits": 34, "residual": 0.03938939144736827, "p_solve": 0.49267578125}, "removable_qubits": 23, "removable_fraction": 0.32857142857142857}
  pegasus3-fill30-a3.0-23          28     74     60      35   0.1785   0.1246   0.2516
{"task": "pegasus3-fill30-a3.0-23", "variables": 28, "policy": {"qubits": 74, "longest": 8, "residual": 0.17845482016509295, "p_solve": 0.0908203125}, "pruned": {"qubits": 60, "longest": 6, "residual": 0.12464806898584954, "p_solve": 0.08447265625}, "minorminer": {"qubits": 35, "residual": 0.251580925707545, "p_solve": 0.054931640625}, "removable_qubits": 14, "removable_fraction": 0.1891891891891892}
  pegasus3-fill30-a3.0-27          24     68     48      30   0.1354   0.1389   0.1001
{"task": "pegasus3-fill30-a3.0-27", "variables": 24, "policy": {"qubits": 68, "longest": 9, "residual": 0.1353681371846294, "p_solve": 0.062255859375}, "pruned": {"qubits": 48, "longest": 9, "residual": 0.1389451333142165, "p_solve": 0.031494140625}, "minorminer": {"qubits": 30, "residual": 0.10005061998279667, "p_solve": 0.193603515625}, "removable_qubits": 20, "removable_fraction": 0.29411764705882354}
  pegasus3-fill30-a3.0-11          25     37     31      26   0.1210   0.1180   0.0147
{"task": "pegasus3-fill30-a3.0-11", "variables": 25, "policy": {"qubits": 37, "longest": 3, "residual": 0.12097373870482064, "p_solve": 0.236083984375}, "pruned": {"qubits": 31, "longest": 2, "residual": 0.11803463855421814, "p_solve": 0.2314453125}, "minorminer": {"qubits": 26, "residual": 0.014733151355421508, "p_solve": 0.68603515625}, "removable_qubits": 6, "removable_fraction": 0.16216216216216217}
  pegasus3-fill30-a3.0-0           17     35     29      18   0.0190   0.0199   0.0079
{"task": "pegasus3-fill30-a3.0-0", "variables": 17, "policy": {"qubits": 35, "longest": 6, "residual": 0.019021861491354312, "p_solve": 0.798095703125}, "pruned": {"qubits": 29, "longest": 5, "residual": 0.019905552053313902, "p_solve": 0.78125}, "minorminer": {"qubits": 18, "residual": 0.007896929034582192, "p_solve": 0.88232421875}, "removable_qubits": 6, "removable_fraction": 0.17142857142857143}
  pegasus3-fill30-a3.0-1           28     48     39      29   0.0390   0.0916   0.0523
{"task": "pegasus3-fill30-a3.0-1", "variables": 28, "policy": {"qubits": 48, "longest": 3, "residual": 0.03895718443627507, "p_solve": 0.55810546875}, "pruned": {"qubits": 39, "longest": 3, "residual": 0.09159581801470676, "p_solve": 0.319091796875}, "minorminer": {"qubits": 29, "residual": 0.05228439031862805, "p_solve": 0.536376953125}, "removable_qubits": 9, "removable_fraction": 0.1875}
  pegasus3-fill30-a3.0-2           29     74     40      30   0.0682   0.0922   0.0090
{"task": "pegasus3-fill30-a3.0-2", "variables": 29, "policy": {"qubits": 74, "longest": 15, "residual": 0.06819690574686933, "p_solve": 0.375732421875}, "pruned": {"qubits": 40, "longest": 5, "residual": 0.0922126565295188, "p_solve": 0.34619140625}, "minorminer": {"qubits": 30, "residual": 0.009003941189624167, "p_solve": 0.736572265625}, "removable_qubits": 34, "removable_fraction": 0.4594594594594595}
{"summary": "policy_excess", "tasks": 20, "mean_policy_qubits": 67.05, "mean_pruned_qubits": 48.5, "mean_minorminer_qubits": 31.65, "mean_removable_fraction": 0.26166854787967, "mean_residual_policy": 0.12144424653918029, "mean_residual_pruned": 0.1258261192812103, "mean_residual_minorminer": 0.06714465079805548, "recovered_by_pruning": -0.0043818727420299785, "reading": "a large removable fraction with a positive recovery implicates redundant growth; little removable, or removal that does not recover, implicates the placement that the growth was compensating for"}
POLICY EXCESS DONE
