{"probe": "policy_excess", "corpus": "runs/quality/pegasus3_f30", "cells": ["fill30-a3.0"], "init": "runs/quality/clone_pegasus3_f30.pt", "features": "local", "support": "wide", "tasks": 8, "episodes": 3, "reads": 4096}
  task                           vars policy pruned  minmin resid pol resid prn resid mm
  pegasus3-fill30-a3.0-14          31     65     44      33   0.1602   0.1356   0.0565
{"task": "pegasus3-fill30-a3.0-14", "variables": 31, "policy": {"qubits": 65, "longest": 8, "residual": 0.1601562500000028, "p_solve": 0.10400390625}, "pruned": {"qubits": 44, "longest": 6, "residual": 0.13559506345524264, "p_solve": 0.09228515625}, "minorminer": {"qubits": 33, "residual": 0.05647004639738176, "p_solve": 0.252685546875}, "removable_qubits": 21, "removable_fraction": 0.3230769230769231}
  pegasus3-fill30-a3.0-17          34     88     64      35   0.0613   0.0727   0.0198
{"task": "pegasus3-fill30-a3.0-17", "variables": 34, "policy": {"qubits": 88, "longest": 7, "residual": 0.061293737104539885, "p_solve": 0.239013671875}, "pruned": {"qubits": 64, "longest": 4, "residual": 0.07274383167125359, "p_solve": 0.059326171875}, "minorminer": {"qubits": 35, "residual": 0.01976498022695989, "p_solve": 0.529541015625}, "removable_qubits": 24, "removable_fraction": 0.2727272727272727}
  pegasus3-fill30-a3.0-21          26     46     40      28   0.0920   0.0950   0.0429
{"task": "pegasus3-fill30-a3.0-21", "variables": 26, "policy": {"qubits": 46, "longest": 4, "residual": 0.09203124999999931, "p_solve": 0.23974609375}, "pruned": {"qubits": 40, "longest": 3, "residual": 0.09499255952380894, "p_solve": 0.250732421875}, "minorminer": {"qubits": 28, "residual": 0.042899925595237746, "p_solve": 0.50244140625}, "removable_qubits": 6, "removable_fraction": 0.13043478260869565}
  pegasus3-fill30-a3.0-4           13     30     23      15   0.1066   0.1092   0.1176
{"task": "pegasus3-fill30-a3.0-4", "variables": 13, "policy": {"qubits": 30, "longest": 5, "residual": 0.10661044551749291, "p_solve": 0.453857421875}, "pruned": {"qubits": 23, "longest": 5, "residual": 0.10915292456267743, "p_solve": 0.155517578125}, "minorminer": {"qubits": 15, "residual": 0.11760033254372733, "p_solve": 0.263916015625}, "removable_qubits": 7, "removable_fraction": 0.23333333333333334}
  pegasus3-fill30-a3.0-2           29     59     48      30   0.0554   0.0505   0.0088
{"task": "pegasus3-fill30-a3.0-2", "variables": 29, "policy": {"qubits": 59, "longest": 7, "residual": 0.05540550927996391, "p_solve": 0.112548828125}, "pruned": {"qubits": 48, "longest": 5, "residual": 0.05048251621198507, "p_solve": 0.139892578125}, "minorminer": {"qubits": 30, "residual": 0.008750628913237773, "p_solve": 0.741943359375}, "removable_qubits": 11, "removable_fraction": 0.1864406779661017}
  pegasus3-fill30-a3.0-24          30     67     47      37   0.1043   0.1772   0.0688
{"task": "pegasus3-fill30-a3.0-24", "variables": 30, "policy": {"qubits": 67, "longest": 5, "residual": 0.1042958595103991, "p_solve": 0.232421875}, "pruned": {"qubits": 47, "longest": 4, "residual": 0.17717077827123245, "p_solve": 0.089599609375}, "minorminer": {"qubits": 37, "residual": 0.06880111297660287, "p_solve": 0.35546875}, "removable_qubits": 20, "removable_fraction": 0.29850746268656714}
  pegasus3-fill30-a3.0-18          25     59     48      29   0.0846   0.0995   0.0714
{"task": "pegasus3-fill30-a3.0-18", "variables": 25, "policy": {"qubits": 59, "longest": 7, "residual": 0.08463427046654812, "p_solve": 0.42578125}, "pruned": {"qubits": 48, "longest": 5, "residual": 0.09954404159330842, "p_solve": 0.41796875}, "minorminer": {"qubits": 29, "residual": 0.07137674680897804, "p_solve": 0.386962890625}, "removable_qubits": 11, "removable_fraction": 0.1864406779661017}
  pegasus3-fill30-a3.0-28          27     53     42      28   0.1108   0.0891   0.0420
{"task": "pegasus3-fill30-a3.0-28", "variables": 27, "policy": {"qubits": 53, "longest": 5, "residual": 0.1108070092190899, "p_solve": 0.05908203125}, "pruned": {"qubits": 42, "longest": 4, "residual": 0.08912139031995685, "p_solve": 0.132080078125}, "minorminer": {"qubits": 28, "residual": 0.0419710039316698, "p_solve": 0.39990234375}, "removable_qubits": 11, "removable_fraction": 0.20754716981132076}
{"summary": "policy_excess", "tasks": 8, "mean_policy_qubits": 58.375, "mean_pruned_qubits": 44.5, "mean_minorminer_qubits": 29.375, "mean_removable_fraction": 0.2298135375220395, "mean_residual_policy": 0.0969042913872545, "mean_residual_pruned": 0.10360038820118317, "mean_residual_minorminer": 0.0534543471742244, "recovered_by_pruning": -0.006696096813928682, "reading": "a large removable fraction with a positive recovery implicates redundant growth; little removable, or removal that does not recover, implicates the placement that the growth was compensating for"}
POLICY EXCESS DONE
