{"probe": "policy_excess", "corpus": "runs/quality/pegasus3_f30", "cells": ["fill30-a3.0"], "init": "runs/quality/r30_p3_s0.best.pt", "features": "local", "support": "wide", "tasks": 8, "episodes": 3, "reads": 4096}
  task                           vars policy pruned  minmin resid pol resid prn resid mm
  pegasus3-fill30-a3.0-14          31     85     52      33   0.1615   0.1382   0.0565
{"task": "pegasus3-fill30-a3.0-14", "variables": 31, "policy": {"qubits": 85, "longest": 9, "residual": 0.1614611763100459, "p_solve": 0.04541015625}, "pruned": {"qubits": 52, "longest": 7, "residual": 0.13820065161026443, "p_solve": 0.04052734375}, "minorminer": {"qubits": 33, "residual": 0.05647004639738176, "p_solve": 0.252685546875}, "removable_qubits": 33, "removable_fraction": 0.38823529411764707}
  pegasus3-fill30-a3.0-17          34    105     62      35   0.1061   0.1251   0.0198
{"task": "pegasus3-fill30-a3.0-17", "variables": 34, "policy": {"qubits": 105, "longest": 9, "residual": 0.1060597919532337, "p_solve": 0.097900390625}, "pruned": {"qubits": 62, "longest": 4, "residual": 0.12514776048830867, "p_solve": 0.05712890625}, "minorminer": {"qubits": 35, "residual": 0.01976498022695989, "p_solve": 0.529541015625}, "removable_qubits": 43, "removable_fraction": 0.4095238095238095}
  pegasus3-fill30-a3.0-21          26     68     48      28   0.2468   0.2124   0.0429
{"task": "pegasus3-fill30-a3.0-21", "variables": 26, "policy": {"qubits": 68, "longest": 8, "residual": 0.2467912946428612, "p_solve": 0.016357421875}, "pruned": {"qubits": 48, "longest": 4, "residual": 0.21238653273809804, "p_solve": 0.01171875}, "minorminer": {"qubits": 28, "residual": 0.042899925595237746, "p_solve": 0.50244140625}, "removable_qubits": 20, "removable_fraction": 0.29411764705882354}
  pegasus3-fill30-a3.0-4           13     26     18      15   0.0844   0.0809   0.1176
{"task": "pegasus3-fill30-a3.0-4", "variables": 13, "policy": {"qubits": 26, "longest": 4, "residual": 0.08435450072885742, "p_solve": 0.033203125}, "pruned": {"qubits": 18, "longest": 2, "residual": 0.08088955448250193, "p_solve": 0.0224609375}, "minorminer": {"qubits": 15, "residual": 0.11760033254372733, "p_solve": 0.263916015625}, "removable_qubits": 8, "removable_fraction": 0.3076923076923077}
  pegasus3-fill30-a3.0-2           29     59     41      30   0.0629   0.0605   0.0088
{"task": "pegasus3-fill30-a3.0-2", "variables": 29, "policy": {"qubits": 59, "longest": 6, "residual": 0.0628528902057246, "p_solve": 0.264892578125}, "pruned": {"qubits": 41, "longest": 5, "residual": 0.060478742732558134, "p_solve": 0.2578125}, "minorminer": {"qubits": 30, "residual": 0.008750628913237773, "p_solve": 0.741943359375}, "removable_qubits": 18, "removable_fraction": 0.3050847457627119}
  pegasus3-fill30-a3.0-24          30     94     64      37   0.1396   0.2011   0.0688
{"task": "pegasus3-fill30-a3.0-24", "variables": 30, "policy": {"qubits": 94, "longest": 9, "residual": 0.1395976630199325, "p_solve": 0.1416015625}, "pruned": {"qubits": 64, "longest": 6, "residual": 0.20108725086655782, "p_solve": 0.050537109375}, "minorminer": {"qubits": 37, "residual": 0.06880111297660287, "p_solve": 0.35546875}, "removable_qubits": 30, "removable_fraction": 0.3191489361702128}
  pegasus3-fill30-a3.0-18          25     63     45      29   0.1601   0.1576   0.0714
{"task": "pegasus3-fill30-a3.0-18", "variables": 25, "policy": {"qubits": 63, "longest": 8, "residual": 0.16011326749559554, "p_solve": 0.259765625}, "pruned": {"qubits": 45, "longest": 4, "residual": 0.15758073833626424, "p_solve": 0.27783203125}, "minorminer": {"qubits": 29, "residual": 0.07137674680897804, "p_solve": 0.386962890625}, "removable_qubits": 18, "removable_fraction": 0.2857142857142857}
  pegasus3-fill30-a3.0-28          27     80     48      28   0.1071   0.0752   0.0420
{"task": "pegasus3-fill30-a3.0-28", "variables": 27, "policy": {"qubits": 80, "longest": 10, "residual": 0.10706387269523061, "p_solve": 0.1611328125}, "pruned": {"qubits": 48, "longest": 5, "residual": 0.0752355612798267, "p_solve": 0.2802734375}, "minorminer": {"qubits": 28, "residual": 0.0419710039316698, "p_solve": 0.39990234375}, "removable_qubits": 32, "removable_fraction": 0.4}
{"summary": "policy_excess", "tasks": 8, "mean_policy_qubits": 72.5, "mean_pruned_qubits": 47.25, "mean_minorminer_qubits": 29.375, "mean_removable_fraction": 0.3386896282549748, "mean_residual_policy": 0.13353680713143518, "mean_residual_pruned": 0.1313758490667975, "mean_residual_minorminer": 0.0534543471742244, "recovered_by_pruning": 0.0021609580646376894, "reading": "a large removable fraction with a positive recovery implicates redundant growth; little removable, or removal that does not recover, implicates the placement that the growth was compensating for"}
POLICY EXCESS DONE
