{"probe": "expressiveness_audit", "corpus": "runs/quality/pegasus3_f30_large", "cells": ["fill30-a3.0"], "features": "local", "channels": 20, "support": "wide", "train": 80, "heldout": 30}
{"set": "train", "task": "pegasus3-fill30-a3.0-151", "steps": 900, "reason": "HORIZON", "valid": false, "progress": 0.5222222222222221}
{"set": "train", "task": "pegasus3-fill30-a3.0-74", "steps": 38, "reason": "valid", "valid": true, "progress": 1.0}
{"set": "train", "task": "pegasus3-fill30-a3.0-24", "steps": 900, "reason": "HORIZON", "valid": false, "progress": 0.860989010989011}
{"set": "train", "task": "pegasus3-fill30-a3.0-40", "steps": 900, "reason": "HORIZON", "valid": false, "progress": 0.5834942084942085}
{"set": "train", "task": "pegasus3-fill30-a3.0-172", "steps": 37, "reason": "valid", "valid": true, "progress": 1.0}
{"set": "train", "task": "pegasus3-fill30-a3.0-8", "steps": 900, "reason": "HORIZON", "valid": false, "progress": 0.7424242424242424}
{"set": "train", "task": "pegasus3-fill30-a3.0-2", "steps": 33, "reason": "valid", "valid": true, "progress": 1.0}
{"set": "train", "task": "pegasus3-fill30-a3.0-67", "steps": 13, "reason": "stuck", "valid": false, "progress": 0.875}
{"set": "train", "task": "pegasus3-fill30-a3.0-23", "steps": 28, "reason": "valid", "valid": true, "progress": 1.0}
{"set": "train", "task": "pegasus3-fill30-a3.0-145", "steps": 900, "reason": "HORIZON", "valid": false, "progress": 0.7839285714285714}
{"set": "train", "task": "pegasus3-fill30-a3.0-7", "steps": 900, "reason": "HORIZON", "valid": false, "progress": 0.859375}
{"set": "train", "task": "pegasus3-fill30-a3.0-91", "steps": 900, "reason": "HORIZON", "valid": false, "progress": 0.9652941176470589}
{"set": "train", "task": "pegasus3-fill30-a3.0-0", "steps": 0, "reason": "stuck", "valid": false, "progress": 0.0}
{"set": "train", "task": "pegasus3-fill30-a3.0-131", "steps": 900, "reason": "HORIZON", "valid": false, "progress": 0.703125}
{"set": "train", "task": "pegasus3-fill30-a3.0-169", "steps": 900, "reason": "HORIZON", "valid": false, "progress": 0.5586206896551724}
{"set": "train", "task": "pegasus3-fill30-a3.0-27", "steps": 37, "reason": "valid", "valid": true, "progress": 1.0}
{"set": "train", "task": "pegasus3-fill30-a3.0-5", "steps": 900, "reason": "HORIZON", "valid": false, "progress": 0.675}
{"set": "train", "task": "pegasus3-fill30-a3.0-165", "steps": 900, "reason": "HORIZON", "valid": false, "progress": 0.9852941176470589}
{"set": "train", "task": "pegasus3-fill30-a3.0-35", "steps": 33, "reason": "valid", "valid": true, "progress": 1.0}
{"set": "train", "task": "pegasus3-fill30-a3.0-81", "steps": 900, "reason": "HORIZON", "valid": false, "progress": 0.2833333333333333}
{"set": "train", "task": "pegasus3-fill30-a3.0-174", "steps": 36, "reason": "valid", "valid": true, "progress": 1.0}
{"set": "train", "task": "pegasus3-fill30-a3.0-37", "steps": 900, "reason": "HORIZON", "valid": false, "progress": 0.9166666666666667}
{"set": "train", "task": "pegasus3-fill30-a3.0-22", "steps": 900, "reason": "HORIZON", "valid": false, "progress": 0.5234521575984991}
{"set": "train", "task": "pegasus3-fill30-a3.0-191", "steps": 30, "reason": "valid", "valid": true, "progress": 1.0}
{"set": "train", "task": "pegasus3-fill30-a3.0-171", "steps": 32, "reason": "valid", "valid": true, "progress": 1.0}
{"set": "train", "task": "pegasus3-fill30-a3.0-31", "steps": 36, "reason": "valid", "valid": true, "progress": 1.0}
{"set": "train", "task": "pegasus3-fill30-a3.0-104", "steps": 900, "reason": "HORIZON", "valid": false, "progress": 0.7113636363636364}
{"set": "train", "task": "pegasus3-fill30-a3.0-53", "steps": 31, "reason": "valid", "valid": true, "progress": 1.0}
{"set": "train", "task": "pegasus3-fill30-a3.0-73", "steps": 900, "reason": "HORIZON", "valid": false, "progress": 0.5756938603868798}
{"set": "train", "task": "pegasus3-fill30-a3.0-95", "steps": 35, "reason": "valid", "valid": true, "progress": 1.0}
{"set": "train", "task": "pegasus3-fill30-a3.0-113", "steps": 35, "reason": "valid", "valid": true, "progress": 1.0}
{"set": "train", "task": "pegasus3-fill30-a3.0-142", "steps": 29, "reason": "valid", "valid": true, "progress": 1.0}
{"set": "train", "task": "pegasus3-fill30-a3.0-183", "steps": 0, "reason": "stuck", "valid": false, "progress": 0.0}
{"set": "train", "task": "pegasus3-fill30-a3.0-193", "steps": 900, "reason": "HORIZON", "valid": false, "progress": 0.807741935483871}
{"set": "train", "task": "pegasus3-fill30-a3.0-47", "steps": 900, "reason": "HORIZON", "valid": false, "progress": 0.5792682926829269}
{"set": "train", "task": "pegasus3-fill30-a3.0-120", "steps": 900, "reason": "HORIZON", "valid": false, "progress": 0.7185714285714286}
{"set": "train", "task": "pegasus3-fill30-a3.0-69", "steps": 40, "reason": "valid", "valid": true, "progress": 1.0}
{"set": "train", "task": "pegasus3-fill30-a3.0-108", "steps": 900, "reason": "HORIZON", "valid": false, "progress": 0.8761261261261262}
{"set": "train", "task": "pegasus3-fill30-a3.0-122", "steps": 0, "reason": "stuck", "valid": false, "progress": 0.0}
{"set": "train", "task": "pegasus3-fill30-a3.0-190", "steps": 36, "reason": "valid", "valid": true, "progress": 1.0}
{"set": "train", "task": "pegasus3-fill30-a3.0-170", "steps": 35, "reason": "valid", "valid": true, "progress": 1.0}
{"set": "train", "task": "pegasus3-fill30-a3.0-127", "steps": 900, "reason": "HORIZON", "valid": false, "progress": 0.5696930946291561}
{"set": "train", "task": "pegasus3-fill30-a3.0-161", "steps": 900, "reason": "HORIZON", "valid": false, "progress": 0.831219512195122}
{"set": "train", "task": "pegasus3-fill30-a3.0-152", "steps": 900, "reason": "HORIZON", "valid": false, "progress": 0.4321236559139785}
{"set": "train", "task": "pegasus3-fill30-a3.0-128", "steps": 38, "reason": "valid", "valid": true, "progress": 1.0}
{"set": "train", "task": "pegasus3-fill30-a3.0-29", "steps": 31, "reason": "valid", "valid": true, "progress": 1.0}
{"set": "train", "task": "pegasus3-fill30-a3.0-50", "steps": 900, "reason": "HORIZON", "valid": false, "progress": 0.9482758620689655}
{"set": "train", "task": "pegasus3-fill30-a3.0-143", "steps": 900, "reason": "HORIZON", "valid": false, "progress": 0.6555555555555556}
{"set": "train", "task": "pegasus3-fill30-a3.0-195", "steps": 900, "reason": "HORIZON", "valid": false, "progress": 0.8107142857142857}
{"set": "train", "task": "pegasus3-fill30-a3.0-3", "steps": 18, "reason": "valid", "valid": true, "progress": 1.0}
{"set": "train", "task": "pegasus3-fill30-a3.0-133", "steps": 36, "reason": "valid", "valid": true, "progress": 1.0}
{"set": "train", "task": "pegasus3-fill30-a3.0-159", "steps": 35, "reason": "valid", "valid": true, "progress": 1.0}
{"set": "train", "task": "pegasus3-fill30-a3.0-115", "steps": 34, "reason": "valid", "valid": true, "progress": 1.0}
{"set": "train", "task": "pegasus3-fill30-a3.0-6", "steps": 900, "reason": "HORIZON", "valid": false, "progress": 0.6884615384615385}
{"set": "train", "task": "pegasus3-fill30-a3.0-54", "steps": 35, "reason": "valid", "valid": true, "progress": 1.0}
{"set": "train", "task": "pegasus3-fill30-a3.0-80", "steps": 37, "reason": "valid", "valid": true, "progress": 1.0}
{"set": "train", "task": "pegasus3-fill30-a3.0-10", "steps": 31, "reason": "valid", "valid": true, "progress": 1.0}
{"set": "train", "task": "pegasus3-fill30-a3.0-78", "steps": 900, "reason": "HORIZON", "valid": false, "progress": 0.9141025641025642}
{"set": "train", "task": "pegasus3-fill30-a3.0-157", "steps": 36, "reason": "valid", "valid": true, "progress": 1.0}
{"set": "train", "task": "pegasus3-fill30-a3.0-163", "steps": 35, "reason": "valid", "valid": true, "progress": 1.0}
{"set": "train", "task": "pegasus3-fill30-a3.0-189", "steps": 31, "reason": "valid", "valid": true, "progress": 1.0}
{"set": "train", "task": "pegasus3-fill30-a3.0-93", "steps": 27, "reason": "valid", "valid": true, "progress": 1.0}
{"set": "train", "task": "pegasus3-fill30-a3.0-33", "steps": 900, "reason": "HORIZON", "valid": false, "progress": 0.9864864864864865}
{"set": "train", "task": "pegasus3-fill30-a3.0-199", "steps": 900, "reason": "HORIZON", "valid": false, "progress": 0.8394886363636364}
{"set": "train", "task": "pegasus3-fill30-a3.0-154", "steps": 900, "reason": "HORIZON", "valid": false, "progress": 0.7963768115942029}
{"set": "train", "task": "pegasus3-fill30-a3.0-166", "steps": 37, "reason": "valid", "valid": true, "progress": 1.0}
{"set": "train", "task": "pegasus3-fill30-a3.0-49", "steps": 38, "reason": "valid", "valid": true, "progress": 1.0}
{"set": "train", "task": "pegasus3-fill30-a3.0-72", "steps": 900, "reason": "HORIZON", "valid": false, "progress": 0.9285714285714286}
{"set": "train", "task": "pegasus3-fill30-a3.0-198", "steps": 22, "reason": "stuck", "valid": false, "progress": 0.8244047619047619}
{"set": "train", "task": "pegasus3-fill30-a3.0-118", "steps": 37, "reason": "valid", "valid": true, "progress": 1.0}
{"set": "train", "task": "pegasus3-fill30-a3.0-105", "steps": 16, "reason": "valid", "valid": true, "progress": 1.0}
{"set": "train", "task": "pegasus3-fill30-a3.0-184", "steps": 34, "reason": "valid", "valid": true, "progress": 1.0}
{"set": "train", "task": "pegasus3-fill30-a3.0-156", "steps": 900, "reason": "HORIZON", "valid": false, "progress": 0.972972972972973}
{"set": "train", "task": "pegasus3-fill30-a3.0-123", "steps": 900, "reason": "HORIZON", "valid": false, "progress": 0.48703703703703705}
{"set": "train", "task": "pegasus3-fill30-a3.0-57", "steps": 32, "reason": "valid", "valid": true, "progress": 1.0}
{"set": "train", "task": "pegasus3-fill30-a3.0-175", "steps": 32, "reason": "valid", "valid": true, "progress": 1.0}
{"set": "train", "task": "pegasus3-fill30-a3.0-4", "steps": 900, "reason": "HORIZON", "valid": false, "progress": 0.9117647058823529}
{"set": "train", "task": "pegasus3-fill30-a3.0-26", "steps": 29, "reason": "valid", "valid": true, "progress": 1.0}
{"set": "train", "task": "pegasus3-fill30-a3.0-158", "steps": 900, "reason": "HORIZON", "valid": false, "progress": 0.8883720930232558}
{"set": "train", "task": "pegasus3-fill30-a3.0-153", "steps": 33, "reason": "valid", "valid": true, "progress": 1.0}
{"set": "heldout", "task": "pegasus3-fill30-a3.0-130", "steps": 900, "reason": "HORIZON", "valid": false, "progress": 0.9193548387096775}
{"set": "heldout", "task": "pegasus3-fill30-a3.0-21", "steps": 34, "reason": "valid", "valid": true, "progress": 1.0}
{"set": "heldout", "task": "pegasus3-fill30-a3.0-182", "steps": 24, "reason": "valid", "valid": true, "progress": 1.0}
{"set": "heldout", "task": "pegasus3-fill30-a3.0-138", "steps": 900, "reason": "HORIZON", "valid": false, "progress": 0.935483870967742}
{"set": "heldout", "task": "pegasus3-fill30-a3.0-116", "steps": 35, "reason": "valid", "valid": true, "progress": 1.0}
{"set": "heldout", "task": "pegasus3-fill30-a3.0-68", "steps": 27, "reason": "stuck", "valid": false, "progress": 0.76}
{"set": "heldout", "task": "pegasus3-fill30-a3.0-77", "steps": 36, "reason": "valid", "valid": true, "progress": 1.0}
{"set": "heldout", "task": "pegasus3-fill30-a3.0-89", "steps": 34, "reason": "valid", "valid": true, "progress": 1.0}
{"set": "heldout", "task": "pegasus3-fill30-a3.0-129", "steps": 900, "reason": "HORIZON", "valid": false, "progress": 0.5833333333333333}
{"set": "heldout", "task": "pegasus3-fill30-a3.0-48", "steps": 900, "reason": "HORIZON", "valid": false, "progress": 0.47797010228166803}
{"set": "heldout", "task": "pegasus3-fill30-a3.0-149", "steps": 900, "reason": "HORIZON", "valid": false, "progress": 0.8046187683284457}
{"set": "heldout", "task": "pegasus3-fill30-a3.0-71", "steps": 900, "reason": "HORIZON", "valid": false, "progress": 0.48275862068965514}
{"set": "heldout", "task": "pegasus3-fill30-a3.0-85", "steps": 24, "reason": "stuck", "valid": false, "progress": 0.7938596491228069}
{"set": "heldout", "task": "pegasus3-fill30-a3.0-61", "steps": 37, "reason": "valid", "valid": true, "progress": 1.0}
{"set": "heldout", "task": "pegasus3-fill30-a3.0-98", "steps": 900, "reason": "HORIZON", "valid": false, "progress": 0.810077519379845}
{"set": "heldout", "task": "pegasus3-fill30-a3.0-194", "steps": 900, "reason": "HORIZON", "valid": false, "progress": 0.8958333333333333}
{"set": "heldout", "task": "pegasus3-fill30-a3.0-139", "steps": 36, "reason": "valid", "valid": true, "progress": 1.0}
{"set": "heldout", "task": "pegasus3-fill30-a3.0-64", "steps": 35, "reason": "valid", "valid": true, "progress": 1.0}
{"set": "heldout", "task": "pegasus3-fill30-a3.0-114", "steps": 23, "reason": "valid", "valid": true, "progress": 1.0}
{"set": "heldout", "task": "pegasus3-fill30-a3.0-38", "steps": 900, "reason": "HORIZON", "valid": false, "progress": 0.6333333333333333}
{"set": "heldout", "task": "pegasus3-fill30-a3.0-197", "steps": 900, "reason": "HORIZON", "valid": false, "progress": 0.4128540305010893}
{"set": "heldout", "task": "pegasus3-fill30-a3.0-146", "steps": 900, "reason": "HORIZON", "valid": false, "progress": 0.3952380952380952}
{"set": "heldout", "task": "pegasus3-fill30-a3.0-96", "steps": 900, "reason": "HORIZON", "valid": false, "progress": 0.7017543859649122}
{"set": "heldout", "task": "pegasus3-fill30-a3.0-188", "steps": 35, "reason": "valid", "valid": true, "progress": 1.0}
{"set": "heldout", "task": "pegasus3-fill30-a3.0-162", "steps": 900, "reason": "HORIZON", "valid": false, "progress": 0.9878048780487805}
{"set": "heldout", "task": "pegasus3-fill30-a3.0-83", "steps": 900, "reason": "HORIZON", "valid": false, "progress": 0.7051282051282051}
{"set": "heldout", "task": "pegasus3-fill30-a3.0-55", "steps": 900, "reason": "HORIZON", "valid": false, "progress": 0.5663793103448276}
{"set": "heldout", "task": "pegasus3-fill30-a3.0-107", "steps": 900, "reason": "HORIZON", "valid": false, "progress": 0.7690217391304348}
{"set": "heldout", "task": "pegasus3-fill30-a3.0-82", "steps": 900, "reason": "HORIZON", "valid": false, "progress": 0.6606060606060606}
{"set": "heldout", "task": "pegasus3-fill30-a3.0-1", "steps": 900, "reason": "HORIZON", "valid": false, "progress": 0.7940503432494279}
{"train_decisions": 1293, "train_paths": 39, "heldout_decisions": 329, "heldout_paths": 10}

  model      train top1  held top1  chance top1     whole path
  linear          0.354      0.249        0.026       1.41e-20
  mlp             0.396      0.261        0.026       6.75e-20
{"summary": "expressiveness_audit", "models": {"linear": {"train_top1": 0.354215003866976, "heldout_top1": 0.24924012158054712, "chance_top1": 0.026403151843957886, "decisions_per_path": 32.9, "whole_path_probability": 1.40841519164114e-20}, "mlp": {"train_top1": 0.39597834493426143, "heldout_top1": 0.2613981762917933, "chance_top1": 0.026403151843957886, "decisions_per_path": 32.9, "whole_path_probability": 6.749226504825489e-20}}, "reading": "a linear model near chance while the small network is far above it implicates capacity; both near chance implicates the observation; both high while reinforcement learning fails implicates exploration and credit assignment"}
EXPRESSIVENESS AUDIT DONE
