{"corpus": "runs/v1/corpus", "family": "if-dual", "train_lineages": 200, "eval_lineages": 60, "states": 2, "max_candidates": 8, "reads": 256}
  389 training states, 118 held-out states, 3834 labelled candidates, 767s
  epoch   0  mean loss 2.71057
  epoch  50  mean loss 2.61429
  epoch 100  mean loss 2.43250
  epoch 150  mean loss 2.13681
  epoch 199  mean loss 1.96041

== TRAINING states, fitted on, 118 states, every pick re-measured on 512 independent reads
  picking by oracle     0.6265
  picking by head       0.6178
  picking by random     0.4717
  picking by resource   0.4845
  picking by incumbent  0.4858
  head minus random                    n 118  +0.1460 [+0.1164, +0.1771]
  head minus the protected incumbent   n 118  +0.1320 [+0.1043, +0.1610]
  oracle minus random, the ceiling     n 118  +0.1548 [+0.1248, +0.1869]
  head minus oracle, what is left on the table n 118  -0.0087 [-0.0148, -0.0030]
  median within-state rank correlation +0.598

== HELD-OUT lineages, never trained on, 118 states, every pick re-measured on 512 independent reads
  picking by oracle     0.7012
  picking by head       0.5621
  picking by random     0.5964
  picking by resource   0.5706
  picking by incumbent  0.6018
  head minus random                    n 118  -0.0344 [-0.0724, +0.0029]
  head minus the protected incumbent   n 118  -0.0397 [-0.0768, -0.0019]
  oracle minus random, the ceiling     n 118  +0.1048 [+0.0780, +0.1343]
  head minus oracle, what is left on the table n 118  -0.1392 [-0.1742, -0.1058]
  median within-state rank correlation +0.095

TRAIN QUALITY DONE
