{"probe": "reward_channel", "corpus": "runs/quality/zephyr2_f50", "cells": ["fill50-a3.0"], "tasks": 12, "embeddings": 8, "repeats": 8, "reads": 256, "strength_index": 1}
  task                            pool channel               within   between   ratio gain 1 blk gain 4 blk
  zephyr2-fill50-a3.0-18             8 solve probability     0.0046    0.0043    0.87    0.0058    0.0037
  zephyr2-fill50-a3.0-18             8 residual              0.0055    0.0119    4.68    0.0115    0.0110
{"task": "zephyr2-fill50-a3.0-18", "pool": 8, "qubits": [82, 86, 77, 79, 77, 79, 76, 82], "solve probability": {"within_std": 0.004595331777901954, "between_std_true": 0.004280674105068711, "ratio": 0.867741935483871, "gain_one_block": 0.005789620535714286, "gain_four_blocks": 0.003662109375, "oracle_gain": 0.009137834821428572}, "residual": {"within_std": 0.005502291722237915, "between_std_true": 0.011908647979244279, "ratio": 4.684224388062242, "gain_one_block": 0.01148298770450916, "gain_four_blocks": 0.010990760845844938, "oracle_gain": 0.01148298770450916}}
  zephyr2-fill50-a3.0-20             8 solve probability     0.0296    0.1130   14.63    0.1401    0.1664
  zephyr2-fill50-a3.0-20             8 residual              0.0061    0.0400   43.68    0.0598    0.0669
{"task": "zephyr2-fill50-a3.0-20", "pool": 8, "qubits": [78, 86, 72, 77, 77, 82, 74, 81], "solve probability": {"within_std": 0.029557296788139373, "between_std_true": 0.11304886005627321, "ratio": 14.628606237816761, "gain_one_block": 0.1400669642857143, "gain_four_blocks": 0.1663818359375, "oracle_gain": 0.16238839285714285}, "residual": {"within_std": 0.006052591979152481, "between_std_true": 0.04000227008357347, "ratio": 43.680387205173695, "gain_one_block": 0.059794739906832366, "gain_four_blocks": 0.06694777931218823, "oracle_gain": 0.06560976638071486}}
  zephyr2-fill50-a3.0-0              8 solve probability     0.0108    0.0118    1.19    0.0108    0.0137
  zephyr2-fill50-a3.0-0              8 residual              0.0043    0.0133    9.60    0.0223    0.0203
{"task": "zephyr2-fill50-a3.0-0", "pool": 8, "qubits": [75, 83, 81, 87, 73, 76, 85, 94], "solve probability": {"within_std": 0.010791220783238846, "between_std_true": 0.011764437307770272, "ratio": 1.188505410938871, "gain_one_block": 0.010811941964285712, "gain_four_blocks": 0.013671875, "oracle_gain": 0.013602120535714288}, "residual": {"within_std": 0.004279637214215342, "between_std_true": 0.01326135101899301, "ratio": 9.60199843195133, "gain_one_block": 0.022346506460401344, "gain_four_blocks": 0.020327472974886657, "oracle_gain": 0.022346506460401344}}
  zephyr2-fill50-a3.0-35             8 solve probability     0.0019    0.0008    0.18   -0.0003    0.0027
  zephyr2-fill50-a3.0-35             8 residual              0.0042    0.0371   77.58    0.0374    0.0389
{"task": "zephyr2-fill50-a3.0-35", "pool": 8, "qubits": [102, 108, 103, 110, 95, 98, 102, 110], "solve probability": {"within_std": 0.0018547343471412292, "between_std_true": 0.0007884106135224132, "ratio": 0.18069306930693071, "gain_one_block": -0.0003487723214285715, "gain_four_blocks": 0.002685546875, "oracle_gain": 0.0018833705357142857}, "residual": {"within_std": 0.004215855178098563, "between_std_true": 0.03713325284961398, "ratio": 77.58086584239705, "gain_one_block": 0.03741455662137602, "gain_four_blocks": 0.03888360526205639, "oracle_gain": 0.03845363182949013}}
  zephyr2-fill50-a3.0-33             8 solve probability     0.0159    0.0482    9.17    0.0490    0.0557
  zephyr2-fill50-a3.0-33             8 residual              0.0053    0.0396   56.51    0.0435    0.0429
{"task": "zephyr2-fill50-a3.0-33", "pool": 8, "qubits": [70, 73, 70, 75, 71, 75, 73, 82], "solve probability": {"within_std": 0.015902641064701448, "between_std_true": 0.0481530304986559, "ratio": 9.168720538720537, "gain_one_block": 0.04903738839285714, "gain_four_blocks": 0.0556640625, "oracle_gain": 0.04903738839285714}, "residual": {"within_std": 0.005262395456079226, "between_std_true": 0.039559268376758425, "ratio": 56.51055072251786, "gain_one_block": 0.04349103106749772, "gain_four_blocks": 0.04291577609080186, "oracle_gain": 0.04349103106749772}}
  zephyr2-fill50-a3.0-7              8 solve probability     0.0081    0.0050    0.38    0.0053    0.0024
  zephyr2-fill50-a3.0-7              8 residual              0.0048    0.0213   20.05    0.0253    0.0234
{"task": "zephyr2-fill50-a3.0-7", "pool": 8, "qubits": [77, 80, 77, 79, 70, 73, 73, 77], "solve probability": {"within_std": 0.008132903897266728, "between_std_true": 0.005029703195271715, "ratio": 0.3824665293511843, "gain_one_block": 0.005301339285714284, "gain_four_blocks": 0.00244140625, "oracle_gain": 0.009207589285714284}, "residual": {"within_std": 0.0047616940166382024, "between_std_true": 0.021321817805351535, "ratio": 20.050512922553427, "gain_one_block": 0.025310294475541548, "gain_four_blocks": 0.023444570512138038, "oracle_gain": 0.025310294475541548}}
  zephyr2-fill50-a3.0-39             8 solve probability     0.0063    0.0048    0.59    0.0080    0.0070
  zephyr2-fill50-a3.0-39             8 residual              0.0031    0.0126   16.49    0.0125    0.0167
{"task": "zephyr2-fill50-a3.0-39", "pool": 8, "qubits": [96, 102, 96, 103, 91, 97, 88, 95], "solve probability": {"within_std": 0.006299179591177164, "between_std_true": 0.004834618464905659, "ratio": 0.5890557939914162, "gain_one_block": 0.008021763392857144, "gain_four_blocks": 0.0069580078125, "oracle_gain": 0.009137834821428572}, "residual": {"within_std": 0.003094991277003016, "between_std_true": 0.012568593039770799, "ratio": 16.491283972094458, "gain_one_block": 0.012455609950509205, "gain_four_blocks": 0.016742093812458392, "oracle_gain": 0.016549606809745918}}
  zephyr2-fill50-a3.0-2              8 solve probability     0.0015    0.0006    0.14    0.0010    0.0011
  zephyr2-fill50-a3.0-2              8 residual              0.0041    0.0471  131.97    0.0508    0.0494
{"task": "zephyr2-fill50-a3.0-2", "pool": 8, "qubits": [85, 89, 95, 97, 89, 92, 88, 95], "solve probability": {"within_std": 0.0014993153780834734, "between_std_true": 0.0005612959312022559, "ratio": 0.1401515151515152, "gain_one_block": 0.0009765625, "gain_four_blocks": 0.0010986328125, "oracle_gain": 0.0015345982142857143}, "residual": {"within_std": 0.00409843129007696, "between_std_true": 0.047081438332024904, "ratio": 131.96663016255152, "gain_one_block": 0.050761536781832414, "gain_four_blocks": 0.04943549114724874, "oracle_gain": 0.050761536781832414}}
  zephyr2-fill50-a3.0-1              8 solve probability     0.0128    0.0441   11.90    0.0843    0.0820
  zephyr2-fill50-a3.0-1              8 residual              0.0031    0.0186   35.95    0.0342    0.0331
{"task": "zephyr2-fill50-a3.0-1", "pool": 8, "qubits": [96, 102, 87, 95, 84, 92, 86, 90], "solve probability": {"within_std": 0.012775544892235587, "between_std_true": 0.044075521691955485, "ratio": 11.902441569282137, "gain_one_block": 0.08426339285714286, "gain_four_blocks": 0.08203125, "oracle_gain": 0.08426339285714286}, "residual": {"within_std": 0.003104776684446924, "between_std_true": 0.0186155315119692, "ratio": 35.9492757006075, "gain_one_block": 0.03416219555482742, "gain_four_blocks": 0.0331398126911315, "oracle_gain": 0.03416219555482742}}
  zephyr2-fill50-a3.0-11             8 solve probability     0.0117    0.0011    0.01   -0.0008   -0.0057
  zephyr2-fill50-a3.0-11             8 residual              0.0037    0.0188   25.54    0.0240    0.0266
{"task": "zephyr2-fill50-a3.0-11", "pool": 8, "qubits": [80, 82, 78, 85, 78, 87, 79, 87], "solve probability": {"within_std": 0.011695475399070697, "between_std_true": 0.0011301514889801643, "ratio": 0.00933764940239042, "gain_one_block": -0.0008370535714285685, "gain_four_blocks": -0.0057373046875, "oracle_gain": 0.007533482142857144}, "residual": {"within_std": 0.0037209786364565873, "between_std_true": 0.018803428294034863, "ratio": 25.53640299392963, "gain_one_block": 0.023959896138270896, "gain_four_blocks": 0.026634007855191245, "oracle_gain": 0.026660118132806394}}
  zephyr2-fill50-a3.0-10             8 solve probability     0.0009    0.0002    0.03   -0.0003   -0.0005
  zephyr2-fill50-a3.0-10             8 residual              0.0043    0.0370   74.94    0.0449    0.0447
{"task": "zephyr2-fill50-a3.0-10", "pool": 8, "qubits": [93, 100, 87, 92, 88, 93, 80, 82], "solve probability": {"within_std": 0.0009410391715424136, "between_std_true": 0.0001598275563251897, "ratio": 0.028846153846153834, "gain_one_block": -0.00027901785714285713, "gain_four_blocks": -0.00048828125, "oracle_gain": 0.0008370535714285714}, "residual": {"within_std": 0.004271577984641842, "between_std_true": 0.036977492230800275, "ratio": 74.93733253762144, "gain_one_block": 0.04494043401090596, "gain_four_blocks": 0.04465356020880576, "oracle_gain": 0.04737841317082385}}
  zephyr2-fill50-a3.0-6              8 solve probability     0.0077    0.0097    1.59    0.0082    0.0157
  zephyr2-fill50-a3.0-6              8 residual              0.0039    0.0268   46.18    0.0303    0.0288
{"task": "zephyr2-fill50-a3.0-6", "pool": 8, "qubits": [78, 80, 75, 83, 83, 86, 77, 79], "solve probability": {"within_std": 0.007727019099655063, "between_std_true": 0.009749480935836573, "ratio": 1.5919851682829436, "gain_one_block": 0.008231026785714288, "gain_four_blocks": 0.0157470703125, "oracle_gain": 0.015485491071428572}, "residual": {"within_std": 0.003949869327402305, "between_std_true": 0.026842771100007348, "ratio": 46.1837548888605, "gain_one_block": 0.03033224213558977, "gain_four_blocks": 0.02880823889444044, "oracle_gain": 0.03033224213558977}}
{"summary": "reward_channel", "tasks": 12, "solve probability": {"median_ratio": 0.7283988647376436, "median_gain_one_block": 0.006905691964285715, "median_gain_four_blocks": 0.00531005859375, "mean_gain_one_block": 0.02591959635416667, "usable": false}, "residual": {"median_ratio": 39.8148314528906, "median_gain_one_block": 0.03224721884520859, "median_gain_four_blocks": 0.030974025792785968, "mean_gain_one_block": 0.03303766923400781, "usable": true}}
REWARD CHANNEL DONE
