{"probe": "reward_channel", "corpus": "runs/quality/pegasus3_f50", "cells": ["fill50-a3.0"], "tasks": 12, "embeddings": 8, "repeats": 8, "reads": 256, "strength_index": 1}
  task                            pool channel               within   between   ratio gain 1 blk gain 4 blk
  pegasus3-fill50-a3.0-18            8 solve probability     0.0093    0.0099    1.15    0.0107    0.0082
  pegasus3-fill50-a3.0-18            8 residual              0.0060    0.0365   37.31    0.0436    0.0411
{"task": "pegasus3-fill50-a3.0-18", "pool": 8, "qubits": [52, 56, 53, 55, 52, 54, 57, 61], "solve probability": {"within_std": 0.009264485332524549, "between_std_true": 0.009940194723399055, "ratio": 1.1511904761904763, "gain_one_block": 0.010672433035714288, "gain_four_blocks": 0.0081787109375, "oracle_gain": 0.014020647321428572}, "residual": {"within_std": 0.0059798082887559615, "between_std_true": 0.03652527335420727, "ratio": 37.30889857359646, "gain_one_block": 0.043628742030284884, "gain_four_blocks": 0.041146378138075285, "oracle_gain": 0.04500164998007569}}
  pegasus3-fill50-a3.0-20            8 solve probability     0.0059    0.0061    1.07    0.0017    0.0076
  pegasus3-fill50-a3.0-20            8 residual              0.0047    0.0329   48.64    0.0517    0.0527
{"task": "pegasus3-fill50-a3.0-20", "pool": 8, "qubits": [68, 76, 70, 73, 68, 76, 74, 78], "solve probability": {"within_std": 0.005925845992089122, "between_std_true": 0.0061320482633470735, "ratio": 1.0708050436469447, "gain_one_block": 0.0017438616071428562, "gain_four_blocks": 0.007568359375, "oracle_gain": 0.01011439732142857}, "residual": {"within_std": 0.004718674337423817, "between_std_true": 0.0329091753838041, "ratio": 48.640047440843894, "gain_one_block": 0.051689821662099886, "gain_four_blocks": 0.05269648744006103, "oracle_gain": 0.051689821662099886}}
  pegasus3-fill50-a3.0-0             8 solve probability     0.0147    0.0335    5.17    0.0451    0.0355
  pegasus3-fill50-a3.0-0             8 residual              0.0058    0.0206   12.62    0.0272    0.0281
{"task": "pegasus3-fill50-a3.0-0", "pool": 8, "qubits": [64, 72, 63, 72, 65, 73, 68, 77], "solve probability": {"within_std": 0.014746925236727807, "between_std_true": 0.03352863172441769, "ratio": 5.169263899765075, "gain_one_block": 0.04506138392857144, "gain_four_blocks": 0.0355224609375, "oracle_gain": 0.04506138392857144}, "residual": {"within_std": 0.005806584995000707, "between_std_true": 0.02063067376888166, "ratio": 12.62365881980908, "gain_one_block": 0.02718026297433042, "gain_four_blocks": 0.028089735243055636, "oracle_gain": 0.02810450962611616}}
  pegasus3-fill50-a3.0-35            8 solve probability     0.0119    0.0190    2.54    0.0186    0.0197
  pegasus3-fill50-a3.0-35            8 residual              0.0060    0.0300   25.35    0.0532    0.0532
{"task": "pegasus3-fill50-a3.0-35", "pool": 8, "qubits": [65, 71, 63, 69, 60, 67, 59, 68], "solve probability": {"within_std": 0.011903308598047734, "between_std_true": 0.018965006102641103, "ratio": 2.5384615384615388, "gain_one_block": 0.018624441964285716, "gain_four_blocks": 0.0196533203125, "oracle_gain": 0.020298549107142853}, "residual": {"within_std": 0.00595551400058615, "between_std_true": 0.029986223109951603, "ratio": 25.35158028177859, "gain_one_block": 0.05316065912243098, "gain_four_blocks": 0.05320627965026474, "oracle_gain": 0.05316065912243098}}
  pegasus3-fill50-a3.0-33            8 solve probability     0.0161    0.0258    2.56    0.0324    0.0416
  pegasus3-fill50-a3.0-33            8 residual              0.0028    0.0152   29.13    0.0168    0.0161
{"task": "pegasus3-fill50-a3.0-33", "pool": 8, "qubits": [58, 61, 53, 58, 54, 58, 55, 62], "solve probability": {"within_std": 0.016107995954076006, "between_std_true": 0.025764314447798104, "ratio": 2.5583158309267526, "gain_one_block": 0.032366071428571425, "gain_four_blocks": 0.0416259765625, "oracle_gain": 0.032366071428571425}, "residual": {"within_std": 0.002810919523733384, "between_std_true": 0.015172093327063096, "ratio": 29.133602271286776, "gain_one_block": 0.01684991041230479, "gain_four_blocks": 0.016100620067643803, "oracle_gain": 0.01704871456756326}}
  pegasus3-fill50-a3.0-7             8 solve probability     0.0223    0.0170    0.58    0.0432    0.0632
  pegasus3-fill50-a3.0-7             8 residual              0.0039    0.0105    7.32    0.0161    0.0147
{"task": "pegasus3-fill50-a3.0-7", "pool": 8, "qubits": [67, 70, 71, 73, 68, 71, 63, 67], "solve probability": {"within_std": 0.022293509325265824, "between_std_true": 0.01702494853423854, "ratio": 0.5831962719298246, "gain_one_block": 0.04324776785714285, "gain_four_blocks": 0.063232421875, "oracle_gain": 0.04324776785714285}, "residual": {"within_std": 0.0038802603474944954, "between_std_true": 0.010496351712285253, "ratio": 7.317370038959916, "gain_one_block": 0.01612190033610429, "gain_four_blocks": 0.014684918283045995, "oracle_gain": 0.01612190033610429}}
  pegasus3-fill50-a3.0-39            8 solve probability     0.0130    0.0222    2.94    0.0188    0.0104
  pegasus3-fill50-a3.0-39            8 residual              0.0044    0.0197   19.97    0.0299    0.0291
{"task": "pegasus3-fill50-a3.0-39", "pool": 8, "qubits": [74, 80, 64, 71, 65, 68, 75, 78], "solve probability": {"within_std": 0.012960822461385621, "between_std_true": 0.022240738118185582, "ratio": 2.9446472019464722, "gain_one_block": 0.018763950892857144, "gain_four_blocks": 0.0103759765625, "oracle_gain": 0.024344308035714288}, "residual": {"within_std": 0.004401692114625772, "between_std_true": 0.019671710339412812, "ratio": 19.973074341690285, "gain_one_block": 0.029949895516717312, "gain_four_blocks": 0.02913471684204441, "oracle_gain": 0.029949895516717312}}
  pegasus3-fill50-a3.0-2             8 solve probability     0.0126    0.0295    5.44    0.0569    0.0576
  pegasus3-fill50-a3.0-2             8 residual              0.0054    0.0183   11.51    0.0389    0.0394
{"task": "pegasus3-fill50-a3.0-2", "pool": 8, "qubits": [61, 65, 70, 75, 63, 70, 68, 72], "solve probability": {"within_std": 0.01263480386104206, "between_std_true": 0.02946381011182708, "ratio": 5.438020055472583, "gain_one_block": 0.056919642857142856, "gain_four_blocks": 0.0576171875, "oracle_gain": 0.056919642857142856}, "residual": {"within_std": 0.0053830806153837675, "between_std_true": 0.0182650507517416, "ratio": 11.512774523402323, "gain_one_block": 0.03887687969924812, "gain_four_blocks": 0.0394423314144737, "oracle_gain": 0.03887687969924812}}
  pegasus3-fill50-a3.0-1             8 solve probability     0.0164    0.0422    6.61    0.0721    0.0698
  pegasus3-fill50-a3.0-1             8 residual              0.0050    0.0213   18.13    0.0189    0.0172
{"task": "pegasus3-fill50-a3.0-1", "pool": 8, "qubits": [64, 70, 65, 73, 66, 74, 68, 70], "solve probability": {"within_std": 0.016402388137634286, "between_std_true": 0.042174895487567095, "ratio": 6.611406507152805, "gain_one_block": 0.07205636160714285, "gain_four_blocks": 0.06982421875, "oracle_gain": 0.07205636160714285}, "residual": {"within_std": 0.0050032796388588515, "between_std_true": 0.02130555612301595, "ratio": 18.13327283226993, "gain_one_block": 0.018868657272866254, "gain_four_blocks": 0.01720381089400423, "oracle_gain": 0.019721842497705658}}
  pegasus3-fill50-a3.0-11            8 solve probability     0.0237    0.0553    5.45    0.0679    0.0526
  pegasus3-fill50-a3.0-11            8 residual              0.0048    0.0216   20.50    0.0272    0.0282
{"task": "pegasus3-fill50-a3.0-11", "pool": 8, "qubits": [68, 70, 63, 70, 65, 69, 64, 68], "solve probability": {"within_std": 0.023677505334363604, "between_std_true": 0.0552716874486329, "ratio": 5.449210206561361, "gain_one_block": 0.06787109375000003, "gain_four_blocks": 0.0526123046875, "oracle_gain": 0.0784737723214286}, "residual": {"within_std": 0.004772799213616029, "between_std_true": 0.02160725566229924, "ratio": 20.495234529057356, "gain_one_block": 0.02724888876843016, "gain_four_blocks": 0.02815176441890717, "oracle_gain": 0.02724888876843016}}
  pegasus3-fill50-a3.0-10            8 solve probability     0.0168    0.0173    1.06    0.0181    0.0046
  pegasus3-fill50-a3.0-10            8 residual              0.0036    0.0097    7.47    0.0147    0.0139
{"task": "pegasus3-fill50-a3.0-10", "pool": 8, "qubits": [56, 63, 63, 68, 63, 71, 68, 77], "solve probability": {"within_std": 0.01679837546506228, "between_std_true": 0.017308913584880885, "ratio": 1.061707905853953, "gain_one_block": 0.018136160714285712, "gain_four_blocks": 0.004638671875, "oracle_gain": 0.019252232142857137}, "residual": {"within_std": 0.003559145884566316, "between_std_true": 0.00972978393611688, "ratio": 7.473341247621414, "gain_one_block": 0.01471917839105337, "gain_four_blocks": 0.013891848169191909, "oracle_gain": 0.01471917839105337}}
  pegasus3-fill50-a3.0-6             8 solve probability     0.0220    0.0850   14.91    0.1064    0.1074
  pegasus3-fill50-a3.0-6             8 residual              0.0041    0.0168   16.99    0.0217    0.0225
{"task": "pegasus3-fill50-a3.0-6", "pool": 8, "qubits": [53, 55, 57, 65, 54, 57, 52, 57], "solve probability": {"within_std": 0.022017563237277316, "between_std_true": 0.0850224014222905, "ratio": 14.911736808824562, "gain_one_block": 0.10637555803571425, "gain_four_blocks": 0.107421875, "oracle_gain": 0.10637555803571425}, "residual": {"within_std": 0.004065870299830536, "between_std_true": 0.016758357000710697, "ratio": 16.988531292903325, "gain_one_block": 0.021694007464096766, "gain_four_blocks": 0.022467137896825418, "oracle_gain": 0.021694007464096766}}
{"summary": "reward_channel", "tasks": 12, "solve probability": {"median_ratio": 2.7514815164366127, "median_gain_one_block": 0.03780691964285714, "median_gain_four_blocks": 0.03857421875, "mean_gain_one_block": 0.040986560639880945, "usable": true}, "residual": {"median_ratio": 19.053173586980108, "median_gain_one_block": 0.02721457587138029, "median_gain_four_blocks": 0.028120749830981402, "mean_gain_one_block": 0.0299990669708306, "usable": true}}
REWARD CHANNEL DONE
