{"cache": "runs/large/pegasus6_registered.pkl", "key": ["runs/large/pegasus6/corpus", 2000, 360, 2, 8, 256, 0], "device": "cuda", "width": 64}
  training lineages: 3298 states compiled, 0 candidates dropped, 0 without native coordinates, 18s
  held-out lineages: 696 states compiled, 0 candidates dropped, 0 without native coordinates, 5s
  scorer parameters 123905
  step   1  nll 0.71476  rank 1.73947  train regret 0.1187  grad 666.847  inner -
  step  51  nll 0.64031  rank 1.69273  train regret 0.0894  grad 1136.050  inner -
  step 101  nll 0.64603  rank 1.68204  train regret 0.0866  grad 3814.190  inner -
  step 151  nll 0.64339  rank 1.66191  train regret 0.0785  grad 3996.278  inner -
  step 201  nll 0.63481  rank 1.63348  train regret 0.0725  grad 3250.826  inner -
  step 251  nll 0.63165  rank 1.60432  train regret 0.0672  grad 5493.830  inner -
  step 301  nll 0.63809  rank 1.56720  train regret 0.0569  grad 11788.189  inner -
  step 351  nll 0.62625  rank 1.52484  train regret 0.0510  grad 4705.759  inner -
  step 400  nll 0.62354  rank 1.48308  train regret 0.0415  grad 9124.177  inner -

== TRAINING states, fitted on, 696 states, every pick re-measured on 512 independent reads
  picking by oracle     0.5106  over 696 states
  picking by head       0.4771  over 696 states
  picking by random     0.3943  over 696 states
  picking by resource   0.4140  over 696 states
  picking by incumbent  0.3970  over 696 states
  head minus random                    n 696 states in 354 lineages  +0.0822 [+0.0700, +0.0941]  (paired by lineage)
  head minus the protected incumbent   n 696 states in 354 lineages  +0.0805 [+0.0664, +0.0945]  (paired by lineage)
  oracle minus random, the ceiling     n 696 states in 354 lineages  +0.1157 [+0.1045, +0.1267]  (paired by lineage)
  head minus oracle, left on the table n 696 states in 354 lineages  -0.0335 [-0.0400, -0.0277]  (paired by lineage)
  median within-state rank correlation +0.405

== HELD-OUT lineages, never trained on, 696 states, every pick re-measured on 512 independent reads
  picking by oracle     0.4807  over 696 states
  picking by head       0.4013  over 696 states
  picking by random     0.3794  over 696 states
  picking by resource   0.3968  over 696 states
  picking by incumbent  0.3836  over 696 states
  head minus random                    n 696 states in 360 lineages  +0.0205 [+0.0094, +0.0318]  (paired by lineage)
  head minus the protected incumbent   n 696 states in 360 lineages  +0.0162 [+0.0054, +0.0276]  (paired by lineage)
  oracle minus random, the ceiling     n 696 states in 360 lineages  +0.1001 [+0.0890, +0.1114]  (paired by lineage)
  head minus oracle, left on the table n 696 states in 360 lineages  -0.0797 [-0.0900, -0.0697]  (paired by lineage)
  median within-state rank correlation +0.167

SUCCESSOR SCORER DONE
