{"lineages": 60, "split": "test", "ladder": [2, 4, 8, 12, 16, 24, 40], "rounds": [1, 2], "draws": 8, "reads": 128, "assess_reads": 512}
  attempted 40 draws per lineage in 407.0s (0.170s each), 0 attempts returned nothing

== noise control: the same unchanged embedding, assessed five times
  range over five assessments of one fixed embedding: mean 0.0303, max 0.0762 over 12 lineages
  a difference smaller than this is inside what the instrument can invent

== minorminer, selected on 128-read blocks, assessed on 512 fresh reads
  minorminer best-of-2                         solved 60/60  assessed 0.5542  with failures as zero 0.5542  2 blocks  20.3s
  minorminer best-of-4                         solved 60/60  assessed 0.6455  with failures as zero 0.6455  4 blocks  40.7s
  minorminer best-of-8                         solved 60/60  assessed 0.7073  with failures as zero 0.7073  8 blocks  81.4s
  minorminer best-of-12                        solved 60/60  assessed 0.7355  with failures as zero 0.7355  12 blocks  122.1s
  minorminer best-of-16                        solved 60/60  assessed 0.7372  with failures as zero 0.7372  16 blocks  162.8s
  minorminer best-of-24                        solved 60/60  assessed 0.7453  with failures as zero 0.7453  24 blocks  244.2s
  minorminer best-of-40                        solved 60/60  assessed 0.7668  with failures as zero 0.7668  40 blocks  407.0s

== the same draws, selected by qubit count, assessed the same way
  resource-picked best-of-2                    solved 60/60  assessed 0.4827  with failures as zero 0.4827  0 blocks  20.3s   (0 evaluator blocks; the draws still cost time)
  resource-picked best-of-4                    solved 60/60  assessed 0.4910  with failures as zero 0.4910  0 blocks  40.7s   (0 evaluator blocks; the draws still cost time)
  resource-picked best-of-8                    solved 60/60  assessed 0.5095  with failures as zero 0.5095  0 blocks  81.4s   (0 evaluator blocks; the draws still cost time)
  resource-picked best-of-12                   solved 60/60  assessed 0.5006  with failures as zero 0.5006  0 blocks  122.1s   (0 evaluator blocks; the draws still cost time)
  resource-picked best-of-16                   solved 60/60  assessed 0.4874  with failures as zero 0.4874  0 blocks  162.8s   (0 evaluator blocks; the draws still cost time)
  resource-picked best-of-24                   solved 60/60  assessed 0.5107  with failures as zero 0.5107  0 blocks  244.2s   (0 evaluator blocks; the draws still cost time)
  resource-picked best-of-40                   solved 60/60  assessed 0.5104  with failures as zero 0.5104  0 blocks  407.0s   (0 evaluator blocks; the draws still cost time)

== objective selection against resource selection, identical draws, fresh assessment
  best-of-2: objective minus resource                  n  60  +0.0714 [+0.0403, +0.1069]  (objective spends 2 blocks to choose, resource spends none)
  best-of-4: objective minus resource                  n  60  +0.1546 [+0.1099, +0.2020]  (objective spends 4 blocks to choose, resource spends none)
  best-of-8: objective minus resource                  n  60  +0.1978 [+0.1497, +0.2468]  (objective spends 8 blocks to choose, resource spends none)
  best-of-12: objective minus resource                 n  60  +0.2350 [+0.1834, +0.2907]  (objective spends 12 blocks to choose, resource spends none)
  best-of-16: objective minus resource                 n  60  +0.2498 [+0.1952, +0.3050]  (objective spends 16 blocks to choose, resource spends none)
  best-of-24: objective minus resource                 n  60  +0.2346 [+0.1801, +0.2909]  (objective spends 24 blocks to choose, resource spends none)
  best-of-40: objective minus resource                 n  60  +0.2564 [+0.2020, +0.3132]  (objective spends 40 blocks to choose, resource spends none)

== if-core applied to the best of 8 minorminer draws (runs/v3/seed0/frozen/if-core.pt), sampled at temperature one
  if-core: 1 rounds, final state only          solved 60/60  assessed 0.6455  with failures as zero 0.6455  9 blocks  182.9s   (assessment excluded; with it 194.4s)
  if-core: 1 rounds, keep the better of the two solved 60/60  assessed 0.7267  with failures as zero 0.7267  10 blocks  182.9s
  1 rounds, final state, against its own starting point n  60  -0.0618 [-0.1124, -0.0134]  (the best draw, assessed before and after)
  1 rounds, keep better, against minorminer best-of-8  n  60  +0.0194 [+0.0028, +0.0409]  (10 blocks vs 8 blocks)
  if-core: 2 rounds, final state only          solved 60/60  assessed 0.6102  with failures as zero 0.6102  10 blocks  285.5s   (assessment excluded; with it 297.2s)
  if-core: 2 rounds, keep the better of the two solved 60/60  assessed 0.7311  with failures as zero 0.7311  11 blocks  285.5s
  2 rounds, final state, against its own starting point n  60  -0.0970 [-0.1514, -0.0439]  (the best draw, assessed before and after)
  2 rounds, keep better, against minorminer best-of-12 n  60  -0.0045 [-0.0367, +0.0235]  (11 blocks vs 12 blocks)

== if-dual applied to the best of 8 minorminer draws (runs/v3/seed0/frozen/if-dual.pt), sampled at temperature one
  if-dual: 1 rounds, final state only          solved 60/60  assessed 0.6965  with failures as zero 0.6965  9 blocks  164.3s   (assessment excluded; with it 177.2s)
  if-dual: 1 rounds, keep the better of the two solved 60/60  assessed 0.7348  with failures as zero 0.7348  10 blocks  164.3s
  1 rounds, final state, against its own starting point n  60  -0.0108 [-0.0502, +0.0267]  (the best draw, assessed before and after)
  1 rounds, keep better, against minorminer best-of-8  n  60  +0.0275 [+0.0076, +0.0534]  (10 blocks vs 8 blocks)
  if-dual: 2 rounds, final state only          solved 60/60  assessed 0.6622  with failures as zero 0.6622  10 blocks  249.9s   (assessment excluded; with it 262.4s)
  if-dual: 2 rounds, keep the better of the two solved 60/60  assessed 0.7432  with failures as zero 0.7432  11 blocks  249.9s
  2 rounds, final state, against its own starting point n  60  -0.0450 [-0.0984, +0.0064]  (the best draw, assessed before and after)
  2 rounds, keep better, against minorminer best-of-12 n  60  +0.0076 [-0.0278, +0.0405]  (11 blocks vs 12 blocks)

== if-mlp applied to the best of 8 minorminer draws (runs/v3/seed0/frozen/if-mlp.pt), sampled at temperature one
  if-mlp: 1 rounds, final state only           solved 60/60  assessed 0.6475  with failures as zero 0.6475  9 blocks  149.3s   (assessment excluded; with it 161.6s)
  if-mlp: 1 rounds, keep the better of the two solved 60/60  assessed 0.7109  with failures as zero 0.7109  10 blocks  149.3s
  1 rounds, final state, against its own starting point n  60  -0.0597 [-0.1034, -0.0231]  (the best draw, assessed before and after)
  1 rounds, keep better, against minorminer best-of-8  n  60  +0.0036 [-0.0007, +0.0097]  (10 blocks vs 8 blocks)
  if-mlp: 2 rounds, final state only           solved 60/60  assessed 0.6217  with failures as zero 0.6217  10 blocks  211.0s   (assessment excluded; with it 225.5s)
  if-mlp: 2 rounds, keep the better of the two solved 60/60  assessed 0.7234  with failures as zero 0.7234  11 blocks  211.0s
  2 rounds, final state, against its own starting point n  60  -0.0856 [-0.1362, -0.0395]  (the best draw, assessed before and after)
  2 rounds, keep better, against minorminer best-of-12 n  60  -0.0121 [-0.0412, +0.0109]  (11 blocks vs 12 blocks)

FRONTIER2 DONE
