{"corpus": "runs/v1/corpus", "split": "test", "lineages": 90, "k": 8, "initializer": "minorminer"}

== references, every arm on the same initializer
  initializer, returned unchanged    registered 0.4941   assessed 0.4958   returned 90/90
  random controller, one episode     registered 0.4962   assessed 0.4985   returned 90/90
  random controller, best-of-8       registered 0.7221   assessed 0.7055   returned 90/90

== if-core (runs/v3/seed0/frozen/if-core.pt)
  mode, one episode                  registered 0.5175   assessed 0.5197   returned 90/90
  sampled, one episode               registered 0.5130   assessed 0.5118   returned 90/90
  sampled, best-of-8                 registered 0.7378   assessed 0.7251   returned 90/90
  best-of-8 against the initializer              n  90  +0.2437 [+0.2025, +0.2871]  (registered)
  best-of-8 against RANDOM best-of-8             n  90  +0.0157 [-0.0093, +0.0420]  (registered, the bar amendment 8 fixed)
  best-of-8 against RANDOM best-of-8             n  90  +0.0196 [-0.0080, +0.0478]  (assessed on independent reads)

== if-dual (runs/v3/seed0/frozen/if-dual.pt)
  mode, one episode                  registered 0.5482   assessed 0.5453   returned 90/90
  sampled, one episode               registered 0.5505   assessed 0.5449   returned 90/90
  sampled, best-of-8                 registered 0.7484   assessed 0.7363   returned 90/90
  best-of-8 against the initializer              n  90  +0.2543 [+0.2101, +0.3019]  (registered)
  best-of-8 against RANDOM best-of-8             n  90  +0.0262 [-0.0041, +0.0563]  (registered, the bar amendment 8 fixed)
  best-of-8 against RANDOM best-of-8             n  90  +0.0308 [-0.0013, +0.0622]  (assessed on independent reads)

== if-mlp (runs/v3/seed0/frozen/if-mlp.pt)
  mode, one episode                  registered 0.5191   assessed 0.5228   returned 90/90
  sampled, one episode               registered 0.5218   assessed 0.5211   returned 90/90
  sampled, best-of-8                 registered 0.7356   assessed 0.7260   returned 90/90
  best-of-8 against the initializer              n  90  +0.2415 [+0.1971, +0.2872]  (registered)
  best-of-8 against RANDOM best-of-8             n  90  +0.0135 [-0.0167, +0.0442]  (registered, the bar amendment 8 fixed)
  best-of-8 against RANDOM best-of-8             n  90  +0.0204 [-0.0123, +0.0535]  (assessed on independent reads)

REGISTERED BAR DONE
