{"corpus": "runs/small/pegasus3/corpus", "instances": 120, "deadline": 60.0, "tries": 10}
    1/120 pegasus3-fill70-a3.0-0     none valid    0s | half valid    0s | quarter valid    0s | noisy valid    0s
    2/120 pegasus3-fill70-a3.0-1     none valid    0s | half valid    0s | quarter valid    0s | noisy valid    0s
    3/120 pegasus3-fill70-a3.0-2     none valid    2s | half valid    0s | quarter valid    1s | noisy valid    0s
    4/120 pegasus3-fill70-a3.0-3     none valid    0s | half valid    0s | quarter valid    0s | noisy valid    0s
    5/120 pegasus3-fill70-a3.0-4     none valid    0s | half valid    0s | quarter valid    0s | noisy valid    0s
    6/120 pegasus3-fill70-a3.0-5     none valid    0s | half valid    0s | quarter valid    0s | noisy valid    0s
    7/120 pegasus3-fill70-a3.0-6     none valid    4s | half valid    0s | quarter valid    0s | noisy valid    2s
    8/120 pegasus3-fill70-a3.0-7     none valid    0s | half valid    0s | quarter valid    0s | noisy valid    0s
    9/120 pegasus3-fill70-a3.0-8     none valid    0s | half valid    0s | quarter valid    0s | noisy valid    0s
   10/120 pegasus3-fill70-a3.0-9     none valid   33s | half valid    0s | quarter valid    1s | noisy valid    1s
   11/120 pegasus3-fill70-a3.0-10    none valid    0s | half valid    0s | quarter valid    0s | noisy valid    0s
   12/120 pegasus3-fill70-a3.0-11    none valid    0s | half valid    0s | quarter valid    0s | noisy valid    0s
   13/120 pegasus3-fill70-a2.0-0     none valid    0s | half valid    0s | quarter valid    0s | noisy valid    0s
   14/120 pegasus3-fill70-a2.0-1     none valid    0s | half valid    0s | quarter valid    0s | noisy valid    0s
   15/120 pegasus3-fill70-a2.0-2     none valid    0s | half valid    0s | quarter valid    0s | noisy valid    0s
   16/120 pegasus3-fill70-a2.0-3     none valid    0s | half valid    0s | quarter valid    0s | noisy valid    0s
   17/120 pegasus3-fill70-a2.0-4     none valid    0s | half valid    0s | quarter valid    0s | noisy valid    0s
   18/120 pegasus3-fill70-a2.0-5     none valid    0s | half valid    0s | quarter valid    0s | noisy valid    0s
   19/120 pegasus3-fill70-a2.0-6     none valid    0s | half valid    0s | quarter valid    0s | noisy valid    0s
   20/120 pegasus3-fill70-a2.0-7     none valid    0s | half valid    0s | quarter valid    0s | noisy valid    0s
   21/120 pegasus3-fill70-a2.0-8     none valid    0s | half valid    0s | quarter valid    0s | noisy valid    0s
   22/120 pegasus3-fill70-a2.0-9     none valid    0s | half valid    0s | quarter valid    0s | noisy valid    0s
   23/120 pegasus3-fill70-a2.0-10    none valid    0s | half valid    0s | quarter valid    0s | noisy valid    0s
   24/120 pegasus3-fill70-a2.0-11    none valid    0s | half valid    0s | quarter valid    0s | noisy valid    0s
   25/120 pegasus3-fill80-a3.0-0     none no      60s | half valid    7s | quarter no      60s | noisy no      60s
   26/120 pegasus3-fill80-a3.0-1     none valid   29s | half valid    1s | quarter valid    2s | noisy valid    1s
   27/120 pegasus3-fill80-a3.0-2     none no      60s | half valid    1s | quarter valid   33s | noisy valid   41s
   28/120 pegasus3-fill80-a3.0-3     none no      60s | half valid    0s | quarter valid    1s | noisy no      61s
   29/120 pegasus3-fill80-a3.0-4     none no      60s | half valid    3s | quarter no      60s | noisy no      60s
   30/120 pegasus3-fill80-a3.0-5     none no      60s | half valid    0s | quarter valid    1s | noisy valid    9s
   31/120 pegasus3-fill80-a3.0-6     none no      60s | half valid    5s | quarter no      60s | noisy valid   48s
   32/120 pegasus3-fill80-a3.0-7     none no      60s | half valid    0s | quarter no      60s | noisy no      60s
   33/120 pegasus3-fill80-a3.0-8     none valid    0s | half valid    0s | quarter valid    2s | noisy valid    0s
   34/120 pegasus3-fill80-a3.0-9     none no      60s | half valid    0s | quarter no      60s | noisy no      60s
   35/120 pegasus3-fill80-a3.0-10    none no      60s | half valid    8s | quarter no      60s | noisy valid   54s
   36/120 pegasus3-fill80-a3.0-11    none valid    4s | half valid    0s | quarter valid    5s | noisy valid    0s
   37/120 pegasus3-fill80-a2.0-0     none valid    0s | half valid    0s | quarter valid    0s | noisy valid    0s
   38/120 pegasus3-fill80-a2.0-1     none valid    2s | half valid    0s | quarter valid    0s | noisy valid    0s
   39/120 pegasus3-fill80-a2.0-2     none valid    1s | half valid    0s | quarter valid    2s | noisy valid    0s
   40/120 pegasus3-fill80-a2.0-3     none valid    1s | half valid    0s | quarter valid    0s | noisy valid    2s
   41/120 pegasus3-fill80-a2.0-4     none valid    0s | half valid    0s | quarter valid    0s | noisy valid    0s
   42/120 pegasus3-fill80-a2.0-5     none valid   13s | half valid    2s | quarter valid    0s | noisy valid    1s
   43/120 pegasus3-fill80-a2.0-6     none valid    0s | half valid    0s | quarter valid    0s | noisy valid    0s
   44/120 pegasus3-fill80-a2.0-7     none valid    0s | half valid    0s | quarter valid    0s | noisy valid    0s
   45/120 pegasus3-fill80-a2.0-8     none no      61s | half valid    1s | quarter valid    8s | noisy valid   58s
   46/120 pegasus3-fill80-a2.0-9     none no      60s | half valid    3s | quarter valid   34s | noisy valid    4s
   47/120 pegasus3-fill80-a2.0-10    none valid    0s | half valid    0s | quarter valid    0s | noisy valid    0s
   48/120 pegasus3-fill80-a2.0-11    none valid    1s | half valid    0s | quarter valid    2s | noisy valid    0s
   49/120 pegasus3-fill85-a3.0-0     none no      60s | half valid    7s | quarter no      60s | noisy no      60s
   50/120 pegasus3-fill85-a3.0-1     none no      60s | half valid    8s | quarter no      60s | noisy no      60s
   51/120 pegasus3-fill85-a3.0-2     none no      60s | half valid    1s | quarter no      60s | noisy no      60s
   52/120 pegasus3-fill85-a3.0-3     none no      60s | half valid    6s | quarter valid   10s | noisy no      60s
   53/120 pegasus3-fill85-a3.0-4     none no      60s | half no      60s | quarter no      60s | noisy no      61s
   54/120 pegasus3-fill85-a3.0-5     none no      60s | half valid   11s | quarter no      60s | noisy no      61s
   55/120 pegasus3-fill85-a3.0-6     none no      60s | half valid   21s | quarter no      60s | noisy no      61s
   56/120 pegasus3-fill85-a3.0-7     none no      60s | half no      60s | quarter no      60s | noisy no      60s
   57/120 pegasus3-fill85-a3.0-8     none no      60s | half valid   39s | quarter no      60s | noisy no      60s
   58/120 pegasus3-fill85-a3.0-9     none no      60s | half no      60s | quarter no      60s | noisy no      60s
   59/120 pegasus3-fill85-a3.0-10    none no      60s | half no      60s | quarter no      60s | noisy no      61s
   60/120 pegasus3-fill85-a3.0-11    none no      60s | half valid    3s | quarter no      60s | noisy no      60s
   61/120 pegasus3-fill85-a2.0-0     none valid    0s | half valid    0s | quarter valid    0s | noisy valid    3s
   62/120 pegasus3-fill85-a2.0-1     none valid    0s | half valid    0s | quarter valid    2s | noisy valid    0s
   63/120 pegasus3-fill85-a2.0-2     none valid   15s | half valid   12s | quarter valid    2s | noisy valid    1s
   64/120 pegasus3-fill85-a2.0-3     none no      60s | half valid    0s | quarter valid   25s | noisy valid    2s
   65/120 pegasus3-fill85-a2.0-4     none valid    3s | half valid    0s | quarter valid    0s | noisy valid    1s
   66/120 pegasus3-fill85-a2.0-5     none valid    0s | half valid    0s | quarter valid    0s | noisy valid    0s
   67/120 pegasus3-fill85-a2.0-6     none valid    0s | half valid    0s | quarter valid    0s | noisy valid    0s
   68/120 pegasus3-fill85-a2.0-7     none valid    6s | half valid    0s | quarter valid    0s | noisy valid    1s
   69/120 pegasus3-fill85-a2.0-8     none valid    0s | half valid    0s | quarter valid    0s | noisy valid    0s
   70/120 pegasus3-fill85-a2.0-9     none valid    1s | half valid    0s | quarter valid    0s | noisy valid    0s
   71/120 pegasus3-fill85-a2.0-10    none valid    0s | half valid    0s | quarter valid    0s | noisy valid    0s
   72/120 pegasus3-fill85-a2.0-11    none valid    0s | half valid    0s | quarter valid    0s | noisy valid    0s
   73/120 pegasus3-fill90-a3.0-0     none no      60s | half no      60s | quarter no      60s | noisy no      60s
   74/120 pegasus3-fill90-a3.0-1     none no      60s | half no      60s | quarter no      60s | noisy no      60s
   75/120 pegasus3-fill90-a3.0-2     none no      60s | half no      60s | quarter no      60s | noisy no      60s
   76/120 pegasus3-fill90-a3.0-3     none no      61s | half no      60s | quarter no      60s | noisy no      60s
   77/120 pegasus3-fill90-a3.0-4     none no      60s | half valid    2s | quarter valid   55s | noisy no      60s
   78/120 pegasus3-fill90-a3.0-5     none no      60s | half valid   37s | quarter no      60s | noisy no      60s
   79/120 pegasus3-fill90-a3.0-6     none no      60s | half no      60s | quarter no      61s | noisy no      61s
   80/120 pegasus3-fill90-a3.0-7     none no      60s | half no      60s | quarter no      61s | noisy no      60s
   81/120 pegasus3-fill90-a3.0-8     none no      60s | half no      60s | quarter no      60s | noisy no      60s
   82/120 pegasus3-fill90-a3.0-9     none no      60s | half no      60s | quarter no      60s | noisy no      60s
   83/120 pegasus3-fill90-a3.0-10    none no      60s | half valid   46s | quarter no      60s | noisy no      60s
   84/120 pegasus3-fill90-a3.0-11    none no      60s | half no      60s | quarter no      60s | noisy no      60s
   85/120 pegasus3-fill90-a2.0-0     none no      60s | half no      60s | quarter no      60s | noisy no      60s
   86/120 pegasus3-fill90-a2.0-1     none no      60s | half valid   38s | quarter no      60s | noisy valid    3s
   87/120 pegasus3-fill90-a2.0-2     none no      60s | half no      60s | quarter no      60s | noisy valid   27s
   88/120 pegasus3-fill90-a2.0-3     none valid    1s | half valid    0s | quarter valid    0s | noisy valid    1s
   89/120 pegasus3-fill90-a2.0-4     none valid    0s | half valid    0s | quarter valid    0s | noisy valid    0s
   90/120 pegasus3-fill90-a2.0-5     none valid    0s | half valid    0s | quarter valid    0s | noisy valid    0s
   91/120 pegasus3-fill90-a2.0-6     none no      60s | half valid   31s | quarter no      60s | noisy no      60s
   92/120 pegasus3-fill90-a2.0-7     none no      60s | half no      60s | quarter valid   26s | noisy no      60s
   93/120 pegasus3-fill90-a2.0-8     none no      60s | half no      60s | quarter no      60s | noisy no      60s
   94/120 pegasus3-fill90-a2.0-9     none no      60s | half valid    5s | quarter valid   40s | noisy valid    4s
   95/120 pegasus3-fill90-a2.0-10    none valid    0s | half valid    0s | quarter valid    0s | noisy valid    1s
   96/120 pegasus3-fill90-a2.0-11    none valid   15s | half valid    1s | quarter valid    1s | noisy valid    1s
   97/120 pegasus3-fill95-a3.0-0     none no      60s | half no      60s | quarter no      60s | noisy no      60s
   98/120 pegasus3-fill95-a3.0-1     none no      60s | half no      60s | quarter no      60s | noisy no      60s
   99/120 pegasus3-fill95-a3.0-2     none no      60s | half no      60s | quarter no      60s | noisy no      60s
  100/120 pegasus3-fill95-a3.0-3     none no      60s | half no      60s | quarter no      60s | noisy no      60s
  101/120 pegasus3-fill95-a3.0-4     none no      61s | half no      60s | quarter no      60s | noisy no      60s
  102/120 pegasus3-fill95-a3.0-5     none no      60s | half no      60s | quarter no      61s | noisy no      60s
  103/120 pegasus3-fill95-a3.0-6     none no      60s | half no      60s | quarter no      60s | noisy no      61s
  104/120 pegasus3-fill95-a3.0-7     none no      61s | half no      60s | quarter no      61s | noisy no      60s
  105/120 pegasus3-fill95-a3.0-8     none no      60s | half no      60s | quarter no      60s | noisy no      60s
  106/120 pegasus3-fill95-a3.0-9     none no      60s | half no      60s | quarter no      60s | noisy no      60s
  107/120 pegasus3-fill95-a3.0-10    none no      60s | half no      60s | quarter no      60s | noisy no      60s
  108/120 pegasus3-fill95-a3.0-11    none no      60s | half no      60s | quarter no      60s | noisy no      60s
  109/120 pegasus3-fill95-a2.0-0     none no      60s | half no      60s | quarter no      60s | noisy no      60s
  110/120 pegasus3-fill95-a2.0-1     none no      60s | half no      60s | quarter no      60s | noisy no      60s
  111/120 pegasus3-fill95-a2.0-2     none no      60s | half no      60s | quarter no      60s | noisy no      60s
  112/120 pegasus3-fill95-a2.0-3     none valid   21s | half valid    3s | quarter valid    1s | noisy valid   10s
  113/120 pegasus3-fill95-a2.0-4     none valid    0s | half valid    2s | quarter valid    0s | noisy valid    1s
  114/120 pegasus3-fill95-a2.0-5     none no      60s | half no      60s | quarter no      60s | noisy no      60s
  115/120 pegasus3-fill95-a2.0-6     none no      60s | half no      60s | quarter no      60s | noisy no      60s
  116/120 pegasus3-fill95-a2.0-7     none no      60s | half no      60s | quarter no      60s | noisy no      60s
  117/120 pegasus3-fill95-a2.0-8     none no      60s | half valid   19s | quarter no      60s | noisy no      60s
  118/120 pegasus3-fill95-a2.0-9     none valid   12s | half valid    1s | quarter valid    1s | noisy valid    1s
  119/120 pegasus3-fill95-a2.0-10    none no      60s | half no      60s | quarter no      60s | noisy no      60s
  120/120 pegasus3-fill95-a2.0-11    none no      60s | half no      60s | quarter no      60s | noisy no      60s

  cell               n      none      half   quarter     noisy    s:none  s:half s:quart s:noisy
  fill70-a2.0       12      1.00      1.00      1.00      1.00         0       0       0       0
  fill70-a3.0       12      1.00      1.00      1.00      1.00         3       0       0       0
  fill80-a2.0       12      0.83      1.00      1.00      1.00        12       1       4       5
  fill80-a3.0       12      0.25      1.00      0.50      0.58        48       2      34      38
  fill85-a2.0       12      0.92      1.00      1.00      1.00         7       1       2       1
  fill85-a3.0       12      0.00      0.67      0.08      0.00        60      28      56      60
  fill90-a2.0       12      0.42      0.67      0.58      0.67        37      26      31      23
  fill90-a3.0       12      0.00      0.25      0.08      0.00        60      52      60      60
  fill95-a2.0       12      0.25      0.33      0.25      0.25        48      42      45      46
  fill95-a3.0       12      0.00      0.00      0.00      0.00        60      60      60      60

SEEDED MINORMINER DONE
