{"corpus": "runs/fill/pegasus6/corpus", "instances": 48, "deadline": 300.0, "tries": 10}
    1/48 pegasus6-fill80-a3.0-0     none no     301s | witness valid    0s | random no     318s
    2/48 pegasus6-fill80-a3.0-1     none no     314s | witness valid    5s | random no     315s
    3/48 pegasus6-fill80-a3.0-2     none no     309s | witness valid    0s | random no     326s
    4/48 pegasus6-fill80-a3.0-3     none no     322s | witness valid    1s | random no     303s
    5/48 pegasus6-fill80-a3.0-4     none no     318s | witness valid    3s | random no     316s
    6/48 pegasus6-fill80-a3.0-5     none no     307s | witness valid    0s | random no     302s
    7/48 pegasus6-fill80-a2.0-0     none valid    2s | witness valid    0s | random valid   52s
    8/48 pegasus6-fill80-a2.0-1     none valid   31s | witness valid    0s | random valid   55s
    9/48 pegasus6-fill80-a2.0-2     none valid   37s | witness valid    0s | random no     325s
   10/48 pegasus6-fill80-a2.0-3     none valid   13s | witness valid    0s | random no     335s
   11/48 pegasus6-fill80-a2.0-4     none valid    9s | witness valid    0s | random no     313s
   12/48 pegasus6-fill80-a2.0-5     none valid   34s | witness valid    0s | random no     324s
   13/48 pegasus6-fill85-a3.0-0     none no     325s | witness valid    2s | random no     301s
   14/48 pegasus6-fill85-a3.0-1     none no     317s | witness valid    1s | random no     304s
   15/48 pegasus6-fill85-a3.0-2     none no     309s | witness valid    1s | random no     322s
   16/48 pegasus6-fill85-a3.0-3     none no     324s | witness valid    0s | random no     304s
   17/48 pegasus6-fill85-a3.0-4     none no     301s | witness valid    0s | random no     329s
   18/48 pegasus6-fill85-a3.0-5     none no     311s | witness valid    5s | random no     330s
   19/48 pegasus6-fill85-a2.0-0     none no     313s | witness valid    0s | random no     304s
   20/48 pegasus6-fill85-a2.0-1     none no     306s | witness valid    3s | random no     323s
   21/48 pegasus6-fill85-a2.0-2     none valid   30s | witness valid    0s | random no     313s
   22/48 pegasus6-fill85-a2.0-3     none no     309s | witness valid    0s | random no     321s
   23/48 pegasus6-fill85-a2.0-4     none no     303s | witness valid    0s | random no     304s
   24/48 pegasus6-fill85-a2.0-5     none no     304s | witness valid    1s | random no     309s
   25/48 pegasus6-fill90-a3.0-0     none no     317s | witness valid  191s | random no     308s
   26/48 pegasus6-fill90-a3.0-1     none no     307s | witness no     302s | random no     310s
   27/48 pegasus6-fill90-a3.0-2     none no     318s | witness valid    2s | random no     324s
   28/48 pegasus6-fill90-a3.0-3     none no     307s | witness valid    1s | random no     304s
   29/48 pegasus6-fill90-a3.0-4     none no     312s | witness valid    1s | random no     308s
   30/48 pegasus6-fill90-a3.0-5     none no     317s | witness valid   34s | random no     317s
   31/48 pegasus6-fill90-a2.0-0     none no     313s | witness valid  250s | random no     320s
   32/48 pegasus6-fill90-a2.0-1     none no     309s | witness valid   16s | random no     302s
   33/48 pegasus6-fill90-a2.0-2     none no     310s | witness no     304s | random no     333s
   34/48 pegasus6-fill90-a2.0-3     none no     301s | witness valid   23s | random no     330s
   35/48 pegasus6-fill90-a2.0-4     none no     308s | witness valid  149s | random no     317s
   36/48 pegasus6-fill90-a2.0-5     none no     310s | witness valid    1s | random no     314s
   37/48 pegasus6-fill95-a3.0-0     none no     300s | witness valid  198s | random no     329s
   38/48 pegasus6-fill95-a3.0-1     none no     301s | witness valid    2s | random no     335s
   39/48 pegasus6-fill95-a3.0-2     none no     313s | witness no     304s | random no     332s
   40/48 pegasus6-fill95-a3.0-3     none no     310s | witness valid   18s | random no     324s
   41/48 pegasus6-fill95-a3.0-4     none no     306s | witness no     305s | random no     302s
   42/48 pegasus6-fill95-a3.0-5     none no     311s | witness no     303s | random no     302s
   43/48 pegasus6-fill95-a2.0-0     none no     316s | witness valid  104s | random no     311s
   44/48 pegasus6-fill95-a2.0-1     none no     307s | witness no     300s | random no     314s
   45/48 pegasus6-fill95-a2.0-2     none no     305s | witness no     301s | random no     301s
   46/48 pegasus6-fill95-a2.0-3     none no     308s | witness no     306s | random no     333s
   47/48 pegasus6-fill95-a2.0-4     none no     315s | witness no     306s | random no     323s
   48/48 pegasus6-fill95-a2.0-5     none no     303s | witness no     305s | random no     310s

  cell               n     none  witness   random  secs none   secs wit   fill wit
  fill80-a2.0        6     1.00     1.00     0.33         21          0       0.73
  fill80-a3.0        6     0.00     1.00     0.00        312          2       0.79
  fill85-a2.0        6     0.17     1.00     0.00        261          1       0.78
  fill85-a3.0        6     0.00     1.00     0.00        315          1       0.83
  fill90-a2.0        6     0.00     0.83     0.00        309        124       0.85
  fill90-a3.0        6     0.00     0.83     0.00        313         89       0.88
  fill95-a2.0        6     0.00     0.17     0.00        309        270       0.89
  fill95-a3.0        6     0.00     0.50     0.00        307        188       0.93

SEEDED MINORMINER DONE
