{"families": ["clique", "dense", "scalefree", "modular"], "sizes": [16, 18, 20], "cells": 12, "target_per_cell": 20}
{"kept": 240, "attempted": 240, "no_planting": 0, "minorminer_found_nothing": 0, "over_qubit_cap": 0, "mean_qubits": 21.470833333333335, "mean_max_chain": 1.9875, "mean_qubits_per_variable": 1.190804398148148, "mean_minorminer_seconds": 0.008691744009653727, "max_minorminer_seconds": 0.032384634017944336, "seconds": 2, "per_cell": {"clique/16": 20, "clique/18": 20, "clique/20": 20, "dense/16": 20, "dense/18": 20, "dense/20": 20, "modular/16": 20, "modular/18": 20, "modular/20": 20, "scalefree/16": 20, "scalefree/18": 20, "scalefree/20": 20}}
{
 "generator_version": "rev2-inkdrop-frustrated-1",
 "instances": 240,
 "strength_records": 204,
 "split": {
  "train": 168,
  "validation": 36,
  "test": 36,
  "ood": 0
 },
 "files": [
  "evaluator_only.jsonl",
  "instances.jsonl",
  "splits.json",
  "strength_counts.jsonl"
 ],
 "digest": "b993f7a5d1b8a450"
}

HARD CORPUS DONE
