\BOOKMARK [1][-]{Doc-Start}{\376\377\000A\000r\000c\000h\000i\000t\000e\000c\000t\000u\000r\000e\000\040\000d\000e\000c\000i\000s\000i\000o\000n\000s}{}% 1
\BOOKMARK [1][-]{section.2}{\376\377\000P\000r\000o\000b\000l\000e\000m\000,\000\040\000p\000r\000o\000g\000r\000a\000m\000m\000i\000n\000g\000\040\000m\000a\000p\000\040\000a\000n\000d\000\040\000d\000e\000p\000l\000o\000y\000a\000b\000l\000e\000\040\000o\000b\000j\000e\000c\000t\000i\000v\000e}{}% 2
\BOOKMARK [2][-]{subsection.3}{\376\377\000O\000b\000j\000e\000c\000t\000s\000\040\000a\000n\000d\000\040\000n\000o\000t\000a\000t\000i\000o\000n}{section.2}% 3
\BOOKMARK [2][-]{subsection.6}{\376\377\000A\000\040\000c\000o\000n\000c\000r\000e\000t\000e\000\040\000b\000a\000s\000e\000l\000i\000n\000e\000\040\000p\000r\000o\000g\000r\000a\000m\000m\000i\000n\000g\000\040\000p\000o\000l\000i\000c\000y}{section.2}% 4
\BOOKMARK [2][-]{subsection.10}{\376\377\000A\000u\000t\000o\000s\000c\000a\000l\000i\000n\000g\000\040\000a\000n\000d\000\040\000p\000r\000e\000c\000i\000s\000i\000o\000n}{section.2}% 5
\BOOKMARK [2][-]{subsection.13}{\376\377\000T\000h\000r\000e\000e\000\040\000q\000u\000a\000n\000t\000i\000t\000i\000e\000s\000\040\000t\000h\000a\000t\000\040\000m\000u\000s\000t\000\040\000n\000o\000t\000\040\000b\000e\000\040\000c\000o\000n\000f\000l\000a\000t\000e\000d}{section.2}% 6
\BOOKMARK [2][-]{subsection.18}{\376\377\000N\000e\000w\000\040\000e\000n\000d\000p\000o\000i\000n\000t\000\040\000c\000o\000n\000t\000r\000a\000c\000t\000:\000\040\000I\000F\000-\000Q\0003\000-\000S\0000}{section.2}% 7
\BOOKMARK [2][-]{subsection.22}{\376\377\000F\000a\000i\000l\000u\000r\000e\000-\000a\000w\000a\000r\000e\000\040\000t\000e\000r\000m\000i\000n\000a\000l\000\040\000u\000t\000i\000l\000i\000t\000y\000\040\000a\000n\000d\000\040\000c\000o\000n\000s\000t\000r\000a\000i\000n\000t\000s}{section.2}% 8
\BOOKMARK [2][-]{subsection.25}{\376\377\000S\000c\000o\000p\000e\000\040\000a\000t\000\040\000s\000c\000a\000l\000e\000\040\000a\000n\000d\000\040\000t\000h\000e\000\040\000r\000o\000l\000e\000\040\000o\000f\000\040\000T\0000}{section.2}% 9
\BOOKMARK [1][-]{section.26}{\376\377\000E\000n\000v\000i\000r\000o\000n\000m\000e\000n\000t\000,\000\040\000m\000a\000c\000r\000o\000-\000a\000c\000t\000i\000o\000n\000s\000\040\000a\000n\000d\000\040\000c\000o\000m\000p\000l\000e\000t\000e\000\040\000s\000e\000a\000r\000c\000h\000\040\000a\000c\000c\000o\000u\000n\000t\000i\000n\000g}{}% 10
\BOOKMARK [2][-]{subsection.27}{\376\377\000T\000w\000o\000\040\000o\000p\000e\000r\000a\000t\000i\000n\000g\000\040\000p\000r\000o\000f\000i\000l\000e\000s}{section.26}% 11
\BOOKMARK [2][-]{subsection.29}{\376\377\000E\000n\000v\000i\000r\000o\000n\000m\000e\000n\000t\000\040\000s\000t\000a\000t\000e\000\040\000a\000n\000d\000\040\000s\000e\000m\000a\000n\000t\000i\000c\000\040\000o\000b\000s\000e\000r\000v\000a\000t\000i\000o\000n}{section.26}% 12
\BOOKMARK [2][-]{subsection.31}{\376\377\000C\000o\000n\000t\000r\000o\000l\000l\000e\000d\000\040\000o\000v\000e\000r\000l\000a\000p\000\040\000i\000n\000v\000a\000r\000i\000a\000n\000t\000s}{section.26}% 13
\BOOKMARK [2][-]{subsection.33}{\376\377\000A\000\040\000f\000i\000n\000i\000t\000e\000,\000\040\000f\000u\000l\000l\000y\000\040\000b\000o\000u\000n\000d\000\040\000a\000c\000t\000i\000o\000n\000\040\000g\000r\000a\000m\000m\000a\000r}{section.26}% 14
\BOOKMARK [2][-]{subsection.35}{\376\377\000C\000a\000n\000d\000i\000d\000a\000t\000e\000\040\000c\000o\000n\000s\000t\000r\000u\000c\000t\000i\000o\000n\000\040\000a\000n\000d\000\040\000d\000i\000v\000e\000r\000s\000i\000t\000y}{section.26}% 15
\BOOKMARK [2][-]{subsection.36}{\376\377\000W\000o\000r\000k\000\040\000m\000u\000s\000t\000\040\000b\000e\000\040\000c\000h\000a\000r\000g\000e\000d\000\040\000b\000e\000f\000o\000r\000e\000\040\000p\000r\000e\000f\000e\000r\000e\000n\000c\000e\000\040\000i\000s\000\040\000l\000e\000a\000r\000n\000e\000d}{section.26}% 16
\BOOKMARK [2][-]{subsection.41}{\376\377\000S\000e\000a\000l\000e\000d\000\040\000d\000e\000p\000l\000o\000y\000m\000e\000n\000t\000-\000i\000n\000i\000t\000i\000a\000l\000i\000z\000e\000r\000\040\000b\000a\000n\000k}{section.26}% 17
\BOOKMARK [2][-]{subsection.42}{\376\377\000A\000r\000c\000h\000i\000v\000e\000\040\000d\000e\000s\000i\000g\000n\000\040\000a\000n\000d\000\040\000p\000u\000b\000l\000i\000c\000a\000t\000i\000o\000n\000\040\000b\000o\000u\000n\000d\000a\000r\000y}{section.26}% 18
\BOOKMARK [2][-]{subsection.44}{\376\377\000A\000c\000t\000i\000o\000n\000-\000s\000u\000p\000p\000o\000r\000t\000\040\000h\000e\000a\000d\000r\000o\000o\000m\000\040\000b\000e\000f\000o\000r\000e\000\040\000R\000L}{section.26}% 19
\BOOKMARK [1][-]{section.46}{\376\377\000T\000h\000e\000o\000r\000y\000\040\000b\000r\000i\000d\000g\000e\000:\000\040\000w\000h\000a\000t\000\040\000g\000e\000o\000m\000e\000t\000r\000y\000\040\000c\000a\000n\000\040\000j\000u\000s\000t\000i\000f\000y}{}% 20
\BOOKMARK [2][-]{subsection.47}{\376\377\000S\000t\000r\000u\000c\000t\000u\000r\000a\000l\000\040\000g\000r\000a\000p\000h\000,\000\040\000p\000r\000o\000g\000r\000a\000m\000m\000e\000d\000\040\000g\000r\000a\000p\000h\000,\000\040\000a\000n\000d\000\040\000e\000f\000f\000e\000c\000t\000i\000v\000e\000\040\000l\000o\000a\000d}{section.46}% 21
\BOOKMARK [2][-]{subsection.50}{\376\377\000A\000\040\000s\000u\000f\000f\000i\000c\000i\000e\000n\000t\000\040\000c\000h\000a\000i\000n\000-\000i\000n\000t\000e\000g\000r\000i\000t\000y\000\040\000c\000o\000n\000d\000i\000t\000i\000o\000n\000,\000\040\000w\000i\000t\000h\000\040\000p\000r\000o\000o\000f}{section.46}% 22
\BOOKMARK [2][-]{subsection.54}{\376\377\000C\000e\000r\000t\000i\000f\000i\000c\000a\000t\000e\000s\000\040\000a\000n\000d\000\040\000n\000e\000u\000r\000a\000l\000\040\000c\000u\000t\000\040\000t\000o\000k\000e\000n\000s\000\040\000h\000a\000v\000e\000\040\000d\000i\000f\000f\000e\000r\000e\000n\000t\000\040\000r\000o\000l\000e\000s}{section.46}% 23
\BOOKMARK [2][-]{subsection.56}{\376\377\000A\000u\000t\000o\000s\000c\000a\000l\000i\000n\000g\000,\000\040\000q\000u\000a\000n\000t\000i\000z\000a\000t\000i\000o\000n\000,\000\040\000a\000n\000d\000\040\000t\000h\000e\000\040\000l\000i\000m\000i\000t\000\040\000o\000f\000\040\000t\000h\000e\000\040\000g\000u\000a\000r\000a\000n\000t\000e\000e}{section.46}% 24
\BOOKMARK [2][-]{subsection.57}{\376\377\000C\000o\000n\000s\000e\000q\000u\000e\000n\000c\000e\000s\000\040\000f\000o\000r\000\040\000t\000h\000e\000\040\000a\000r\000c\000h\000i\000t\000e\000c\000t\000u\000r\000e\000\040\000a\000n\000d\000\040\000i\000t\000s\000\040\000a\000b\000l\000a\000t\000i\000o\000n\000s}{section.46}% 25
\BOOKMARK [1][-]{section.58}{\376\377\000N\000e\000u\000r\000a\000l\000\040\000a\000r\000c\000h\000i\000t\000e\000c\000t\000u\000r\000e\000:\000\040\000a\000n\000\040\000i\000m\000p\000l\000e\000m\000e\000n\000t\000a\000b\000l\000e\000\040\000I\000F\000-\000C\000o\000r\000e}{}% 26
\BOOKMARK [2][-]{subsection.59}{\376\377\000A\000r\000c\000h\000i\000t\000e\000c\000t\000u\000r\000e\000\040\000d\000e\000c\000i\000s\000i\000o\000n\000\040\000a\000n\000d\000\040\000l\000e\000a\000r\000n\000i\000n\000g\000\040\000b\000o\000u\000n\000d\000a\000r\000y}{section.58}% 27
\BOOKMARK [2][-]{subsection.61}{\376\377\000O\000b\000s\000e\000r\000v\000a\000t\000i\000o\000n\000\040\000r\000e\000c\000o\000r\000d\000,\000\040\000t\000e\000n\000s\000o\000r\000i\000z\000a\000t\000i\000o\000n\000,\000\040\000a\000n\000d\000\040\000n\000o\000r\000m\000a\000l\000i\000z\000a\000t\000i\000o\000n}{section.58}% 28
\BOOKMARK [2][-]{subsection.62}{\376\377\000E\000x\000a\000c\000t\000\040\000c\000o\000r\000e\000\040\000f\000e\000a\000t\000u\000r\000e\000\040\000s\000c\000h\000e\000m\000a}{section.58}% 29
\BOOKMARK [2][-]{subsection.64}{\376\377\000O\000w\000n\000e\000r\000s\000h\000i\000p\000\040\000a\000n\000d\000\040\000a\000c\000t\000i\000o\000n\000\040\000t\000e\000n\000s\000o\000r\000s\000\040\000p\000r\000e\000s\000e\000r\000v\000e\000\040\000r\000e\000l\000a\000t\000i\000o\000n\000a\000l\000\040\000i\000d\000e\000n\000t\000i\000t\000y}{section.58}% 30
\BOOKMARK [2][-]{subsection.65}{\376\377\000F\000o\000r\000w\000a\000r\000d\000\040\000c\000o\000m\000p\000u\000t\000a\000t\000i\000o\000n\000\040\000a\000n\000d\000\040\000p\000r\000e\000d\000i\000c\000t\000i\000o\000n\000\040\000h\000e\000a\000d\000s}{section.58}% 31
\BOOKMARK [2][-]{subsection.66}{\376\377\000A\000r\000c\000h\000i\000v\000e\000\040\000r\000e\000p\000r\000e\000s\000e\000n\000t\000a\000t\000i\000o\000n\000\040\000a\000n\000d\000\040\000s\000e\000p\000a\000r\000a\000t\000e\000\040\000s\000t\000r\000e\000n\000g\000t\000h\000\040\000p\000r\000e\000d\000i\000c\000t\000o\000r}{section.58}% 32
\BOOKMARK [2][-]{subsection.67}{\376\377\000O\000p\000t\000i\000o\000n\000a\000l\000\040\000c\000u\000t\000\040\000t\000o\000k\000e\000n\000s\000\040\000a\000n\000d\000\040\000p\000h\000y\000s\000i\000c\000a\000l\000\040\000i\000n\000t\000e\000r\000p\000r\000e\000t\000a\000t\000i\000o\000n}{section.58}% 33
\BOOKMARK [2][-]{subsection.68}{\376\377\000T\000r\000a\000i\000n\000i\000n\000g\000\040\000m\000e\000c\000h\000a\000n\000i\000c\000s\000,\000\040\000c\000o\000s\000t\000,\000\040\000a\000n\000d\000\040\000m\000o\000d\000e\000l\000\040\000l\000a\000d\000d\000e\000r}{section.58}% 34
\BOOKMARK [1][-]{section.69}{\376\377\000R\000e\000i\000n\000f\000o\000r\000c\000e\000m\000e\000n\000t\000\040\000l\000e\000a\000r\000n\000i\000n\000g\000\040\000a\000n\000d\000\040\000o\000p\000t\000i\000m\000i\000z\000a\000t\000i\000o\000n\000\040\000c\000o\000n\000t\000r\000a\000c\000t}{}% 35
\BOOKMARK [2][-]{subsection.70}{\376\377\000W\000h\000a\000t\000\040\000t\000h\000e\000\040\000f\000i\000r\000s\000t\000\040\000p\000o\000l\000i\000c\000y\000\040\000i\000s\000\040\000t\000r\000a\000i\000n\000e\000d\000\040\000t\000o\000\040\000d\000o}{section.69}% 36
\BOOKMARK [2][-]{subsection.71}{\376\377\000I\000F\000-\000Q\0003\000\040\000t\000e\000r\000m\000i\000n\000a\000l\000\040\000r\000e\000w\000a\000r\000d\000\040\000a\000n\000d\000\040\000t\000h\000e\000\040\000i\000n\000f\000o\000r\000m\000a\000t\000i\000o\000n\000\040\000b\000o\000u\000n\000d\000a\000r\000y}{section.69}% 37
\BOOKMARK [2][-]{subsection.76}{\376\377\000D\000e\000c\000i\000s\000i\000o\000n\000\040\000t\000i\000m\000e\000,\000\040\000m\000a\000c\000r\000o\000\040\000d\000u\000r\000a\000t\000i\000o\000n\000,\000\040\000a\000n\000d\000\040\000w\000o\000r\000k\000\040\000b\000u\000d\000g\000e\000t\000s}{section.69}% 38
\BOOKMARK [2][-]{subsection.79}{\376\377\000P\000o\000l\000i\000c\000y\000\040\000d\000i\000s\000t\000r\000i\000b\000u\000t\000i\000o\000n\000\040\000a\000n\000d\000\040\000e\000x\000a\000c\000t\000\040\000l\000i\000k\000e\000l\000i\000h\000o\000o\000d\000\040\000r\000e\000p\000l\000a\000y}{section.69}% 39
\BOOKMARK [2][-]{subsection.82}{\376\377\000T\000w\000o\000\040\000c\000r\000i\000t\000i\000c\000s\000\040\000w\000i\000t\000h\000\040\000e\000x\000p\000l\000i\000c\000i\000t\000\040\000m\000e\000a\000n\000i\000n\000g\000s}{section.69}% 40
\BOOKMARK [2][-]{subsection.85}{\376\377\000S\000u\000p\000e\000r\000v\000i\000s\000e\000d\000\040\000i\000n\000i\000t\000i\000a\000l\000i\000z\000a\000t\000i\000o\000n\000\040\000a\000n\000d\000\040\000t\000h\000e\000\040\000t\000r\000a\000n\000s\000i\000t\000i\000o\000n\000\040\000t\000o\000\040\000o\000n\000-\000p\000o\000l\000i\000c\000y\000\040\000d\000a\000t\000a}{section.69}% 41
\BOOKMARK [2][-]{subsection.86}{\376\377\000G\000A\000E\000\040\000a\000n\000d\000\040\000c\000o\000m\000p\000l\000e\000t\000e\000-\000e\000p\000i\000s\000o\000d\000e\000\040\000w\000e\000i\000g\000h\000t\000i\000n\000g}{section.69}% 42
\BOOKMARK [2][-]{subsection.91}{\376\377\000P\000P\000O\000\040\000a\000n\000d\000\040\000t\000h\000e\000\040\000o\000p\000t\000i\000o\000n\000a\000l\000\040\000f\000a\000i\000l\000u\000r\000e\000\040\000c\000o\000n\000s\000t\000r\000a\000i\000n\000t}{section.69}% 43
\BOOKMARK [2][-]{subsection.98}{\376\377\000W\000h\000y\000\040\000t\000h\000e\000\040\000o\000r\000i\000g\000i\000n\000a\000l\000\040\000s\000h\000a\000p\000i\000n\000g\000\040\000s\000w\000e\000e\000p\000\040\000i\000s\000\040\000r\000e\000m\000o\000v\000e\000d}{section.69}% 44
\BOOKMARK [2][-]{subsection.100}{\376\377\000E\000x\000e\000c\000u\000t\000a\000b\000l\000e\000\040\000t\000r\000a\000i\000n\000i\000n\000g\000\040\000c\000y\000c\000l\000e\000\040\000a\000n\000d\000\040\000d\000e\000p\000l\000o\000y\000m\000e\000n\000t\000\040\000r\000u\000l\000e}{section.69}% 45
\BOOKMARK [2][-]{subsection.108}{\376\377\000D\000i\000a\000g\000n\000o\000s\000t\000i\000c\000s\000\040\000r\000e\000q\000u\000i\000r\000e\000d\000\040\000b\000e\000f\000o\000r\000e\000\040\000i\000n\000c\000r\000e\000a\000s\000i\000n\000g\000\040\000m\000o\000d\000e\000l\000\040\000c\000a\000p\000a\000c\000i\000t\000y}{section.69}% 46
\BOOKMARK [1][-]{section.109}{\376\377\000D\000a\000t\000a\000\040\000g\000e\000n\000e\000r\000a\000t\000i\000o\000n\000:\000\040\000f\000e\000a\000s\000i\000b\000l\000e\000\040\000w\000i\000t\000n\000e\000s\000s\000e\000s\000,\000\040\000c\000e\000r\000t\000i\000f\000i\000e\000d\000\040\000e\000n\000e\000r\000g\000i\000e\000s\000,\000\040\000a\000n\000d\000\040\000p\000o\000l\000i\000c\000y\000\040\000e\000x\000p\000e\000r\000i\000e\000n\000c\000e}{}% 47
\BOOKMARK [2][-]{subsection.110}{\376\377\000F\000i\000v\000e\000\040\000d\000i\000s\000t\000i\000n\000c\000t\000\040\000r\000e\000c\000o\000r\000d\000\040\000t\000y\000p\000e\000s\000\040\000a\000n\000d\000\040\000t\000h\000e\000i\000r\000\040\000g\000u\000a\000r\000a\000n\000t\000e\000e\000s}{section.109}% 48
\BOOKMARK [2][-]{subsection.112}{\376\377\000A\000u\000t\000h\000e\000n\000t\000i\000c\000a\000t\000e\000d\000\040\000p\000r\000o\000d\000u\000c\000t\000i\000o\000n\000\040\000b\000o\000u\000n\000d\000a\000r\000y}{section.109}% 49
\BOOKMARK [2][-]{subsection.113}{\376\377\000I\000n\000k\000-\000d\000r\000o\000p\000\040\000g\000e\000n\000e\000r\000a\000t\000i\000o\000n\000\040\000w\000i\000t\000h\000\040\000a\000n\000\040\000e\000x\000p\000l\000i\000c\000i\000t\000\040\000w\000i\000t\000n\000e\000s\000s}{section.109}% 50
\BOOKMARK [2][-]{subsection.121}{\376\377\000C\000o\000m\000p\000o\000s\000e\000\040\000e\000m\000b\000e\000d\000d\000i\000n\000g\000\040\000p\000l\000a\000n\000t\000i\000n\000g\000\040\000w\000i\000t\000h\000\040\000l\000o\000g\000i\000c\000a\000l\000-\000e\000n\000e\000r\000g\000y\000\040\000p\000l\000a\000n\000t\000i\000n\000g}{section.109}% 51
\BOOKMARK [2][-]{subsection.123}{\376\377\000S\000e\000p\000a\000r\000a\000t\000e\000\040\000e\000m\000b\000e\000d\000d\000i\000n\000g\000\040\000d\000i\000f\000f\000i\000c\000u\000l\000t\000y\000\040\000f\000r\000o\000m\000\040\000s\000a\000m\000p\000l\000i\000n\000g\000\040\000d\000i\000f\000f\000i\000c\000u\000l\000t\000y}{section.109}% 52
\BOOKMARK [2][-]{subsection.124}{\376\377\000E\000x\000a\000c\000t\000\040\000s\000t\000r\000u\000c\000t\000u\000r\000a\000l\000\040\000l\000a\000b\000e\000l\000s\000\040\000a\000n\000d\000\040\000t\000h\000e\000i\000r\000\040\000c\000o\000n\000t\000i\000n\000u\000a\000t\000i\000o\000n\000\040\000d\000o\000m\000a\000i\000n}{section.109}% 53
\BOOKMARK [2][-]{subsection.125}{\376\377\000Q\000u\000a\000l\000i\000t\000y\000\040\000c\000o\000u\000n\000t\000e\000r\000f\000a\000c\000t\000u\000a\000l\000s\000\040\000m\000u\000s\000t\000\040\000n\000a\000m\000e\000\040\000t\000h\000e\000i\000r\000\040\000c\000o\000n\000t\000i\000n\000u\000a\000t\000i\000o\000n\000\040\000p\000o\000l\000i\000c\000y}{section.109}% 54
\BOOKMARK [2][-]{subsection.127}{\376\377\000L\000e\000a\000k\000a\000g\000e\000-\000r\000e\000s\000i\000s\000t\000a\000n\000t\000\040\000l\000i\000n\000e\000a\000g\000e\000s\000\040\000a\000n\000d\000\040\000d\000a\000t\000a\000\040\000c\000o\000n\000t\000r\000a\000c\000t\000s}{section.109}% 55
\BOOKMARK [2][-]{subsection.128}{\376\377\000C\000o\000r\000p\000u\000s\000\040\000r\000e\000q\000u\000i\000r\000e\000m\000e\000n\000t\000s\000\040\000a\000n\000d\000\040\000r\000e\000l\000e\000a\000s\000e\000\040\000g\000a\000t\000e\000s}{section.109}% 56
\BOOKMARK [1][-]{section.130}{\376\377\000E\000x\000p\000e\000r\000i\000m\000e\000n\000t\000s\000\040\000t\000h\000a\000t\000\040\000d\000e\000c\000i\000d\000e\000\040\000w\000h\000e\000t\000h\000e\000r\000\040\000t\000h\000e\000\040\000a\000r\000c\000h\000i\000t\000e\000c\000t\000u\000r\000e\000\040\000w\000o\000r\000k\000s}{}% 57
\BOOKMARK [2][-]{subsection.131}{\376\377\000S\000e\000p\000a\000r\000a\000t\000e\000\040\000f\000o\000u\000r\000\040\000s\000o\000u\000r\000c\000e\000s\000\040\000o\000f\000\040\000i\000m\000p\000r\000o\000v\000e\000m\000e\000n\000t}{section.130}% 58
\BOOKMARK [2][-]{subsection.133}{\376\377\000F\000i\000x\000e\000d\000\040\000r\000e\000p\000r\000e\000s\000e\000n\000t\000a\000t\000i\000o\000n\000\040\000a\000n\000d\000\040\000R\000L\000-\000v\000a\000l\000u\000e\000\040\000g\000r\000i\000d}{section.130}% 59
\BOOKMARK [2][-]{subsection.134}{\376\377\000R\000e\000s\000u\000m\000a\000b\000l\000e\000\040\000s\000h\000a\000r\000d\000e\000d\000\040\000e\000v\000a\000l\000u\000a\000t\000i\000o\000n}{section.130}% 60
\BOOKMARK [2][-]{subsection.135}{\376\377\000P\000r\000i\000m\000a\000r\000y\000\040\000a\000n\000d\000\040\000s\000e\000c\000o\000n\000d\000a\000r\000y\000\040\000e\000n\000d\000p\000o\000i\000n\000t\000s}{section.130}% 61
\BOOKMARK [2][-]{subsection.137}{\376\377\000D\000i\000f\000f\000i\000c\000u\000l\000t\000y\000\040\000a\000n\000d\000\040\000f\000e\000a\000s\000i\000b\000l\000e\000\040\000p\000o\000p\000u\000l\000a\000t\000i\000o\000n\000s}{section.130}% 62
\BOOKMARK [2][-]{subsection.138}{\376\377\000U\000n\000c\000e\000r\000t\000a\000i\000n\000t\000y\000,\000\040\000p\000o\000w\000e\000r\000\040\000a\000n\000d\000\040\000a\000\040\000t\000w\000o\000-\000p\000e\000r\000c\000e\000n\000t\000a\000g\000e\000-\000p\000o\000i\000n\000t\000\040\000m\000a\000r\000g\000i\000n}{section.130}% 63
\BOOKMARK [2][-]{subsection.141}{\376\377\000S\000i\000m\000u\000l\000a\000t\000o\000r\000-\000t\000o\000-\000Q\000P\000U\000\040\000e\000v\000i\000d\000e\000n\000c\000e}{section.130}% 64
\BOOKMARK [2][-]{subsection.142}{\376\377\000A\000\040\000d\000i\000s\000c\000i\000p\000l\000i\000n\000e\000d\000\040\000c\000l\000a\000i\000m\000\040\000l\000a\000d\000d\000e\000r}{section.130}% 65
\BOOKMARK [1][-]{section.149}{\376\377\000I\000m\000p\000l\000e\000m\000e\000n\000t\000a\000t\000i\000o\000n\000\040\000a\000n\000d\000\040\000e\000x\000p\000e\000r\000i\000m\000e\000n\000t\000\040\000r\000e\000g\000i\000s\000t\000r\000y}{}% 66
\BOOKMARK [2][-]{subsection.150}{\376\377\000M\000o\000d\000u\000l\000e\000s\000\040\000a\000n\000d\000\040\000i\000n\000f\000o\000r\000m\000a\000t\000i\000o\000n\000\040\000o\000w\000n\000e\000r\000s\000h\000i\000p}{section.149}% 67
\BOOKMARK [2][-]{subsection.152}{\376\377\000V\000e\000r\000i\000f\000i\000c\000a\000t\000i\000o\000n\000\040\000o\000b\000l\000i\000g\000a\000t\000i\000o\000n\000s}{section.149}% 68
\BOOKMARK [2][-]{subsection.153}{\376\377\000R\000e\000g\000i\000s\000t\000e\000r\000e\000d\000\040\000P\000r\000o\000f\000i\000l\000e\000-\000I\000\040\000c\000o\000n\000f\000i\000g\000u\000r\000a\000t\000i\000o\000n}{section.149}% 69
\BOOKMARK [2][-]{subsection.155}{\376\377\000C\000h\000e\000c\000k\000p\000o\000i\000n\000t\000\040\000a\000n\000d\000\040\000r\000e\000l\000e\000a\000s\000e\000\040\000c\000o\000n\000t\000e\000n\000t\000s}{section.149}% 70
\BOOKMARK [2][-]{subsection.156}{\376\377\000S\000u\000g\000g\000e\000s\000t\000e\000d\000\040\000p\000a\000p\000e\000r\000\040\000o\000r\000g\000a\000n\000i\000z\000a\000t\000i\000o\000n\000\040\000o\000n\000c\000e\000\040\000e\000v\000i\000d\000e\000n\000c\000e\000\040\000e\000x\000i\000s\000t\000s}{section.149}% 71
\BOOKMARK [1][-]{appendix.157}{\376\377\000A\000r\000t\000i\000f\000a\000c\000t\000\040\000p\000r\000o\000v\000e\000n\000a\000n\000c\000e\000\040\000a\000n\000d\000\040\000b\000u\000i\000l\000d\000\040\000i\000n\000s\000t\000r\000u\000c\000t\000i\000o\000n\000s}{}% 72
\BOOKMARK [2][-]{subsection.158}{\376\377\000R\000e\000p\000r\000o\000d\000u\000c\000i\000b\000i\000l\000i\000t\000y\000\040\000b\000o\000u\000n\000d\000a\000r\000y}{appendix.157}% 73
\BOOKMARK [2][-]{subsection.159}{\376\377\000C\000o\000m\000p\000a\000t\000i\000b\000i\000l\000i\000t\000y\000\040\000r\000u\000l\000e\000s}{appendix.157}% 74
\BOOKMARK [2][-]{subsection.169}{\376\377\000H\000o\000w\000\040\000t\000o\000\040\000c\000o\000m\000p\000i\000l\000e\000\040\000a\000n\000d\000\040\000e\000d\000i\000t\000\040\000t\000h\000e\000\040\000d\000e\000l\000i\000v\000e\000r\000e\000d\000\040\000s\000o\000u\000r\000c\000e}{appendix.157}% 75
\BOOKMARK [1][-]{appendix.170}{\376\377\000W\000o\000r\000k\000e\000d\000\040\000c\000h\000e\000c\000k\000s\000\040\000f\000o\000r\000\040\000t\000h\000e\000\040\000m\000a\000t\000h\000e\000m\000a\000t\000i\000c\000a\000l\000\040\000c\000o\000n\000t\000r\000a\000c\000t\000s}{}% 76
\BOOKMARK [2][-]{subsection.171}{\376\377\000A\000\040\000s\000m\000a\000l\000l\000\040\000p\000l\000a\000n\000t\000e\000d\000\040\000l\000o\000g\000i\000c\000a\000l\000\040\000o\000p\000t\000i\000m\000u\000m}{appendix.170}% 77
\BOOKMARK [2][-]{subsection.172}{\376\377\000E\000q\000u\000a\000l\000\040\000q\000u\000b\000i\000t\000\040\000c\000o\000u\000n\000t\000\040\000c\000a\000n\000\040\000h\000a\000v\000e\000\040\000d\000i\000f\000f\000e\000r\000e\000n\000t\000\040\000c\000u\000t\000\040\000c\000e\000r\000t\000i\000f\000i\000c\000a\000t\000e\000s}{appendix.170}% 78
\BOOKMARK [2][-]{subsection.173}{\376\377\000W\000h\000y\000\040\000a\000\040\000n\000o\000i\000s\000y\000\040\000f\000o\000u\000r\000-\000s\000t\000r\000e\000n\000g\000t\000h\000\040\000m\000a\000x\000i\000m\000u\000m\000\040\000i\000s\000\040\000o\000p\000t\000i\000m\000i\000s\000t\000i\000c}{appendix.170}% 79
\BOOKMARK [2][-]{subsection.174}{\376\377\000A\000\040\000t\000r\000a\000j\000e\000c\000t\000o\000r\000y\000\040\000i\000s\000\040\000a\000n\000\040\000R\000L\000\040\000s\000a\000m\000p\000l\000e\000,\000\040\000n\000o\000t\000\040\000e\000i\000g\000h\000t\000\040\000s\000u\000p\000e\000r\000v\000i\000s\000e\000d\000\040\000e\000x\000a\000m\000p\000l\000e\000s}{appendix.170}% 80
\BOOKMARK [1][-]{subsection.174}{\376\377\000R\000e\000f\000e\000r\000e\000n\000c\000e\000s}{}% 81
