{"corpus": "/home/nguyencongt/prj_IsingFold/runs/small/pegasus3/corpus", "instances": 120, "qubits": 128, "tries_per_call": 10, "deadlines": [60.0, 300.0]}
    1/120 pegasus3-fill70-a3.0-0   valid at 0s attempts 1
    2/120 pegasus3-fill70-a3.0-1   valid at 0s attempts 1
    3/120 pegasus3-fill70-a3.0-2   valid at 0s attempts 1
    4/120 pegasus3-fill70-a3.0-3   valid at 0s attempts 1
    5/120 pegasus3-fill70-a3.0-4   valid at 0s attempts 1
    6/120 pegasus3-fill70-a3.0-5   valid at 0s attempts 1
    7/120 pegasus3-fill70-a3.0-6   valid at 1s attempts 3
    8/120 pegasus3-fill70-a3.0-7   valid at 0s attempts 1
    9/120 pegasus3-fill70-a3.0-8   valid at 0s attempts 1
   10/120 pegasus3-fill70-a3.0-9   valid at 12s attempts 28
   11/120 pegasus3-fill70-a3.0-10  valid at 0s attempts 1
   12/120 pegasus3-fill70-a3.0-11  valid at 0s attempts 1
   13/120 pegasus3-fill70-a2.0-0   valid at 0s attempts 1
   14/120 pegasus3-fill70-a2.0-1   valid at 0s attempts 1
   15/120 pegasus3-fill70-a2.0-2   valid at 0s attempts 1
   16/120 pegasus3-fill70-a2.0-3   valid at 0s attempts 1
   17/120 pegasus3-fill70-a2.0-4   valid at 0s attempts 1
   18/120 pegasus3-fill70-a2.0-5   valid at 0s attempts 1
   19/120 pegasus3-fill70-a2.0-6   valid at 0s attempts 1
   20/120 pegasus3-fill70-a2.0-7   valid at 0s attempts 1
   21/120 pegasus3-fill70-a2.0-8   valid at 0s attempts 1
   22/120 pegasus3-fill70-a2.0-9   valid at 0s attempts 1
   23/120 pegasus3-fill70-a2.0-10  valid at 0s attempts 1
   24/120 pegasus3-fill70-a2.0-11  valid at 0s attempts 1
   25/120 pegasus3-fill80-a3.0-0   none within 300s attempts 461
   26/120 pegasus3-fill80-a3.0-1   valid at 26s attempts 52
   27/120 pegasus3-fill80-a3.0-2   valid at 181s attempts 356
   28/120 pegasus3-fill80-a3.0-3   none within 300s attempts 549
   29/120 pegasus3-fill80-a3.0-4   none within 300s attempts 576
   30/120 pegasus3-fill80-a3.0-5   valid at 36s attempts 61
   31/120 pegasus3-fill80-a3.0-6   none within 300s attempts 466
   32/120 pegasus3-fill80-a3.0-7   none within 300s attempts 550
   33/120 pegasus3-fill80-a3.0-8   valid at 7s attempts 15
   34/120 pegasus3-fill80-a3.0-9   none within 300s attempts 490
   35/120 pegasus3-fill80-a3.0-10  none within 300s attempts 558
   36/120 pegasus3-fill80-a3.0-11  valid at 4s attempts 10
   37/120 pegasus3-fill80-a2.0-0   valid at 0s attempts 1
   38/120 pegasus3-fill80-a2.0-1   valid at 1s attempts 4
   39/120 pegasus3-fill80-a2.0-2   valid at 6s attempts 15
   40/120 pegasus3-fill80-a2.0-3   valid at 1s attempts 2
   41/120 pegasus3-fill80-a2.0-4   valid at 0s attempts 1
   42/120 pegasus3-fill80-a2.0-5   valid at 1s attempts 4
   43/120 pegasus3-fill80-a2.0-6   valid at 0s attempts 1
   44/120 pegasus3-fill80-a2.0-7   valid at 0s attempts 1
   45/120 pegasus3-fill80-a2.0-8   none within 300s attempts 621
   46/120 pegasus3-fill80-a2.0-9   valid at 220s attempts 314
   47/120 pegasus3-fill80-a2.0-10  valid at 0s attempts 1
   48/120 pegasus3-fill80-a2.0-11  valid at 8s attempts 12
   49/120 pegasus3-fill85-a3.0-0   none within 300s attempts 288
   50/120 pegasus3-fill85-a3.0-1   none within 300s attempts 341
   51/120 pegasus3-fill85-a3.0-2   none within 300s attempts 540
   52/120 pegasus3-fill85-a3.0-3   none within 300s attempts 595
   53/120 pegasus3-fill85-a3.0-4   none within 300s attempts 437
   54/120 pegasus3-fill85-a3.0-5   none within 300s attempts 477
   55/120 pegasus3-fill85-a3.0-6   none within 300s attempts 502
   56/120 pegasus3-fill85-a3.0-7   none within 300s attempts 504
   57/120 pegasus3-fill85-a3.0-8   none within 300s attempts 437
   58/120 pegasus3-fill85-a3.0-9   none within 300s attempts 563
   59/120 pegasus3-fill85-a3.0-10  none within 300s attempts 559
   60/120 pegasus3-fill85-a3.0-11  none within 300s attempts 507
   61/120 pegasus3-fill85-a2.0-0   valid at 1s attempts 2
   62/120 pegasus3-fill85-a2.0-1   valid at 1s attempts 2
   63/120 pegasus3-fill85-a2.0-2   valid at 30s attempts 61
   64/120 pegasus3-fill85-a2.0-3   valid at 13s attempts 30
   65/120 pegasus3-fill85-a2.0-4   valid at 1s attempts 3
   66/120 pegasus3-fill85-a2.0-5   valid at 0s attempts 1
   67/120 pegasus3-fill85-a2.0-6   valid at 0s attempts 1
   68/120 pegasus3-fill85-a2.0-7   valid at 5s attempts 12
   69/120 pegasus3-fill85-a2.0-8   valid at 0s attempts 1
   70/120 pegasus3-fill85-a2.0-9   valid at 1s attempts 4
   71/120 pegasus3-fill85-a2.0-10  valid at 1s attempts 2
   72/120 pegasus3-fill85-a2.0-11  valid at 0s attempts 1
   73/120 pegasus3-fill90-a3.0-0   none within 300s attempts 486
   74/120 pegasus3-fill90-a3.0-1   none within 300s attempts 510
   75/120 pegasus3-fill90-a3.0-2   none within 300s attempts 454
   76/120 pegasus3-fill90-a3.0-3   none within 300s attempts 437
   77/120 pegasus3-fill90-a3.0-4   none within 300s attempts 572
   78/120 pegasus3-fill90-a3.0-5   none within 300s attempts 559
   79/120 pegasus3-fill90-a3.0-6   none within 300s attempts 420
   80/120 pegasus3-fill90-a3.0-7   none within 300s attempts 472
   81/120 pegasus3-fill90-a3.0-8   none within 300s attempts 494
   82/120 pegasus3-fill90-a3.0-9   none within 300s attempts 493
   83/120 pegasus3-fill90-a3.0-10  none within 300s attempts 486
   84/120 pegasus3-fill90-a3.0-11  none within 300s attempts 474
   85/120 pegasus3-fill90-a2.0-0   none within 300s attempts 617
   86/120 pegasus3-fill90-a2.0-1   none within 300s attempts 556
   87/120 pegasus3-fill90-a2.0-2   none within 300s attempts 646
   88/120 pegasus3-fill90-a2.0-3   valid at 4s attempts 11
   89/120 pegasus3-fill90-a2.0-4   valid at 0s attempts 1
   90/120 pegasus3-fill90-a2.0-5   valid at 1s attempts 3
   91/120 pegasus3-fill90-a2.0-6   none within 300s attempts 663
   92/120 pegasus3-fill90-a2.0-7   valid at 48s attempts 102
   93/120 pegasus3-fill90-a2.0-8   none within 300s attempts 577
   94/120 pegasus3-fill90-a2.0-9   valid at 73s attempts 176
   95/120 pegasus3-fill90-a2.0-10  valid at 0s attempts 1
   96/120 pegasus3-fill90-a2.0-11  valid at 3s attempts 7
   97/120 pegasus3-fill95-a3.0-0   none within 300s attempts 406
   98/120 pegasus3-fill95-a3.0-1   none within 300s attempts 494
   99/120 pegasus3-fill95-a3.0-2   none within 300s attempts 463
  100/120 pegasus3-fill95-a3.0-3   none within 300s attempts 417
  101/120 pegasus3-fill95-a3.0-4   none within 300s attempts 459
  102/120 pegasus3-fill95-a3.0-5   none within 300s attempts 525
  103/120 pegasus3-fill95-a3.0-6   none within 300s attempts 466
  104/120 pegasus3-fill95-a3.0-7   none within 300s attempts 438
  105/120 pegasus3-fill95-a3.0-8   none within 300s attempts 531
  106/120 pegasus3-fill95-a3.0-9   none within 300s attempts 446
  107/120 pegasus3-fill95-a3.0-10  none within 300s attempts 396
  108/120 pegasus3-fill95-a3.0-11  none within 300s attempts 392
  109/120 pegasus3-fill95-a2.0-0   none within 300s attempts 473
  110/120 pegasus3-fill95-a2.0-1   none within 300s attempts 520
  111/120 pegasus3-fill95-a2.0-2   none within 300s attempts 456
  112/120 pegasus3-fill95-a2.0-3   valid at 202s attempts 406
  113/120 pegasus3-fill95-a2.0-4   valid at 4s attempts 10
  114/120 pegasus3-fill95-a2.0-5   none within 300s attempts 537
  115/120 pegasus3-fill95-a2.0-6   none within 300s attempts 477
  116/120 pegasus3-fill95-a2.0-7   none within 300s attempts 466
  117/120 pegasus3-fill95-a2.0-8   none within 300s attempts 599
  118/120 pegasus3-fill95-a2.0-9   valid at 7s attempts 15
  119/120 pegasus3-fill95-a2.0-10  none within 300s attempts 449
  120/120 pegasus3-fill95-a2.0-11  none within 300s attempts 512

  cell               n   <=60s  <=300s  attempts   mmfill
  fill70-a2.0       12    1.00    1.00       1.0     0.67
  fill70-a3.0       12    1.00    1.00       3.4     0.83
  fill80-a2.0       12    0.83    0.92      81.4     0.79
  fill80-a3.0       12    0.33    0.42     345.3     0.89
  fill85-a2.0       12    1.00    1.00      10.0     0.83
  fill85-a3.0       12    0.00    0.00     479.2        -
  fill90-a2.0       12    0.50    0.58     280.0     0.85
  fill90-a3.0       12    0.00    0.00     488.1        -
  fill95-a2.0       12    0.17    0.25     410.0     0.92
  fill95-a3.0       12    0.00    0.00     452.8        -

  Validity at each deadline is the fraction of instances whose first valid embedding
  arrived within it; every attempt, including failures, is counted in wall time.

ANYTIME BASELINE DONE
