{
  "protocol": "constructor-quality-v2",
  "phase": "pilot",
  "jobs": [
    {
      "tag": "pegasus3_local_frozen_s0",
      "phase": "pilot",
      "host": "pegasus3",
      "arm": "frozen",
      "features": "local",
      "seed": 0,
      "command": [
        "/home/nguyencongt/isingfold/.venv/bin/python",
        "-u",
        "/home/nguyencongt/prj_IsingFold_pr2/probes/constructor_curriculum.py",
        "--manifest-split",
        "--cells",
        "fill30-a3.0",
        "--actor",
        "linear",
        "--baseline",
        "loo",
        "--train",
        "20",
        "--heldout",
        "4",
        "--instances-per-iteration",
        "4",
        "--episodes",
        "6",
        "--eval-episodes",
        "5",
        "--max-steps",
        "250",
        "--episode-seconds",
        "90",
        "--train-episode-seconds",
        "45",
        "--learning-rate",
        "0.003",
        "--advantage-scale",
        "1.0",
        "--entropy-coef",
        "0.0",
        "--support",
        "wide",
        "--stop-bias",
        "-6.0",
        "--reward-reads",
        "256",
        "--selection-reads",
        "256",
        "--assessment-reads",
        "4096",
        "--select-cap",
        "8",
        "--deadline",
        "300",
        "--proposal-fraction",
        "0.5",
        "--comparison",
        "all",
        "--grow-extra",
        "2",
        "--baseline-tries",
        "20",
        "--baseline-router-seconds",
        "2",
        "--evaluation-objective",
        "quality",
        "--eval-sets",
        "heldout",
        "--stage",
        "corpus",
        "--corpus",
        "runs/quality/pegasus3_f30",
        "--init",
        "runs/quality/r30_p3_s0.best.pt",
        "--features",
        "local",
        "--seed",
        "0",
        "--data-seed",
        "20260918",
        "--objective",
        "quality",
        "--iterations",
        "0",
        "--eval-every",
        "10",
        "--out",
        "runs/quality_study_f30/pegasus3_local_frozen_s0.pt"
      ],
      "log": "runs/quality_study_f30/pegasus3_local_frozen_s0.log",
      "checkpoint": "runs/quality_study_f30/pegasus3_local_frozen_s0.pt",
      "required": [
        "runs/quality/pegasus3_f30",
        "runs/quality/r30_p3_s0.best.pt"
      ]
    },
    {
      "tag": "pegasus3_local_continued_feasibility_s0",
      "phase": "pilot",
      "host": "pegasus3",
      "arm": "continued_feasibility",
      "features": "local",
      "seed": 0,
      "command": [
        "/home/nguyencongt/isingfold/.venv/bin/python",
        "-u",
        "/home/nguyencongt/prj_IsingFold_pr2/probes/constructor_curriculum.py",
        "--manifest-split",
        "--cells",
        "fill30-a3.0",
        "--actor",
        "linear",
        "--baseline",
        "loo",
        "--train",
        "20",
        "--heldout",
        "4",
        "--instances-per-iteration",
        "4",
        "--episodes",
        "6",
        "--eval-episodes",
        "5",
        "--max-steps",
        "250",
        "--episode-seconds",
        "90",
        "--train-episode-seconds",
        "45",
        "--learning-rate",
        "0.003",
        "--advantage-scale",
        "1.0",
        "--entropy-coef",
        "0.0",
        "--support",
        "wide",
        "--stop-bias",
        "-6.0",
        "--reward-reads",
        "256",
        "--selection-reads",
        "256",
        "--assessment-reads",
        "4096",
        "--select-cap",
        "8",
        "--deadline",
        "300",
        "--proposal-fraction",
        "0.5",
        "--comparison",
        "all",
        "--grow-extra",
        "2",
        "--baseline-tries",
        "20",
        "--baseline-router-seconds",
        "2",
        "--evaluation-objective",
        "quality",
        "--eval-sets",
        "heldout",
        "--stage",
        "corpus",
        "--corpus",
        "runs/quality/pegasus3_f30",
        "--init",
        "runs/quality/r30_p3_s0.best.pt",
        "--features",
        "local",
        "--seed",
        "0",
        "--data-seed",
        "20260918",
        "--objective",
        "feasibility",
        "--iterations",
        "20",
        "--eval-every",
        "10",
        "--out",
        "runs/quality_study_f30/pegasus3_local_continued_feasibility_s0.pt"
      ],
      "log": "runs/quality_study_f30/pegasus3_local_continued_feasibility_s0.log",
      "checkpoint": "runs/quality_study_f30/pegasus3_local_continued_feasibility_s0.pt",
      "required": [
        "runs/quality/pegasus3_f30",
        "runs/quality/r30_p3_s0.best.pt"
      ]
    },
    {
      "tag": "pegasus3_local_quality_s0",
      "phase": "pilot",
      "host": "pegasus3",
      "arm": "quality",
      "features": "local",
      "seed": 0,
      "command": [
        "/home/nguyencongt/isingfold/.venv/bin/python",
        "-u",
        "/home/nguyencongt/prj_IsingFold_pr2/probes/constructor_curriculum.py",
        "--manifest-split",
        "--cells",
        "fill30-a3.0",
        "--actor",
        "linear",
        "--baseline",
        "loo",
        "--train",
        "20",
        "--heldout",
        "4",
        "--instances-per-iteration",
        "4",
        "--episodes",
        "6",
        "--eval-episodes",
        "5",
        "--max-steps",
        "250",
        "--episode-seconds",
        "90",
        "--train-episode-seconds",
        "45",
        "--learning-rate",
        "0.003",
        "--advantage-scale",
        "1.0",
        "--entropy-coef",
        "0.0",
        "--support",
        "wide",
        "--stop-bias",
        "-6.0",
        "--reward-reads",
        "256",
        "--selection-reads",
        "256",
        "--assessment-reads",
        "4096",
        "--select-cap",
        "8",
        "--deadline",
        "300",
        "--proposal-fraction",
        "0.5",
        "--comparison",
        "all",
        "--grow-extra",
        "2",
        "--baseline-tries",
        "20",
        "--baseline-router-seconds",
        "2",
        "--evaluation-objective",
        "quality",
        "--eval-sets",
        "heldout",
        "--stage",
        "corpus",
        "--corpus",
        "runs/quality/pegasus3_f30",
        "--init",
        "runs/quality/r30_p3_s0.best.pt",
        "--features",
        "local",
        "--seed",
        "0",
        "--data-seed",
        "20260918",
        "--objective",
        "quality",
        "--iterations",
        "20",
        "--eval-every",
        "10",
        "--out",
        "runs/quality_study_f30/pegasus3_local_quality_s0.pt"
      ],
      "log": "runs/quality_study_f30/pegasus3_local_quality_s0.log",
      "checkpoint": "runs/quality_study_f30/pegasus3_local_quality_s0.pt",
      "required": [
        "runs/quality/pegasus3_f30",
        "runs/quality/r30_p3_s0.best.pt"
      ]
    }
  ],
  "execution": true
}
