{
  "protocol": "constructor-quality-v3",
  "phase": "pilot",
  "jobs": [
    {
      "tag": "pegasus3_physics_frozen_s0",
      "phase": "pilot",
      "host": "pegasus3",
      "arm": "frozen",
      "features": "physics",
      "seed": 0,
      "command": [
        "/home/nguyencongt/isingfold/.venv/bin/python",
        "-u",
        "/home/nguyencongt/prj_IsingFold_pr2/probes/constructor_curriculum.py",
        "--manifest-split",
        "--expand-features",
        "--cells",
        "fill30-a3.0",
        "--actor",
        "linear",
        "--baseline",
        "loo",
        "--train",
        "40",
        "--heldout",
        "30",
        "--instances-per-iteration",
        "4",
        "--episodes",
        "6",
        "--eval-episodes",
        "5",
        "--max-steps",
        "250",
        "--episode-seconds",
        "90",
        "--train-episode-seconds",
        "45",
        "--learning-rate",
        "0.003",
        "--advantage-scale",
        "1.0",
        "--entropy-coef",
        "0.0",
        "--support",
        "wide",
        "--stop-bias",
        "-6.0",
        "--reward-reads",
        "256",
        "--selection-reads",
        "256",
        "--assessment-reads",
        "4096",
        "--select-cap",
        "8",
        "--deadline",
        "300",
        "--proposal-fraction",
        "0.5",
        "--comparison",
        "minorminer_grown",
        "--grow-extra",
        "2",
        "--baseline-tries",
        "20",
        "--baseline-router-seconds",
        "2",
        "--evaluation-objective",
        "quality",
        "--eval-sets",
        "heldout",
        "--features",
        "physics",
        "--stage",
        "corpus",
        "--corpus",
        "runs/quality/pegasus3_f30_large",
        "--init",
        "runs/quality/r30_p3_s0.best.pt",
        "--seed",
        "0",
        "--data-seed",
        "20260918",
        "--objective",
        "quality",
        "--iterations",
        "0",
        "--eval-every",
        "40",
        "--out",
        "runs/quality_study_v3/pegasus3_physics_frozen_s0.pt"
      ],
      "log": "runs/quality_study_v3/pegasus3_physics_frozen_s0.log",
      "checkpoint": "runs/quality_study_v3/pegasus3_physics_frozen_s0.pt",
      "required": [
        "runs/quality/pegasus3_f30_large",
        "runs/quality/r30_p3_s0.best.pt"
      ]
    },
    {
      "tag": "pegasus3_physics_continued_feasibility_s0",
      "phase": "pilot",
      "host": "pegasus3",
      "arm": "continued_feasibility",
      "features": "physics",
      "seed": 0,
      "command": [
        "/home/nguyencongt/isingfold/.venv/bin/python",
        "-u",
        "/home/nguyencongt/prj_IsingFold_pr2/probes/constructor_curriculum.py",
        "--manifest-split",
        "--expand-features",
        "--cells",
        "fill30-a3.0",
        "--actor",
        "linear",
        "--baseline",
        "loo",
        "--train",
        "40",
        "--heldout",
        "30",
        "--instances-per-iteration",
        "4",
        "--episodes",
        "6",
        "--eval-episodes",
        "5",
        "--max-steps",
        "250",
        "--episode-seconds",
        "90",
        "--train-episode-seconds",
        "45",
        "--learning-rate",
        "0.003",
        "--advantage-scale",
        "1.0",
        "--entropy-coef",
        "0.0",
        "--support",
        "wide",
        "--stop-bias",
        "-6.0",
        "--reward-reads",
        "256",
        "--selection-reads",
        "256",
        "--assessment-reads",
        "4096",
        "--select-cap",
        "8",
        "--deadline",
        "300",
        "--proposal-fraction",
        "0.5",
        "--comparison",
        "minorminer_grown",
        "--grow-extra",
        "2",
        "--baseline-tries",
        "20",
        "--baseline-router-seconds",
        "2",
        "--evaluation-objective",
        "quality",
        "--eval-sets",
        "heldout",
        "--features",
        "physics",
        "--stage",
        "corpus",
        "--corpus",
        "runs/quality/pegasus3_f30_large",
        "--init",
        "runs/quality/r30_p3_s0.best.pt",
        "--seed",
        "0",
        "--data-seed",
        "20260918",
        "--objective",
        "feasibility",
        "--iterations",
        "40",
        "--eval-every",
        "40",
        "--out",
        "runs/quality_study_v3/pegasus3_physics_continued_feasibility_s0.pt"
      ],
      "log": "runs/quality_study_v3/pegasus3_physics_continued_feasibility_s0.log",
      "checkpoint": "runs/quality_study_v3/pegasus3_physics_continued_feasibility_s0.pt",
      "required": [
        "runs/quality/pegasus3_f30_large",
        "runs/quality/r30_p3_s0.best.pt"
      ]
    },
    {
      "tag": "pegasus3_physics_quality_s0",
      "phase": "pilot",
      "host": "pegasus3",
      "arm": "quality",
      "features": "physics",
      "seed": 0,
      "command": [
        "/home/nguyencongt/isingfold/.venv/bin/python",
        "-u",
        "/home/nguyencongt/prj_IsingFold_pr2/probes/constructor_curriculum.py",
        "--manifest-split",
        "--expand-features",
        "--cells",
        "fill30-a3.0",
        "--actor",
        "linear",
        "--baseline",
        "loo",
        "--train",
        "40",
        "--heldout",
        "30",
        "--instances-per-iteration",
        "4",
        "--episodes",
        "6",
        "--eval-episodes",
        "5",
        "--max-steps",
        "250",
        "--episode-seconds",
        "90",
        "--train-episode-seconds",
        "45",
        "--learning-rate",
        "0.003",
        "--advantage-scale",
        "1.0",
        "--entropy-coef",
        "0.0",
        "--support",
        "wide",
        "--stop-bias",
        "-6.0",
        "--reward-reads",
        "256",
        "--selection-reads",
        "256",
        "--assessment-reads",
        "4096",
        "--select-cap",
        "8",
        "--deadline",
        "300",
        "--proposal-fraction",
        "0.5",
        "--comparison",
        "minorminer_grown",
        "--grow-extra",
        "2",
        "--baseline-tries",
        "20",
        "--baseline-router-seconds",
        "2",
        "--evaluation-objective",
        "quality",
        "--eval-sets",
        "heldout",
        "--features",
        "physics",
        "--stage",
        "corpus",
        "--corpus",
        "runs/quality/pegasus3_f30_large",
        "--init",
        "runs/quality/r30_p3_s0.best.pt",
        "--seed",
        "0",
        "--data-seed",
        "20260918",
        "--objective",
        "quality",
        "--iterations",
        "40",
        "--eval-every",
        "40",
        "--out",
        "runs/quality_study_v3/pegasus3_physics_quality_s0.pt",
        "--conditional-quality",
        "6",
        "--conditional-attempts",
        "4"
      ],
      "log": "runs/quality_study_v3/pegasus3_physics_quality_s0.log",
      "checkpoint": "runs/quality_study_v3/pegasus3_physics_quality_s0.pt",
      "required": [
        "runs/quality/pegasus3_f30_large",
        "runs/quality/r30_p3_s0.best.pt"
      ]
    }
  ],
  "execution": true
}
