{"cache": "runs/r1/labels.pkl", "key": ["runs/v1/corpus", 200, 60, 2, 8, 256, 0], "device": "cuda", "width": 64}
  training lineages: 389 states compiled, 0 candidates dropped, 5s
  held-out lineages: 118 states compiled, 0 candidates dropped, 2s
  scorer parameters 123905
  step   1  nll 0.69310  rank 2.02015  train regret 0.1672  grad 45.844  inner -
  step  51  nll 0.66579  rank 1.88763  train regret 0.1135  grad 437.012  inner -
  step 101  nll 0.65112  rank 1.69487  train regret 0.0574  grad 1094.972  inner -
  step 151  nll 0.64903  rank 1.58854  train regret 0.0454  grad 2749.459  inner -
  step 201  nll 0.63372  rank 1.46888  train regret 0.0266  grad 2313.226  inner -
  step 251  nll 0.63212  rank 1.38956  train regret 0.0147  grad 3808.063  inner -
  step 301  nll 0.61428  rank 1.36008  train regret 0.0152  grad 3284.983  inner -
  step 351  nll 0.64151  rank 1.31454  train regret 0.0074  grad 4849.365  inner -
  step 400  nll 0.62266  rank 1.28029  train regret 0.0070  grad 3754.453  inner -

== TRAINING states, fitted on, 118 states, every pick re-measured on 512 independent reads
  picking by oracle     0.6242  over 118 states
  picking by head       0.6235  over 118 states
  picking by random     0.4879  over 118 states
  picking by resource   0.4832  over 118 states
  picking by incumbent  0.4919  over 118 states
  head minus random                    n 118 states in  61 lineages  +0.1343 [+0.1035, +0.1656]  (paired by lineage)
  head minus the protected incumbent   n 118 states in  61 lineages  +0.1315 [+0.0951, +0.1691]  (paired by lineage)
  oracle minus random, the ceiling     n 118 states in  61 lineages  +0.1350 [+0.1051, +0.1654]  (paired by lineage)
  head minus oracle, left on the table n 118 states in  61 lineages  -0.0006 [-0.0061, +0.0049]  (paired by lineage)
  median within-state rank correlation +0.714

== HELD-OUT lineages, never trained on, 118 states, every pick re-measured on 512 independent reads
  picking by oracle     0.7083  over 118 states
  picking by head       0.5879  over 118 states
  picking by random     0.5780  over 118 states
  picking by resource   0.5739  over 118 states
  picking by incumbent  0.5991  over 118 states
  head minus random                    n 118 states in  60 lineages  +0.0109 [-0.0147, +0.0381]  (paired by lineage)
  head minus the protected incumbent   n 118 states in  60 lineages  -0.0104 [-0.0465, +0.0246]  (paired by lineage)
  oracle minus random, the ceiling     n 118 states in  60 lineages  +0.1297 [+0.0981, +0.1635]  (paired by lineage)
  head minus oracle, left on the table n 118 states in  60 lineages  -0.1188 [-0.1491, -0.0903]  (paired by lineage)
  median within-state rank correlation +0.060

SUCCESSOR SCORER DONE
