{"cache": "runs/r1/labels.pkl", "key": ["runs/v1/corpus", 200, 60, 2, 8, 256, 0], "device": "cuda", "width": 64}
  training lineages: 389 states compiled, 0 candidates dropped, 8s
  held-out lineages: 118 states compiled, 0 candidates dropped, 5s
  scorer parameters 123905
  step   1  nll 0.69382  rank 2.01691  train regret 0.1663  grad 48.850  inner -
  step  51  nll 0.65985  rank 1.84978  train regret 0.0953  grad 897.429  inner -
  step 101  nll 0.64934  rank 1.66476  train regret 0.0525  grad 2188.730  inner -
  step 151  nll 0.65639  rank 1.54601  train regret 0.0324  grad 3462.165  inner -
  step 201  nll 0.63451  rank 1.47543  train regret 0.0232  grad 3048.935  inner -
  step 251  nll 0.62591  rank 1.41085  train regret 0.0174  grad 2947.746  inner -
  step 301  nll 0.64256  rank 1.35178  train regret 0.0112  grad 4591.279  inner -
  step 351  nll 0.61234  rank 1.32420  train regret 0.0102  grad 2475.688  inner -
  step 400  nll 0.60704  rank 1.34649  train regret 0.0141  grad 2726.936  inner -

== TRAINING states, fitted on, 118 states, every pick re-measured on 512 independent reads
  picking by oracle     0.6242  over 118 states
  picking by head       0.6236  over 118 states
  picking by random     0.4879  over 118 states
  picking by resource   0.4832  over 118 states
  picking by incumbent  0.4919  over 118 states
  head minus random                    n 118 states in  61 lineages  +0.1344 [+0.1034, +0.1662]  (paired by lineage)
  head minus the protected incumbent   n 118 states in  61 lineages  +0.1315 [+0.0953, +0.1703]  (paired by lineage)
  oracle minus random, the ceiling     n 118 states in  61 lineages  +0.1350 [+0.1051, +0.1654]  (paired by lineage)
  head minus oracle, left on the table n 118 states in  61 lineages  -0.0005 [-0.0075, +0.0058]  (paired by lineage)
  median within-state rank correlation +0.681

== HELD-OUT lineages, never trained on, 118 states, every pick re-measured on 512 independent reads
  picking by oracle     0.7083  over 118 states
  picking by head       0.5940  over 118 states
  picking by random     0.5780  over 118 states
  picking by resource   0.5739  over 118 states
  picking by incumbent  0.5991  over 118 states
  head minus random                    n 118 states in  60 lineages  +0.0157 [-0.0161, +0.0474]  (paired by lineage)
  head minus the protected incumbent   n 118 states in  60 lineages  -0.0056 [-0.0382, +0.0278]  (paired by lineage)
  oracle minus random, the ceiling     n 118 states in  60 lineages  +0.1297 [+0.0981, +0.1635]  (paired by lineage)
  head minus oracle, left on the table n 118 states in  60 lineages  -0.1140 [-0.1419, -0.0881]  (paired by lineage)
  median within-state rank correlation +0.110

SUCCESSOR SCORER DONE
