{"corpus": "runs/modern/pegasus6/corpus", "lineages": 60, "alphas": [3.0, 2.2, 1.6, 1.2], "modes": ["length", "redundant", "contact"], "lmin": 1, "lmax": 8, "reads": 512, "repeats": 2}
  instances swept 60, invalid growths 0, over cap 0, qubits short of target 22, 703s

  alpha    qubits    mean chain  max chain   quality   vs the minorminer start
  start       -       23.4      -           0.5361    -
  length      3.0     26.9      1.49        0.5384    +0.0023 [-0.0065, +0.0107] over 60
  length      2.2     32.5      1.80        0.5317    -0.0045 [-0.0233, +0.0131] over 60
  length      1.6     40.5      2.24        0.4763    -0.0599 [-0.0921, -0.0294] over 60
  length      1.2     48.0      2.67        0.4617    -0.0744 [-0.1153, -0.0328] over 60
  redundant   3.0     26.9      1.49        0.5412    +0.0051 [-0.0155, +0.0254] over 60
  redundant   2.2     31.5      1.75        0.5122    -0.0240 [-0.0458, -0.0015] over 60
  redundant   1.6     39.4      2.19        0.4448    -0.0914 [-0.1377, -0.0482] over 60
  redundant   1.2     48.4      2.69        0.3625    -0.1736 [-0.2296, -0.1186] over 60
  contact     3.0     27.0      1.50        0.5952    +0.0590 [+0.0255, +0.0975] over 60
  contact     2.2     33.2      1.84        0.6357    +0.0996 [+0.0484, +0.1544] over 60
  contact     1.6     39.6      2.20        0.5777    +0.0415 [-0.0093, +0.0936] over 60
  contact     1.2     48.4      2.69        0.5242    -0.0119 [-0.0725, +0.0488] over 60

  Growth only adds qubits, so these are nested in resource: every row realises the
  same couplings as the row above it and costs more. A quality column that rises with
  the qubit column is the advisor's claim that unused hardware is an opportunity; one
  that falls is the opposite; one that does nothing says the budget is not the
  variable, and this time the comparison is a budget sweep rather than a perturbation.

BUDGET SWEEP DONE
