{"corpus": "runs/small/pegasus3/corpus", "instances": 120, "deadline": 30.0}
    1/120 pegasus3-fill70-a3.0-0     witness: ours ok   0.0s mm ok   0.0s | half: ours no   0.0s mm ok   0.0s
    2/120 pegasus3-fill70-a3.0-1     witness: ours ok   0.5s mm ok   0.0s | half: ours no   0.0s mm ok   0.0s
    3/120 pegasus3-fill70-a3.0-2     witness: ours ok   0.0s mm ok   0.0s | half: ours no   0.0s mm ok   0.0s
    4/120 pegasus3-fill70-a3.0-3     witness: ours ok   0.0s mm ok   0.0s | half: ours no   0.0s mm ok   0.0s
    5/120 pegasus3-fill70-a3.0-4     witness: ours ok   0.0s mm ok   0.0s | half: ours no   0.0s mm ok   0.0s
    6/120 pegasus3-fill70-a3.0-5     witness: ours no   0.9s mm ok   0.0s | half: ours no   1.6s mm ok   0.0s
    7/120 pegasus3-fill70-a3.0-6     witness: ours ok   0.0s mm ok   0.0s | half: ours no   0.0s mm ok   0.2s
    8/120 pegasus3-fill70-a3.0-7     witness: ours ok   0.0s mm ok   0.0s | half: ours no   0.0s mm ok   0.0s
    9/120 pegasus3-fill70-a3.0-8     witness: ours ok   0.0s mm ok   0.0s | half: ours no   0.0s mm ok   0.0s
   10/120 pegasus3-fill70-a3.0-9     witness: ours ok   0.0s mm ok   0.0s | half: ours no   0.0s mm ok   0.2s
   11/120 pegasus3-fill70-a3.0-10    witness: ours ok   0.0s mm ok   0.0s | half: ours no   0.0s mm ok   0.0s
   12/120 pegasus3-fill70-a3.0-11    witness: ours ok   0.0s mm ok   0.0s | half: ours no   0.0s mm ok   0.0s
   13/120 pegasus3-fill70-a2.0-0     witness: ours no   0.9s mm ok   0.0s | half: ours no   0.0s mm ok   0.0s
   14/120 pegasus3-fill70-a2.0-1     witness: ours ok   0.0s mm ok   0.0s | half: ours no   0.0s mm ok   0.0s
   15/120 pegasus3-fill70-a2.0-2     witness: ours ok   0.0s mm ok   0.0s | half: ours no   0.0s mm ok   0.0s
   16/120 pegasus3-fill70-a2.0-3     witness: ours no   1.2s mm ok   0.0s | half: ours no   0.8s mm ok   0.0s
   17/120 pegasus3-fill70-a2.0-4     witness: ours ok   0.0s mm ok   0.0s | half: ours ok   0.0s mm ok   0.0s
   18/120 pegasus3-fill70-a2.0-5     witness: ours ok   0.0s mm ok   0.0s | half: ours no   1.9s mm ok   0.0s
   19/120 pegasus3-fill70-a2.0-6     witness: ours ok   0.0s mm ok   0.0s | half: ours no   0.0s mm ok   0.0s
   20/120 pegasus3-fill70-a2.0-7     witness: ours ok   0.0s mm ok   0.0s | half: ours no   0.0s mm ok   0.0s
   21/120 pegasus3-fill70-a2.0-8     witness: ours ok   0.0s mm ok   0.0s | half: ours no   0.0s mm ok   0.0s
   22/120 pegasus3-fill70-a2.0-9     witness: ours ok   0.0s mm ok   0.0s | half: ours no   0.0s mm ok   0.0s
   23/120 pegasus3-fill70-a2.0-10    witness: ours ok   0.0s mm ok   0.0s | half: ours no   0.0s mm ok   0.0s
   24/120 pegasus3-fill70-a2.0-11    witness: ours ok   0.0s mm ok   0.0s | half: ours no   0.0s mm ok   0.0s
   25/120 pegasus3-fill80-a3.0-0     witness: ours ok   0.0s mm ok   0.0s | half: ours no   0.0s mm ok  17.4s
   26/120 pegasus3-fill80-a3.0-1     witness: ours ok   0.0s mm ok   0.0s | half: ours no   0.0s mm ok   0.0s
   27/120 pegasus3-fill80-a3.0-2     witness: ours ok   0.0s mm ok   0.0s | half: ours no   0.0s mm ok   1.7s
   28/120 pegasus3-fill80-a3.0-3     witness: ours ok   0.0s mm ok   0.0s | half: ours no   0.0s mm ok   0.3s
   29/120 pegasus3-fill80-a3.0-4     witness: ours ok   0.0s mm ok   0.0s | half: ours no   0.0s mm ok   1.2s
   30/120 pegasus3-fill80-a3.0-5     witness: ours ok   0.0s mm ok   0.0s | half: ours no   0.0s mm ok   0.3s
   31/120 pegasus3-fill80-a3.0-6     witness: ours ok   0.1s mm ok   0.0s | half: ours no   0.0s mm ok   0.5s
   32/120 pegasus3-fill80-a3.0-7     witness: ours ok   0.0s mm ok   0.0s | half: ours no   0.0s mm ok   1.9s
   33/120 pegasus3-fill80-a3.0-8     witness: ours ok   0.4s mm ok   0.0s | half: ours no   0.0s mm ok   0.0s
   34/120 pegasus3-fill80-a3.0-9     witness: ours ok   0.0s mm ok   0.0s | half: ours no   0.0s mm ok   0.8s
   35/120 pegasus3-fill80-a3.0-10    witness: ours ok   0.9s mm ok   0.0s | half: ours no   0.0s mm ok   1.4s
   36/120 pegasus3-fill80-a3.0-11    witness: ours no   0.6s mm ok   0.0s | half: ours no   0.0s mm ok   0.2s
   37/120 pegasus3-fill80-a2.0-0     witness: ours ok   0.1s mm ok   0.0s | half: ours no   1.0s mm ok   0.0s
   38/120 pegasus3-fill80-a2.0-1     witness: ours ok   0.0s mm ok   0.0s | half: ours no   0.0s mm ok   0.1s
   39/120 pegasus3-fill80-a2.0-2     witness: ours ok   0.0s mm ok   0.0s | half: ours no   0.2s mm ok   0.0s
   40/120 pegasus3-fill80-a2.0-3     witness: ours no   0.9s mm ok   0.0s | half: ours no   0.0s mm ok   0.5s
   41/120 pegasus3-fill80-a2.0-4     witness: ours no   0.6s mm ok   0.0s | half: ours no   0.0s mm ok   0.0s
   42/120 pegasus3-fill80-a2.0-5     witness: ours ok   0.1s mm ok   0.0s | half: ours no   0.0s mm ok   1.6s
   43/120 pegasus3-fill80-a2.0-6     witness: ours ok   0.0s mm ok   0.0s | half: ours no   0.0s mm ok   0.1s
   44/120 pegasus3-fill80-a2.0-7     witness: ours ok   0.0s mm ok   0.0s | half: ours no   0.0s mm ok   0.0s
   45/120 pegasus3-fill80-a2.0-8     witness: ours ok   0.0s mm ok   0.0s | half: ours no   0.0s mm ok   0.7s
   46/120 pegasus3-fill80-a2.0-9     witness: ours no   1.0s mm ok   0.0s | half: ours no   0.0s mm ok   1.6s
   47/120 pegasus3-fill80-a2.0-10    witness: ours ok   0.0s mm ok   0.0s | half: ours no   1.9s mm ok   0.0s
   48/120 pegasus3-fill80-a2.0-11    witness: ours no   0.0s mm ok   0.0s | half: ours no   0.0s mm ok   0.5s
   49/120 pegasus3-fill85-a3.0-0     witness: ours ok   0.0s mm ok   0.0s | half: ours no   0.0s mm no  30.2s
   50/120 pegasus3-fill85-a3.0-1     witness: ours ok   0.0s mm ok   0.0s | half: ours no   0.0s mm ok  10.3s
   51/120 pegasus3-fill85-a3.0-2     witness: ours ok   0.0s mm ok   0.0s | half: ours no   0.0s mm ok   6.9s
   52/120 pegasus3-fill85-a3.0-3     witness: ours ok   0.0s mm ok   0.0s | half: ours no   0.0s mm ok   1.1s
   53/120 pegasus3-fill85-a3.0-4     witness: ours ok   0.0s mm ok   0.0s | half: ours no   0.0s mm no  30.3s
   54/120 pegasus3-fill85-a3.0-5     witness: ours ok   0.0s mm ok   0.0s | half: ours no   0.0s mm ok  22.5s
   55/120 pegasus3-fill85-a3.0-6     witness: ours ok   0.0s mm ok   0.0s | half: ours no   0.0s mm no  30.1s
   56/120 pegasus3-fill85-a3.0-7     witness: ours ok   0.0s mm ok   0.0s | half: ours no   0.0s mm no  30.3s
   57/120 pegasus3-fill85-a3.0-8     witness: ours ok   0.0s mm ok   0.0s | half: ours no   0.0s mm no  30.1s
   58/120 pegasus3-fill85-a3.0-9     witness: ours no   0.8s mm ok   0.0s | half: ours no   0.0s mm no  30.2s
   59/120 pegasus3-fill85-a3.0-10    witness: ours ok   0.0s mm ok   0.0s | half: ours no   0.0s mm no  30.0s
   60/120 pegasus3-fill85-a3.0-11    witness: ours ok   0.0s mm ok   0.0s | half: ours no   0.0s mm ok   1.8s
   61/120 pegasus3-fill85-a2.0-0     witness: ours no   0.7s mm ok   0.0s | half: ours no   0.0s mm ok   0.1s
   62/120 pegasus3-fill85-a2.0-1     witness: ours ok   0.0s mm ok   0.0s | half: ours no   0.0s mm ok   0.0s
   63/120 pegasus3-fill85-a2.0-2     witness: ours no   1.1s mm ok   0.0s | half: ours no   0.0s mm ok   1.1s
   64/120 pegasus3-fill85-a2.0-3     witness: ours no   2.9s mm ok   0.0s | half: ours no   0.0s mm ok   0.7s
   65/120 pegasus3-fill85-a2.0-4     witness: ours ok   0.0s mm ok   0.0s | half: ours no   0.0s mm ok   0.0s
   66/120 pegasus3-fill85-a2.0-5     witness: ours ok   0.2s mm ok   0.0s | half: ours no   0.0s mm ok   0.0s
   67/120 pegasus3-fill85-a2.0-6     witness: ours no   1.1s mm ok   0.0s | half: ours no   0.0s mm ok   0.1s
   68/120 pegasus3-fill85-a2.0-7     witness: ours no   0.0s mm ok   0.0s | half: ours no   0.0s mm ok   0.0s
   69/120 pegasus3-fill85-a2.0-8     witness: ours ok   0.0s mm ok   0.0s | half: ours no   0.0s mm ok   0.0s
   70/120 pegasus3-fill85-a2.0-9     witness: ours no   0.0s mm ok   0.0s | half: ours no   0.0s mm ok   0.0s
   71/120 pegasus3-fill85-a2.0-10    witness: ours no   1.0s mm ok   0.0s | half: ours no   0.0s mm ok   0.1s
   72/120 pegasus3-fill85-a2.0-11    witness: ours no   2.1s mm ok   0.0s | half: ours no   0.0s mm ok   0.0s
   73/120 pegasus3-fill90-a3.0-0     witness: ours ok   0.0s mm ok   0.0s | half: ours no   0.0s mm no  30.4s
   74/120 pegasus3-fill90-a3.0-1     witness: ours no   0.0s mm ok   0.0s | half: ours no   0.0s mm no  30.1s
   75/120 pegasus3-fill90-a3.0-2     witness: ours ok   0.0s mm ok   0.0s | half: ours no   0.0s mm no  30.1s
   76/120 pegasus3-fill90-a3.0-3     witness: ours ok   0.0s mm ok   0.0s | half: ours no   0.0s mm no  30.1s
   77/120 pegasus3-fill90-a3.0-4     witness: ours no   1.1s mm ok   0.0s | half: ours no   0.0s mm ok   6.2s
