{"corpus": "runs/small/pegasus3/corpus", "instances": 120, "deadline": 30.0}
    1/120 pegasus3-fill70-a3.0-0     witness: ours ok   0.0s mm ok   0.0s | half: ours no  30.0s mm ok   0.0s
    2/120 pegasus3-fill70-a3.0-1     witness: ours ok   3.7s mm ok   0.0s | half: ours no  30.0s mm ok   0.0s
    3/120 pegasus3-fill70-a3.0-2     witness: ours ok   0.0s mm ok   0.0s | half: ours no  30.0s mm ok   0.0s
    4/120 pegasus3-fill70-a3.0-3     witness: ours ok   0.0s mm ok   0.0s | half: ours no  30.0s mm ok   0.0s
    5/120 pegasus3-fill70-a3.0-4     witness: ours ok   0.0s mm ok   0.0s | half: ours no  30.0s mm ok   0.0s
    6/120 pegasus3-fill70-a3.0-5     witness: ours ok   0.0s mm ok   0.0s | half: ours no  30.0s mm ok   0.0s
    7/120 pegasus3-fill70-a3.0-6     witness: ours ok   1.7s mm ok   0.0s | half: ours no  30.0s mm ok   0.2s
    8/120 pegasus3-fill70-a3.0-7     witness: ours ok   0.0s mm ok   0.0s | half: ours no  30.0s mm ok   0.0s
    9/120 pegasus3-fill70-a3.0-8     witness: ours ok   0.0s mm ok   0.0s | half: ours no  30.0s mm ok   0.0s
   10/120 pegasus3-fill70-a3.0-9     witness: ours ok   0.2s mm ok   0.0s | half: ours no  30.0s mm ok   0.2s
   11/120 pegasus3-fill70-a3.0-10    witness: ours ok   0.0s mm ok   0.0s | half: ours no  30.0s mm ok   0.0s
   12/120 pegasus3-fill70-a3.0-11    witness: ours ok   0.3s mm ok   0.0s | half: ours no  30.0s mm ok   0.0s
   13/120 pegasus3-fill70-a2.0-0     witness: ours ok   0.0s mm ok   0.0s | half: ours no  30.0s mm ok   0.0s
   14/120 pegasus3-fill70-a2.0-1     witness: ours ok   0.0s mm ok   0.0s | half: ours no  30.0s mm ok   0.0s
   15/120 pegasus3-fill70-a2.0-2     witness: ours ok   0.0s mm ok   0.0s | half: ours ok   0.0s mm ok   0.0s
   16/120 pegasus3-fill70-a2.0-3     witness: ours ok   0.0s mm ok   0.0s | half: ours ok   0.7s mm ok   0.0s
   17/120 pegasus3-fill70-a2.0-4     witness: ours ok   0.0s mm ok   0.0s | half: ours ok   0.0s mm ok   0.0s
   18/120 pegasus3-fill70-a2.0-5     witness: ours ok   0.0s mm ok   0.0s | half: ours no  30.0s mm ok   0.0s
   19/120 pegasus3-fill70-a2.0-6     witness: ours ok   0.0s mm ok   0.0s | half: ours no  30.0s mm ok   0.0s
   20/120 pegasus3-fill70-a2.0-7     witness: ours ok   0.3s mm ok   0.0s | half: ours no  30.0s mm ok   0.0s
   21/120 pegasus3-fill70-a2.0-8     witness: ours ok   0.0s mm ok   0.0s | half: ours no  30.0s mm ok   0.0s
   22/120 pegasus3-fill70-a2.0-9     witness: ours ok   0.0s mm ok   0.0s | half: ours no  30.0s mm ok   0.0s
   23/120 pegasus3-fill70-a2.0-10    witness: ours ok   0.0s mm ok   0.0s | half: ours no  30.0s mm ok   0.0s
   24/120 pegasus3-fill70-a2.0-11    witness: ours ok   0.0s mm ok   0.0s | half: ours no  30.0s mm ok   0.0s
   25/120 pegasus3-fill80-a3.0-0     witness: ours ok   0.3s mm ok   0.0s | half: ours no  30.0s mm ok  17.4s
   26/120 pegasus3-fill80-a3.0-1     witness: ours ok   0.0s mm ok   0.0s | half: ours no  30.0s mm ok   0.0s
   27/120 pegasus3-fill80-a3.0-2     witness: ours ok   0.0s mm ok   0.0s | half: ours no  30.0s mm ok   1.7s
   28/120 pegasus3-fill80-a3.0-3     witness: ours ok   0.0s mm ok   0.0s | half: ours no  30.0s mm ok   0.3s
   29/120 pegasus3-fill80-a3.0-4     witness: ours no  30.0s mm ok   0.0s | half: ours no  30.0s mm ok   1.2s
   30/120 pegasus3-fill80-a3.0-5     witness: ours ok   1.3s mm ok   0.0s | half: ours no  30.0s mm ok   0.3s
   31/120 pegasus3-fill80-a3.0-6     witness: ours ok   4.8s mm ok   0.0s | half: ours no  30.0s mm ok   0.4s
   32/120 pegasus3-fill80-a3.0-7     witness: ours no  30.0s mm ok   0.0s | half: ours no  30.0s mm ok   1.9s
   33/120 pegasus3-fill80-a3.0-8     witness: ours ok   0.0s mm ok   0.0s | half: ours no  30.0s mm ok   0.0s
   34/120 pegasus3-fill80-a3.0-9     witness: ours no  30.0s mm ok   0.0s | half: ours no  30.0s mm ok   0.8s
   35/120 pegasus3-fill80-a3.0-10    witness: ours ok   0.4s mm ok   0.0s | half: ours no  30.0s mm ok   1.4s
   36/120 pegasus3-fill80-a3.0-11    witness: ours no  30.0s mm ok   0.0s | half: ours no  30.0s mm ok   0.2s
   37/120 pegasus3-fill80-a2.0-0     witness: ours ok   0.9s mm ok   0.0s | half: ours no  30.0s mm ok   0.0s
   38/120 pegasus3-fill80-a2.0-1     witness: ours ok   0.2s mm ok   0.0s | half: ours no  30.0s mm ok   0.1s
   39/120 pegasus3-fill80-a2.0-2     witness: ours no  30.0s mm ok   0.0s | half: ours no  30.0s mm ok   0.0s
   40/120 pegasus3-fill80-a2.0-3     witness: ours no  30.0s mm ok   0.0s | half: ours no  30.0s mm ok   0.5s
   41/120 pegasus3-fill80-a2.0-4     witness: ours ok   0.0s mm ok   0.0s | half: ours no  30.0s mm ok   0.0s
   42/120 pegasus3-fill80-a2.0-5     witness: ours ok   0.6s mm ok   0.0s | half: ours no  30.0s mm ok   1.5s
   43/120 pegasus3-fill80-a2.0-6     witness: ours ok   0.0s mm ok   0.0s | half: ours no  30.0s mm ok   0.1s
   44/120 pegasus3-fill80-a2.0-7     witness: ours ok   0.0s mm ok   0.0s | half: ours no  30.0s mm ok   0.0s
   45/120 pegasus3-fill80-a2.0-8     witness: ours no  30.0s mm ok   0.0s | half: ours no  30.0s mm ok   0.7s
   46/120 pegasus3-fill80-a2.0-9     witness: ours ok   0.8s mm ok   0.0s | half: ours no  30.0s mm ok   1.4s
   47/120 pegasus3-fill80-a2.0-10    witness: ours ok   0.0s mm ok   0.0s | half: ours ok   0.2s mm ok   0.0s
   48/120 pegasus3-fill80-a2.0-11    witness: ours ok   7.0s mm ok   0.0s | half: ours no  30.0s mm ok   0.5s
   49/120 pegasus3-fill85-a3.0-0     witness: ours ok   0.8s mm ok   0.0s | half: ours no  30.0s mm no  30.4s
   50/120 pegasus3-fill85-a3.0-1     witness: ours ok   0.0s mm ok   0.0s | half: ours no  30.0s mm ok   9.7s
   51/120 pegasus3-fill85-a3.0-2     witness: ours no  30.0s mm ok   0.0s | half: ours no  30.0s mm ok   6.8s
   52/120 pegasus3-fill85-a3.0-3     witness: ours ok   2.1s mm ok   0.0s | half: ours no  30.0s mm ok   1.1s
   53/120 pegasus3-fill85-a3.0-4     witness: ours ok   0.0s mm ok   0.0s | half: ours no  30.0s mm no  30.5s
   54/120 pegasus3-fill85-a3.0-5     witness: ours no  30.0s mm ok   0.0s | half: ours no  30.0s mm ok  22.3s
   55/120 pegasus3-fill85-a3.0-6     witness: ours ok   3.6s mm ok   0.0s | half: ours no  30.0s mm no  30.4s
   56/120 pegasus3-fill85-a3.0-7     witness: ours no  30.0s mm ok   0.0s | half: ours no  30.0s mm no  30.5s
   57/120 pegasus3-fill85-a3.0-8     witness: ours no  30.0s mm ok   0.0s | half: ours no  30.0s mm no  30.4s
   58/120 pegasus3-fill85-a3.0-9     witness: ours no  30.0s mm ok   0.0s | half: ours no  30.0s mm no  30.3s
   59/120 pegasus3-fill85-a3.0-10    witness: ours ok   0.5s mm ok   0.0s | half: ours no  30.0s mm no  30.1s
   60/120 pegasus3-fill85-a3.0-11    witness: ours no  30.0s mm ok   0.0s | half: ours no  30.0s mm ok   1.8s
   61/120 pegasus3-fill85-a2.0-0     witness: ours no  30.0s mm ok   0.0s | half: ours no  30.0s mm ok   0.1s
   62/120 pegasus3-fill85-a2.0-1     witness: ours ok  14.5s mm ok   0.0s | half: ours no  30.0s mm ok   0.0s
   63/120 pegasus3-fill85-a2.0-2     witness: ours no  30.0s mm ok   0.0s | half: ours no  30.0s mm ok   1.1s
   64/120 pegasus3-fill85-a2.0-3     witness: ours no  30.0s mm ok   0.0s | half: ours no  30.0s mm ok   0.7s
   65/120 pegasus3-fill85-a2.0-4     witness: ours ok   0.1s mm ok   0.0s | half: ours no  30.0s mm ok   0.0s
   66/120 pegasus3-fill85-a2.0-5     witness: ours ok   0.1s mm ok   0.0s | half: ours no  30.0s mm ok   0.0s
   67/120 pegasus3-fill85-a2.0-6     witness: ours ok   0.0s mm ok   0.0s | half: ours no  30.0s mm ok   0.1s
   68/120 pegasus3-fill85-a2.0-7     witness: ours no  30.0s mm ok   0.0s | half: ours no  30.0s mm ok   0.0s
   69/120 pegasus3-fill85-a2.0-8     witness: ours ok   0.0s mm ok   0.0s | half: ours no  30.0s mm ok   0.0s
   70/120 pegasus3-fill85-a2.0-9     witness: ours ok  18.8s mm ok   0.0s | half: ours no  30.0s mm ok   0.0s
   71/120 pegasus3-fill85-a2.0-10    witness: ours ok   0.0s mm ok   0.0s | half: ours no  30.0s mm ok   0.1s
   72/120 pegasus3-fill85-a2.0-11    witness: ours ok   0.0s mm ok   0.0s | half: ours no  30.0s mm ok   0.0s
   73/120 pegasus3-fill90-a3.0-0     witness: ours no  30.0s mm ok   0.0s | half: ours no  30.0s mm no  30.4s
   74/120 pegasus3-fill90-a3.0-1     witness: ours no  30.0s mm ok   0.0s | half: ours no  30.0s mm no  30.4s
   75/120 pegasus3-fill90-a3.0-2     witness: ours no  30.0s mm ok   0.0s | half: ours no  30.0s mm no  30.1s
   76/120 pegasus3-fill90-a3.0-3     witness: ours no  30.0s mm ok   0.0s | half: ours no  30.0s mm no  30.4s
   77/120 pegasus3-fill90-a3.0-4     witness: ours ok   0.0s mm ok   0.0s | half: ours no  30.0s mm ok   6.1s
   78/120 pegasus3-fill90-a3.0-5     witness: ours ok   8.7s mm ok   0.0s | half: ours no  30.0s mm no  30.2s
   79/120 pegasus3-fill90-a3.0-6     witness: ours no  30.0s mm ok   0.0s | half: ours no  30.0s mm no  30.4s
   80/120 pegasus3-fill90-a3.0-7     witness: ours ok   1.8s mm ok   0.0s | half: ours no  30.0s mm no  30.3s
   81/120 pegasus3-fill90-a3.0-8     witness: ours no  30.0s mm ok   0.0s | half: ours no  30.0s mm no  30.2s
   82/120 pegasus3-fill90-a3.0-9     witness: ours no  30.0s mm ok   0.0s | half: ours no  30.0s mm no  30.3s
   83/120 pegasus3-fill90-a3.0-10    witness: ours ok   1.3s mm ok   0.0s | half: ours no  30.0s mm ok  23.5s
   84/120 pegasus3-fill90-a3.0-11    witness: ours ok  12.4s mm ok   0.0s | half: ours no  30.0s mm no  30.0s
   85/120 pegasus3-fill90-a2.0-0     witness: ours no  30.0s mm ok   0.0s | half: ours no  30.0s mm no  30.2s
   86/120 pegasus3-fill90-a2.0-1     witness: ours no  30.0s mm ok   0.0s | half: ours no  30.0s mm no  30.1s
   87/120 pegasus3-fill90-a2.0-2     witness: ours ok   0.3s mm ok   0.2s | half: ours no  30.0s mm no  30.2s
   88/120 pegasus3-fill90-a2.0-3     witness: ours no  30.0s mm ok   0.0s | half: ours no  30.0s mm ok   0.2s
   89/120 pegasus3-fill90-a2.0-4     witness: ours ok   1.2s mm ok   0.0s | half: ours no  30.0s mm ok   0.0s
   90/120 pegasus3-fill90-a2.0-5     witness: ours ok   1.8s mm ok   0.0s | half: ours no  30.0s mm ok   0.3s
   91/120 pegasus3-fill90-a2.0-6     witness: ours no  30.0s mm ok   0.6s | half: ours no  30.0s mm no  30.1s
   92/120 pegasus3-fill90-a2.0-7     witness: ours ok   1.4s mm ok   0.0s | half: ours no  30.0s mm ok   8.5s
   93/120 pegasus3-fill90-a2.0-8     witness: ours no  30.0s mm ok   0.0s | half: ours no  30.0s mm no  30.0s
   94/120 pegasus3-fill90-a2.0-9     witness: ours ok   8.8s mm ok   0.0s | half: ours no  30.0s mm ok   1.0s
   95/120 pegasus3-fill90-a2.0-10    witness: ours ok   3.0s mm ok   0.0s | half: ours no  30.0s mm ok   0.0s
   96/120 pegasus3-fill90-a2.0-11    witness: ours ok   2.0s mm ok   0.0s | half: ours no  30.0s mm ok   0.0s
   97/120 pegasus3-fill95-a3.0-0     witness: ours no  30.0s mm ok   0.0s | half: ours no  30.0s mm no  30.0s
   98/120 pegasus3-fill95-a3.0-1     witness: ours no  30.0s mm ok   0.0s | half: ours no  30.0s mm no  30.0s
   99/120 pegasus3-fill95-a3.0-2     witness: ours ok   8.8s mm ok   0.0s | half: ours no  30.0s mm no  30.3s
  100/120 pegasus3-fill95-a3.0-3     witness: ours no  30.0s mm ok   0.0s | half: ours no  30.0s mm no  30.1s
  101/120 pegasus3-fill95-a3.0-4     witness: ours no  30.0s mm ok   0.2s | half: ours no  30.0s mm no  30.2s
  102/120 pegasus3-fill95-a3.0-5     witness: ours no  30.0s mm ok   0.2s | half: ours no  30.0s mm no  30.1s
  103/120 pegasus3-fill95-a3.0-6     witness: ours no  30.0s mm ok   0.0s | half: ours no  30.0s mm no  30.2s
  104/120 pegasus3-fill95-a3.0-7     witness: ours no  30.0s mm ok   0.0s | half: ours no  30.0s mm no  30.3s
  105/120 pegasus3-fill95-a3.0-8     witness: ours ok  12.0s mm ok   0.1s | half: ours no  30.0s mm no  30.1s
  106/120 pegasus3-fill95-a3.0-9     witness: ours no  30.0s mm ok   0.1s | half: ours no  30.0s mm no  30.3s
  107/120 pegasus3-fill95-a3.0-10    witness: ours no  30.0s mm ok   0.0s | half: ours no  30.0s mm no  30.4s
  108/120 pegasus3-fill95-a3.0-11    witness: ours no  30.0s mm ok   0.0s | half: ours no  30.0s mm no  30.1s
  109/120 pegasus3-fill95-a2.0-0     witness: ours no  30.0s mm ok   0.0s | half: ours no  30.0s mm no  30.3s
  110/120 pegasus3-fill95-a2.0-1     witness: ours ok   1.8s mm ok   0.2s | half: ours no  30.0s mm no  30.2s
  111/120 pegasus3-fill95-a2.0-2     witness: ours no  30.0s mm ok   0.1s | half: ours no  30.0s mm no  30.0s
  112/120 pegasus3-fill95-a2.0-3     witness: ours no  30.0s mm ok   0.1s | half: ours no  30.0s mm ok   1.8s
  113/120 pegasus3-fill95-a2.0-4     witness: ours ok  12.4s mm ok   0.0s | half: ours no  30.0s mm ok   0.3s
  114/120 pegasus3-fill95-a2.0-5     witness: ours no  30.0s mm ok   0.2s | half: ours no  30.0s mm no  30.2s
  115/120 pegasus3-fill95-a2.0-6     witness: ours no  30.0s mm ok   0.0s | half: ours no  30.0s mm no  30.3s
  116/120 pegasus3-fill95-a2.0-7     witness: ours ok  19.6s mm ok   0.1s | half: ours no  30.0s mm no  30.4s
  117/120 pegasus3-fill95-a2.0-8     witness: ours no  30.0s mm ok   0.0s | half: ours no  30.0s mm ok  11.3s
  118/120 pegasus3-fill95-a2.0-9     witness: ours no  30.0s mm ok   0.1s | half: ours no  30.0s mm ok   1.1s
  119/120 pegasus3-fill95-a2.0-10    witness: ours no  30.0s mm ok   0.1s | half: ours no  30.0s mm no  30.1s
  120/120 pegasus3-fill95-a2.0-11    witness: ours no  30.0s mm ok   0.1s | half: ours no  30.0s mm no  30.3s

  cell               n   ours/wit     mm/wit  ours/half    mm/half
  fill70-a2.0       12       1.00       1.00       0.25       1.00
  fill70-a3.0       12       1.00       1.00       0.00       1.00
  fill80-a2.0       12       0.75       1.00       0.08       1.00
  fill80-a3.0       12       0.67       1.00       0.00       1.00
  fill85-a2.0       12       0.67       1.00       0.00       1.00
  fill85-a3.0       12       0.50       1.00       0.00       0.42
  fill90-a2.0       12       0.58       1.00       0.00       0.58
  fill90-a3.0       12       0.42       1.00       0.00       0.17
  fill95-a2.0       12       0.25       1.00       0.00       0.33
  fill95-a3.0       12       0.17       1.00       0.00       0.00

OURS COMPLETION DONE
