{"corpus": "runs/small/zephyr2/corpus", "instances": 120, "deadline": 30.0}
    1/120 zephyr2-fill70-a3.0-0      witness: ours ok   0.3s mm ok   0.0s | half: ours no   0.0s mm ok   0.5s
    2/120 zephyr2-fill70-a3.0-1      witness: ours ok   0.0s mm ok   0.0s | half: ours no   0.0s mm ok   0.0s
    3/120 zephyr2-fill70-a3.0-2      witness: ours ok   0.0s mm ok   0.0s | half: ours no   2.0s mm ok   0.0s
    4/120 zephyr2-fill70-a3.0-3      witness: ours no   1.5s mm ok   0.0s | half: ours no   1.5s mm ok   0.0s
    5/120 zephyr2-fill70-a3.0-4      witness: ours ok   0.0s mm ok   0.0s | half: ours no   1.4s mm ok   0.0s
    6/120 zephyr2-fill70-a3.0-5      witness: ours ok   0.0s mm ok   0.0s | half: ours no   2.6s mm ok   0.0s
    7/120 zephyr2-fill70-a3.0-6      witness: ours ok   0.0s mm ok   0.0s | half: ours no   3.0s mm ok   0.0s
    8/120 zephyr2-fill70-a3.0-7      witness: ours ok   0.0s mm ok   0.0s | half: ours no   0.2s mm ok   0.1s
    9/120 zephyr2-fill70-a3.0-8      witness: ours ok   0.0s mm ok   0.0s | half: ours ok   0.0s mm ok   0.0s
   10/120 zephyr2-fill70-a3.0-9      witness: ours ok   0.0s mm ok   0.0s | half: ours no   0.0s mm ok   0.0s
   11/120 zephyr2-fill70-a3.0-10     witness: ours ok   0.0s mm ok   0.0s | half: ours no   2.1s mm ok   0.0s
   12/120 zephyr2-fill70-a3.0-11     witness: ours no   1.3s mm ok   0.0s | half: ours no   1.7s mm ok   0.0s
   13/120 zephyr2-fill70-a2.0-0      witness: ours ok   0.0s mm ok   0.0s | half: ours no   1.9s mm ok   0.0s
   14/120 zephyr2-fill70-a2.0-1      witness: ours ok   0.0s mm ok   0.0s | half: ours no   2.3s mm ok   0.0s
   15/120 zephyr2-fill70-a2.0-2      witness: ours ok   0.0s mm ok   0.0s | half: ours ok   0.0s mm ok   0.0s
   16/120 zephyr2-fill70-a2.0-3      witness: ours ok   0.0s mm ok   0.0s | half: ours no   2.3s mm ok   0.0s
   17/120 zephyr2-fill70-a2.0-4      witness: ours ok   0.0s mm ok   0.0s | half: ours no   0.2s mm ok   0.0s
   18/120 zephyr2-fill70-a2.0-5      witness: ours ok   0.1s mm ok   0.0s | half: ours ok   0.0s mm ok   0.0s
   19/120 zephyr2-fill70-a2.0-6      witness: ours ok   0.0s mm ok   0.0s | half: ours no   2.3s mm ok   0.0s
   20/120 zephyr2-fill70-a2.0-7      witness: ours no   1.7s mm ok   0.1s | half: ours no   0.0s mm ok   0.0s
   21/120 zephyr2-fill70-a2.0-8      witness: ours no   1.2s mm ok   0.0s | half: ours no   1.9s mm ok   0.0s
   22/120 zephyr2-fill70-a2.0-9      witness: ours ok   0.0s mm ok   0.0s | half: ours no   2.2s mm ok   0.0s
   23/120 zephyr2-fill70-a2.0-10     witness: ours no   1.2s mm ok   0.0s | half: ours no   2.1s mm ok   0.0s
   24/120 zephyr2-fill70-a2.0-11     witness: ours ok   0.0s mm ok   0.0s | half: ours ok   0.0s mm ok   0.0s
   25/120 zephyr2-fill80-a3.0-0      witness: ours ok   0.1s mm ok   0.0s | half: ours no   0.0s mm ok   1.2s
   26/120 zephyr2-fill80-a3.0-1      witness: ours ok   0.0s mm ok   0.0s | half: ours no   0.0s mm ok   0.6s
   27/120 zephyr2-fill80-a3.0-2      witness: ours ok   0.0s mm ok   0.0s | half: ours no   2.2s mm ok   0.2s
   28/120 zephyr2-fill80-a3.0-3      witness: ours no   2.0s mm ok   0.0s | half: ours no   0.0s mm ok   7.7s
   29/120 zephyr2-fill80-a3.0-4      witness: ours no   0.9s mm ok   0.0s | half: ours no   0.0s mm ok   1.2s
   30/120 zephyr2-fill80-a3.0-5      witness: ours ok   0.7s mm ok   0.0s | half: ours no   0.0s mm ok   1.2s
   31/120 zephyr2-fill80-a3.0-6      witness: ours ok   0.0s mm ok   0.0s | half: ours no   0.0s mm ok   0.4s
   32/120 zephyr2-fill80-a3.0-7      witness: ours ok   1.0s mm ok   0.0s | half: ours no   0.0s mm ok   1.4s
   33/120 zephyr2-fill80-a3.0-8      witness: ours ok   0.0s mm ok   0.0s | half: ours no   0.0s mm ok   0.2s
   34/120 zephyr2-fill80-a3.0-9      witness: ours ok   0.0s mm ok   0.0s | half: ours no   0.9s mm ok   0.1s
   35/120 zephyr2-fill80-a3.0-10     witness: ours ok   0.0s mm ok   0.0s | half: ours no   0.5s mm ok   2.0s
   36/120 zephyr2-fill80-a3.0-11     witness: ours ok   0.0s mm ok   0.0s | half: ours no   0.0s mm no  30.3s
   37/120 zephyr2-fill80-a2.0-0      witness: ours no   1.2s mm ok   0.0s | half: ours no   3.3s mm ok   0.0s
   38/120 zephyr2-fill80-a2.0-1      witness: ours no   1.3s mm ok   0.0s | half: ours no   0.0s mm ok   0.0s
   39/120 zephyr2-fill80-a2.0-2      witness: ours ok   0.0s mm ok   0.0s | half: ours no   3.1s mm ok   0.0s
   40/120 zephyr2-fill80-a2.0-3      witness: ours ok   0.0s mm ok   0.0s | half: ours no   3.5s mm ok   0.1s
   41/120 zephyr2-fill80-a2.0-4      witness: ours no   3.4s mm ok   0.0s | half: ours no   0.0s mm ok   0.1s
   42/120 zephyr2-fill80-a2.0-5      witness: ours ok   0.3s mm ok   0.0s | half: ours no   2.3s mm ok   0.0s
   43/120 zephyr2-fill80-a2.0-6      witness: ours no   1.6s mm ok   0.0s | half: ours no   2.8s mm ok   0.0s
   44/120 zephyr2-fill80-a2.0-7      witness: ours ok   0.0s mm ok   0.0s | half: ours no   4.0s mm ok   0.1s
   45/120 zephyr2-fill80-a2.0-8      witness: ours ok   0.0s mm ok   0.0s | half: ours no   2.2s mm ok   0.0s
   46/120 zephyr2-fill80-a2.0-9      witness: ours no   1.5s mm ok   0.0s | half: ours no   4.3s mm ok   0.1s
   47/120 zephyr2-fill80-a2.0-10     witness: ours no   2.1s mm ok   0.0s | half: ours no   3.7s mm ok   0.0s
   48/120 zephyr2-fill80-a2.0-11     witness: ours no   1.9s mm ok   0.0s | half: ours no   3.3s mm ok   0.0s
   49/120 zephyr2-fill85-a3.0-0      witness: ours no   0.0s mm ok   0.0s | half: ours no   0.3s mm no  30.4s
   50/120 zephyr2-fill85-a3.0-1      witness: ours no   1.2s mm ok   0.0s | half: ours no   0.0s mm no  30.4s
   51/120 zephyr2-fill85-a3.0-2      witness: ours no   0.1s mm ok   0.0s | half: ours no   0.0s mm no  30.3s
   52/120 zephyr2-fill85-a3.0-3      witness: ours ok   0.0s mm ok   0.0s | half: ours no   0.0s mm no  30.2s
   53/120 zephyr2-fill85-a3.0-4      witness: ours ok   0.1s mm ok   0.0s | half: ours no   0.0s mm no  30.0s
   54/120 zephyr2-fill85-a3.0-5      witness: ours no   1.2s mm ok   0.0s | half: ours no   0.0s mm ok   0.5s
   55/120 zephyr2-fill85-a3.0-6      witness: ours ok   0.0s mm ok   0.0s | half: ours no   0.0s mm no  30.5s
   56/120 zephyr2-fill85-a3.0-7      witness: ours no   2.0s mm ok   0.1s | half: ours no   0.0s mm no  30.4s
   57/120 zephyr2-fill85-a3.0-8      witness: ours ok   0.1s mm ok   0.0s | half: ours no   0.0s mm no  30.3s
   58/120 zephyr2-fill85-a3.0-9      witness: ours no   1.6s mm ok   0.0s | half: ours no   0.0s mm no  30.3s
   59/120 zephyr2-fill85-a3.0-10     witness: ours ok   0.3s mm ok   0.1s | half: ours no   0.0s mm no  30.1s
