{"corpus": "runs/small/zephyr2/corpus", "instances": 120, "deadline": 30.0}
    1/120 zephyr2-fill70-a3.0-0      witness: ours no   0.0s mm ok   0.0s | half: ours no   0.2s mm ok   0.6s
    2/120 zephyr2-fill70-a3.0-1      witness: ours no   0.0s mm ok   0.0s | half: ours no   0.1s mm ok   0.0s
    3/120 zephyr2-fill70-a3.0-2      witness: ours no   0.0s mm ok   0.0s | half: ours no   0.0s mm ok   0.0s
    4/120 zephyr2-fill70-a3.0-3      witness: ours no   0.0s mm ok   0.0s | half: ours no   0.2s mm ok   0.0s
    5/120 zephyr2-fill70-a3.0-4      witness: ours no   0.0s mm ok   0.0s | half: ours no   0.1s mm ok   0.0s
    6/120 zephyr2-fill70-a3.0-5      witness: ours no   0.0s mm ok   0.0s | half: ours no   0.1s mm ok   0.0s
    7/120 zephyr2-fill70-a3.0-6      witness: ours ok   0.0s mm ok   0.0s | half: ours no   0.1s mm ok   0.0s
    8/120 zephyr2-fill70-a3.0-7      witness: ours no   0.0s mm ok   0.0s | half: ours no   0.1s mm ok   0.1s
    9/120 zephyr2-fill70-a3.0-8      witness: ours no   0.0s mm ok   0.0s | half: ours no   0.0s mm ok   0.0s
   10/120 zephyr2-fill70-a3.0-9      witness: ours no   0.0s mm ok   0.0s | half: ours no   0.0s mm ok   0.0s
   11/120 zephyr2-fill70-a3.0-10     witness: ours no   0.0s mm ok   0.0s | half: ours no   0.1s mm ok   0.0s
   12/120 zephyr2-fill70-a3.0-11     witness: ours no   0.0s mm ok   0.0s | half: ours no   0.1s mm ok   0.0s
   13/120 zephyr2-fill70-a2.0-0      witness: ours no   0.0s mm ok   0.0s | half: ours no   0.0s mm ok   0.0s
   14/120 zephyr2-fill70-a2.0-1      witness: ours no   0.0s mm ok   0.0s | half: ours no   0.0s mm ok   0.0s
   15/120 zephyr2-fill70-a2.0-2      witness: ours no   0.0s mm ok   0.0s | half: ours no   0.0s mm ok   0.0s
   16/120 zephyr2-fill70-a2.0-3      witness: ours no   0.0s mm ok   0.0s | half: ours no   0.0s mm ok   0.0s
   17/120 zephyr2-fill70-a2.0-4      witness: ours ok   0.0s mm ok   0.0s | half: ours no   0.0s mm ok   0.0s
   18/120 zephyr2-fill70-a2.0-5      witness: ours ok   0.0s mm ok   0.0s | half: ours no   0.0s mm ok   0.0s
   19/120 zephyr2-fill70-a2.0-6      witness: ours no   0.1s mm ok   0.0s | half: ours no   0.1s mm ok   0.0s
   20/120 zephyr2-fill70-a2.0-7      witness: ours no   0.0s mm ok   0.1s | half: ours no   0.1s mm ok   0.0s
   21/120 zephyr2-fill70-a2.0-8      witness: ours no   0.0s mm ok   0.0s | half: ours no   0.1s mm ok   0.0s
   22/120 zephyr2-fill70-a2.0-9      witness: ours ok   0.0s mm ok   0.0s | half: ours no   0.0s mm ok   0.0s
   23/120 zephyr2-fill70-a2.0-10     witness: ours no   0.0s mm ok   0.0s | half: ours no   0.0s mm ok   0.0s
   24/120 zephyr2-fill70-a2.0-11     witness: ours no   0.0s mm ok   0.0s | half: ours ok   0.0s mm ok   0.0s
   25/120 zephyr2-fill80-a3.0-0      witness: ours no   0.0s mm ok   0.0s | half: ours no   0.7s mm ok   1.3s
   26/120 zephyr2-fill80-a3.0-1      witness: ours no   0.1s mm ok   0.0s | half: ours no   0.4s mm ok   0.7s
   27/120 zephyr2-fill80-a3.0-2      witness: ours no   0.0s mm ok   0.0s | half: ours no   0.3s mm ok   0.2s
   28/120 zephyr2-fill80-a3.0-3      witness: ours no   0.1s mm ok   0.0s | half: ours no   0.6s mm ok   8.5s
   29/120 zephyr2-fill80-a3.0-4      witness: ours no   0.0s mm ok   0.0s | half: ours no   0.3s mm ok   1.3s
   30/120 zephyr2-fill80-a3.0-5      witness: ours no   0.0s mm ok   0.0s | half: ours no   0.2s mm ok   1.3s
   31/120 zephyr2-fill80-a3.0-6      witness: ours no   0.0s mm ok   0.0s | half: ours no   0.1s mm ok   0.5s
   32/120 zephyr2-fill80-a3.0-7      witness: ours no   0.0s mm ok   0.0s | half: ours no   0.0s mm ok   1.5s
   33/120 zephyr2-fill80-a3.0-8      witness: ours no   0.0s mm ok   0.0s | half: ours no   0.6s mm ok   0.2s
   34/120 zephyr2-fill80-a3.0-9      witness: ours no   0.0s mm ok   0.0s | half: ours no   0.1s mm ok   0.1s
   35/120 zephyr2-fill80-a3.0-10     witness: ours no   0.1s mm ok   0.0s | half: ours no   0.0s mm ok   2.2s
   36/120 zephyr2-fill80-a3.0-11     witness: ours no   0.1s mm ok   0.0s | half: ours no   0.3s mm no  30.2s
   37/120 zephyr2-fill80-a2.0-0      witness: ours ok   0.0s mm ok   0.0s | half: ours no   0.0s mm ok   0.0s
   38/120 zephyr2-fill80-a2.0-1      witness: ours no   0.0s mm ok   0.0s | half: ours no   0.0s mm ok   0.0s
   39/120 zephyr2-fill80-a2.0-2      witness: ours no   0.0s mm ok   0.0s | half: ours no   0.0s mm ok   0.0s
   40/120 zephyr2-fill80-a2.0-3      witness: ours no   0.0s mm ok   0.0s | half: ours no   0.0s mm ok   0.1s
   41/120 zephyr2-fill80-a2.0-4      witness: ours no   0.0s mm ok   0.0s | half: ours no   0.2s mm ok   0.1s
   42/120 zephyr2-fill80-a2.0-5      witness: ours no   0.0s mm ok   0.0s | half: ours no   0.0s mm ok   0.0s
   43/120 zephyr2-fill80-a2.0-6      witness: ours no   0.0s mm ok   0.0s | half: ours no   0.1s mm ok   0.0s
   44/120 zephyr2-fill80-a2.0-7      witness: ours no   0.0s mm ok   0.0s | half: ours no   0.0s mm ok   0.0s
   45/120 zephyr2-fill80-a2.0-8      witness: ours ok   0.0s mm ok   0.0s | half: ours no   0.0s mm ok   0.0s
   46/120 zephyr2-fill80-a2.0-9      witness: ours no   0.0s mm ok   0.0s | half: ours no   0.1s mm ok   0.1s
   47/120 zephyr2-fill80-a2.0-10     witness: ours no   0.0s mm ok   0.0s | half: ours no   0.1s mm ok   0.0s
   48/120 zephyr2-fill80-a2.0-11     witness: ours ok   0.0s mm ok   0.0s | half: ours no   0.0s mm ok   0.0s
   49/120 zephyr2-fill85-a3.0-0      witness: ours no   0.1s mm ok   0.0s | half: ours no   0.6s mm no  30.9s
   50/120 zephyr2-fill85-a3.0-1      witness: ours no   0.0s mm ok   0.0s | half: ours no   0.7s mm no  30.1s
   51/120 zephyr2-fill85-a3.0-2      witness: ours no   0.0s mm ok   0.0s | half: ours no   0.0s mm no  30.2s
   52/120 zephyr2-fill85-a3.0-3      witness: ours no   0.0s mm ok   0.0s | half: ours no   0.4s mm no  30.4s
   53/120 zephyr2-fill85-a3.0-4      witness: ours no   0.0s mm ok   0.0s | half: ours no   0.0s mm no  30.8s
   54/120 zephyr2-fill85-a3.0-5      witness: ours no   0.0s mm ok   0.0s | half: ours no   0.3s mm ok   0.5s
   55/120 zephyr2-fill85-a3.0-6      witness: ours no   0.1s mm ok   0.0s | half: ours no   0.4s mm no  30.0s
   56/120 zephyr2-fill85-a3.0-7      witness: ours no   0.0s mm ok   0.1s | half: ours no   0.5s mm no  30.6s
   57/120 zephyr2-fill85-a3.0-8      witness: ours no   0.0s mm ok   0.0s | half: ours no   0.7s mm no  30.4s
   58/120 zephyr2-fill85-a3.0-9      witness: ours no   0.0s mm ok   0.0s | half: ours no   0.0s mm no  30.3s
   59/120 zephyr2-fill85-a3.0-10     witness: ours no   0.0s mm ok   0.1s | half: ours no   0.4s mm no  30.7s
   60/120 zephyr2-fill85-a3.0-11     witness: ours no   0.0s mm ok   0.0s | half: ours no   0.3s mm no  30.6s
   61/120 zephyr2-fill85-a2.0-0      witness: ours no   0.0s mm ok   0.0s | half: ours no   0.0s mm ok   0.1s
   62/120 zephyr2-fill85-a2.0-1      witness: ours no   0.0s mm ok   0.1s | half: ours no   0.2s mm ok   0.3s
   63/120 zephyr2-fill85-a2.0-2      witness: ours no   0.0s mm ok   0.0s | half: ours no   0.0s mm ok   0.1s
   64/120 zephyr2-fill85-a2.0-3      witness: ours no   0.0s mm ok   0.0s | half: ours no   0.3s mm ok   0.2s
   65/120 zephyr2-fill85-a2.0-4      witness: ours no   0.0s mm ok   0.0s | half: ours no   0.1s mm ok   0.1s
   66/120 zephyr2-fill85-a2.0-5      witness: ours no   0.0s mm ok   0.0s | half: ours no   0.1s mm ok   0.0s
   67/120 zephyr2-fill85-a2.0-6      witness: ours no   0.0s mm ok   0.0s | half: ours no   0.0s mm ok   0.1s
   68/120 zephyr2-fill85-a2.0-7      witness: ours no   0.0s mm ok   0.1s | half: ours no   0.0s mm ok   0.0s
   69/120 zephyr2-fill85-a2.0-8      witness: ours no   0.0s mm ok   0.0s | half: ours no   0.0s mm ok   0.1s
   70/120 zephyr2-fill85-a2.0-9      witness: ours ok   0.0s mm ok   0.0s | half: ours no   0.0s mm ok   0.0s
   71/120 zephyr2-fill85-a2.0-10     witness: ours no   0.0s mm ok   0.0s | half: ours no   0.1s mm ok   0.1s
   72/120 zephyr2-fill85-a2.0-11     witness: ours no   0.0s mm ok   0.0s | half: ours no   0.0s mm ok   0.0s
   73/120 zephyr2-fill90-a3.0-0      witness: ours no   0.0s mm ok   0.0s | half: ours no   0.0s mm no  30.0s
   74/120 zephyr2-fill90-a3.0-1      witness: ours no   0.1s mm ok   0.2s | half: ours no   0.6s mm no  30.5s
   75/120 zephyr2-fill90-a3.0-2      witness: ours no   0.0s mm ok   0.1s | half: ours no   0.1s mm no  30.3s
   76/120 zephyr2-fill90-a3.0-3      witness: ours no   0.0s mm ok   0.0s | half: ours no   1.0s mm no  30.6s
   77/120 zephyr2-fill90-a3.0-4      witness: ours no   0.0s mm ok   0.5s | half: ours no   0.7s mm no  30.3s
   78/120 zephyr2-fill90-a3.0-5      witness: ours no   0.2s mm ok   0.0s | half: ours no   0.0s mm no  30.6s
   79/120 zephyr2-fill90-a3.0-6      witness: ours no   0.0s mm ok   0.1s | half: ours no   0.8s mm no  30.7s
   80/120 zephyr2-fill90-a3.0-7      witness: ours no   0.0s mm ok   0.2s | half: ours no   0.6s mm no  30.2s
   81/120 zephyr2-fill90-a3.0-8      witness: ours no   0.0s mm ok   0.0s | half: ours no   0.0s mm no  30.0s
   82/120 zephyr2-fill90-a3.0-9      witness: ours no   0.3s mm ok   0.1s | half: ours no   0.0s mm no  30.6s
   83/120 zephyr2-fill90-a3.0-10     witness: ours no   0.0s mm ok   0.0s | half: ours no   0.0s mm no  30.4s
   84/120 zephyr2-fill90-a3.0-11     witness: ours no   0.0s mm ok   0.1s | half: ours no   0.0s mm no  30.1s
   85/120 zephyr2-fill90-a2.0-0      witness: ours no   0.0s mm ok   0.0s | half: ours no   0.2s mm ok   0.2s
   86/120 zephyr2-fill90-a2.0-1      witness: ours no   0.0s mm ok   0.0s | half: ours no   0.4s mm ok   5.3s
   87/120 zephyr2-fill90-a2.0-2      witness: ours no   0.0s mm ok   0.0s | half: ours no   0.2s mm ok   0.1s
