{"corpus": "runs/small/zephyr2/corpus", "instances": 120, "deadline": 30.0}
    1/120 zephyr2-fill70-a3.0-0      witness: ours no  30.0s mm ok   0.0s | half: ours no  30.0s mm ok   0.5s
    2/120 zephyr2-fill70-a3.0-1      witness: ours ok   0.0s mm ok   0.0s | half: ours no  30.0s mm ok   0.0s
    3/120 zephyr2-fill70-a3.0-2      witness: ours ok   0.3s mm ok   0.0s | half: ours no  30.0s mm ok   0.0s
    4/120 zephyr2-fill70-a3.0-3      witness: ours ok   7.1s mm ok   0.0s | half: ours no  30.0s mm ok   0.0s
    5/120 zephyr2-fill70-a3.0-4      witness: ours ok   0.0s mm ok   0.0s | half: ours no  30.0s mm ok   0.0s
    6/120 zephyr2-fill70-a3.0-5      witness: ours ok   0.0s mm ok   0.0s | half: ours no  30.0s mm ok   0.0s
    7/120 zephyr2-fill70-a3.0-6      witness: ours ok   0.0s mm ok   0.0s | half: ours no  30.0s mm ok   0.0s
    8/120 zephyr2-fill70-a3.0-7      witness: ours ok   0.0s mm ok   0.0s | half: ours no  30.0s mm ok   0.1s
    9/120 zephyr2-fill70-a3.0-8      witness: ours ok   0.0s mm ok   0.0s | half: ours ok   0.0s mm ok   0.0s
   10/120 zephyr2-fill70-a3.0-9      witness: ours ok   0.0s mm ok   0.0s | half: ours no  30.0s mm ok   0.0s
   11/120 zephyr2-fill70-a3.0-10     witness: ours ok   0.0s mm ok   0.0s | half: ours no  30.0s mm ok   0.0s
   12/120 zephyr2-fill70-a3.0-11     witness: ours ok   0.3s mm ok   0.0s | half: ours no  30.0s mm ok   0.0s
   13/120 zephyr2-fill70-a2.0-0      witness: ours ok   0.0s mm ok   0.0s | half: ours ok   2.5s mm ok   0.0s
   14/120 zephyr2-fill70-a2.0-1      witness: ours ok   0.0s mm ok   0.0s | half: ours no  30.0s mm ok   0.0s
   15/120 zephyr2-fill70-a2.0-2      witness: ours ok   0.0s mm ok   0.0s | half: ours ok  22.4s mm ok   0.0s
   16/120 zephyr2-fill70-a2.0-3      witness: ours ok   0.0s mm ok   0.0s | half: ours no  30.0s mm ok   0.0s
   17/120 zephyr2-fill70-a2.0-4      witness: ours ok   0.0s mm ok   0.0s | half: ours no  30.0s mm ok   0.0s
   18/120 zephyr2-fill70-a2.0-5      witness: ours ok   0.7s mm ok   0.0s | half: ours ok   1.8s mm ok   0.0s
   19/120 zephyr2-fill70-a2.0-6      witness: ours ok   0.0s mm ok   0.0s | half: ours no  30.0s mm ok   0.0s
   20/120 zephyr2-fill70-a2.0-7      witness: ours ok   0.1s mm ok   0.1s | half: ours no  30.0s mm ok   0.0s
   21/120 zephyr2-fill70-a2.0-8      witness: ours ok   1.4s mm ok   0.0s | half: ours no  30.0s mm ok   0.0s
   22/120 zephyr2-fill70-a2.0-9      witness: ours ok   0.0s mm ok   0.0s | half: ours no  30.0s mm ok   0.0s
   23/120 zephyr2-fill70-a2.0-10     witness: ours ok   0.0s mm ok   0.0s | half: ours no  30.0s mm ok   0.0s
   24/120 zephyr2-fill70-a2.0-11     witness: ours ok   0.0s mm ok   0.0s | half: ours ok   0.0s mm ok   0.0s
   25/120 zephyr2-fill80-a3.0-0      witness: ours ok   0.1s mm ok   0.0s | half: ours no  30.0s mm ok   1.2s
   26/120 zephyr2-fill80-a3.0-1      witness: ours no  30.0s mm ok   0.0s | half: ours no  30.0s mm ok   0.6s
   27/120 zephyr2-fill80-a3.0-2      witness: ours ok   1.1s mm ok   0.0s | half: ours no  30.0s mm ok   0.2s
   28/120 zephyr2-fill80-a3.0-3      witness: ours no  30.0s mm ok   0.0s | half: ours no  30.0s mm ok   7.9s
   29/120 zephyr2-fill80-a3.0-4      witness: ours ok  13.4s mm ok   0.0s | half: ours no  30.0s mm ok   1.2s
   30/120 zephyr2-fill80-a3.0-5      witness: ours no  30.0s mm ok   0.0s | half: ours no  30.0s mm ok   1.3s
   31/120 zephyr2-fill80-a3.0-6      witness: ours ok   0.0s mm ok   0.0s | half: ours no  30.0s mm ok   0.4s
   32/120 zephyr2-fill80-a3.0-7      witness: ours ok   0.1s mm ok   0.0s | half: ours no  30.0s mm ok   1.4s
   33/120 zephyr2-fill80-a3.0-8      witness: ours no  30.0s mm ok   0.0s | half: ours no  30.0s mm ok   0.2s
   34/120 zephyr2-fill80-a3.0-9      witness: ours ok   0.0s mm ok   0.0s | half: ours no  30.0s mm ok   0.1s
   35/120 zephyr2-fill80-a3.0-10     witness: ours no  30.0s mm ok   0.0s | half: ours no  30.0s mm ok   2.1s
   36/120 zephyr2-fill80-a3.0-11     witness: ours no  30.0s mm ok   0.0s | half: ours no  30.0s mm no  30.3s
   37/120 zephyr2-fill80-a2.0-0      witness: ours ok   0.0s mm ok   0.0s | half: ours no  30.0s mm ok   0.0s
   38/120 zephyr2-fill80-a2.0-1      witness: ours ok  14.7s mm ok   0.0s | half: ours no  30.0s mm ok   0.0s
   39/120 zephyr2-fill80-a2.0-2      witness: ours ok   0.0s mm ok   0.0s | half: ours no  30.0s mm ok   0.0s
   40/120 zephyr2-fill80-a2.0-3      witness: ours ok   0.0s mm ok   0.0s | half: ours no  30.0s mm ok   0.1s
   41/120 zephyr2-fill80-a2.0-4      witness: ours ok   1.6s mm ok   0.0s | half: ours no  30.0s mm ok   0.1s
   42/120 zephyr2-fill80-a2.0-5      witness: ours ok   0.0s mm ok   0.0s | half: ours no  30.0s mm ok   0.0s
   43/120 zephyr2-fill80-a2.0-6      witness: ours ok   0.0s mm ok   0.0s | half: ours no  30.0s mm ok   0.0s
   44/120 zephyr2-fill80-a2.0-7      witness: ours ok   0.4s mm ok   0.0s | half: ours no  30.0s mm ok   0.0s
   45/120 zephyr2-fill80-a2.0-8      witness: ours ok   0.0s mm ok   0.0s | half: ours ok   1.7s mm ok   0.0s
   46/120 zephyr2-fill80-a2.0-9      witness: ours ok   4.1s mm ok   0.0s | half: ours no  30.0s mm ok   0.1s
   47/120 zephyr2-fill80-a2.0-10     witness: ours ok   0.0s mm ok   0.0s | half: ours no  30.0s mm ok   0.0s
   48/120 zephyr2-fill80-a2.0-11     witness: ours ok   0.0s mm ok   0.0s | half: ours no  30.0s mm ok   0.0s
   49/120 zephyr2-fill85-a3.0-0      witness: ours no  30.0s mm ok   0.0s | half: ours no  30.0s mm no  30.1s
   50/120 zephyr2-fill85-a3.0-1      witness: ours ok   3.4s mm ok   0.0s | half: ours no  30.0s mm no  30.3s
   51/120 zephyr2-fill85-a3.0-2      witness: ours ok  17.3s mm ok   0.0s | half: ours no  30.0s mm no  30.2s
   52/120 zephyr2-fill85-a3.0-3      witness: ours ok  11.3s mm ok   0.0s | half: ours no  30.0s mm no  30.0s
   53/120 zephyr2-fill85-a3.0-4      witness: ours ok  14.1s mm ok   0.0s | half: ours no  30.0s mm no  30.0s
   54/120 zephyr2-fill85-a3.0-5      witness: ours ok   0.0s mm ok   0.0s | half: ours no  30.0s mm ok   0.5s
   55/120 zephyr2-fill85-a3.0-6      witness: ours no  30.0s mm ok   0.0s | half: ours no  30.0s mm no  30.3s
   56/120 zephyr2-fill85-a3.0-7      witness: ours no  30.0s mm ok   0.1s | half: ours no  30.0s mm no  30.4s
   57/120 zephyr2-fill85-a3.0-8      witness: ours ok   4.3s mm ok   0.0s | half: ours no  30.0s mm no  30.1s
   58/120 zephyr2-fill85-a3.0-9      witness: ours no  30.0s mm ok   0.0s | half: ours no  30.0s mm no  30.4s
   59/120 zephyr2-fill85-a3.0-10     witness: ours no  30.0s mm ok   0.1s | half: ours no  30.0s mm no  30.5s
   60/120 zephyr2-fill85-a3.0-11     witness: ours ok   0.1s mm ok   0.0s | half: ours no  30.0s mm no  30.4s
   61/120 zephyr2-fill85-a2.0-0      witness: ours ok   0.0s mm ok   0.0s | half: ours no  30.0s mm ok   0.1s
   62/120 zephyr2-fill85-a2.0-1      witness: ours ok   0.0s mm ok   0.1s | half: ours no  30.0s mm ok   0.2s
   63/120 zephyr2-fill85-a2.0-2      witness: ours ok   0.0s mm ok   0.0s | half: ours no  30.0s mm ok   0.1s
   64/120 zephyr2-fill85-a2.0-3      witness: ours ok   0.6s mm ok   0.0s | half: ours no  30.0s mm ok   0.2s
   65/120 zephyr2-fill85-a2.0-4      witness: ours ok   0.1s mm ok   0.0s | half: ours no  30.0s mm ok   0.1s
   66/120 zephyr2-fill85-a2.0-5      witness: ours ok   0.1s mm ok   0.0s | half: ours no  30.0s mm ok   0.0s
   67/120 zephyr2-fill85-a2.0-6      witness: ours ok   0.2s mm ok   0.0s | half: ours no  30.0s mm ok   0.1s
   68/120 zephyr2-fill85-a2.0-7      witness: ours ok   0.1s mm ok   0.1s | half: ours no  30.0s mm ok   0.0s
   69/120 zephyr2-fill85-a2.0-8      witness: ours ok   0.0s mm ok   0.0s | half: ours no  30.0s mm ok   0.1s
   70/120 zephyr2-fill85-a2.0-9      witness: ours ok   0.0s mm ok   0.0s | half: ours no  30.0s mm ok   0.0s
   71/120 zephyr2-fill85-a2.0-10     witness: ours ok   2.3s mm ok   0.0s | half: ours no  30.0s mm ok   0.1s
   72/120 zephyr2-fill85-a2.0-11     witness: ours ok   0.0s mm ok   0.0s | half: ours no  30.0s mm ok   0.0s
   73/120 zephyr2-fill90-a3.0-0      witness: ours ok   0.1s mm ok   0.0s | half: ours no  30.0s mm no  30.7s
   74/120 zephyr2-fill90-a3.0-1      witness: ours no  30.0s mm ok   0.2s | half: ours no  30.0s mm no  30.3s
   75/120 zephyr2-fill90-a3.0-2      witness: ours no  30.0s mm ok   0.1s | half: ours no  30.0s mm no  30.5s
   76/120 zephyr2-fill90-a3.0-3      witness: ours no  30.0s mm ok   0.0s | half: ours no  30.0s mm no  30.1s
   77/120 zephyr2-fill90-a3.0-4      witness: ours no  30.0s mm ok   0.4s | half: ours no  30.0s mm no  30.7s
   78/120 zephyr2-fill90-a3.0-5      witness: ours no  30.0s mm ok   0.0s | half: ours no  30.0s mm no  30.2s
   79/120 zephyr2-fill90-a3.0-6      witness: ours no  30.0s mm ok   0.1s | half: ours no  30.0s mm no  30.6s
   80/120 zephyr2-fill90-a3.0-7      witness: ours no  30.0s mm ok   0.1s | half: ours no  30.0s mm no  30.3s
   81/120 zephyr2-fill90-a3.0-8      witness: ours ok   7.3s mm ok   0.0s | half: ours no  30.0s mm no  30.3s
   82/120 zephyr2-fill90-a3.0-9      witness: ours no  30.0s mm ok   0.1s | half: ours no  30.0s mm no  30.0s
   83/120 zephyr2-fill90-a3.0-10     witness: ours no  30.0s mm ok   0.0s | half: ours no  30.0s mm no  30.6s
   84/120 zephyr2-fill90-a3.0-11     witness: ours no  30.0s mm ok   0.1s | half: ours no  30.0s mm no  30.5s
   85/120 zephyr2-fill90-a2.0-0      witness: ours ok   0.0s mm ok   0.0s | half: ours no  30.0s mm ok   0.1s
   86/120 zephyr2-fill90-a2.0-1      witness: ours ok   0.6s mm ok   0.0s | half: ours no  30.0s mm ok   3.9s
   87/120 zephyr2-fill90-a2.0-2      witness: ours ok  10.0s mm ok   0.0s | half: ours no  30.0s mm ok   0.1s
   88/120 zephyr2-fill90-a2.0-3      witness: ours ok   0.7s mm ok   0.2s | half: ours no  30.0s mm ok  13.2s
   89/120 zephyr2-fill90-a2.0-4      witness: ours ok   0.0s mm ok   0.0s | half: ours no  30.0s mm ok   0.0s
   90/120 zephyr2-fill90-a2.0-5      witness: ours ok   0.0s mm ok   0.1s | half: ours no  30.0s mm ok   0.0s
   91/120 zephyr2-fill90-a2.0-6      witness: ours ok   2.5s mm ok   0.0s | half: ours no  30.0s mm ok   1.2s
   92/120 zephyr2-fill90-a2.0-7      witness: ours ok   0.0s mm ok   0.0s | half: ours no  30.0s mm ok  20.1s
   93/120 zephyr2-fill90-a2.0-8      witness: ours ok   0.0s mm ok   0.0s | half: ours no  30.0s mm ok   1.2s
   94/120 zephyr2-fill90-a2.0-9      witness: ours no  30.0s mm ok   0.0s | half: ours no  30.0s mm ok   0.3s
   95/120 zephyr2-fill90-a2.0-10     witness: ours no  30.0s mm ok   0.0s | half: ours no  30.0s mm ok   0.0s
   96/120 zephyr2-fill90-a2.0-11     witness: ours ok   0.1s mm ok   0.1s | half: ours no  30.0s mm ok   0.1s
   97/120 zephyr2-fill95-a3.0-0      witness: ours no  30.0s mm ok   0.0s | half: ours no  30.0s mm no  30.9s
   98/120 zephyr2-fill95-a3.0-1      witness: ours no  30.0s mm ok   0.2s | half: ours no  30.0s mm no  30.8s
   99/120 zephyr2-fill95-a3.0-2      witness: ours ok   0.0s mm ok   0.1s | half: ours no  30.0s mm no  30.2s
  100/120 zephyr2-fill95-a3.0-3      witness: ours no  30.0s mm ok   0.1s | half: ours no  30.0s mm no  30.7s
  101/120 zephyr2-fill95-a3.0-4      witness: ours no  30.0s mm ok   1.3s | half: ours no  30.0s mm no  31.0s
  102/120 zephyr2-fill95-a3.0-5      witness: ours no  30.0s mm ok   0.4s | half: ours no  30.0s mm no  30.3s
  103/120 zephyr2-fill95-a3.0-6      witness: ours no  30.0s mm ok   0.2s | half: ours no  30.0s mm no  30.2s
  104/120 zephyr2-fill95-a3.0-7      witness: ours no  30.0s mm ok   0.0s | half: ours no  30.0s mm no  30.6s
  105/120 zephyr2-fill95-a3.0-8      witness: ours no  30.0s mm ok   4.7s | half: ours no  30.0s mm no  30.4s
  106/120 zephyr2-fill95-a3.0-9      witness: ours no  30.0s mm ok   0.8s | half: ours no  30.0s mm no  30.1s
  107/120 zephyr2-fill95-a3.0-10     witness: ours no  30.0s mm ok   2.1s | half: ours no  30.0s mm no  30.5s
  108/120 zephyr2-fill95-a3.0-11     witness: ours no  30.0s mm ok   2.3s | half: ours no  30.0s mm no  30.1s
  109/120 zephyr2-fill95-a2.0-0      witness: ours no  30.0s mm ok   0.1s | half: ours no  30.0s mm ok   8.7s
  110/120 zephyr2-fill95-a2.0-1      witness: ours no  30.0s mm ok   0.3s | half: ours no  30.0s mm no  30.7s
  111/120 zephyr2-fill95-a2.0-2      witness: ours ok  14.6s mm ok   0.0s | half: ours no  30.0s mm ok   0.2s
  112/120 zephyr2-fill95-a2.0-3      witness: ours no  30.0s mm ok   1.4s | half: ours no  30.0s mm no  30.3s
  113/120 zephyr2-fill95-a2.0-4      witness: ours no  30.0s mm ok   2.8s | half: ours no  30.0s mm no  30.4s
  114/120 zephyr2-fill95-a2.0-5      witness: ours no  30.0s mm ok   0.7s | half: ours no  30.0s mm no  30.4s
  115/120 zephyr2-fill95-a2.0-6      witness: ours no  30.0s mm ok   0.1s | half: ours no  30.0s mm no  30.0s
  116/120 zephyr2-fill95-a2.0-7      witness: ours ok   8.1s mm ok   0.1s | half: ours no  30.0s mm no  30.7s
  117/120 zephyr2-fill95-a2.0-8      witness: ours no  30.0s mm ok   2.1s | half: ours no  30.0s mm no  30.3s
  118/120 zephyr2-fill95-a2.0-9      witness: ours ok   5.4s mm ok   0.3s | half: ours no  30.0s mm no  30.5s
  119/120 zephyr2-fill95-a2.0-10     witness: ours ok   0.1s mm ok   0.0s | half: ours no  30.0s mm ok   1.6s
  120/120 zephyr2-fill95-a2.0-11     witness: ours no  30.0s mm ok   0.4s | half: ours no  30.0s mm no  30.8s

  cell               n   ours/wit     mm/wit  ours/half    mm/half
  fill70-a2.0       12       1.00       1.00       0.33       1.00
  fill70-a3.0       12       0.92       1.00       0.08       1.00
  fill80-a2.0       12       1.00       1.00       0.08       1.00
  fill80-a3.0       12       0.50       1.00       0.00       0.92
  fill85-a2.0       12       1.00       1.00       0.00       1.00
  fill85-a3.0       12       0.58       1.00       0.00       0.08
  fill90-a2.0       12       0.83       1.00       0.00       1.00
  fill90-a3.0       12       0.17       1.00       0.00       0.00
  fill95-a2.0       12       0.33       1.00       0.00       0.25
  fill95-a3.0       12       0.08       1.00       0.00       0.00

OURS COMPLETION DONE
