{"corpus": "runs/fill/zephyr4/corpus", "instances": 48, "deadline": 120.0}
    1/48 zephyr4-fill80-a3.0-0      witness: ours no 120.0s mm ok   0.2s | half: ours no 120.0s mm no 122.0s
    2/48 zephyr4-fill80-a3.0-1      witness: ours no 120.1s mm ok   0.2s | half: ours no 120.0s mm no 131.0s
    3/48 zephyr4-fill80-a3.0-2      witness: ours no 120.0s mm ok   0.2s | half: ours no 120.0s mm no 124.0s
    4/48 zephyr4-fill80-a3.0-3      witness: ours no 120.0s mm ok   0.1s | half: ours no 120.1s mm no 125.7s
    5/48 zephyr4-fill80-a3.0-4      witness: ours ok  12.2s mm ok   0.2s | half: ours no 120.0s mm no 132.5s
    6/48 zephyr4-fill80-a3.0-5      witness: ours ok  24.7s mm ok   0.3s | half: ours no 120.0s mm no 124.8s
    7/48 zephyr4-fill80-a2.0-0      witness: ours ok   0.2s mm ok   0.2s | half: ours no 120.0s mm ok   0.3s
    8/48 zephyr4-fill80-a2.0-1      witness: ours ok  43.2s mm ok   0.2s | half: ours no 120.0s mm ok   0.4s
    9/48 zephyr4-fill80-a2.0-2      witness: ours no 120.0s mm ok   0.2s | half: ours no 120.0s mm ok   0.8s
   10/48 zephyr4-fill80-a2.0-3      witness: ours ok   0.2s mm ok   0.1s | half: ours no 120.0s mm ok   0.4s
   11/48 zephyr4-fill80-a2.0-4      witness: ours ok   0.1s mm ok   0.2s | half: ours no 120.0s mm ok   0.3s
   12/48 zephyr4-fill80-a2.0-5      witness: ours ok  14.2s mm ok   0.1s | half: ours no 120.0s mm ok   0.5s
   13/48 zephyr4-fill85-a3.0-0      witness: ours no 120.0s mm ok   0.1s | half: ours no 120.0s mm no 123.0s
   14/48 zephyr4-fill85-a3.0-1      witness: ours no 120.0s mm ok   1.7s | half: ours no 120.0s mm no 131.7s
   15/48 zephyr4-fill85-a3.0-2      witness: ours no 120.0s mm ok   1.7s | half: ours no 120.0s mm no 132.1s
   16/48 zephyr4-fill85-a3.0-3      witness: ours no 120.0s mm ok   1.2s | half: ours no 120.0s mm no 122.6s
   17/48 zephyr4-fill85-a3.0-4      witness: ours no 120.0s mm ok   1.3s | half: ours no 120.0s mm no 129.2s
   18/48 zephyr4-fill85-a3.0-5      witness: ours no 120.0s mm ok   0.4s | half: ours no 120.0s mm no 122.2s
   19/48 zephyr4-fill85-a2.0-0      witness: ours ok  16.4s mm ok   0.2s | half: ours no 120.0s mm ok   0.5s
   20/48 zephyr4-fill85-a2.0-1      witness: ours no 120.0s mm ok   0.6s | half: ours no 120.0s mm no 122.5s
   21/48 zephyr4-fill85-a2.0-2      witness: ours no 120.0s mm ok   0.6s | half: ours no 120.0s mm ok   0.9s
   22/48 zephyr4-fill85-a2.0-3      witness: ours no 120.0s mm ok   0.1s | half: ours no 120.0s mm ok   0.6s
   23/48 zephyr4-fill85-a2.0-4      witness: ours no 120.0s mm ok   0.2s | half: ours no 120.1s mm ok   2.1s
   24/48 zephyr4-fill85-a2.0-5      witness: ours ok  45.1s mm ok   0.2s | half: ours no 120.0s mm ok   0.4s
   25/48 zephyr4-fill90-a3.0-0      witness: ours no 120.0s mm ok  49.4s | half: ours no 120.0s mm no 131.7s
   26/48 zephyr4-fill90-a3.0-1      witness: ours no 120.0s mm ok  16.6s | half: ours no 120.0s mm no 124.4s
   27/48 zephyr4-fill90-a3.0-2      witness: ours no 120.0s mm ok   5.7s | half: ours no 120.0s mm no 134.5s
   28/48 zephyr4-fill90-a3.0-3      witness: ours no 120.0s mm ok  16.3s | half: ours no 120.0s mm no 133.6s
   29/48 zephyr4-fill90-a3.0-4      witness: ours no 120.0s mm ok  59.0s | half: ours no 120.1s mm no 127.6s
   30/48 zephyr4-fill90-a3.0-5      witness: ours no 120.0s mm ok   1.4s | half: ours no 120.0s mm no 135.0s
   31/48 zephyr4-fill90-a2.0-0      witness: ours no 120.0s mm ok   7.7s | half: ours no 120.0s mm no 124.9s
   32/48 zephyr4-fill90-a2.0-1      witness: ours no 120.0s mm ok  15.5s | half: ours no 120.0s mm no 129.7s
   33/48 zephyr4-fill90-a2.0-2      witness: ours no 120.0s mm ok   0.2s | half: ours no 120.0s mm no 122.9s
   34/48 zephyr4-fill90-a2.0-3      witness: ours no 120.0s mm ok  11.1s | half: ours no 120.0s mm no 123.5s
   35/48 zephyr4-fill90-a2.0-4      witness: ours no 120.0s mm ok   0.3s | half: ours no 120.0s mm ok   0.4s
   36/48 zephyr4-fill90-a2.0-5      witness: ours no 120.0s mm ok   0.1s | half: ours no 120.0s mm ok   0.5s
   37/48 zephyr4-fill95-a3.0-0      witness: ours no 120.0s mm no 121.6s | half: ours no 120.0s mm no 125.1s
   38/48 zephyr4-fill95-a3.0-1      witness: ours no 120.0s mm no 122.4s | half: ours no 120.0s mm no 131.8s
   39/48 zephyr4-fill95-a3.0-2      witness: ours no 120.0s mm no 124.2s | half: ours no 120.0s mm no 127.6s
   40/48 zephyr4-fill95-a3.0-3      witness: ours no 120.0s mm no 120.9s | half: ours no 120.0s mm no 120.8s
   41/48 zephyr4-fill95-a3.0-4      witness: ours no 120.0s mm no 122.6s | half: ours no 120.1s mm no 126.3s
   42/48 zephyr4-fill95-a3.0-5      witness: ours no 120.0s mm no 124.4s | half: ours no 120.0s mm no 132.5s
   43/48 zephyr4-fill95-a2.0-0      witness: ours no 120.0s mm no 121.9s | half: ours no 120.0s mm no 121.0s
   44/48 zephyr4-fill95-a2.0-1      witness: ours no 120.0s mm no 124.4s | half: ours no 120.0s mm no 124.5s
   45/48 zephyr4-fill95-a2.0-2      witness: ours no 120.0s mm ok   4.3s | half: ours no 120.0s mm no 129.4s
   46/48 zephyr4-fill95-a2.0-3      witness: ours no 120.0s mm no 121.7s | half: ours no 120.0s mm no 123.7s
   47/48 zephyr4-fill95-a2.0-4      witness: ours no 120.0s mm no 124.8s | half: ours no 120.0s mm no 124.7s
   48/48 zephyr4-fill95-a2.0-5      witness: ours no 120.0s mm no 123.0s | half: ours no 120.0s mm no 125.5s

  cell               n   ours/wit     mm/wit  ours/half    mm/half
  fill80-a2.0        6       0.83       1.00       0.00       1.00
  fill80-a3.0        6       0.33       1.00       0.00       0.00
  fill85-a2.0        6       0.33       1.00       0.00       0.83
  fill85-a3.0        6       0.00       1.00       0.00       0.00
  fill90-a2.0        6       0.00       1.00       0.00       0.33
  fill90-a3.0        6       0.00       1.00       0.00       0.00
  fill95-a2.0        6       0.00       0.17       0.00       0.00
  fill95-a3.0        6       0.00       0.00       0.00       0.00

OURS COMPLETION DONE
