{"corpus": "runs/small/pegasus3/corpus", "instances": 120, "scorer": null, "deadline": 120.0, "prefer": true, "lean": true}
    1/120 pegasus3-fill70-a3.0-0     no     attempts   6    120s  demands 0.706
    2/120 pegasus3-fill70-a3.0-1     no     attempts   5    120s  demands 0.770
    3/120 pegasus3-fill70-a3.0-2     no     attempts   5    120s  demands 0.682
    4/120 pegasus3-fill70-a3.0-3     no     attempts   6    120s  demands 0.726
    5/120 pegasus3-fill70-a3.0-4     no     attempts  13    120s  demands 0.768
    6/120 pegasus3-fill70-a3.0-5     no     attempts   9    120s  demands 0.700
    7/120 pegasus3-fill70-a3.0-6     no     attempts   5    120s  demands 0.672
    8/120 pegasus3-fill70-a3.0-7     no     attempts   5    120s  demands 0.718
    9/120 pegasus3-fill70-a3.0-8     no     attempts   6    120s  demands 0.676
   10/120 pegasus3-fill70-a3.0-9     no     attempts   5    120s  demands 0.691
   11/120 pegasus3-fill70-a3.0-10    no     attempts   4    120s  demands 0.685
   12/120 pegasus3-fill70-a3.0-11    no     attempts   4    120s  demands 0.715
   13/120 pegasus3-fill70-a2.0-0     no     attempts   5    120s  demands 0.752
   14/120 pegasus3-fill70-a2.0-1     no     attempts   4    120s  demands 0.744
   15/120 pegasus3-fill70-a2.0-2     no     attempts   4    120s  demands 0.775
   16/120 pegasus3-fill70-a2.0-3     no     attempts   4    120s  demands 0.671
   17/120 pegasus3-fill70-a2.0-4     no     attempts   4    120s  demands 0.781
   18/120 pegasus3-fill70-a2.0-5     no     attempts   4    120s  demands 0.736
   19/120 pegasus3-fill70-a2.0-6     no     attempts   4    120s  demands 0.716
   20/120 pegasus3-fill70-a2.0-7     no     attempts   4    120s  demands 0.729
   21/120 pegasus3-fill70-a2.0-8     no     attempts   4    120s  demands 0.662
   22/120 pegasus3-fill70-a2.0-9     no     attempts   4    120s  demands 0.758
   23/120 pegasus3-fill70-a2.0-10    no     attempts   4    120s  demands 0.752
   24/120 pegasus3-fill70-a2.0-11    no     attempts   5    120s  demands 0.705
   25/120 pegasus3-fill80-a3.0-0     no     attempts   4    120s  demands 0.555
   26/120 pegasus3-fill80-a3.0-1     no     attempts   4    120s  demands 0.598
   27/120 pegasus3-fill80-a3.0-2     no     attempts   4    120s  demands 0.692
   28/120 pegasus3-fill80-a3.0-3     no     attempts   5    120s  demands 0.665
   29/120 pegasus3-fill80-a3.0-4     no     attempts   4    120s  demands 0.663
   30/120 pegasus3-fill80-a3.0-5     no     attempts   4    120s  demands 0.657
   31/120 pegasus3-fill80-a3.0-6     no     attempts   6    120s  demands 0.693
   32/120 pegasus3-fill80-a3.0-7     no     attempts   4    120s  demands 0.682
   33/120 pegasus3-fill80-a3.0-8     no     attempts   4    120s  demands 0.708
   34/120 pegasus3-fill80-a3.0-9     no     attempts   3    120s  demands 0.693
   35/120 pegasus3-fill80-a3.0-10    no     attempts   4    120s  demands 0.652
   36/120 pegasus3-fill80-a3.0-11    no     attempts   4    120s  demands 0.691
   37/120 pegasus3-fill80-a2.0-0     no     attempts   5    120s  demands 0.742
   38/120 pegasus3-fill80-a2.0-1     no     attempts   4    120s  demands 0.665
   39/120 pegasus3-fill80-a2.0-2     no     attempts   4    120s  demands 0.637
   40/120 pegasus3-fill80-a2.0-3     no     attempts   4    120s  demands 0.667
   41/120 pegasus3-fill80-a2.0-4     no     attempts   4    120s  demands 0.721
   42/120 pegasus3-fill80-a2.0-5     no     attempts   4    120s  demands 0.663
   43/120 pegasus3-fill80-a2.0-6     no     attempts   4    120s  demands 0.756
   44/120 pegasus3-fill80-a2.0-7     no     attempts   4    120s  demands 0.689
   45/120 pegasus3-fill80-a2.0-8     no     attempts   4    120s  demands 0.626
   46/120 pegasus3-fill80-a2.0-9     no     attempts   4    120s  demands 0.725
   47/120 pegasus3-fill80-a2.0-10    no     attempts   4    120s  demands 0.726
   48/120 pegasus3-fill80-a2.0-11    no     attempts   7    120s  demands 0.741
   49/120 pegasus3-fill85-a3.0-0     no     attempts   4    120s  demands 0.574
   50/120 pegasus3-fill85-a3.0-1     no     attempts   4    120s  demands 0.681
   51/120 pegasus3-fill85-a3.0-2     no     attempts   4    120s  demands 0.675
   52/120 pegasus3-fill85-a3.0-3     no     attempts   4    120s  demands 0.730
   53/120 pegasus3-fill85-a3.0-4     no     attempts   4    120s  demands 0.626
   54/120 pegasus3-fill85-a3.0-5     no     attempts   4    120s  demands 0.616
   55/120 pegasus3-fill85-a3.0-6     no     attempts   3    120s  demands 0.691
   56/120 pegasus3-fill85-a3.0-7     no     attempts   4    120s  demands 0.621
   57/120 pegasus3-fill85-a3.0-8     no     attempts   4    120s  demands 0.624
   58/120 pegasus3-fill85-a3.0-9     no     attempts   4    120s  demands 0.671
   59/120 pegasus3-fill85-a3.0-10    no     attempts   4    120s  demands 0.616
