{"corpus": "runs/small/pegasus3/corpus", "instances": 120, "scorer": "runs/imitation/pegasus6_budget.pt", "deadline": 120.0, "prefer": true, "lean": true}
    1/120 pegasus3-fill70-a3.0-0     no     attempts   4    120s  demands 0.412
    2/120 pegasus3-fill70-a3.0-1     no     attempts   5    120s  demands 0.602
    3/120 pegasus3-fill70-a3.0-2     no     attempts   6    120s  demands 0.612
    4/120 pegasus3-fill70-a3.0-3     no     attempts   9    120s  demands 0.659
    5/120 pegasus3-fill70-a3.0-4     no     attempts   3    120s  demands 0.604
    6/120 pegasus3-fill70-a3.0-5     no     attempts   3    120s  demands 0.613
    7/120 pegasus3-fill70-a3.0-6     no     attempts   5    120s  demands 0.633
    8/120 pegasus3-fill70-a3.0-7     no     attempts   3    120s  demands 0.601
    9/120 pegasus3-fill70-a3.0-8     no     attempts   3    120s  demands 0.710
   10/120 pegasus3-fill70-a3.0-9     no     attempts   3    120s  demands 0.586
   11/120 pegasus3-fill70-a3.0-10    no     attempts  12    120s  demands 0.767
   12/120 pegasus3-fill70-a3.0-11    no     attempts   4    120s  demands 0.609
   13/120 pegasus3-fill70-a2.0-0     no     attempts   5    120s  demands 0.656
   14/120 pegasus3-fill70-a2.0-1     no     attempts   4    120s  demands 0.688
   15/120 pegasus3-fill70-a2.0-2     no     attempts   4    120s  demands 0.658
   16/120 pegasus3-fill70-a2.0-3     no     attempts   3    120s  demands 0.691
   17/120 pegasus3-fill70-a2.0-4     no     attempts   5    120s  demands 0.509
   18/120 pegasus3-fill70-a2.0-5     no     attempts   4    120s  demands 0.704
   19/120 pegasus3-fill70-a2.0-6     no     attempts   4    120s  demands 0.724
   20/120 pegasus3-fill70-a2.0-7     no     attempts   4    120s  demands 0.586
   21/120 pegasus3-fill70-a2.0-8     no     attempts   4    120s  demands 0.718
   22/120 pegasus3-fill70-a2.0-9     no     attempts   4    120s  demands 0.717
   23/120 pegasus3-fill70-a2.0-10    no     attempts   4    120s  demands 0.577
   24/120 pegasus3-fill70-a2.0-11    no     attempts  10    120s  demands 0.691
   25/120 pegasus3-fill80-a3.0-0     no     attempts   3    120s  demands 0.541
   26/120 pegasus3-fill80-a3.0-1     no     attempts   3    120s  demands 0.630
   27/120 pegasus3-fill80-a3.0-2     no     attempts   3    120s  demands 0.581
   28/120 pegasus3-fill80-a3.0-3     no     attempts   3    120s  demands 0.670
   29/120 pegasus3-fill80-a3.0-4     no     attempts   2    120s  demands 0.547
   30/120 pegasus3-fill80-a3.0-5     no     attempts   3    120s  demands 0.612
   31/120 pegasus3-fill80-a3.0-6     no     attempts   3    120s  demands 0.646
   32/120 pegasus3-fill80-a3.0-7     no     attempts   2    120s  demands 0.604
   33/120 pegasus3-fill80-a3.0-8     no     attempts   2    120s  demands 0.607
   34/120 pegasus3-fill80-a3.0-9     no     attempts   2    120s  demands 0.693
   35/120 pegasus3-fill80-a3.0-10    no     attempts   2    120s  demands 0.638
   36/120 pegasus3-fill80-a3.0-11    no     attempts   3    120s  demands 0.680
   37/120 pegasus3-fill80-a2.0-0     no     attempts   4    120s  demands 0.644
   38/120 pegasus3-fill80-a2.0-1     no     attempts   3    120s  demands 0.593
   39/120 pegasus3-fill80-a2.0-2     no     attempts   2    120s  demands 0.598
   40/120 pegasus3-fill80-a2.0-3     no     attempts   3    120s  demands 0.622
   41/120 pegasus3-fill80-a2.0-4     no     attempts   3    120s  demands 0.686
   42/120 pegasus3-fill80-a2.0-5     no     attempts   3    120s  demands 0.616
   43/120 pegasus3-fill80-a2.0-6     no     attempts   3    120s  demands 0.634
   44/120 pegasus3-fill80-a2.0-7     no     attempts   3    120s  demands 0.674
   45/120 pegasus3-fill80-a2.0-8     no     attempts   2    120s  demands 0.596
   46/120 pegasus3-fill80-a2.0-9     no     attempts   2    120s  demands 0.527
   47/120 pegasus3-fill80-a2.0-10    no     attempts   4    120s  demands 0.644
   48/120 pegasus3-fill80-a2.0-11    no     attempts   3    120s  demands 0.635
   49/120 pegasus3-fill85-a3.0-0     no     attempts   2    120s  demands 0.526
   50/120 pegasus3-fill85-a3.0-1     no     attempts   3    120s  demands 0.657
   51/120 pegasus3-fill85-a3.0-2     no     attempts   2    120s  demands 0.555
   52/120 pegasus3-fill85-a3.0-3     no     attempts   2    120s  demands 0.510
   53/120 pegasus3-fill85-a3.0-4     no     attempts   3    120s  demands 0.555
   54/120 pegasus3-fill85-a3.0-5     no     attempts   3    120s  demands 0.621
   55/120 pegasus3-fill85-a3.0-6     no     attempts   3    120s  demands 0.636
   56/120 pegasus3-fill85-a3.0-7     no     attempts   3    120s  demands 0.578
   57/120 pegasus3-fill85-a3.0-8     no     attempts   2    120s  demands 0.570
   58/120 pegasus3-fill85-a3.0-9     no     attempts   2    120s  demands 0.577
   59/120 pegasus3-fill85-a3.0-10    no     attempts   2    120s  demands 0.517
