{"cache": "runs/relabel/pegasus6_registered.pkl", "key": ["runs/modern/pegasus6/corpus", 160, 80, 2, 8, 256, 0], "device": "cuda", "width": 64}
  training lineages: 309 states compiled, 0 candidates dropped, 0 without native coordinates, 1s
  held-out lineages: 69 states compiled, 0 candidates dropped, 0 without native coordinates, 0s
  scorer parameters 123905
  step   1  nll 0.71285  rank 1.74423  train regret 0.1171  grad 55.910  inner -
  step  51  nll 0.65780  rank 1.65297  train regret 0.0734  grad 691.605  inner -
  step 101  nll 0.63416  rank 1.47477  train regret 0.0358  grad 690.755  inner -
  step 151  nll 0.62339  rank 1.32378  train regret 0.0198  grad 903.866  inner -
  step 201  nll 0.61349  rank 1.29140  train regret 0.0174  grad 1424.957  inner -
  step 251  nll 0.63358  rank 1.24059  train regret 0.0113  grad 3392.586  inner -
  step 301  nll 0.61058  rank 1.19450  train regret 0.0062  grad 2223.987  inner -
  step 351  nll 0.61420  rank 1.21922  train regret 0.0087  grad 2384.747  inner -
  step 400  nll 0.59250  rank 1.17045  train regret 0.0056  grad 936.991  inner -

== TRAINING states, fitted on, 69 states, every pick re-measured on 512 independent reads
  picking by oracle     0.5247  over 69 states
  picking by head       0.5240  over 69 states
  picking by random     0.4335  over 69 states
  picking by resource   0.4592  over 69 states
  picking by incumbent  0.4386  over 69 states
  head minus random                    n  69 states in  37 lineages  +0.0960 [+0.0591, +0.1374]  (paired by lineage)
  head minus the protected incumbent   n  69 states in  37 lineages  +0.0920 [+0.0506, +0.1367]  (paired by lineage)
  oracle minus random, the ceiling     n  69 states in  37 lineages  +0.0968 [+0.0623, +0.1354]  (paired by lineage)
  head minus oracle, left on the table n  69 states in  37 lineages  -0.0007 [-0.0086, +0.0069]  (paired by lineage)
  median within-state rank correlation +0.800

== HELD-OUT lineages, never trained on, 69 states, every pick re-measured on 512 independent reads
  picking by oracle     0.4485  over 69 states
  picking by head       0.3554  over 69 states
  picking by random     0.3477  over 69 states
  picking by resource   0.3810  over 69 states
  picking by incumbent  0.3351  over 69 states
  head minus random                    n  69 states in  36 lineages  +0.0056 [-0.0391, +0.0462]  (paired by lineage)
  head minus the protected incumbent   n  69 states in  36 lineages  +0.0186 [-0.0163, +0.0538]  (paired by lineage)
  oracle minus random, the ceiling     n  69 states in  36 lineages  +0.0994 [+0.0677, +0.1346]  (paired by lineage)
  head minus oracle, left on the table n  69 states in  36 lineages  -0.0939 [-0.1297, -0.0608]  (paired by lineage)
  median within-state rank correlation +0.132

SUCCESSOR SCORER DONE
