{"cache": "runs/relabel/pegasus6_registered.pkl", "key": ["runs/modern/pegasus6/corpus", 160, 80, 2, 8, 256, 0], "device": "cuda", "width": 64}
  training lineages: 309 states compiled, 0 candidates dropped, 0 without native coordinates, 1s
  held-out lineages: 69 states compiled, 0 candidates dropped, 0 without native coordinates, 1s
  LEGACY ENCODING: strength is ratio times mean|J|, not the evaluated program
  scorer parameters 123905
  step   1  nll 0.71284  rank 1.74423  train regret 0.1169  grad 55.900  inner -
  step  51  nll 0.64498  rank 1.61686  train regret 0.0619  grad 725.731  inner -
  step 101  nll 0.65291  rank 1.44624  train regret 0.0366  grad 2987.038  inner -
  step 151  nll 0.63330  rank 1.33570  train regret 0.0204  grad 2099.854  inner -
  step 201  nll 0.61976  rank 1.26556  train regret 0.0149  grad 1046.024  inner -
  step 251  nll 0.62324  rank 1.23084  train regret 0.0092  grad 2042.465  inner -
  step 301  nll 0.61727  rank 1.23153  train regret 0.0093  grad 2241.889  inner -
  step 351  nll 0.61887  rank 1.19680  train regret 0.0050  grad 2355.954  inner -
  step 400  nll 0.61311  rank 1.17414  train regret 0.0041  grad 2364.627  inner -

== TRAINING states, fitted on, 69 states, every pick re-measured on 512 independent reads
  picking by oracle     0.5247  over 69 states
  picking by head       0.5267  over 69 states
  picking by random     0.4335  over 69 states
  picking by resource   0.4592  over 69 states
  picking by incumbent  0.4386  over 69 states
  head minus random                    n  69 states in  37 lineages  +0.0988 [+0.0624, +0.1397]  (paired by lineage)
  head minus the protected incumbent   n  69 states in  37 lineages  +0.0948 [+0.0543, +0.1383]  (paired by lineage)
  oracle minus random, the ceiling     n  69 states in  37 lineages  +0.0968 [+0.0623, +0.1354]  (paired by lineage)
  head minus oracle, left on the table n  69 states in  37 lineages  +0.0021 [-0.0046, +0.0085]  (paired by lineage)
  median within-state rank correlation +0.800

== HELD-OUT lineages, never trained on, 69 states, every pick re-measured on 512 independent reads
  picking by oracle     0.4485  over 69 states
  picking by head       0.3882  over 69 states
  picking by random     0.3477  over 69 states
  picking by resource   0.3810  over 69 states
  picking by incumbent  0.3351  over 69 states
  head minus random                    n  69 states in  36 lineages  +0.0393 [+0.0022, +0.0777]  (paired by lineage)
  head minus the protected incumbent   n  69 states in  36 lineages  +0.0524 [+0.0159, +0.0909]  (paired by lineage)
  oracle minus random, the ceiling     n  69 states in  36 lineages  +0.0994 [+0.0677, +0.1346]  (paired by lineage)
  head minus oracle, left on the table n  69 states in  36 lineages  -0.0601 [-0.0898, -0.0338]  (paired by lineage)
  median within-state rank correlation +0.200

SUCCESSOR SCORER DONE
