{"cache": "runs/relabel/pegasus6_registered.pkl", "key": ["runs/modern/pegasus6/corpus", 160, 80, 2, 8, 256, 0], "device": "cuda", "width": 64}
  training lineages: 309 states compiled, 0 candidates dropped, 0 without native coordinates, 17s
  held-out lineages: 69 states compiled, 0 candidates dropped, 0 without native coordinates, 5s
  LEGACY ENCODING: strength is ratio times mean|J|, not the evaluated program
  scorer parameters 123905
  step   1  nll 0.69441  rank 1.74499  train regret 0.1326  grad 36.969  inner -
  step  51  nll 0.64867  rank 1.63902  train regret 0.0685  grad 419.630  inner -
  step 101  nll 0.63650  rank 1.43349  train regret 0.0344  grad 1462.882  inner -
  step 151  nll 0.62814  rank 1.32219  train regret 0.0234  grad 729.056  inner -
  step 201  nll 0.63637  rank 1.28599  train regret 0.0137  grad 3135.004  inner -
  step 251  nll 0.61335  rank 1.24575  train regret 0.0096  grad 2487.306  inner -
  step 301  nll 0.60306  rank 1.21820  train regret 0.0068  grad 1742.231  inner -
  step 351  nll 0.59656  rank 1.18869  train regret 0.0073  grad 1249.814  inner -
  step 400  nll 0.58768  rank 1.17953  train regret 0.0060  grad 1655.556  inner -

== TRAINING states, fitted on, 69 states, every pick re-measured on 512 independent reads
  picking by oracle     0.5247  over 69 states
  picking by head       0.5233  over 69 states
  picking by random     0.4335  over 69 states
  picking by resource   0.4592  over 69 states
  picking by incumbent  0.4386  over 69 states
  head minus random                    n  69 states in  37 lineages  +0.0950 [+0.0579, +0.1370]  (paired by lineage)
  head minus the protected incumbent   n  69 states in  37 lineages  +0.0910 [+0.0502, +0.1352]  (paired by lineage)
  oracle minus random, the ceiling     n  69 states in  37 lineages  +0.0968 [+0.0623, +0.1354]  (paired by lineage)
  head minus oracle, left on the table n  69 states in  37 lineages  -0.0018 [-0.0085, +0.0050]  (paired by lineage)
  median within-state rank correlation +0.800

== HELD-OUT lineages, never trained on, 69 states, every pick re-measured on 512 independent reads
  picking by oracle     0.4485  over 69 states
  picking by head       0.3420  over 69 states
  picking by random     0.3477  over 69 states
  picking by resource   0.3810  over 69 states
  picking by incumbent  0.3351  over 69 states
  head minus random                    n  69 states in  36 lineages  -0.0065 [-0.0358, +0.0244]  (paired by lineage)
  head minus the protected incumbent   n  69 states in  36 lineages  +0.0065 [-0.0307, +0.0405]  (paired by lineage)
  oracle minus random, the ceiling     n  69 states in  36 lineages  +0.0994 [+0.0677, +0.1346]  (paired by lineage)
  head minus oracle, left on the table n  69 states in  36 lineages  -0.1060 [-0.1414, -0.0739]  (paired by lineage)
  median within-state rank correlation +0.143

SUCCESSOR SCORER DONE
