{"cache": "runs/relabel/zephyr4_registered.pkl", "key": ["runs/modern/zephyr4/corpus", 160, 80, 2, 8, 256, 0], "device": "cuda", "width": 64}
  training lineages: 314 states compiled, 0 candidates dropped, 0 without native coordinates, 47s
  held-out lineages: 71 states compiled, 0 candidates dropped, 0 without native coordinates, 15s
  LEGACY ENCODING: strength is ratio times mean|J|, not the evaluated program
  scorer parameters 123905
  step   1  nll 0.69414  rank 1.74303  train regret 0.1231  grad 32.607  inner -
  step  51  nll 0.65840  rank 1.52777  train regret 0.0535  grad 344.515  inner -
  step 101  nll 0.65253  rank 1.36222  train regret 0.0261  grad 1478.695  inner -
  step 151  nll 0.64183  rank 1.28445  train regret 0.0179  grad 1697.549  inner -
  step 201  nll 0.63350  rank 1.21638  train regret 0.0116  grad 1535.823  inner -
  step 251  nll 0.62345  rank 1.20761  train regret 0.0105  grad 1406.674  inner -
  step 301  nll 0.61319  rank 1.17702  train regret 0.0084  grad 1222.906  inner -
  step 351  nll 0.60313  rank 1.15100  train regret 0.0055  grad 1015.882  inner -
  step 400  nll 0.60339  rank 1.17323  train regret 0.0064  grad 1506.405  inner -

== TRAINING states, fitted on, 71 states, every pick re-measured on 512 independent reads
  picking by oracle     0.5374  over 71 states
  picking by head       0.5418  over 71 states
  picking by random     0.4187  over 71 states
  picking by resource   0.4383  over 71 states
  picking by incumbent  0.4255  over 71 states
  head minus random                    n  71 states in  37 lineages  +0.1221 [+0.0909, +0.1532]  (paired by lineage)
  head minus the protected incumbent   n  71 states in  37 lineages  +0.1158 [+0.0804, +0.1508]  (paired by lineage)
  oracle minus random, the ceiling     n  71 states in  37 lineages  +0.1166 [+0.0844, +0.1490]  (paired by lineage)
  head minus oracle, left on the table n  71 states in  37 lineages  +0.0056 [-0.0020, +0.0154]  (paired by lineage)
  median within-state rank correlation +0.800

== HELD-OUT lineages, never trained on, 71 states, every pick re-measured on 512 independent reads
  picking by oracle     0.5184  over 71 states
  picking by head       0.4265  over 71 states
  picking by random     0.3893  over 71 states
  picking by resource   0.4300  over 71 states
  picking by incumbent  0.3932  over 71 states
  head minus random                    n  71 states in  36 lineages  +0.0374 [-0.0053, +0.0842]  (paired by lineage)
  head minus the protected incumbent   n  71 states in  36 lineages  +0.0322 [-0.0059, +0.0712]  (paired by lineage)
  oracle minus random, the ceiling     n  71 states in  36 lineages  +0.1285 [+0.0886, +0.1724]  (paired by lineage)
  head minus oracle, left on the table n  71 states in  36 lineages  -0.0911 [-0.1257, -0.0613]  (paired by lineage)
  median within-state rank correlation +0.143

SUCCESSOR SCORER DONE
