{"cache": "runs/relabel/zephyr4_registered.pkl", "key": ["runs/modern/zephyr4/corpus", 160, 80, 2, 8, 256, 0], "device": "cuda", "width": 64}
  training lineages: 314 states compiled, 0 candidates dropped, 0 without native coordinates, 33s
  held-out lineages: 71 states compiled, 0 candidates dropped, 0 without native coordinates, 12s
  scorer parameters 123905
  step   1  nll 0.70998  rank 1.74306  train regret 0.1111  grad 51.529  inner -
  step  51  nll 0.66401  rank 1.59269  train regret 0.0633  grad 411.576  inner -
  step 101  nll 0.65317  rank 1.40579  train regret 0.0352  grad 1943.184  inner -
  step 151  nll 0.64568  rank 1.36523  train regret 0.0289  grad 3653.257  inner -
  step 201  nll 0.64328  rank 1.24146  train regret 0.0099  grad 1545.855  inner -
  step 251  nll 0.63558  rank 1.21797  train regret 0.0101  grad 2594.403  inner -
  step 301  nll 0.61948  rank 1.18018  train regret 0.0066  grad 1471.985  inner -
  step 351  nll 0.61815  rank 1.17971  train regret 0.0062  grad 2132.938  inner -
  step 400  nll 0.61535  rank 1.17564  train regret 0.0062  grad 1735.480  inner -

== TRAINING states, fitted on, 71 states, every pick re-measured on 512 independent reads
  picking by oracle     0.5374  over 71 states
  picking by head       0.5432  over 71 states
  picking by random     0.4187  over 71 states
  picking by resource   0.4383  over 71 states
  picking by incumbent  0.4255  over 71 states
  head minus random                    n  71 states in  37 lineages  +0.1235 [+0.0931, +0.1540]  (paired by lineage)
  head minus the protected incumbent   n  71 states in  37 lineages  +0.1172 [+0.0825, +0.1520]  (paired by lineage)
  oracle minus random, the ceiling     n  71 states in  37 lineages  +0.1166 [+0.0844, +0.1490]  (paired by lineage)
  head minus oracle, left on the table n  71 states in  37 lineages  +0.0070 [+0.0001, +0.0158]  (paired by lineage)
  median within-state rank correlation +0.800

== HELD-OUT lineages, never trained on, 71 states, every pick re-measured on 512 independent reads
  picking by oracle     0.5184  over 71 states
  picking by head       0.4192  over 71 states
  picking by random     0.3893  over 71 states
  picking by resource   0.4300  over 71 states
  picking by incumbent  0.3932  over 71 states
  head minus random                    n  71 states in  36 lineages  +0.0290 [-0.0158, +0.0770]  (paired by lineage)
  head minus the protected incumbent   n  71 states in  36 lineages  +0.0237 [-0.0184, +0.0692]  (paired by lineage)
  oracle minus random, the ceiling     n  71 states in  36 lineages  +0.1285 [+0.0886, +0.1724]  (paired by lineage)
  head minus oracle, left on the table n  71 states in  36 lineages  -0.0996 [-0.1373, -0.0647]  (paired by lineage)
  median within-state rank correlation +0.168

SUCCESSOR SCORER DONE
