{"cache": "runs/relabel/zephyr4_registered.pkl", "key": ["runs/modern/zephyr4/corpus", 160, 80, 2, 8, 256, 0], "device": "cuda", "width": 64}
  training lineages: 314 states compiled, 0 candidates dropped, 0 without native coordinates, 51s
  held-out lineages: 71 states compiled, 0 candidates dropped, 0 without native coordinates, 17s
  scorer parameters 123905
  step   1  nll 0.69865  rank 1.74301  train regret 0.1261  grad 38.662  inner -
  step  51  nll 0.66317  rank 1.58572  train regret 0.0600  grad 375.159  inner -
  step 101  nll 0.65316  rank 1.40088  train regret 0.0343  grad 928.190  inner -
  step 151  nll 0.64518  rank 1.33949  train regret 0.0190  grad 1507.285  inner -
  step 201  nll 0.63829  rank 1.26810  train regret 0.0191  grad 1303.012  inner -
  step 251  nll 0.65208  rank 1.22168  train regret 0.0104  grad 2515.139  inner -
  step 301  nll 0.63811  rank 1.19424  train regret 0.0073  grad 2059.256  inner -
  step 351  nll 0.62425  rank 1.21608  train regret 0.0091  grad 1375.081  inner -
  step 400  nll 0.64128  rank 1.21838  train regret 0.0109  grad 2626.651  inner -

== TRAINING states, fitted on, 71 states, every pick re-measured on 512 independent reads
  picking by oracle     0.5374  over 71 states
  picking by head       0.5451  over 71 states
  picking by random     0.4187  over 71 states
  picking by resource   0.4383  over 71 states
  picking by incumbent  0.4255  over 71 states
  head minus random                    n  71 states in  37 lineages  +0.1253 [+0.0949, +0.1556]  (paired by lineage)
  head minus the protected incumbent   n  71 states in  37 lineages  +0.1190 [+0.0850, +0.1525]  (paired by lineage)
  oracle minus random, the ceiling     n  71 states in  37 lineages  +0.1166 [+0.0844, +0.1490]  (paired by lineage)
  head minus oracle, left on the table n  71 states in  37 lineages  +0.0087 [+0.0007, +0.0186]  (paired by lineage)
  median within-state rank correlation +0.786

== HELD-OUT lineages, never trained on, 71 states, every pick re-measured on 512 independent reads
  picking by oracle     0.5184  over 71 states
  picking by head       0.4277  over 71 states
  picking by random     0.3893  over 71 states
  picking by resource   0.4300  over 71 states
  picking by incumbent  0.3932  over 71 states
  head minus random                    n  71 states in  36 lineages  +0.0395 [-0.0030, +0.0858]  (paired by lineage)
  head minus the protected incumbent   n  71 states in  36 lineages  +0.0342 [-0.0024, +0.0732]  (paired by lineage)
  oracle minus random, the ceiling     n  71 states in  36 lineages  +0.1285 [+0.0886, +0.1724]  (paired by lineage)
  head minus oracle, left on the table n  71 states in  36 lineages  -0.0890 [-0.1314, -0.0515]  (paired by lineage)
  median within-state rank correlation +0.316

SUCCESSOR SCORER DONE
