{"cache": "runs/relabel/zephyr4_registered.pkl", "split": "eval", "lineages": 32, "states": 63, "reads": 512, "beta_range": [0.1, 2.0]}
  10/63 states, 96s
  20/63 states, 191s
  30/63 states, 293s
  40/63 states, 392s
  50/63 states, 485s
  60/63 states, 579s

  63 states in 32 lineages
  quantity                    mean  95% bootstrap over lineages
  rank corr A vs B, 512    +0.7714  [+0.7201, +0.8177]
  rank corr C(256) vs B    +0.7648  [+0.7038, +0.8219]
  top choice agrees        +0.6406  [+0.5156, +0.7656]
  select A, assess B       +0.1217  [+0.0935, +0.1517]
  select B, assess A       +0.1266  [+0.0990, +0.1563]
  select C(256), assess B   +0.1214  [+0.0934, +0.1513]
  oracle on B (inflated)   +0.1286  [+0.1012, +0.1570]
  spread of B              +0.2650  [+0.2205, +0.3083]

  The select-A-assess-B gain is what a perfect predictor of block A earns on fresh
  reads; nothing trained on A can show more held-out. The oracle-on-B row carries the
  winner's curse and is printed only to show its size.

LABEL RELIABILITY DONE
