{"probe": "objective-scale", "corpora": ["/home/nguyencongt/prj_IsingFold/runs/small/zephyr2/corpus", "/home/nguyencongt/prj_IsingFold/runs/fill/zephyr4/corpus"], "cells": ["fill80"], "per_corpus": 6, "reads": 512}
{"corpus": "/home/nguyencongt/prj_IsingFold/runs/small/zephyr2/corpus", "instance": "zephyr2-fill80-a2.0-0", "variables": 78, "edges": 222, "host": 160, "fill": 0.8, "witness": {"p_solve": 0.005859375, "residual": 0.06799290378464767, "qubits": 128, "max_chain": 6}, "minorminer_seconds": 0.04785225307568908, "minorminer": {"p_solve": 0.0, "residual": 0.16370435767590583, "qubits": 124, "max_chain": 4}}
{"corpus": "/home/nguyencongt/prj_IsingFold/runs/small/zephyr2/corpus", "instance": "zephyr2-fill80-a2.0-1", "variables": 89, "edges": 241, "host": 160, "fill": 0.8, "witness": {"p_solve": 0.00390625, "residual": 0.09901860199138778, "qubits": 128, "max_chain": 5}, "minorminer_seconds": 1.050411555916071, "minorminer": {"p_solve": 0.0, "residual": 0.14149118675995642, "qubits": 126, "max_chain": 3}}
{"corpus": "/home/nguyencongt/prj_IsingFold/runs/small/zephyr2/corpus", "instance": "zephyr2-fill80-a2.0-10", "variables": 78, "edges": 214, "host": 160, "fill": 0.8, "witness": {"p_solve": 0.00390625, "residual": 0.1050736167684991, "qubits": 128, "max_chain": 5}, "minorminer_seconds": 0.05927527975291014, "minorminer": {"p_solve": 0.0, "residual": 0.20332654446707343, "qubits": 141, "max_chain": 6}}
{"corpus": "/home/nguyencongt/prj_IsingFold/runs/small/zephyr2/corpus", "instance": "zephyr2-fill80-a2.0-11", "variables": 72, "edges": 203, "host": 160, "fill": 0.8, "witness": {"p_solve": 0.005859375, "residual": 0.12714746579601965, "qubits": 128, "max_chain": 6}, "minorminer_seconds": 0.018627298064529896, "minorminer": {"p_solve": 0.0, "residual": 0.22007637593283572, "qubits": 130, "max_chain": 5}}
{"corpus": "/home/nguyencongt/prj_IsingFold/runs/small/zephyr2/corpus", "instance": "zephyr2-fill80-a2.0-2", "variables": 83, "edges": 229, "host": 160, "fill": 0.8, "witness": {"p_solve": 0.0, "residual": 0.09118792361835205, "qubits": 128, "max_chain": 6}, "minorminer_seconds": 0.024242136161774397, "minorminer": {"p_solve": 0.0, "residual": 0.1523111639728881, "qubits": 134, "max_chain": 4}}
{"corpus": "/home/nguyencongt/prj_IsingFold/runs/small/zephyr2/corpus", "instance": "zephyr2-fill80-a2.0-3", "variables": 81, "edges": 227, "host": 160, "fill": 0.8, "witness": {"p_solve": 0.0, "residual": 0.12851658713054184, "qubits": 128, "max_chain": 6}, "minorminer_seconds": 0.062227983959019184, "minorminer": {"p_solve": 0.0, "residual": 0.17324603602216695, "qubits": 126, "max_chain": 4}}
{"corpus": "/home/nguyencongt/prj_IsingFold/runs/fill/zephyr4/corpus", "instance": "zephyr4-fill80-a2.0-0", "variables": 282, "edges": 775, "host": 576, "fill": 0.8003472222222222, "witness": {"p_solve": 0.0, "residual": 0.1181674100186988, "qubits": 461, "max_chain": 6}, "minorminer_seconds": 2.367320624180138, "minorminer": {"p_solve": 0.0, "residual": 0.14366941609535794, "qubits": 486, "max_chain": 6}}
{"corpus": "/home/nguyencongt/prj_IsingFold/runs/fill/zephyr4/corpus", "instance": "zephyr4-fill80-a2.0-1", "variables": 267, "edges": 768, "host": 576, "fill": 0.8003472222222222, "witness": {"p_solve": 0.0, "residual": 0.1474046922364444, "qubits": 461, "max_chain": 6}, "minorminer_seconds": 1.2252555852755904, "minorminer": {"p_solve": 0.0, "residual": 0.17155792143819584, "qubits": 439, "max_chain": 5}}
{"corpus": "/home/nguyencongt/prj_IsingFold/runs/fill/zephyr4/corpus", "instance": "zephyr4-fill80-a2.0-2", "variables": 305, "edges": 869, "host": 576, "fill": 0.8003472222222222, "witness": {"p_solve": 0.0, "residual": 0.14992692541476146, "qubits": 461, "max_chain": 6}, "minorminer_seconds": 25.777952174190432, "minorminer": null}
{"corpus": "/home/nguyencongt/prj_IsingFold/runs/fill/zephyr4/corpus", "instance": "zephyr4-fill80-a2.0-3", "variables": 295, "edges": 854, "host": 576, "fill": 0.8003472222222222, "witness": {"p_solve": 0.0, "residual": 0.12723831847525574, "qubits": 461, "max_chain": 6}, "minorminer_seconds": 4.85748233506456, "minorminer": {"p_solve": 0.0, "residual": 0.17030793690439758, "qubits": 464, "max_chain": 4}}
{"corpus": "/home/nguyencongt/prj_IsingFold/runs/fill/zephyr4/corpus", "instance": "zephyr4-fill80-a2.0-4", "variables": 263, "edges": 755, "host": 576, "fill": 0.8003472222222222, "witness": {"p_solve": 0.0, "residual": 0.11525152186516624, "qubits": 461, "max_chain": 6}, "minorminer_seconds": 0.52024359209463, "minorminer": {"p_solve": 0.0, "residual": 0.1941387485506058, "qubits": 457, "max_chain": 6}}
{"corpus": "/home/nguyencongt/prj_IsingFold/runs/fill/zephyr4/corpus", "instance": "zephyr4-fill80-a2.0-5", "variables": 279, "edges": 791, "host": 576, "fill": 0.8003472222222222, "witness": {"p_solve": 0.0, "residual": 0.13793329831932932, "qubits": 461, "max_chain": 6}, "minorminer_seconds": 0.8450375879183412, "minorminer": {"p_solve": 0.0, "residual": 0.19262711094053125, "qubits": 461, "max_chain": 5}}
  corpus                          vars  fill   witness p_solve  witness residual  mm p_solve  mm valid
  zephyr2                          50  0.80           0.0059            0.1271      0.0000  1/1
  zephyr2                          75  0.80           0.0027            0.0984      0.0000  5/5
  zephyr4                         250  0.80           0.0000            0.1313      0.0000  2/2
  zephyr4                         275  0.80           0.0000            0.1278      0.0000  3/3
  zephyr4                         300  0.80           0.0000            0.1499           -  0/1
OBJECTIVE SCALE DONE
