Independent constructor final focused regression gate
Base main: a169e71bc22ca4e9725b3f4a52ef955e46eae255
Working-tree changes implementing ADR-005
Expected argparse errors below are deliberate rejection tests, not failed tests.
Command: /workspace/scratch/667fc8e0bab0/tmp/isingfold_fix_venv/bin/python -m pytest -q -s tests/unit/test_constructor_rl.py tests/unit/test_constructor_rollout.py tests/unit/test_constructor_features.py tests/unit/test_constructor_learning.py tests/unit/test_constructor_protocol.py tests/unit/test_constructor_cli.py tests/unit/test_constructor_baseline.py tests/unit/test_rl_proposal.py tests/unit/test_rl_atomic_env.py tests/unit/test_rl_environment.py tests/unit/test_hybrid_rl.py tests/unit/test_hybrid_layout_integration.py tests/unit/test_contact_policy.py tests/unit/test_contact_policy_contracts.py

.......................................................toy on-policy terminal gate: initial=0.500000, final=0.969330
...........................usage: train_constructor_rl.py [-h] --corpus CORPUS --out OUT [--init INIT]
                               [--allow-unverified-init]
                               [--objective {quality,feasibility}]
                               [--actor {contextual,local}]
                               [--features {construction,legacy}]
                               [--value-baseline {value,loo}]
                               [--iterations ITERATIONS]
                               [--instances-per-iteration INSTANCES_PER_ITERATION]
                               [--episodes-per-instance EPISODES_PER_INSTANCE]
                               [--temperature TEMPERATURE]
                               [--learning-rate LEARNING_RATE]
                               [--entropy-coef ENTROPY_COEF]
                               [--value-coef VALUE_COEF]
                               [--shaping-coef SHAPING_COEF]
                               [--max-steps MAX_STEPS] [--deadline DEADLINE]
                               [--episode-seconds EPISODE_SECONDS]
                               [--qubit-cap QUBIT_CAP]
                               [--holdout-fraction HOLDOUT_FRACTION]
                               [--eval-every EVAL_EVERY] [--width WIDTH]
                               [--seed SEED] [--reward-reads REWARD_READS]
                               [--selection-reads SELECTION_READS]
                               [--assessment-reads ASSESSMENT_READS]
                               [--select-cap SELECT_CAP]
                               [--comparison {minorminer,none}]
                               [--baseline-router-seconds BASELINE_ROUTER_SECONDS]
                               [--baseline-tries BASELINE_TRIES]
train_constructor_rl.py: error: checkpoint model/feature schema differs; match actor, features and width
.usage: train_constructor_rl.py [-h] --corpus CORPUS --out OUT [--init INIT]
                               [--allow-unverified-init]
                               [--objective {quality,feasibility}]
                               [--actor {contextual,local}]
                               [--features {construction,legacy}]
                               [--value-baseline {value,loo}]
                               [--iterations ITERATIONS]
                               [--instances-per-iteration INSTANCES_PER_ITERATION]
                               [--episodes-per-instance EPISODES_PER_INSTANCE]
                               [--temperature TEMPERATURE]
                               [--learning-rate LEARNING_RATE]
                               [--entropy-coef ENTROPY_COEF]
                               [--value-coef VALUE_COEF]
                               [--shaping-coef SHAPING_COEF]
                               [--max-steps MAX_STEPS] [--deadline DEADLINE]
                               [--episode-seconds EPISODE_SECONDS]
                               [--qubit-cap QUBIT_CAP]
                               [--holdout-fraction HOLDOUT_FRACTION]
                               [--eval-every EVAL_EVERY] [--width WIDTH]
                               [--seed SEED] [--reward-reads REWARD_READS]
                               [--selection-reads SELECTION_READS]
                               [--assessment-reads ASSESSMENT_READS]
                               [--select-cap SELECT_CAP]
                               [--comparison {minorminer,none}]
                               [--baseline-router-seconds BASELINE_ROUTER_SECONDS]
                               [--baseline-tries BASELINE_TRIES]
train_constructor_rl.py: error: initial checkpoint trained on current validation lineages: b
.usage: train_constructor_rl.py [-h] --corpus CORPUS --out OUT [--init INIT]
                               [--allow-unverified-init]
                               [--objective {quality,feasibility}]
                               [--actor {contextual,local}]
                               [--features {construction,legacy}]
                               [--value-baseline {value,loo}]
                               [--iterations ITERATIONS]
                               [--instances-per-iteration INSTANCES_PER_ITERATION]
                               [--episodes-per-instance EPISODES_PER_INSTANCE]
                               [--temperature TEMPERATURE]
                               [--learning-rate LEARNING_RATE]
                               [--entropy-coef ENTROPY_COEF]
                               [--value-coef VALUE_COEF]
                               [--shaping-coef SHAPING_COEF]
                               [--max-steps MAX_STEPS] [--deadline DEADLINE]
                               [--episode-seconds EPISODE_SECONDS]
                               [--qubit-cap QUBIT_CAP]
                               [--holdout-fraction HOLDOUT_FRACTION]
                               [--eval-every EVAL_EVERY] [--width WIDTH]
                               [--seed SEED] [--reward-reads REWARD_READS]
                               [--selection-reads SELECTION_READS]
                               [--assessment-reads ASSESSMENT_READS]
                               [--select-cap SELECT_CAP]
                               [--comparison {minorminer,none}]
                               [--baseline-router-seconds BASELINE_ROUTER_SECONDS]
                               [--baseline-tries BASELINE_TRIES]
train_constructor_rl.py: error: initial checkpoint trained on current validation lineages: b
..usage: train_constructor_rl.py [-h] --corpus CORPUS --out OUT [--init INIT]
                               [--allow-unverified-init]
                               [--objective {quality,feasibility}]
                               [--actor {contextual,local}]
                               [--features {construction,legacy}]
                               [--value-baseline {value,loo}]
                               [--iterations ITERATIONS]
                               [--instances-per-iteration INSTANCES_PER_ITERATION]
                               [--episodes-per-instance EPISODES_PER_INSTANCE]
                               [--temperature TEMPERATURE]
                               [--learning-rate LEARNING_RATE]
                               [--entropy-coef ENTROPY_COEF]
                               [--value-coef VALUE_COEF]
                               [--shaping-coef SHAPING_COEF]
                               [--max-steps MAX_STEPS] [--deadline DEADLINE]
                               [--episode-seconds EPISODE_SECONDS]
                               [--qubit-cap QUBIT_CAP]
                               [--holdout-fraction HOLDOUT_FRACTION]
                               [--eval-every EVAL_EVERY] [--width WIDTH]
                               [--seed SEED] [--reward-reads REWARD_READS]
                               [--selection-reads SELECTION_READS]
                               [--assessment-reads ASSESSMENT_READS]
                               [--select-cap SELECT_CAP]
                               [--comparison {minorminer,none}]
                               [--baseline-router-seconds BASELINE_ROUTER_SECONDS]
                               [--baseline-tries BASELINE_TRIES]
train_constructor_rl.py: error: initial checkpoint has unverified training lineage provenance; use --allow-unverified-init only for a declared legacy import
.usage: train_constructor_rl.py [-h] --corpus CORPUS --out OUT [--init INIT]
                               [--allow-unverified-init]
                               [--objective {quality,feasibility}]
                               [--actor {contextual,local}]
                               [--features {construction,legacy}]
                               [--value-baseline {value,loo}]
                               [--iterations ITERATIONS]
                               [--instances-per-iteration INSTANCES_PER_ITERATION]
                               [--episodes-per-instance EPISODES_PER_INSTANCE]
                               [--temperature TEMPERATURE]
                               [--learning-rate LEARNING_RATE]
                               [--entropy-coef ENTROPY_COEF]
                               [--value-coef VALUE_COEF]
                               [--shaping-coef SHAPING_COEF]
                               [--max-steps MAX_STEPS] [--deadline DEADLINE]
                               [--episode-seconds EPISODE_SECONDS]
                               [--qubit-cap QUBIT_CAP]
                               [--holdout-fraction HOLDOUT_FRACTION]
                               [--eval-every EVAL_EVERY] [--width WIDTH]
                               [--seed SEED] [--reward-reads REWARD_READS]
                               [--selection-reads SELECTION_READS]
                               [--assessment-reads ASSESSMENT_READS]
                               [--select-cap SELECT_CAP]
                               [--comparison {minorminer,none}]
                               [--baseline-router-seconds BASELINE_ROUTER_SECONDS]
                               [--baseline-tries BASELINE_TRIES]
train_constructor_rl.py: error: initial checkpoint has unverified training lineage provenance; use --allow-unverified-init only for a declared legacy import
.......................................................{"corpus": "unused", "train": 1, "held_out": 1, "init": null, "train_deadline": 10.0, "eval_deadline": 60.0, "fast": true, "protocol": "hybrid-matched-deployment-v2", "split_unit": "lineage", "evaluation_role": "validation", "train_lineages": ["toy-fill80-a3.0-0-l0"], "validation_lineages": ["toy-fill80-a3.0-1-l1"], "qubit_cap": 0, "legacy_witness_budget": false, "model_spec": {"actor": "local", "feature_version": "candidate-v1", "in_dim": 35, "width": 64}, "root_support": "legacy", "policy_sampler": "layout-v2-numpy", "baseline": "loo", "entropy_coef": 0.0, "warmstart_epochs": 0, "learning_algorithm": "terminal-MC-policy-gradient-single-update", "config": {"corpus": "unused", "init": "", "out": "/tmp/pytest-of-root/pytest-45/test_initial_quality_checkpoin0/nested/model.pt", "iterations": 0, "instances_per_iteration": 4, "episodes_per_instance": 4, "temperature": 1.0, "learning_rate": 0.0003, "train_deadline": 10.0, "eval_deadline": 60.0, "tries": 10, "holdout_fraction": 0.25, "eval_every": 10, "width": 64, "actor": "local", "features": "legacy", "root_support": "legacy", "baseline": "loo", "entropy_coef": 0.0, "value_coef": 0.5, "warmstart_epochs": 0, "seed": 0, "hard_only": false, "fast": true, "layout_router_secs": 2.0, "layout_tries": 2, "objective": "quality", "quality_weight": 10.0, "select_cap": 1, "qubit_cap": 0, "witness_budget": false}, "deadline_scope": "proposal+router+selection; reporting assessment separate"}
{"evaluation": "init", "role": "validation", "arms": [{"instance": "toy-fill80-a3.0-1", "arm": "policy", "cached": false, "valid": true, "residual": 0.2, "attempts": 1, "candidates": 1, "selection_reads": 256, "assessment_reads": 256, "deployment_seconds": 0.0011690960091073066, "total_seconds": 0.001176697012851946, "deadline_overrun_seconds": 0.0}, {"instance": "toy-fill80-a3.0-1", "arm": "router", "cached": false, "valid": true, "residual": 0.2, "attempts": 1, "candidates": 1, "selection_reads": 256, "assessment_reads": 256, "deployment_seconds": 2.1297993953339756e-05, "total_seconds": 2.7097994461655617e-05, "deadline_overrun_seconds": 0.0}]}
  init held-out within 60s: policy+search 1.00  router+search 1.00  layouts 1.0  valid candidates 1.0/1.0  over 1
    fill80-a3.0 1.00/1.00
    residual, policy minus router, both selected by measurement, fresh block, where both valid: +0.0000 [+0.0000, +0.0000] over 1
    checkpoint key: (1.0, 1.0, -0.2) (validity, measured coverage, negative mean policy residual)

HYBRID RL DONE
.usage: train_hybrid_rl [-h] --corpus CORPUS [--init INIT] --out OUT
                       [--iterations ITERATIONS]
                       [--instances-per-iteration INSTANCES_PER_ITERATION]
                       [--episodes-per-instance EPISODES_PER_INSTANCE]
                       [--temperature TEMPERATURE]
                       [--learning-rate LEARNING_RATE]
                       [--train-deadline TRAIN_DEADLINE]
                       [--eval-deadline EVAL_DEADLINE] [--tries TRIES]
                       [--holdout-fraction HOLDOUT_FRACTION]
                       [--eval-every EVAL_EVERY] [--width WIDTH]
                       [--actor {local,contextual}]
                       [--features {legacy,capacity}]
                       [--root-support {legacy,all_free}]
                       [--baseline {loo,value}] [--entropy-coef ENTROPY_COEF]
                       [--value-coef VALUE_COEF]
                       [--warmstart-epochs WARMSTART_EPOCHS] [--seed SEED]
                       [--hard-only] [--fast]
                       [--layout-router-secs LAYOUT_ROUTER_SECS]
                       [--layout-tries LAYOUT_TRIES]
                       [--objective {valid,quality}]
                       [--quality-weight QUALITY_WEIGHT]
                       [--select-cap SELECT_CAP] [--qubit-cap QUBIT_CAP]
                       [--witness-budget]
train_hybrid_rl: error: checkpoint model/feature schema differs; match --actor, --features and --width
.usage: train_hybrid_rl [-h] --corpus CORPUS [--init INIT] --out OUT
                       [--iterations ITERATIONS]
                       [--instances-per-iteration INSTANCES_PER_ITERATION]
                       [--episodes-per-instance EPISODES_PER_INSTANCE]
                       [--temperature TEMPERATURE]
                       [--learning-rate LEARNING_RATE]
                       [--train-deadline TRAIN_DEADLINE]
                       [--eval-deadline EVAL_DEADLINE] [--tries TRIES]
                       [--holdout-fraction HOLDOUT_FRACTION]
                       [--eval-every EVAL_EVERY] [--width WIDTH]
                       [--actor {local,contextual}]
                       [--features {legacy,capacity}]
                       [--root-support {legacy,all_free}]
                       [--baseline {loo,value}] [--entropy-coef ENTROPY_COEF]
                       [--value-coef VALUE_COEF]
                       [--warmstart-epochs WARMSTART_EPOCHS] [--seed SEED]
                       [--hard-only] [--fast]
                       [--layout-router-secs LAYOUT_ROUTER_SECS]
                       [--layout-tries LAYOUT_TRIES]
                       [--objective {valid,quality}]
                       [--quality-weight QUALITY_WEIGHT]
                       [--select-cap SELECT_CAP] [--qubit-cap QUBIT_CAP]
                       [--witness-budget]
train_hybrid_rl: error: --baseline value requires --actor contextual
.usage: train_hybrid_rl [-h] --corpus CORPUS [--init INIT] --out OUT
                       [--iterations ITERATIONS]
                       [--instances-per-iteration INSTANCES_PER_ITERATION]
                       [--episodes-per-instance EPISODES_PER_INSTANCE]
                       [--temperature TEMPERATURE]
                       [--learning-rate LEARNING_RATE]
                       [--train-deadline TRAIN_DEADLINE]
                       [--eval-deadline EVAL_DEADLINE] [--tries TRIES]
                       [--holdout-fraction HOLDOUT_FRACTION]
                       [--eval-every EVAL_EVERY] [--width WIDTH]
                       [--actor {local,contextual}]
                       [--features {legacy,capacity}]
                       [--root-support {legacy,all_free}]
                       [--baseline {loo,value}] [--entropy-coef ENTROPY_COEF]
                       [--value-coef VALUE_COEF]
                       [--warmstart-epochs WARMSTART_EPOCHS] [--seed SEED]
                       [--hard-only] [--fast]
                       [--layout-router-secs LAYOUT_ROUTER_SECS]
                       [--layout-tries LAYOUT_TRIES]
                       [--objective {valid,quality}]
                       [--quality-weight QUALITY_WEIGHT]
                       [--select-cap SELECT_CAP] [--qubit-cap QUBIT_CAP]
                       [--witness-budget]
train_hybrid_rl: error: versioned layout features, support and actor require --fast
.usage: train_hybrid_rl [-h] --corpus CORPUS [--init INIT] --out OUT
                       [--iterations ITERATIONS]
                       [--instances-per-iteration INSTANCES_PER_ITERATION]
                       [--episodes-per-instance EPISODES_PER_INSTANCE]
                       [--temperature TEMPERATURE]
                       [--learning-rate LEARNING_RATE]
                       [--train-deadline TRAIN_DEADLINE]
                       [--eval-deadline EVAL_DEADLINE] [--tries TRIES]
                       [--holdout-fraction HOLDOUT_FRACTION]
                       [--eval-every EVAL_EVERY] [--width WIDTH]
                       [--actor {local,contextual}]
                       [--features {legacy,capacity}]
                       [--root-support {legacy,all_free}]
                       [--baseline {loo,value}] [--entropy-coef ENTROPY_COEF]
                       [--value-coef VALUE_COEF]
                       [--warmstart-epochs WARMSTART_EPOCHS] [--seed SEED]
                       [--hard-only] [--fast]
                       [--layout-router-secs LAYOUT_ROUTER_SECS]
                       [--layout-tries LAYOUT_TRIES]
                       [--objective {valid,quality}]
                       [--quality-weight QUALITY_WEIGHT]
                       [--select-cap SELECT_CAP] [--qubit-cap QUBIT_CAP]
                       [--witness-budget]
train_hybrid_rl: error: training parameters must be finite
.usage: train_hybrid_rl [-h] --corpus CORPUS [--init INIT] --out OUT
                       [--iterations ITERATIONS]
                       [--instances-per-iteration INSTANCES_PER_ITERATION]
                       [--episodes-per-instance EPISODES_PER_INSTANCE]
                       [--temperature TEMPERATURE]
                       [--learning-rate LEARNING_RATE]
                       [--train-deadline TRAIN_DEADLINE]
                       [--eval-deadline EVAL_DEADLINE] [--tries TRIES]
                       [--holdout-fraction HOLDOUT_FRACTION]
                       [--eval-every EVAL_EVERY] [--width WIDTH]
                       [--actor {local,contextual}]
                       [--features {legacy,capacity}]
                       [--root-support {legacy,all_free}]
                       [--baseline {loo,value}] [--entropy-coef ENTROPY_COEF]
                       [--value-coef VALUE_COEF]
                       [--warmstart-epochs WARMSTART_EPOCHS] [--seed SEED]
                       [--hard-only] [--fast]
                       [--layout-router-secs LAYOUT_ROUTER_SECS]
                       [--layout-tries LAYOUT_TRIES]
                       [--objective {valid,quality}]
                       [--quality-weight QUALITY_WEIGHT]
                       [--select-cap SELECT_CAP] [--qubit-cap QUBIT_CAP]
                       [--witness-budget]
train_hybrid_rl: error: width, batch size, learning rate and router tries must be positive
.usage: train_hybrid_rl [-h] --corpus CORPUS [--init INIT] --out OUT
                       [--iterations ITERATIONS]
                       [--instances-per-iteration INSTANCES_PER_ITERATION]
                       [--episodes-per-instance EPISODES_PER_INSTANCE]
                       [--temperature TEMPERATURE]
                       [--learning-rate LEARNING_RATE]
                       [--train-deadline TRAIN_DEADLINE]
                       [--eval-deadline EVAL_DEADLINE] [--tries TRIES]
                       [--holdout-fraction HOLDOUT_FRACTION]
                       [--eval-every EVAL_EVERY] [--width WIDTH]
                       [--actor {local,contextual}]
                       [--features {legacy,capacity}]
                       [--root-support {legacy,all_free}]
                       [--baseline {loo,value}] [--entropy-coef ENTROPY_COEF]
                       [--value-coef VALUE_COEF]
                       [--warmstart-epochs WARMSTART_EPOCHS] [--seed SEED]
                       [--hard-only] [--fast]
                       [--layout-router-secs LAYOUT_ROUTER_SECS]
                       [--layout-tries LAYOUT_TRIES]
                       [--objective {valid,quality}]
                       [--quality-weight QUALITY_WEIGHT]
                       [--select-cap SELECT_CAP] [--qubit-cap QUBIT_CAP]
                       [--witness-budget]
train_hybrid_rl: error: loss coefficients, epochs and iterations must be nonnegative
...................
=============================== warnings summary ===============================
tests/unit/test_contact_policy.py::test_contact_episode_adds_touching_qubits_only
  /workspace/scratch/667fc8e0bab0/IsingFold_fix_cf31efc/src/isingfold/rl/data/generate.py:33: DeprecationWarning: dwave-networkx is deprecated and will be replaced by dwave-graphs in Ocean 10. Most functionality previously provided by dwave-networkx is now available as part of dwave-graphs under the 'dwave.graphs' namespace.
    import dwave_networkx as dnx

-- Docs: https://docs.pytest.org/en/stable/how-to/capture-warnings.html
167 passed, 1 warning in 10.36s

Exit code: 0

Full tests/unit collection was separately attempted: blocked by the unavailable native lac_minorminer._core extension in test_anytime_search.py. This focused gate is not a claim that the full unit suite passes.
The toy on-policy terminal gate uses a synthetic two-action reward; it is not an embedding or annealing-quality result.
No full-scale constructor training or annealing-quality improvement is claimed.
