{"corpus": "runs/large/pegasus6/corpus", "family": "if-mlp", "train_lineages": 1680, "eval_lineages": 360, "states": 2, "max_candidates": 8, "reads": 256}
  wrote labels to runs/large/pegasus6_registered.pkl
  3298 training states, 696 held-out states, 24123 labelled candidates, 11014s
  step   1  nll 0.69862  rank 0.00000  train regret 0.1311  grad 440.544

== TRAINING states, fitted on, 696 states, every pick re-measured on 512 independent reads
  picking by oracle     0.5106  over 696 states
  picking by head       0.3885  over 696 states
  picking by random     0.4026  over 696 states
  picking by resource   0.4140  over 696 states
  picking by incumbent  0.3965  over 696 states
  head minus random                    n 696 states in 354 lineages  -0.0143 [-0.0276, -0.0010]  (paired by lineage)
  head minus the protected incumbent   n 696 states in 354 lineages  -0.0080 [-0.0246, +0.0093]  (paired by lineage)
  oracle minus random, the ceiling     n 696 states in 354 lineages  +0.1081 [+0.0977, +0.1187]  (paired by lineage)
  head minus oracle, what is left on the table n 696 states in 354 lineages  -0.1225 [-0.1347, -0.1102]  (paired by lineage)
  median within-state rank correlation +0.030

== HELD-OUT lineages, never trained on, 696 states, every pick re-measured on 512 independent reads
  picking by oracle     0.4807  over 696 states
  picking by head       0.3730  over 696 states
  picking by random     0.3816  over 696 states
  picking by resource   0.3968  over 696 states
  picking by incumbent  0.3831  over 696 states
  head minus random                    n 696 states in 360 lineages  -0.0094 [-0.0216, +0.0033]  (paired by lineage)
  head minus the protected incumbent   n 696 states in 360 lineages  -0.0112 [-0.0251, +0.0031]  (paired by lineage)
  oracle minus random, the ceiling     n 696 states in 360 lineages  +0.0982 [+0.0878, +0.1096]  (paired by lineage)
  head minus oracle, what is left on the table n 696 states in 360 lineages  -0.1076 [-0.1187, -0.0964]  (paired by lineage)
  median within-state rank correlation +0.000

TRAIN QUALITY DONE
