{"corpus": "runs/modern/zephyr4/corpus", "family": "if-mlp", "train_lineages": 160, "eval_lineages": 36, "states": 2, "max_candidates": 8, "reads": 256}
  wrote labels to runs/relabel/zephyr4_registered.pkl
  314 training states, 71 held-out states, 2329 labelled candidates, 1159s
  step   1  nll 0.69740  rank 0.00000  train regret 0.1283  grad 33.176

== TRAINING states, fitted on, 71 states, every pick re-measured on 512 independent reads
  picking by oracle     0.5374  over 71 states
  picking by head       0.4475  over 71 states
  picking by random     0.4395  over 71 states
  picking by resource   0.4383  over 71 states
  picking by incumbent  0.4273  over 71 states
  head minus random                    n  71 states in  37 lineages  +0.0122 [-0.0153, +0.0405]  (paired by lineage)
  head minus the protected incumbent   n  71 states in  37 lineages  +0.0239 [-0.0144, +0.0591]  (paired by lineage)
  oracle minus random, the ceiling     n  71 states in  37 lineages  +0.0969 [+0.0669, +0.1290]  (paired by lineage)
  head minus oracle, what is left on the table n  71 states in  37 lineages  -0.0847 [-0.1201, -0.0514]  (paired by lineage)
  median within-state rank correlation +0.000

== HELD-OUT lineages, never trained on, 71 states, every pick re-measured on 512 independent reads
  picking by oracle     0.5184  over 71 states
  picking by head       0.4165  over 71 states
  picking by random     0.4182  over 71 states
  picking by resource   0.4300  over 71 states
  picking by incumbent  0.3957  over 71 states
  head minus random                    n  71 states in  36 lineages  -0.0014 [-0.0452, +0.0459]  (paired by lineage)
  head minus the protected incumbent   n  71 states in  36 lineages  +0.0191 [-0.0343, +0.0738]  (paired by lineage)
  oracle minus random, the ceiling     n  71 states in  36 lineages  +0.0995 [+0.0618, +0.1432]  (paired by lineage)
  head minus oracle, what is left on the table n  71 states in  36 lineages  -0.1009 [-0.1315, -0.0726]  (paired by lineage)
  median within-state rank correlation +0.144

TRAIN QUALITY DONE
