{"cache": "runs/hard/labels.pkl", "key": ["runs/hard/corpus", 200, 60, 2, 8, 256, 0], "device": "cuda", "width": 64}
  training lineages: 382 states compiled, 0 candidates dropped, 0 without native coordinates, 32s
  held-out lineages: 114 states compiled, 0 candidates dropped, 0 without native coordinates, 11s
  scorer parameters 123905
  step   1  nll 0.74394  rank 1.84921  train regret 0.1082  grad 181.752  inner -
  step  51  nll 0.51135  rank 1.80904  train regret 0.1012  grad 394.248  inner -
  step 101  nll 0.56889  rank 1.67389  train regret 0.0677  grad 3079.556  inner -
  step 151  nll 0.50713  rank 1.61044  train regret 0.0501  grad 2022.147  inner -
  step 201  nll 0.49974  rank 1.51818  train regret 0.0290  grad 2445.283  inner -
  step 251  nll 0.50588  rank 1.46246  train regret 0.0229  grad 5036.603  inner -
  step 301  nll 0.50205  rank 1.35823  train regret 0.0114  grad 3458.298  inner -
  step 351  nll 0.48280  rank 1.34880  train regret 0.0097  grad 2967.555  inner -
  step 400  nll 0.48008  rank 1.32269  train regret 0.0073  grad 3464.192  inner -

== TRAINING states, fitted on, 114 states, every pick re-measured on 512 independent reads
  picking by oracle     0.3120  over 114 states
  picking by head       0.3138  over 114 states
  picking by random     0.1997  over 114 states
  picking by resource   0.2241  over 114 states
  picking by incumbent  0.2163  over 114 states
  head minus random                    n 114 states in  59 lineages  +0.1102 [+0.0843, +0.1386]  (paired by lineage)
  head minus the protected incumbent   n 114 states in  59 lineages  +0.0941 [+0.0685, +0.1212]  (paired by lineage)
  oracle minus random, the ceiling     n 114 states in  59 lineages  +0.1092 [+0.0834, +0.1367]  (paired by lineage)
  head minus oracle, left on the table n 114 states in  59 lineages  +0.0010 [-0.0048, +0.0068]  (paired by lineage)
  median within-state rank correlation +0.662

== HELD-OUT lineages, never trained on, 114 states, every pick re-measured on 512 independent reads
  picking by oracle     0.3569  over 114 states
  picking by head       0.2587  over 114 states
  picking by random     0.2443  over 114 states
  picking by resource   0.2413  over 114 states
  picking by incumbent  0.2492  over 114 states
  head minus random                    n 114 states in  60 lineages  +0.0135 [-0.0128, +0.0405]  (paired by lineage)
  head minus the protected incumbent   n 114 states in  60 lineages  +0.0089 [-0.0162, +0.0339]  (paired by lineage)
  oracle minus random, the ceiling     n 114 states in  60 lineages  +0.1127 [+0.0872, +0.1418]  (paired by lineage)
  head minus oracle, left on the table n 114 states in  60 lineages  -0.0993 [-0.1277, -0.0749]  (paired by lineage)
  median within-state rank correlation +0.090

SUCCESSOR SCORER DONE
