{"cache": "runs/hard/labels.pkl", "key": ["runs/hard/corpus", 200, 60, 2, 8, 256, 0], "device": "cuda", "width": 64}
  training lineages: 382 states compiled, 0 candidates dropped, 0 without native coordinates, 37s
  held-out lineages: 114 states compiled, 0 candidates dropped, 0 without native coordinates, 16s
  scorer parameters 123905
  step   1  nll 0.69519  rank 1.85948  train regret 0.1130  grad 195.912  inner -
  step  51  nll 0.51328  rank 1.82408  train regret 0.0959  grad 165.297  inner -
  step 101  nll 0.51126  rank 1.74318  train regret 0.0676  grad 1091.976  inner -
  step 151  nll 0.50103  rank 1.59161  train regret 0.0442  grad 2648.938  inner -
  step 201  nll 0.49391  rank 1.44518  train regret 0.0226  grad 1732.273  inner -
  step 251  nll 0.48739  rank 1.39791  train regret 0.0154  grad 2744.064  inner -
  step 301  nll 0.48070  rank 1.32177  train regret 0.0074  grad 2578.615  inner -
  step 351  nll 0.48773  rank 1.38564  train regret 0.0113  grad 4842.955  inner -
  step 400  nll 0.46199  rank 1.30173  train regret 0.0064  grad 1981.182  inner -

== TRAINING states, fitted on, 114 states, every pick re-measured on 512 independent reads
  picking by oracle     0.3120  over 114 states
  picking by head       0.3109  over 114 states
  picking by random     0.1997  over 114 states
  picking by resource   0.2241  over 114 states
  picking by incumbent  0.2163  over 114 states
  head minus random                    n 114 states in  59 lineages  +0.1074 [+0.0813, +0.1361]  (paired by lineage)
  head minus the protected incumbent   n 114 states in  59 lineages  +0.0913 [+0.0650, +0.1195]  (paired by lineage)
  oracle minus random, the ceiling     n 114 states in  59 lineages  +0.1092 [+0.0834, +0.1367]  (paired by lineage)
  head minus oracle, left on the table n 114 states in  59 lineages  -0.0018 [-0.0068, +0.0033]  (paired by lineage)
  median within-state rank correlation +0.688

== HELD-OUT lineages, never trained on, 114 states, every pick re-measured on 512 independent reads
  picking by oracle     0.3569  over 114 states
  picking by head       0.2487  over 114 states
  picking by random     0.2443  over 114 states
  picking by resource   0.2413  over 114 states
  picking by incumbent  0.2492  over 114 states
  head minus random                    n 114 states in  60 lineages  +0.0012 [-0.0227, +0.0246]  (paired by lineage)
  head minus the protected incumbent   n 114 states in  60 lineages  -0.0034 [-0.0326, +0.0258]  (paired by lineage)
  oracle minus random, the ceiling     n 114 states in  60 lineages  +0.1127 [+0.0872, +0.1418]  (paired by lineage)
  head minus oracle, left on the table n 114 states in  60 lineages  -0.1115 [-0.1408, -0.0853]  (paired by lineage)
  median within-state rank correlation +0.086

SUCCESSOR SCORER DONE
