{"cache": "runs/hard/labels.pkl", "key": ["runs/hard/corpus", 200, 60, 2, 8, 256, 0], "device": "cuda", "width": 64}
  training lineages: 382 states compiled, 0 candidates dropped, 0 without native coordinates, 48s
  held-out lineages: 114 states compiled, 0 candidates dropped, 0 without native coordinates, 27s
  scorer parameters 124161
  step   1  nll 0.73795  rank 1.85354  train regret 0.1247  grad 399.370  inner -
  step  51  nll 0.51085  rank 1.80272  train regret 0.0862  grad 317.616  inner -
  step 101  nll 0.52664  rank 1.67568  train regret 0.0625  grad 1392.452  inner -
  step 151  nll 0.49696  rank 1.51860  train regret 0.0282  grad 1818.325  inner -
  step 201  nll 0.48702  rank 1.39047  train regret 0.0134  grad 1842.444  inner -
  step 251  nll 0.47940  rank 1.34219  train regret 0.0113  grad 2199.791  inner -
  step 301  nll 0.46998  rank 1.32798  train regret 0.0093  grad 2614.881  inner -
  step 351  nll 0.46608  rank 1.30368  train regret 0.0084  grad 1875.535  inner -
  step 400  nll 0.46501  rank 1.28982  train regret 0.0056  grad 3279.945  inner -

== TRAINING states, fitted on, 114 states, every pick re-measured on 512 independent reads
  picking by oracle     0.3120  over 114 states
  picking by head       0.3122  over 114 states
  picking by random     0.1997  over 114 states
  picking by resource   0.2241  over 114 states
  picking by incumbent  0.2163  over 114 states
  head minus random                    n 114 states in  59 lineages  +0.1092 [+0.0834, +0.1373]  (paired by lineage)
  head minus the protected incumbent   n 114 states in  59 lineages  +0.0931 [+0.0676, +0.1203]  (paired by lineage)
  oracle minus random, the ceiling     n 114 states in  59 lineages  +0.1092 [+0.0834, +0.1367]  (paired by lineage)
  head minus oracle, left on the table n 114 states in  59 lineages  +0.0001 [-0.0055, +0.0057]  (paired by lineage)
  median within-state rank correlation +0.667

== HELD-OUT lineages, never trained on, 114 states, every pick re-measured on 512 independent reads
  picking by oracle     0.3569  over 114 states
  picking by head       0.2449  over 114 states
  picking by random     0.2443  over 114 states
  picking by resource   0.2413  over 114 states
  picking by incumbent  0.2492  over 114 states
  head minus random                    n 114 states in  60 lineages  -0.0003 [-0.0226, +0.0225]  (paired by lineage)
  head minus the protected incumbent   n 114 states in  60 lineages  -0.0049 [-0.0326, +0.0240]  (paired by lineage)
  oracle minus random, the ceiling     n 114 states in  60 lineages  +0.1127 [+0.0872, +0.1418]  (paired by lineage)
  head minus oracle, left on the table n 114 states in  60 lineages  -0.1130 [-0.1439, -0.0851]  (paired by lineage)
  median within-state rank correlation +0.018

SUCCESSOR SCORER DONE
