{"cache": "runs/hard/labels.pkl", "key": ["runs/hard/corpus", 200, 60, 2, 8, 256, 0], "device": "cuda", "width": 64}
  training lineages: 382 states compiled, 0 candidates dropped, 0 without native coordinates, 41s
  held-out lineages: 114 states compiled, 0 candidates dropped, 0 without native coordinates, 17s
  scorer parameters 124161
  step   1  nll 0.71070  rank 1.84987  train regret 0.1260  grad 300.214  inner -
  step  51  nll 0.51493  rank 1.80834  train regret 0.0945  grad 783.894  inner -
  step 101  nll 0.51242  rank 1.68701  train regret 0.0531  grad 1931.002  inner -
  step 151  nll 0.51798  rank 1.59545  train regret 0.0420  grad 3737.649  inner -
  step 201  nll 0.52849  rank 1.44800  train regret 0.0221  grad 3819.861  inner -
  step 251  nll 0.48692  rank 1.39991  train regret 0.0173  grad 2759.561  inner -
  step 301  nll 0.48250  rank 1.38094  train regret 0.0146  grad 2476.669  inner -
  step 351  nll 0.47845  rank 1.32160  train regret 0.0089  grad 3177.121  inner -
  step 400  nll 0.46510  rank 1.29155  train regret 0.0079  grad 2558.780  inner -

== TRAINING states, fitted on, 114 states, every pick re-measured on 512 independent reads
  picking by oracle     0.3120  over 114 states
  picking by head       0.3104  over 114 states
  picking by random     0.1997  over 114 states
  picking by resource   0.2241  over 114 states
  picking by incumbent  0.2163  over 114 states
  head minus random                    n 114 states in  59 lineages  +0.1057 [+0.0776, +0.1356]  (paired by lineage)
  head minus the protected incumbent   n 114 states in  59 lineages  +0.0895 [+0.0617, +0.1187]  (paired by lineage)
  oracle minus random, the ceiling     n 114 states in  59 lineages  +0.1092 [+0.0834, +0.1367]  (paired by lineage)
  head minus oracle, left on the table n 114 states in  59 lineages  -0.0035 [-0.0118, +0.0036]  (paired by lineage)
  median within-state rank correlation +0.643

== HELD-OUT lineages, never trained on, 114 states, every pick re-measured on 512 independent reads
  picking by oracle     0.3569  over 114 states
  picking by head       0.2548  over 114 states
  picking by random     0.2443  over 114 states
  picking by resource   0.2413  over 114 states
  picking by incumbent  0.2492  over 114 states
  head minus random                    n 114 states in  60 lineages  +0.0144 [-0.0136, +0.0461]  (paired by lineage)
  head minus the protected incumbent   n 114 states in  60 lineages  +0.0098 [-0.0206, +0.0429]  (paired by lineage)
  oracle minus random, the ceiling     n 114 states in  60 lineages  +0.1127 [+0.0872, +0.1418]  (paired by lineage)
  head minus oracle, left on the table n 114 states in  60 lineages  -0.0983 [-0.1216, -0.0772]  (paired by lineage)
  median within-state rank correlation +0.071

SUCCESSOR SCORER DONE
