{"cache": "runs/hard/labels.pkl", "key": ["runs/hard/corpus", 200, 60, 2, 8, 256, 0], "device": "cuda", "width": 64}
  training lineages: 382 states compiled, 0 candidates dropped, 0 without native coordinates, 34s
  held-out lineages: 114 states compiled, 0 candidates dropped, 0 without native coordinates, 12s
  scorer parameters 124289
  step   1  nll 0.67373  rank 1.84837  train regret 0.1283  grad 196.460  inner -
  step  51  nll 0.51253  rank 1.82414  train regret 0.1025  grad 164.618  inner -
  step 101  nll 0.52253  rank 1.71365  train regret 0.0767  grad 2249.422  inner -
  step 151  nll 0.49827  rank 1.58798  train regret 0.0489  grad 1991.713  inner -
  step 201  nll 0.48901  rank 1.44012  train regret 0.0230  grad 1144.133  inner -
  step 251  nll 0.48119  rank 1.38327  train regret 0.0153  grad 2677.396  inner -
  step 301  nll 0.47045  rank 1.32735  train regret 0.0101  grad 1849.635  inner -
  step 351  nll 0.46684  rank 1.29008  train regret 0.0060  grad 1400.660  inner -
  step 400  nll 0.45438  rank 1.28028  train regret 0.0060  grad 1656.774  inner -

== TRAINING states, fitted on, 114 states, every pick re-measured on 512 independent reads
  picking by oracle     0.3120  over 114 states
  picking by head       0.3103  over 114 states
  picking by random     0.1997  over 114 states
  picking by resource   0.2241  over 114 states
  picking by incumbent  0.2163  over 114 states
  head minus random                    n 114 states in  59 lineages  +0.1065 [+0.0812, +0.1344]  (paired by lineage)
  head minus the protected incumbent   n 114 states in  59 lineages  +0.0904 [+0.0642, +0.1185]  (paired by lineage)
  oracle minus random, the ceiling     n 114 states in  59 lineages  +0.1092 [+0.0834, +0.1367]  (paired by lineage)
  head minus oracle, left on the table n 114 states in  59 lineages  -0.0026 [-0.0077, +0.0026]  (paired by lineage)
  median within-state rank correlation +0.667

== HELD-OUT lineages, never trained on, 114 states, every pick re-measured on 512 independent reads
  picking by oracle     0.3569  over 114 states
  picking by head       0.2434  over 114 states
  picking by random     0.2443  over 114 states
  picking by resource   0.2413  over 114 states
  picking by incumbent  0.2492  over 114 states
  head minus random                    n 114 states in  60 lineages  -0.0021 [-0.0212, +0.0168]  (paired by lineage)
  head minus the protected incumbent   n 114 states in  60 lineages  -0.0067 [-0.0387, +0.0241]  (paired by lineage)
  oracle minus random, the ceiling     n 114 states in  60 lineages  +0.1127 [+0.0872, +0.1418]  (paired by lineage)
  head minus oracle, left on the table n 114 states in  60 lineages  -0.1148 [-0.1449, -0.0876]  (paired by lineage)
  median within-state rank correlation +0.036

SUCCESSOR SCORER DONE
