{"cache": "runs/hard/labels.pkl", "key": ["runs/hard/corpus", 200, 60, 2, 8, 256, 0], "device": "cuda", "width": 64}
  training lineages: 382 states compiled, 0 candidates dropped, 0 without native coordinates, 39s
  held-out lineages: 114 states compiled, 0 candidates dropped, 0 without native coordinates, 19s
  scorer parameters 124289
  step   1  nll 0.65475  rank 1.84681  train regret 0.1234  grad 116.377  inner -
  step  51  nll 0.51077  rank 1.80265  train regret 0.0896  grad 576.871  inner -
  step 101  nll 0.52078  rank 1.64202  train regret 0.0615  grad 1539.252  inner -
  step 151  nll 0.50410  rank 1.55073  train regret 0.0383  grad 2280.923  inner -
  step 201  nll 0.51737  rank 1.42574  train regret 0.0215  grad 3989.355  inner -
  step 251  nll 0.48767  rank 1.37196  train regret 0.0144  grad 3374.409  inner -
  step 301  nll 0.47692  rank 1.32959  train regret 0.0099  grad 2398.415  inner -
  step 351  nll 0.49635  rank 1.29038  train regret 0.0068  grad 3784.033  inner -
  step 400  nll 0.46113  rank 1.29803  train regret 0.0082  grad 2022.866  inner -

== TRAINING states, fitted on, 114 states, every pick re-measured on 512 independent reads
  picking by oracle     0.3120  over 114 states
  picking by head       0.3080  over 114 states
  picking by random     0.1997  over 114 states
  picking by resource   0.2241  over 114 states
  picking by incumbent  0.2163  over 114 states
  head minus random                    n 114 states in  59 lineages  +0.1048 [+0.0794, +0.1330]  (paired by lineage)
  head minus the protected incumbent   n 114 states in  59 lineages  +0.0887 [+0.0630, +0.1168]  (paired by lineage)
  oracle minus random, the ceiling     n 114 states in  59 lineages  +0.1092 [+0.0834, +0.1367]  (paired by lineage)
  head minus oracle, left on the table n 114 states in  59 lineages  -0.0043 [-0.0094, +0.0010]  (paired by lineage)
  median within-state rank correlation +0.693

== HELD-OUT lineages, never trained on, 114 states, every pick re-measured on 512 independent reads
  picking by oracle     0.3569  over 114 states
  picking by head       0.2378  over 114 states
  picking by random     0.2443  over 114 states
  picking by resource   0.2413  over 114 states
  picking by incumbent  0.2492  over 114 states
  head minus random                    n 114 states in  60 lineages  -0.0068 [-0.0365, +0.0207]  (paired by lineage)
  head minus the protected incumbent   n 114 states in  60 lineages  -0.0114 [-0.0447, +0.0196]  (paired by lineage)
  oracle minus random, the ceiling     n 114 states in  60 lineages  +0.1127 [+0.0872, +0.1418]  (paired by lineage)
  head minus oracle, left on the table n 114 states in  60 lineages  -0.1195 [-0.1537, -0.0893]  (paired by lineage)
  median within-state rank correlation +0.024

SUCCESSOR SCORER DONE
