{"corpus": "runs/fill/pegasus6/corpus", "train": 30, "validation": 16, "spend": 0.1, "start": "witness", "objective": "residual", "selection_candidates": 3, "evaluation_scope": "continuation_diagnostic_not_end_to_end_embedding", "selection_read_budget_per_arm": 768, "assessment_reads_per_arm": 512, "failure_penalty": 0.05, "train_lineages": ["pegasus6-fill80-a2.0-4-l11", "pegasus6-fill85-a3.0-0-l13", "pegasus6-fill80-a2.0-2-l9", "pegasus6-fill95-a3.0-1-l38", "pegasus6-fill85-a3.0-3-l16", "pegasus6-fill90-a3.0-4-l29", "pegasus6-fill85-a3.0-2-l15", "pegasus6-fill80-a3.0-5-l6", "pegasus6-fill80-a2.0-1-l8", "pegasus6-fill85-a3.0-1-l14", "pegasus6-fill80-a3.0-4-l5", "pegasus6-fill85-a3.0-4-l17", "pegasus6-fill90-a2.0-4-l35", "pegasus6-fill80-a3.0-0-l1", "pegasus6-fill90-a3.0-0-l25", "pegasus6-fill80-a2.0-3-l10", "pegasus6-fill95-a2.0-0-l43", "pegasus6-fill95-a3.0-2-l39", "pegasus6-fill85-a2.0-4-l23", "pegasus6-fill90-a3.0-5-l30", "pegasus6-fill95-a3.0-3-l40", "pegasus6-fill85-a3.0-5-l18", "pegasus6-fill90-a2.0-3-l34", "pegasus6-fill80-a3.0-2-l3", "pegasus6-fill95-a2.0-1-l44", "pegasus6-fill95-a3.0-4-l41", "pegasus6-fill85-a2.0-5-l24", "pegasus6-fill80-a2.0-0-l7", "pegasus6-fill90-a2.0-0-l31", "pegasus6-fill90-a2.0-1-l32"], "validation_lineages": ["pegasus6-fill90-a3.0-2-l27", "pegasus6-fill90-a2.0-2-l33", "pegasus6-fill95-a3.0-0-l37", "pegasus6-fill80-a3.0-3-l4", "pegasus6-fill95-a2.0-2-l45", "pegasus6-fill95-a2.0-4-l47", "pegasus6-fill85-a2.0-1-l20", "pegasus6-fill85-a2.0-0-l19", "pegasus6-fill80-a3.0-1-l2", "pegasus6-fill95-a2.0-3-l46", "pegasus6-fill95-a3.0-5-l42", "pegasus6-fill80-a2.0-5-l12", "pegasus6-fill85-a2.0-2-l21", "pegasus6-fill90-a2.0-5-l36", "pegasus6-fill95-a2.0-5-l48", "pegasus6-fill90-a3.0-3-l28"], "beta_range": [0.1, 2.0]}
{"validation_tag": "init", "requested_instances": 16, "measurable_starts": 16, "unavailable_starts": 0, "failed_candidates": {"policy": 0, "random": 0, "restart": 0}, "failed_arms": {"policy": 0, "random": 0, "restart": 0}, "mean_actual_start_occupancy": 0.890625, "score": "downstream objective with declared failure penalty"}
  init validation over 16: policy-random -0.0005 [-0.0022, +0.0013] | policy-start +0.0057 [+0.0034, +0.0078] | random-start +0.0061 [+0.0042, +0.0082]
  init control: restart-start +0.0003 [-0.0005, +0.0010] | policy-restart +0.0054 [+0.0036, +0.0072] | random-restart +0.0059 [+0.0042, +0.0078]
  iter    0  mean gain +0.0033  updates 4  occupancy 0.96
  iter    1  mean gain +0.0030  updates 4  occupancy 0.93
  iter    2  mean gain +0.0029  updates 4  occupancy 0.93
  iter    3  mean gain +0.0007  updates 4  occupancy 0.92
  iter    4  mean gain -0.0034  updates 4  occupancy 0.95
  iter    5  mean gain +0.0049  updates 4  occupancy 0.98
  iter    6  mean gain +0.0011  updates 4  occupancy 0.92
  iter    7  mean gain +0.0040  updates 4  occupancy 0.94
  iter    8  mean gain +0.0028  updates 4  occupancy 0.95
  iter    9  mean gain +0.0044  updates 4  occupancy 0.92
  iter   10  mean gain +0.0019  updates 4  occupancy 0.93
  iter   11  mean gain +0.0011  updates 4  occupancy 0.95
  iter   12  mean gain +0.0001  updates 4  occupancy 0.92
  iter   13  mean gain -0.0015  updates 4  occupancy 0.95
  iter   14  mean gain +0.0041  updates 4  occupancy 0.97
  iter   15  mean gain +0.0010  updates 4  occupancy 0.92
  iter   16  mean gain +0.0004  updates 4  occupancy 0.96
  iter   17  mean gain +0.0049  updates 4  occupancy 0.91
  iter   18  mean gain +0.0043  updates 4  occupancy 0.92
  iter   19  mean gain +0.0056  updates 4  occupancy 0.92
  iter   20  mean gain +0.0046  updates 4  occupancy 0.93
  iter   21  mean gain +0.0044  updates 4  occupancy 0.92
  iter   22  mean gain +0.0011  updates 4  occupancy 0.98
  iter   23  mean gain +0.0018  updates 4  occupancy 0.95
  iter   24  mean gain +0.0017  updates 4  occupancy 0.92
{"validation_tag": "iter 24", "requested_instances": 16, "measurable_starts": 16, "unavailable_starts": 0, "failed_candidates": {"policy": 0, "random": 0, "restart": 0}, "failed_arms": {"policy": 0, "random": 0, "restart": 0}, "mean_actual_start_occupancy": 0.890625, "score": "downstream objective with declared failure penalty"}
  iter 24 validation over 16: policy-random -0.0022 [-0.0042, -0.0003] | policy-start +0.0039 [+0.0022, +0.0054] | random-start +0.0061 [+0.0042, +0.0082]
  iter 24 control: restart-start +0.0003 [-0.0005, +0.0010] | policy-restart +0.0036 [+0.0022, +0.0050] | random-restart +0.0059 [+0.0042, +0.0078]
  iter   25  mean gain -0.0001  updates 4  occupancy 0.95
  iter   26  mean gain -0.0018  updates 4  occupancy 0.92
  iter   27  mean gain +0.0042  updates 4  occupancy 0.95
  iter   28  mean gain +0.0028  updates 4  occupancy 0.94
  iter   29  mean gain +0.0026  updates 4  occupancy 0.92
  iter   30  mean gain +0.0030  updates 4  occupancy 0.92
  iter   31  mean gain +0.0038  updates 4  occupancy 0.98
  iter   32  mean gain +0.0030  updates 4  occupancy 0.99
  iter   33  mean gain +0.0004  updates 4  occupancy 0.96
  iter   34  mean gain +0.0036  updates 4  occupancy 0.95
  iter   35  mean gain +0.0027  updates 4  occupancy 0.92
  iter   36  mean gain +0.0029  updates 4  occupancy 0.94
  iter   37  mean gain +0.0031  updates 4  occupancy 0.92
  iter   38  mean gain +0.0036  updates 4  occupancy 0.97
  iter   39  mean gain +0.0031  updates 4  occupancy 0.96
  iter   40  mean gain +0.0012  updates 4  occupancy 0.92
  iter   41  mean gain +0.0035  updates 4  occupancy 0.98
  iter   42  mean gain +0.0010  updates 4  occupancy 0.97
  iter   43  mean gain +0.0025  updates 4  occupancy 0.94
  iter   44  mean gain +0.0020  updates 4  occupancy 0.96
  iter   45  mean gain +0.0076  updates 4  occupancy 0.91
  iter   46  mean gain -0.0019  updates 4  occupancy 0.93
  iter   47  mean gain +0.0013  updates 4  occupancy 0.97
  iter   48  mean gain +0.0014  updates 4  occupancy 0.92
  iter   49  mean gain -0.0025  updates 4  occupancy 0.97
{"validation_tag": "iter 49", "requested_instances": 16, "measurable_starts": 16, "unavailable_starts": 0, "failed_candidates": {"policy": 0, "random": 0, "restart": 0}, "failed_arms": {"policy": 0, "random": 0, "restart": 0}, "mean_actual_start_occupancy": 0.890625, "score": "downstream objective with declared failure penalty"}
  iter 49 validation over 16: policy-random -0.0005 [-0.0024, +0.0014] | policy-start +0.0056 [+0.0034, +0.0078] | random-start +0.0061 [+0.0042, +0.0082]
  iter 49 control: restart-start +0.0003 [-0.0005, +0.0010] | policy-restart +0.0054 [+0.0032, +0.0074] | random-restart +0.0059 [+0.0042, +0.0078]
  iter   50  mean gain -0.0011  updates 4  occupancy 0.97
  iter   51  mean gain +0.0030  updates 4  occupancy 0.94
