{"corpus": "runs/modern/pegasus6/corpus", "train": 60, "validation": 30, "spend": 0.1, "start": "router", "objective": "utility", "selection_candidates": 4, "evaluation_scope": "continuation_diagnostic_not_end_to_end_embedding", "selection_read_budget_per_arm": 1024, "assessment_reads_per_arm": 512, "failure_penalty": 0.05, "train_lineages": ["pegasus6-dense20-0-l20260915005", "pegasus6-scalefree18-1-l20260915019", "pegasus6-dense20-7-l20260915089", "pegasus6-scalefree20-7-l20260915092", "pegasus6-modular18-3-l20260915046", "pegasus6-scalefree18-0-l20260915007", "pegasus6-modular20-12-l20260915155", "pegasus6-scalefree16-9-l20260915114", "pegasus6-clique20-1-l20260915014", "pegasus6-scalefree20-14-l20260915176", "pegasus6-clique16-0-l20260915012", "pegasus6-dense16-2-l20260915027", "pegasus6-dense16-19-l20260915233", "pegasus6-modular16-8-l20260915105", "pegasus6-clique18-9-l20260915109", "pegasus6-scalefree16-3-l20260915042", "pegasus6-modular18-10-l20260915130", "pegasus6-clique16-14-l20260915180", "pegasus6-scalefree18-13-l20260915163", "pegasus6-clique16-7-l20260915096", "pegasus6-scalefree18-4-l20260915055", "pegasus6-dense20-11-l20260915137", "pegasus6-dense18-12-l20260915148", "pegasus6-scalefree18-6-l20260915079", "pegasus6-dense20-8-l20260915101", "pegasus6-scalefree20-18-l20260915224", "pegasus6-scalefree18-8-l20260915103", "pegasus6-scalefree18-5-l20260915067", "pegasus6-clique18-13-l20260915157", "pegasus6-scalefree16-7-l20260915090", "pegasus6-clique20-4-l20260915050", "pegasus6-clique18-6-l20260915073", "pegasus6-dense16-16-l20260915195", "pegasus6-dense16-4-l20260915051", "pegasus6-scalefree20-19-l20260915238", "pegasus6-dense20-6-l20260915077", "pegasus6-clique16-13-l20260915168", "pegasus6-dense16-13-l20260915159", "pegasus6-dense20-9-l20260915113", "pegasus6-modular18-15-l20260915190", "pegasus6-scalefree20-13-l20260915164", "pegasus6-modular16-19-l20260915232", "pegasus6-dense20-14-l20260915173", "pegasus6-modular16-14-l20260915177", "pegasus6-scalefree18-10-l20260915127", "pegasus6-modular18-4-l20260915058", "pegasus6-scalefree20-6-l20260915080", "pegasus6-clique16-3-l20260915048", "pegasus6-dense18-17-l20260915208", "pegasus6-scalefree18-7-l20260915091", "pegasus6-modular16-17-l20260915213", "pegasus6-dense18-19-l20260915235", "pegasus6-dense16-5-l20260915063", "pegasus6-modular20-1-l20260915023", "pegasus6-clique20-2-l20260915026", "pegasus6-scalefree18-16-l20260915199", "pegasus6-modular18-19-l20260915239", "pegasus6-dense18-4-l20260915052", "pegasus6-modular20-18-l20260915227", "pegasus6-modular20-4-l20260915059"], "validation_lineages": ["pegasus6-modular18-1-l20260915022", "pegasus6-scalefree16-8-l20260915102", "pegasus6-dense16-0-l20260915003", "pegasus6-dense18-11-l20260915136", "pegasus6-modular18-17-l20260915214", "pegasus6-dense16-18-l20260915219", "pegasus6-scalefree16-13-l20260915162", "pegasus6-scalefree18-17-l20260915211", "pegasus6-modular18-18-l20260915226", "pegasus6-modular18-12-l20260915154", "pegasus6-dense18-3-l20260915040", "pegasus6-clique16-18-l20260915228", "pegasus6-scalefree16-11-l20260915138", "pegasus6-dense20-17-l20260915209", "pegasus6-modular16-9-l20260915117", "pegasus6-clique18-5-l20260915061", "pegasus6-modular18-16-l20260915202", "pegasus6-scalefree16-1-l20260915018", "pegasus6-dense20-19-l20260915236", "pegasus6-dense18-7-l20260915088", "pegasus6-modular18-0-l20260915010", "pegasus6-dense18-8-l20260915100", "pegasus6-dense18-2-l20260915028", "pegasus6-clique16-5-l20260915072", "pegasus6-modular16-3-l20260915045", "pegasus6-dense18-0-l20260915004", "pegasus6-clique20-10-l20260915122", "pegasus6-scalefree18-19-l20260915237", "pegasus6-modular20-7-l20260915095", "pegasus6-modular20-10-l20260915131"], "beta_range": [0.1, 2.0]}
{"validation_tag": "init", "requested_instances": 30, "measurable_starts": 30, "unavailable_starts": 0, "failed_candidates": {"policy": 0, "random": 0}, "failed_arms": {"policy": 0, "random": 0}, "mean_actual_start_occupancy": 0.03323529411764706, "score": "downstream objective with declared failure penalty"}
  init validation over 30: policy-random -0.0286 [-0.0804, +0.0132] | policy-start +0.0375 [+0.0155, +0.0634] | random-start +0.0661 [+0.0313, +0.1141]
  iter    0  mean gain +0.0320  updates 4  occupancy 0.04
  iter    1  mean gain +0.0059  updates 4  occupancy 0.04
  iter    2  mean gain -0.0120  updates 4  occupancy 0.03
  iter    3  mean gain +0.0500  updates 4  occupancy 0.04
  iter    4  mean gain +0.0112  updates 4  occupancy 0.04
  iter    5  mean gain -0.0032  updates 4  occupancy 0.04
  iter    6  mean gain +0.0161  updates 4  occupancy 0.04
  iter    7  mean gain +0.0073  updates 4  occupancy 0.04
  iter    8  mean gain +0.0002  updates 4  occupancy 0.04
  iter    9  mean gain +0.0688  updates 4  occupancy 0.04
  iter   10  mean gain -0.0085  updates 4  occupancy 0.03
  iter   11  mean gain +0.0173  updates 4  occupancy 0.04
  iter   12  mean gain +0.0430  updates 4  occupancy 0.04
  iter   13  mean gain +0.0317  updates 4  occupancy 0.04
  iter   14  mean gain +0.0015  updates 4  occupancy 0.03
  iter   15  mean gain -0.0051  updates 4  occupancy 0.04
  iter   16  mean gain -0.0027  updates 4  occupancy 0.04
  iter   17  mean gain -0.0146  updates 4  occupancy 0.03
  iter   18  mean gain -0.0042  updates 4  occupancy 0.04
  iter   19  mean gain +0.0437  updates 4  occupancy 0.03
  iter   20  mean gain +0.0420  updates 4  occupancy 0.04
  iter   21  mean gain +0.0273  updates 4  occupancy 0.04
  iter   22  mean gain -0.0381  updates 4  occupancy 0.03
  iter   23  mean gain -0.0425  updates 4  occupancy 0.03
  iter   24  mean gain -0.0474  updates 4  occupancy 0.04
{"validation_tag": "iter 24", "requested_instances": 30, "measurable_starts": 30, "unavailable_starts": 0, "failed_candidates": {"policy": 0, "random": 0}, "failed_arms": {"policy": 0, "random": 0}, "mean_actual_start_occupancy": 0.03323529411764706, "score": "downstream objective with declared failure penalty"}
  iter 24 validation over 30: policy-random -0.0286 [-0.0804, +0.0132] | policy-start +0.0375 [+0.0155, +0.0634] | random-start +0.0661 [+0.0313, +0.1141]
  iter   25  mean gain +0.0088  updates 4  occupancy 0.04
  iter   26  mean gain +0.0247  updates 4  occupancy 0.04
  iter   27  mean gain +0.0085  updates 4  occupancy 0.03
  iter   28  mean gain +0.0107  updates 4  occupancy 0.04
  iter   29  mean gain +0.0117  updates 4  occupancy 0.04
  iter   30  mean gain +0.0271  updates 4  occupancy 0.03
  iter   31  mean gain -0.0098  updates 4  occupancy 0.03
  iter   32  mean gain +0.0237  updates 4  occupancy 0.04
  iter   33  mean gain +0.0127  updates 4  occupancy 0.04
  iter   34  mean gain -0.0051  updates 4  occupancy 0.04
  iter   35  mean gain -0.0234  updates 4  occupancy 0.04
  iter   36  mean gain -0.0132  updates 4  occupancy 0.03
  iter   37  mean gain -0.0027  updates 4  occupancy 0.04
  iter   38  mean gain -0.0024  updates 4  occupancy 0.03
  iter   39  mean gain -0.0005  updates 4  occupancy 0.04
  iter   40  mean gain -0.0107  updates 4  occupancy 0.04
  iter   41  mean gain -0.0486  updates 4  occupancy 0.04
  iter   42  mean gain -0.0222  updates 4  occupancy 0.04
  iter   43  mean gain -0.0142  updates 4  occupancy 0.03
  iter   44  mean gain +0.0188  updates 4  occupancy 0.03
  iter   45  mean gain -0.0017  updates 4  occupancy 0.04
  iter   46  mean gain -0.0249  updates 4  occupancy 0.03
  iter   47  mean gain -0.0103  updates 4  occupancy 0.04
  iter   48  mean gain +0.0093  updates 4  occupancy 0.04
  iter   49  mean gain -0.0190  updates 4  occupancy 0.04
