{"corpus": "runs/modern/zephyr4/corpus", "train": 60, "validation": 30, "spend": 0.1, "start": "router", "objective": "utility", "selection_candidates": 4, "evaluation_scope": "continuation_diagnostic_not_end_to_end_embedding", "selection_read_budget_per_arm": 1024, "assessment_reads_per_arm": 512, "failure_penalty": 0.05, "train_lineages": ["zephyr4-dense20-0-l20260915005", "zephyr4-scalefree18-1-l20260915019", "zephyr4-dense20-7-l20260915089", "zephyr4-scalefree20-7-l20260915092", "zephyr4-modular18-3-l20260915046", "zephyr4-scalefree18-0-l20260915007", "zephyr4-modular20-12-l20260915155", "zephyr4-scalefree16-9-l20260915114", "zephyr4-clique20-1-l20260915014", "zephyr4-scalefree20-14-l20260915176", "zephyr4-clique16-0-l20260915012", "zephyr4-dense16-2-l20260915027", "zephyr4-dense16-19-l20260915233", "zephyr4-modular16-8-l20260915105", "zephyr4-clique18-9-l20260915109", "zephyr4-scalefree16-3-l20260915042", "zephyr4-modular18-10-l20260915130", "zephyr4-clique16-14-l20260915180", "zephyr4-scalefree18-13-l20260915163", "zephyr4-clique16-7-l20260915096", "zephyr4-scalefree18-4-l20260915055", "zephyr4-dense20-11-l20260915137", "zephyr4-dense18-12-l20260915148", "zephyr4-scalefree18-6-l20260915079", "zephyr4-dense20-8-l20260915101", "zephyr4-scalefree20-18-l20260915224", "zephyr4-scalefree18-8-l20260915103", "zephyr4-scalefree18-5-l20260915067", "zephyr4-clique18-13-l20260915157", "zephyr4-scalefree16-7-l20260915090", "zephyr4-clique20-4-l20260915050", "zephyr4-clique18-6-l20260915073", "zephyr4-dense16-16-l20260915195", "zephyr4-dense16-4-l20260915051", "zephyr4-scalefree20-19-l20260915238", "zephyr4-dense20-6-l20260915077", "zephyr4-clique16-13-l20260915168", "zephyr4-dense16-13-l20260915159", "zephyr4-dense20-9-l20260915113", "zephyr4-modular18-15-l20260915190", "zephyr4-scalefree20-13-l20260915164", "zephyr4-modular16-19-l20260915232", "zephyr4-dense20-14-l20260915173", "zephyr4-modular16-14-l20260915177", "zephyr4-scalefree18-10-l20260915127", "zephyr4-modular18-4-l20260915058", "zephyr4-scalefree20-6-l20260915080", "zephyr4-clique16-3-l20260915048", "zephyr4-dense18-17-l20260915208", "zephyr4-scalefree18-7-l20260915091", "zephyr4-modular16-17-l20260915213", "zephyr4-dense18-19-l20260915235", "zephyr4-dense16-5-l20260915063", "zephyr4-modular20-1-l20260915023", "zephyr4-clique20-2-l20260915026", "zephyr4-scalefree18-16-l20260915199", "zephyr4-modular18-19-l20260915239", "zephyr4-dense18-4-l20260915052", "zephyr4-modular20-18-l20260915227", "zephyr4-modular20-4-l20260915059"], "validation_lineages": ["zephyr4-modular18-1-l20260915022", "zephyr4-scalefree16-8-l20260915102", "zephyr4-dense16-0-l20260915003", "zephyr4-dense18-11-l20260915136", "zephyr4-modular18-17-l20260915214", "zephyr4-dense16-18-l20260915219", "zephyr4-scalefree16-13-l20260915162", "zephyr4-scalefree18-17-l20260915211", "zephyr4-modular18-18-l20260915226", "zephyr4-modular18-12-l20260915154", "zephyr4-dense18-3-l20260915040", "zephyr4-clique16-18-l20260915228", "zephyr4-scalefree16-11-l20260915138", "zephyr4-dense20-17-l20260915209", "zephyr4-modular16-9-l20260915117", "zephyr4-clique18-5-l20260915061", "zephyr4-modular18-16-l20260915202", "zephyr4-scalefree16-1-l20260915018", "zephyr4-dense20-19-l20260915236", "zephyr4-dense18-7-l20260915088", "zephyr4-modular18-0-l20260915010", "zephyr4-dense18-8-l20260915100", "zephyr4-dense18-2-l20260915028", "zephyr4-clique16-5-l20260915072", "zephyr4-modular16-3-l20260915045", "zephyr4-dense18-0-l20260915004", "zephyr4-clique20-10-l20260915122", "zephyr4-scalefree18-19-l20260915237", "zephyr4-modular20-7-l20260915095", "zephyr4-modular20-10-l20260915131"], "beta_range": [0.1, 2.0]}
{"validation_tag": "init", "requested_instances": 30, "measurable_starts": 30, "unavailable_starts": 0, "failed_candidates": {"policy": 0, "random": 0}, "failed_arms": {"policy": 0, "random": 0}, "mean_actual_start_occupancy": 0.03616898148148149, "score": "downstream objective with declared failure penalty"}
  init validation over 30: policy-random -0.0036 [-0.0352, +0.0271] | policy-start +0.0752 [+0.0376, +0.1199] | random-start +0.0788 [+0.0428, +0.1204]
  iter    0  mean gain +0.0195  updates 4  occupancy 0.04
  iter    1  mean gain +0.0627  updates 4  occupancy 0.04
  iter    2  mean gain -0.0068  updates 4  occupancy 0.04
  iter    3  mean gain +0.0457  updates 4  occupancy 0.04
  iter    4  mean gain +0.0017  updates 4  occupancy 0.05
  iter    5  mean gain +0.0369  updates 4  occupancy 0.04
  iter    6  mean gain +0.0676  updates 4  occupancy 0.04
  iter    7  mean gain -0.0120  updates 4  occupancy 0.04
  iter    8  mean gain -0.0178  updates 4  occupancy 0.04
  iter    9  mean gain +0.0122  updates 4  occupancy 0.04
  iter   10  mean gain -0.0049  updates 4  occupancy 0.04
  iter   11  mean gain -0.0017  updates 4  occupancy 0.04
  iter   12  mean gain +0.0059  updates 4  occupancy 0.04
  iter   13  mean gain +0.0552  updates 4  occupancy 0.04
  iter   14  mean gain +0.0352  updates 4  occupancy 0.04
  iter   15  mean gain +0.0300  updates 4  occupancy 0.04
  iter   16  mean gain +0.0635  updates 4  occupancy 0.04
  iter   17  mean gain +0.0527  updates 4  occupancy 0.04
  iter   18  mean gain +0.0610  updates 4  occupancy 0.04
  iter   19  mean gain +0.0273  updates 4  occupancy 0.04
  iter   20  mean gain +0.0317  updates 4  occupancy 0.04
  iter   21  mean gain +0.0017  updates 4  occupancy 0.04
  iter   22  mean gain +0.0859  updates 4  occupancy 0.04
  iter   23  mean gain +0.1338  updates 4  occupancy 0.04
  iter   24  mean gain -0.0200  updates 4  occupancy 0.04
{"validation_tag": "iter 24", "requested_instances": 30, "measurable_starts": 30, "unavailable_starts": 0, "failed_candidates": {"policy": 0, "random": 0}, "failed_arms": {"policy": 0, "random": 0}, "mean_actual_start_occupancy": 0.03616898148148149, "score": "downstream objective with declared failure penalty"}
  iter 24 validation over 30: policy-random +0.0001 [-0.0316, +0.0303] | policy-start +0.0788 [+0.0415, +0.1223] | random-start +0.0788 [+0.0428, +0.1204]
  iter   25  mean gain +0.0247  updates 4  occupancy 0.04
  iter   26  mean gain +0.0095  updates 4  occupancy 0.04
  iter   27  mean gain -0.0349  updates 4  occupancy 0.05
  iter   28  mean gain +0.0530  updates 4  occupancy 0.04
  iter   29  mean gain +0.0518  updates 4  occupancy 0.04
  iter   30  mean gain +0.0078  updates 4  occupancy 0.04
  iter   31  mean gain +0.0374  updates 4  occupancy 0.04
  iter   32  mean gain +0.0950  updates 4  occupancy 0.04
  iter   33  mean gain +0.0496  updates 4  occupancy 0.04
  iter   34  mean gain +0.1409  updates 4  occupancy 0.04
  iter   35  mean gain +0.0244  updates 4  occupancy 0.04
  iter   36  mean gain +0.0051  updates 4  occupancy 0.04
  iter   37  mean gain +0.0081  updates 4  occupancy 0.04
  iter   38  mean gain +0.0532  updates 4  occupancy 0.04
  iter   39  mean gain +0.0220  updates 4  occupancy 0.04
  iter   40  mean gain +0.0420  updates 4  occupancy 0.04
  iter   41  mean gain +0.0535  updates 4  occupancy 0.04
  iter   42  mean gain -0.0115  updates 4  occupancy 0.04
  iter   43  mean gain +0.0376  updates 4  occupancy 0.04
  iter   44  mean gain -0.0391  updates 4  occupancy 0.04
  iter   45  mean gain +0.0295  updates 4  occupancy 0.04
  iter   46  mean gain +0.0122  updates 4  occupancy 0.04
  iter   47  mean gain +0.0610  updates 4  occupancy 0.05
  iter   48  mean gain -0.0117  updates 4  occupancy 0.04
