{"corpus": "runs/fill/zephyr4/corpus", "train": 30, "validation": 16, "spend": 0.1, "start": "witness", "objective": "residual", "selection_candidates": 3, "evaluation_scope": "continuation_diagnostic_not_end_to_end_embedding", "selection_read_budget_per_arm": 768, "assessment_reads_per_arm": 512, "failure_penalty": 0.05, "train_lineages": ["zephyr4-fill80-a2.0-4-l11", "zephyr4-fill85-a3.0-0-l13", "zephyr4-fill80-a2.0-2-l9", "zephyr4-fill95-a3.0-1-l38", "zephyr4-fill85-a3.0-3-l16", "zephyr4-fill90-a3.0-4-l29", "zephyr4-fill85-a3.0-2-l15", "zephyr4-fill80-a3.0-5-l6", "zephyr4-fill80-a2.0-1-l8", "zephyr4-fill85-a3.0-1-l14", "zephyr4-fill80-a3.0-4-l5", "zephyr4-fill85-a3.0-4-l17", "zephyr4-fill90-a2.0-4-l35", "zephyr4-fill80-a3.0-0-l1", "zephyr4-fill90-a3.0-0-l25", "zephyr4-fill80-a2.0-3-l10", "zephyr4-fill95-a2.0-0-l43", "zephyr4-fill95-a3.0-2-l39", "zephyr4-fill85-a2.0-4-l23", "zephyr4-fill90-a3.0-5-l30", "zephyr4-fill95-a3.0-3-l40", "zephyr4-fill85-a3.0-5-l18", "zephyr4-fill90-a2.0-3-l34", "zephyr4-fill80-a3.0-2-l3", "zephyr4-fill95-a2.0-1-l44", "zephyr4-fill95-a3.0-4-l41", "zephyr4-fill85-a2.0-5-l24", "zephyr4-fill80-a2.0-0-l7", "zephyr4-fill90-a2.0-0-l31", "zephyr4-fill90-a2.0-1-l32"], "validation_lineages": ["zephyr4-fill90-a3.0-2-l27", "zephyr4-fill90-a2.0-2-l33", "zephyr4-fill95-a3.0-0-l37", "zephyr4-fill80-a3.0-3-l4", "zephyr4-fill95-a2.0-2-l45", "zephyr4-fill95-a2.0-4-l47", "zephyr4-fill85-a2.0-1-l20", "zephyr4-fill85-a2.0-0-l19", "zephyr4-fill80-a3.0-1-l2", "zephyr4-fill95-a2.0-3-l46", "zephyr4-fill95-a3.0-5-l42", "zephyr4-fill80-a2.0-5-l12", "zephyr4-fill85-a2.0-2-l21", "zephyr4-fill90-a2.0-5-l36", "zephyr4-fill95-a2.0-5-l48", "zephyr4-fill90-a3.0-3-l28"], "beta_range": [0.1, 2.0]}
{"validation_tag": "init", "requested_instances": 16, "measurable_starts": 16, "unavailable_starts": 0, "failed_candidates": {"policy": 0, "random": 0, "restart": 0}, "failed_arms": {"policy": 0, "random": 0, "restart": 0}, "mean_actual_start_occupancy": 0.8905164930555556, "score": "downstream objective with declared failure penalty"}
  init validation over 16: policy-random +0.0012 [-0.0017, +0.0046] | policy-start +0.0077 [+0.0049, +0.0107] | random-start +0.0066 [+0.0047, +0.0085]
  init control: restart-start -0.0052 [-0.0103, -0.0010] | policy-restart +0.0129 [+0.0067, +0.0203] | random-restart +0.0117 [+0.0070, +0.0171]
  iter    0  mean gain +0.0030  updates 4  occupancy 0.96
  iter    1  mean gain +0.0048  updates 4  occupancy 0.94
  iter    2  mean gain +0.0055  updates 4  occupancy 0.94
  iter    3  mean gain +0.0037  updates 4  occupancy 0.92
  iter    4  mean gain +0.0049  updates 4  occupancy 0.95
  iter    5  mean gain +0.0082  updates 4  occupancy 0.96
  iter    6  mean gain +0.0019  updates 4  occupancy 0.95
  iter    7  mean gain +0.0057  updates 4  occupancy 0.92
  iter    8  mean gain +0.0044  updates 4  occupancy 0.91
  iter    9  mean gain +0.0052  updates 4  occupancy 0.92
  iter   10  mean gain +0.0050  updates 4  occupancy 0.91
  iter   11  mean gain +0.0040  updates 4  occupancy 0.96
  iter   12  mean gain +0.0038  updates 4  occupancy 0.91
  iter   13  mean gain +0.0041  updates 4  occupancy 0.94
  iter   14  mean gain +0.0063  updates 4  occupancy 0.92
  iter   15  mean gain +0.0067  updates 4  occupancy 0.96
  iter   16  mean gain +0.0022  updates 4  occupancy 0.98
  iter   17  mean gain +0.0078  updates 4  occupancy 0.94
  iter   18  mean gain +0.0080  updates 4  occupancy 0.99
  iter   19  mean gain +0.0055  updates 4  occupancy 0.93
  iter   20  mean gain +0.0059  updates 4  occupancy 0.95
  iter   21  mean gain +0.0040  updates 4  occupancy 0.92
  iter   22  mean gain +0.0060  updates 4  occupancy 0.94
  iter   23  mean gain +0.0043  updates 4  occupancy 0.96
  iter   24  mean gain +0.0011  updates 4  occupancy 0.92
{"validation_tag": "iter 24", "requested_instances": 16, "measurable_starts": 16, "unavailable_starts": 0, "failed_candidates": {"policy": 0, "random": 0, "restart": 0}, "failed_arms": {"policy": 0, "random": 0, "restart": 0}, "mean_actual_start_occupancy": 0.8905164930555556, "score": "downstream objective with declared failure penalty"}
  iter 24 validation over 16: policy-random +0.0007 [-0.0016, +0.0033] | policy-start +0.0073 [+0.0049, +0.0097] | random-start +0.0066 [+0.0047, +0.0085]
  iter 24 control: restart-start -0.0052 [-0.0103, -0.0010] | policy-restart +0.0125 [+0.0065, +0.0193] | random-restart +0.0117 [+0.0070, +0.0171]
  iter   25  mean gain +0.0091  updates 4  occupancy 0.95
  iter   26  mean gain +0.0068  updates 4  occupancy 0.95
  iter   27  mean gain +0.0050  updates 4  occupancy 0.91
  iter   28  mean gain +0.0046  updates 4  occupancy 0.97
  iter   29  mean gain +0.0057  updates 4  occupancy 0.94
  iter   30  mean gain +0.0081  updates 4  occupancy 0.95
  iter   31  mean gain +0.0033  updates 4  occupancy 0.95
  iter   32  mean gain +0.0046  updates 4  occupancy 0.98
  iter   33  mean gain +0.0050  updates 4  occupancy 0.94
  iter   34  mean gain +0.0046  updates 4  occupancy 0.95
