{"corpus": "runs/small/pegasus3/corpus", "train": 90, "held_out": 30, "init": "runs/imitation/pegasus6_budget.pt", "episodes_per_instance": 2, "deadline": 30.0}
  init held-out within 30s: valid 0.00  demands 0.644  episodes tried 2.1  over 30 instances
    fill70-a2.0 0.00/4  fill70-a3.0 0.00/1  fill80-a2.0 0.00/3  fill80-a3.0 0.00/2  fill85-a2.0 0.00/2  fill85-a3.0 0.00/5  fill90-a2.0 0.00/3  fill90-a3.0 0.00/3  fill95-a2.0 0.00/5  fill95-a3.0 0.00/2
  iter    0  train valid 0.00  demands 0.651  secs/episode 21.7
  iter    1  train valid 0.00  demands 0.660  secs/episode 20.8
  iter    2  train valid 0.00  demands 0.595  secs/episode 24.2
  iter    3  train valid 0.00  demands 0.682  secs/episode 24.8
  iter    4  train valid 0.00  demands 0.581  secs/episode 24.0
  iter    5  train valid 0.00  demands 0.633  secs/episode 26.2
  iter    6  train valid 0.00  demands 0.620  secs/episode 24.6
  iter    7  train valid 0.00  demands 0.687  secs/episode 16.0
  iter    8  train valid 0.00  demands 0.603  secs/episode 25.3
  iter    9  train valid 0.00  demands 0.631  secs/episode 20.3
  iter 9 held-out within 30s: valid 0.00  demands 0.654  episodes tried 2.0  over 30 instances
    fill70-a2.0 0.00/4  fill70-a3.0 0.00/1  fill80-a2.0 0.00/3  fill80-a3.0 0.00/2  fill85-a2.0 0.00/2  fill85-a3.0 0.00/5  fill90-a2.0 0.00/3  fill90-a3.0 0.00/3  fill95-a2.0 0.00/5  fill95-a3.0 0.00/2
  iter   10  train valid 0.00  demands 0.588  secs/episode 23.4
  iter   11  train valid 0.00  demands 0.630  secs/episode 22.2
  iter   12  train valid 0.00  demands 0.636  secs/episode 21.6
  iter   13  train valid 0.00  demands 0.683  secs/episode 25.3
  iter   14  train valid 0.00  demands 0.619  secs/episode 22.8
  iter   15  train valid 0.00  demands 0.632  secs/episode 24.1
  iter   16  train valid 0.00  demands 0.602  secs/episode 25.8
  iter   17  train valid 0.00  demands 0.657  secs/episode 28.4
  iter   18  train valid 0.00  demands 0.625  secs/episode 20.4
  iter   19  train valid 0.00  demands 0.618  secs/episode 23.9
  iter 19 held-out within 30s: valid 0.00  demands 0.638  episodes tried 1.4  over 30 instances
    fill70-a2.0 0.00/4  fill70-a3.0 0.00/1  fill80-a2.0 0.00/3  fill80-a3.0 0.00/2  fill85-a2.0 0.00/2  fill85-a3.0 0.00/5  fill90-a2.0 0.00/3  fill90-a3.0 0.00/3  fill95-a2.0 0.00/5  fill95-a3.0 0.00/2
  iter   20  train valid 0.00  demands 0.633  secs/episode 27.4
  iter   21  train valid 0.00  demands 0.620  secs/episode 27.9
  iter   22  train valid 0.00  demands 0.642  secs/episode 28.2
  iter   23  train valid 0.00  demands 0.632  secs/episode 27.8
  iter   24  train valid 0.00  demands 0.569  secs/episode 28.3
  iter   25  train valid 0.00  demands 0.624  secs/episode 30.2
  iter   26  train valid 0.00  demands 0.603  secs/episode 29.1
  iter   27  train valid 0.00  demands 0.699  secs/episode 28.4
  iter   28  train valid 0.00  demands 0.628  secs/episode 26.7
  iter   29  train valid 0.00  demands 0.633  secs/episode 27.5
  iter 29 held-out within 30s: valid 0.00  demands 0.607  episodes tried 1.2  over 30 instances
    fill70-a2.0 0.00/4  fill70-a3.0 0.00/1  fill80-a2.0 0.00/3  fill80-a3.0 0.00/2  fill85-a2.0 0.00/2  fill85-a3.0 0.00/5  fill90-a2.0 0.00/3  fill90-a3.0 0.00/3  fill95-a2.0 0.00/5  fill95-a3.0 0.00/2
  iter   30  train valid 0.00  demands 0.583  secs/episode 30.3
  iter   31  train valid 0.00  demands 0.571  secs/episode 30.2
  iter   32  train valid 0.00  demands 0.498  secs/episode 30.2
  iter   33  train valid 0.00  demands 0.552  secs/episode 30.2
  iter   34  train valid 0.00  demands 0.623  secs/episode 27.1
  iter   35  train valid 0.00  demands 0.531  secs/episode 30.1
  iter   36  train valid 0.00  demands 0.615  secs/episode 29.1
  iter   37  train valid 0.00  demands 0.551  secs/episode 29.0
  iter   38  train valid 0.00  demands 0.636  secs/episode 30.3
  iter   39  train valid 0.00  demands 0.668  secs/episode 26.3
  iter 39 held-out within 30s: valid 0.00  demands 0.630  episodes tried 1.2  over 30 instances
    fill70-a2.0 0.00/4  fill70-a3.0 0.00/1  fill80-a2.0 0.00/3  fill80-a3.0 0.00/2  fill85-a2.0 0.00/2  fill85-a3.0 0.00/5  fill90-a2.0 0.00/3  fill90-a3.0 0.00/3  fill95-a2.0 0.00/5  fill95-a3.0 0.00/2
  iter   40  train valid 0.00  demands 0.673  secs/episode 30.1
  iter   41  train valid 0.00  demands 0.585  secs/episode 26.9
  iter   42  train valid 0.00  demands 0.594  secs/episode 24.5
  iter   43  train valid 0.00  demands 0.631  secs/episode 28.4
  iter   44  train valid 0.00  demands 0.635  secs/episode 29.1
  iter   45  train valid 0.00  demands 0.618  secs/episode 30.1
  iter   46  train valid 0.00  demands 0.630  secs/episode 30.1
  iter   47  train valid 0.00  demands 0.602  secs/episode 29.5
  iter   48  train valid 0.00  demands 0.573  secs/episode 27.2
  iter   49  train valid 0.00  demands 0.618  secs/episode 26.1
  iter 49 held-out within 30s: valid 0.00  demands 0.631  episodes tried 1.2  over 30 instances
    fill70-a2.0 0.00/4  fill70-a3.0 0.00/1  fill80-a2.0 0.00/3  fill80-a3.0 0.00/2  fill85-a2.0 0.00/2  fill85-a3.0 0.00/5  fill90-a2.0 0.00/3  fill90-a3.0 0.00/3  fill95-a2.0 0.00/5  fill95-a3.0 0.00/2
  iter   50  train valid 0.00  demands 0.675  secs/episode 25.5
  iter   51  train valid 0.00  demands 0.596  secs/episode 26.3
  iter   52  train valid 0.00  demands 0.612  secs/episode 27.2
  iter   53  train valid 0.00  demands 0.629  secs/episode 25.7
  iter   54  train valid 0.00  demands 0.628  secs/episode 26.4
  iter   55  train valid 0.00  demands 0.599  secs/episode 29.2
  iter   56  train valid 0.00  demands 0.680  secs/episode 22.9
  iter   57  train valid 0.00  demands 0.603  secs/episode 30.1
  iter   58  train valid 0.00  demands 0.641  secs/episode 29.8
  iter   59  train valid 0.00  demands 0.640  secs/episode 28.1
  iter 59 held-out within 30s: valid 0.00  demands 0.625  episodes tried 1.3  over 30 instances
    fill70-a2.0 0.00/4  fill70-a3.0 0.00/1  fill80-a2.0 0.00/3  fill80-a3.0 0.00/2  fill85-a2.0 0.00/2  fill85-a3.0 0.00/5  fill90-a2.0 0.00/3  fill90-a3.0 0.00/3  fill95-a2.0 0.00/5  fill95-a3.0 0.00/2
  iter   60  train valid 0.00  demands 0.643  secs/episode 28.1
  iter   61  train valid 0.00  demands 0.572  secs/episode 26.5
  iter   62  train valid 0.00  demands 0.609  secs/episode 25.9
  iter   63  train valid 0.00  demands 0.671  secs/episode 25.2
  iter   64  train valid 0.00  demands 0.668  secs/episode 23.0
  iter   65  train valid 0.00  demands 0.606  secs/episode 21.4
  iter   66  train valid 0.00  demands 0.646  secs/episode 26.1
  iter   67  train valid 0.00  demands 0.648  secs/episode 27.4
  iter   68  train valid 0.00  demands 0.620  secs/episode 25.5
  iter   69  train valid 0.00  demands 0.615  secs/episode 23.8
  iter 69 held-out within 30s: valid 0.00  demands 0.641  episodes tried 2.0  over 30 instances
    fill70-a2.0 0.00/4  fill70-a3.0 0.00/1  fill80-a2.0 0.00/3  fill80-a3.0 0.00/2  fill85-a2.0 0.00/2  fill85-a3.0 0.00/5  fill90-a2.0 0.00/3  fill90-a3.0 0.00/3  fill95-a2.0 0.00/5  fill95-a3.0 0.00/2
  iter   70  train valid 0.00  demands 0.609  secs/episode 28.1
  iter   71  train valid 0.00  demands 0.586  secs/episode 24.9
  iter   72  train valid 0.00  demands 0.608  secs/episode 26.0
  iter   73  train valid 0.00  demands 0.636  secs/episode 25.9
  iter   74  train valid 0.00  demands 0.650  secs/episode 23.0
  iter   75  train valid 0.00  demands 0.699  secs/episode 22.2
  iter   76  train valid 0.00  demands 0.654  secs/episode 28.6
  iter   77  train valid 0.00  demands 0.617  secs/episode 26.9
  iter   78  train valid 0.00  demands 0.643  secs/episode 23.1
  iter   79  train valid 0.00  demands 0.604  secs/episode 24.2
  iter 79 held-out within 30s: valid 0.00  demands 0.631  episodes tried 1.4  over 30 instances
    fill70-a2.0 0.00/4  fill70-a3.0 0.00/1  fill80-a2.0 0.00/3  fill80-a3.0 0.00/2  fill85-a2.0 0.00/2  fill85-a3.0 0.00/5  fill90-a2.0 0.00/3  fill90-a3.0 0.00/3  fill95-a2.0 0.00/5  fill95-a3.0 0.00/2
  iter   80  train valid 0.00  demands 0.613  secs/episode 27.9
  iter   81  train valid 0.00  demands 0.614  secs/episode 29.4
  iter   82  train valid 0.00  demands 0.654  secs/episode 29.5
  iter   83  train valid 0.00  demands 0.657  secs/episode 27.5
  iter   84  train valid 0.00  demands 0.631  secs/episode 28.2
  iter   85  train valid 0.00  demands 0.602  secs/episode 25.2
  iter   86  train valid 0.00  demands 0.616  secs/episode 29.5
  iter   87  train valid 0.00  demands 0.604  secs/episode 30.2
  iter   88  train valid 0.00  demands 0.660  secs/episode 22.0
  iter   89  train valid 0.00  demands 0.665  secs/episode 25.3
  iter 89 held-out within 30s: valid 0.00  demands 0.631  episodes tried 1.5  over 30 instances
    fill70-a2.0 0.00/4  fill70-a3.0 0.00/1  fill80-a2.0 0.00/3  fill80-a3.0 0.00/2  fill85-a2.0 0.00/2  fill85-a3.0 0.00/5  fill90-a2.0 0.00/3  fill90-a3.0 0.00/3  fill95-a2.0 0.00/5  fill95-a3.0 0.00/2
  iter   90  train valid 0.00  demands 0.595  secs/episode 26.7
  iter   91  train valid 0.00  demands 0.630  secs/episode 27.5
  iter   92  train valid 0.00  demands 0.673  secs/episode 23.3
  iter   93  train valid 0.00  demands 0.633  secs/episode 24.5
  iter   94  train valid 0.00  demands 0.623  secs/episode 24.0
  iter   95  train valid 0.00  demands 0.638  secs/episode 28.2
  iter   96  train valid 0.00  demands 0.614  secs/episode 29.5
  iter   97  train valid 0.00  demands 0.609  secs/episode 27.3
  iter   98  train valid 0.00  demands 0.670  secs/episode 28.1
  iter   99  train valid 0.00  demands 0.671  secs/episode 25.5
  iter 99 held-out within 30s: valid 0.00  demands 0.645  episodes tried 2.0  over 30 instances
    fill70-a2.0 0.00/4  fill70-a3.0 0.00/1  fill80-a2.0 0.00/3  fill80-a3.0 0.00/2  fill85-a2.0 0.00/2  fill85-a3.0 0.00/5  fill90-a2.0 0.00/3  fill90-a3.0 0.00/3  fill95-a2.0 0.00/5  fill95-a3.0 0.00/2
  iter  100  train valid 0.00  demands 0.646  secs/episode 22.5
  iter  101  train valid 0.00  demands 0.608  secs/episode 26.8
  iter  102  train valid 0.00  demands 0.589  secs/episode 27.0
  iter  103  train valid 0.00  demands 0.630  secs/episode 25.2
  iter  104  train valid 0.00  demands 0.648  secs/episode 22.6
  iter  105  train valid 0.00  demands 0.603  secs/episode 24.9
  iter  106  train valid 0.00  demands 0.606  secs/episode 26.3
  iter  107  train valid 0.00  demands 0.637  secs/episode 23.4
  iter  108  train valid 0.00  demands 0.650  secs/episode 22.0
  iter  109  train valid 0.00  demands 0.619  secs/episode 21.7
  iter 109 held-out within 30s: valid 0.00  demands 0.640  episodes tried 1.5  over 30 instances
    fill70-a2.0 0.00/4  fill70-a3.0 0.00/1  fill80-a2.0 0.00/3  fill80-a3.0 0.00/2  fill85-a2.0 0.00/2  fill85-a3.0 0.00/5  fill90-a2.0 0.00/3  fill90-a3.0 0.00/3  fill95-a2.0 0.00/5  fill95-a3.0 0.00/2
  iter  110  train valid 0.00  demands 0.609  secs/episode 22.7
  iter  111  train valid 0.00  demands 0.642  secs/episode 28.7
  iter  112  train valid 0.00  demands 0.617  secs/episode 25.7
  iter  113  train valid 0.00  demands 0.611  secs/episode 25.4
  iter  114  train valid 0.00  demands 0.639  secs/episode 25.3
  iter  115  train valid 0.00  demands 0.657  secs/episode 24.9
  iter  116  train valid 0.00  demands 0.601  secs/episode 21.6
  iter  117  train valid 0.00  demands 0.617  secs/episode 18.0
  iter  118  train valid 0.00  demands 0.629  secs/episode 27.1
  iter  119  train valid 0.00  demands 0.641  secs/episode 29.6
  iter 119 held-out within 30s: valid 0.00  demands 0.642  episodes tried 2.0  over 30 instances
    fill70-a2.0 0.00/4  fill70-a3.0 0.00/1  fill80-a2.0 0.00/3  fill80-a3.0 0.00/2  fill85-a2.0 0.00/2  fill85-a3.0 0.00/5  fill90-a2.0 0.00/3  fill90-a3.0 0.00/3  fill95-a2.0 0.00/5  fill95-a3.0 0.00/2
  iter  120  train valid 0.00  demands 0.659  secs/episode 26.4
  iter  121  train valid 0.00  demands 0.589  secs/episode 28.9
  iter  122  train valid 0.00  demands 0.635  secs/episode 25.8
  iter  123  train valid 0.00  demands 0.616  secs/episode 27.6
  iter  124  train valid 0.00  demands 0.591  secs/episode 23.8
  iter  125  train valid 0.00  demands 0.591  secs/episode 26.1
  iter  126  train valid 0.00  demands 0.641  secs/episode 19.9
  iter  127  train valid 0.00  demands 0.647  secs/episode 22.8
  iter  128  train valid 0.00  demands 0.686  secs/episode 23.7
  iter  129  train valid 0.00  demands 0.637  secs/episode 23.8
  iter 129 held-out within 30s: valid 0.00  demands 0.636  episodes tried 1.7  over 30 instances
    fill70-a2.0 0.00/4  fill70-a3.0 0.00/1  fill80-a2.0 0.00/3  fill80-a3.0 0.00/2  fill85-a2.0 0.00/2  fill85-a3.0 0.00/5  fill90-a2.0 0.00/3  fill90-a3.0 0.00/3  fill95-a2.0 0.00/5  fill95-a3.0 0.00/2
  iter  130  train valid 0.00  demands 0.651  secs/episode 28.4
  iter  131  train valid 0.00  demands 0.619  secs/episode 20.9
