{"corpus": "runs/small/zephyr2/corpus", "train": 90, "held_out": 30, "init": "runs/imitation/pegasus6_budget.pt", "episodes_per_instance": 2, "deadline": 30.0}
  init held-out within 30s: valid 0.00  demands 0.616  episodes tried 1.2  over 30 instances
    fill70-a2.0 0.00/4  fill70-a3.0 0.00/1  fill80-a2.0 0.00/3  fill80-a3.0 0.00/2  fill85-a2.0 0.00/2  fill85-a3.0 0.00/5  fill90-a2.0 0.00/3  fill90-a3.0 0.00/3  fill95-a2.0 0.00/5  fill95-a3.0 0.00/2
  iter    0  train valid 0.00  demands 0.646  secs/episode 28.7
  iter    1  train valid 0.00  demands 0.586  secs/episode 27.6
  iter    2  train valid 0.00  demands 0.637  secs/episode 30.1
  iter    3  train valid 0.00  demands 0.664  secs/episode 30.1
  iter    4  train valid 0.00  demands 0.672  secs/episode 27.6
  iter    5  train valid 0.00  demands 0.600  secs/episode 30.1
  iter    6  train valid 0.00  demands 0.606  secs/episode 27.2
  iter    7  train valid 0.00  demands 0.599  secs/episode 29.7
  iter    8  train valid 0.00  demands 0.629  secs/episode 28.6
  iter    9  train valid 0.00  demands 0.575  secs/episode 30.1
  iter 9 held-out within 30s: valid 0.00  demands 0.608  episodes tried 1.1  over 30 instances
    fill70-a2.0 0.00/4  fill70-a3.0 0.00/1  fill80-a2.0 0.00/3  fill80-a3.0 0.00/2  fill85-a2.0 0.00/2  fill85-a3.0 0.00/5  fill90-a2.0 0.00/3  fill90-a3.0 0.00/3  fill95-a2.0 0.00/5  fill95-a3.0 0.00/2
  iter   10  train valid 0.00  demands 0.700  secs/episode 27.0
  iter   11  train valid 0.00  demands 0.689  secs/episode 30.1
  iter   12  train valid 0.00  demands 0.595  secs/episode 30.2
  iter   13  train valid 0.00  demands 0.544  secs/episode 30.1
  iter   14  train valid 0.00  demands 0.641  secs/episode 30.1
  iter   15  train valid 0.00  demands 0.632  secs/episode 30.2
  iter   16  train valid 0.00  demands 0.633  secs/episode 28.6
  iter   17  train valid 0.00  demands 0.578  secs/episode 27.9
  iter   18  train valid 0.00  demands 0.607  secs/episode 30.2
  iter   19  train valid 0.00  demands 0.568  secs/episode 28.1
  iter 19 held-out within 30s: valid 0.00  demands 0.528  episodes tried 1.1  over 30 instances
    fill70-a2.0 0.00/4  fill70-a3.0 0.00/1  fill80-a2.0 0.00/3  fill80-a3.0 0.00/2  fill85-a2.0 0.00/2  fill85-a3.0 0.00/5  fill90-a2.0 0.00/3  fill90-a3.0 0.00/3  fill95-a2.0 0.00/5  fill95-a3.0 0.00/2
  iter   20  train valid 0.00  demands 0.617  secs/episode 30.2
  iter   21  train valid 0.00  demands 0.489  secs/episode 30.1
  iter   22  train valid 0.00  demands 0.459  secs/episode 30.1
  iter   23  train valid 0.00  demands 0.533  secs/episode 30.0
  iter   24  train valid 0.00  demands 0.473  secs/episode 30.2
  iter   25  train valid 0.00  demands 0.538  secs/episode 29.7
  iter   26  train valid 0.00  demands 0.466  secs/episode 30.1
  iter   27  train valid 0.00  demands 0.496  secs/episode 29.7
  iter   28  train valid 0.00  demands 0.394  secs/episode 30.3
  iter   29  train valid 0.00  demands 0.383  secs/episode 30.2
  iter 29 held-out within 30s: valid 0.00  demands 0.389  episodes tried 1.0  over 30 instances
    fill70-a2.0 0.00/4  fill70-a3.0 0.00/1  fill80-a2.0 0.00/3  fill80-a3.0 0.00/2  fill85-a2.0 0.00/2  fill85-a3.0 0.00/5  fill90-a2.0 0.00/3  fill90-a3.0 0.00/3  fill95-a2.0 0.00/5  fill95-a3.0 0.00/2
  iter   30  train valid 0.00  demands 0.285  secs/episode 30.3
  iter   31  train valid 0.00  demands 0.368  secs/episode 30.3
  iter   32  train valid 0.00  demands 0.412  secs/episode 30.2
  iter   33  train valid 0.00  demands 0.381  secs/episode 30.3
  iter   34  train valid 0.00  demands 0.531  secs/episode 30.2
  iter   35  train valid 0.00  demands 0.444  secs/episode 30.2
  iter   36  train valid 0.00  demands 0.576  secs/episode 30.2
  iter   37  train valid 0.00  demands 0.510  secs/episode 30.1
  iter   38  train valid 0.00  demands 0.559  secs/episode 29.0
  iter   39  train valid 0.00  demands 0.530  secs/episode 30.2
  iter 39 held-out within 30s: valid 0.00  demands 0.500  episodes tried 1.0  over 30 instances
    fill70-a2.0 0.00/4  fill70-a3.0 0.00/1  fill80-a2.0 0.00/3  fill80-a3.0 0.00/2  fill85-a2.0 0.00/2  fill85-a3.0 0.00/5  fill90-a2.0 0.00/3  fill90-a3.0 0.00/3  fill95-a2.0 0.00/5  fill95-a3.0 0.00/2
  iter   40  train valid 0.00  demands 0.518  secs/episode 30.1
  iter   41  train valid 0.00  demands 0.618  secs/episode 30.1
  iter   42  train valid 0.00  demands 0.484  secs/episode 29.6
  iter   43  train valid 0.00  demands 0.616  secs/episode 30.1
  iter   44  train valid 0.00  demands 0.663  secs/episode 28.6
  iter   45  train valid 0.00  demands 0.557  secs/episode 30.2
  iter   46  train valid 0.00  demands 0.478  secs/episode 30.2
  iter   47  train valid 0.00  demands 0.511  secs/episode 30.1
  iter   48  train valid 0.00  demands 0.540  secs/episode 30.1
  iter   49  train valid 0.00  demands 0.487  secs/episode 30.2
  iter 49 held-out within 30s: valid 0.00  demands 0.554  episodes tried 1.2  over 30 instances
    fill70-a2.0 0.00/4  fill70-a3.0 0.00/1  fill80-a2.0 0.00/3  fill80-a3.0 0.00/2  fill85-a2.0 0.00/2  fill85-a3.0 0.00/5  fill90-a2.0 0.00/3  fill90-a3.0 0.00/3  fill95-a2.0 0.00/5  fill95-a3.0 0.00/2
  iter   50  train valid 0.00  demands 0.636  secs/episode 28.1
  iter   51  train valid 0.00  demands 0.616  secs/episode 26.9
  iter   52  train valid 0.00  demands 0.554  secs/episode 30.2
  iter   53  train valid 0.00  demands 0.608  secs/episode 30.2
  iter   54  train valid 0.00  demands 0.587  secs/episode 30.1
  iter   55  train valid 0.00  demands 0.622  secs/episode 27.3
  iter   56  train valid 0.00  demands 0.485  secs/episode 30.2
  iter   57  train valid 0.00  demands 0.520  secs/episode 29.5
  iter   58  train valid 0.00  demands 0.595  secs/episode 27.2
  iter   59  train valid 0.00  demands 0.599  secs/episode 28.0
  iter 59 held-out within 30s: valid 0.00  demands 0.600  episodes tried 1.2  over 30 instances
    fill70-a2.0 0.00/4  fill70-a3.0 0.00/1  fill80-a2.0 0.00/3  fill80-a3.0 0.00/2  fill85-a2.0 0.00/2  fill85-a3.0 0.00/5  fill90-a2.0 0.00/3  fill90-a3.0 0.00/3  fill95-a2.0 0.00/5  fill95-a3.0 0.00/2
  iter   60  train valid 0.00  demands 0.574  secs/episode 29.1
  iter   61  train valid 0.00  demands 0.650  secs/episode 30.1
  iter   62  train valid 0.00  demands 0.600  secs/episode 29.5
  iter   63  train valid 0.00  demands 0.658  secs/episode 29.8
  iter   64  train valid 0.00  demands 0.621  secs/episode 30.0
  iter   65  train valid 0.00  demands 0.621  secs/episode 28.5
  iter   66  train valid 0.00  demands 0.656  secs/episode 29.6
  iter   67  train valid 0.00  demands 0.598  secs/episode 29.6
  iter   68  train valid 0.00  demands 0.615  secs/episode 29.0
  iter   69  train valid 0.00  demands 0.632  secs/episode 29.9
  iter 69 held-out within 30s: valid 0.00  demands 0.557  episodes tried 1.2  over 30 instances
    fill70-a2.0 0.00/4  fill70-a3.0 0.00/1  fill80-a2.0 0.00/3  fill80-a3.0 0.00/2  fill85-a2.0 0.00/2  fill85-a3.0 0.00/5  fill90-a2.0 0.00/3  fill90-a3.0 0.00/3  fill95-a2.0 0.00/5  fill95-a3.0 0.00/2
  iter   70  train valid 0.00  demands 0.612  secs/episode 29.0
  iter   71  train valid 0.00  demands 0.625  secs/episode 29.3
  iter   72  train valid 0.00  demands 0.582  secs/episode 30.2
  iter   73  train valid 0.00  demands 0.429  secs/episode 30.2
  iter   74  train valid 0.00  demands 0.455  secs/episode 30.1
  iter   75  train valid 0.00  demands 0.437  secs/episode 30.2
  iter   76  train valid 0.00  demands 0.550  secs/episode 30.2
  iter   77  train valid 0.00  demands 0.443  secs/episode 30.2
  iter   78  train valid 0.00  demands 0.474  secs/episode 30.2
  iter   79  train valid 0.00  demands 0.579  secs/episode 29.6
  iter 79 held-out within 30s: valid 0.00  demands 0.538  episodes tried 1.0  over 30 instances
    fill70-a2.0 0.00/4  fill70-a3.0 0.00/1  fill80-a2.0 0.00/3  fill80-a3.0 0.00/2  fill85-a2.0 0.00/2  fill85-a3.0 0.00/5  fill90-a2.0 0.00/3  fill90-a3.0 0.00/3  fill95-a2.0 0.00/5  fill95-a3.0 0.00/2
  iter   80  train valid 0.00  demands 0.647  secs/episode 27.8
  iter   81  train valid 0.00  demands 0.600  secs/episode 30.0
  iter   82  train valid 0.00  demands 0.450  secs/episode 30.2
  iter   83  train valid 0.00  demands 0.544  secs/episode 29.4
  iter   84  train valid 0.00  demands 0.447  secs/episode 30.2
  iter   85  train valid 0.00  demands 0.587  secs/episode 29.9
  iter   86  train valid 0.00  demands 0.611  secs/episode 30.1
  iter   87  train valid 0.00  demands 0.568  secs/episode 29.7
  iter   88  train valid 0.00  demands 0.514  secs/episode 30.2
  iter   89  train valid 0.00  demands 0.588  secs/episode 29.6
  iter 89 held-out within 30s: valid 0.00  demands 0.563  episodes tried 1.0  over 30 instances
    fill70-a2.0 0.00/4  fill70-a3.0 0.00/1  fill80-a2.0 0.00/3  fill80-a3.0 0.00/2  fill85-a2.0 0.00/2  fill85-a3.0 0.00/5  fill90-a2.0 0.00/3  fill90-a3.0 0.00/3  fill95-a2.0 0.00/5  fill95-a3.0 0.00/2
  iter   90  train valid 0.00  demands 0.620  secs/episode 28.8
  iter   91  train valid 0.00  demands 0.605  secs/episode 30.1
  iter   92  train valid 0.00  demands 0.587  secs/episode 30.1
  iter   93  train valid 0.00  demands 0.627  secs/episode 29.0
  iter   94  train valid 0.00  demands 0.619  secs/episode 29.9
  iter   95  train valid 0.00  demands 0.671  secs/episode 27.7
  iter   96  train valid 0.00  demands 0.627  secs/episode 29.5
  iter   97  train valid 0.00  demands 0.626  secs/episode 28.7
  iter   98  train valid 0.00  demands 0.646  secs/episode 27.2
  iter   99  train valid 0.00  demands 0.621  secs/episode 27.1
  iter 99 held-out within 30s: valid 0.00  demands 0.594  episodes tried 1.2  over 30 instances
    fill70-a2.0 0.00/4  fill70-a3.0 0.00/1  fill80-a2.0 0.00/3  fill80-a3.0 0.00/2  fill85-a2.0 0.00/2  fill85-a3.0 0.00/5  fill90-a2.0 0.00/3  fill90-a3.0 0.00/3  fill95-a2.0 0.00/5  fill95-a3.0 0.00/2
  iter  100  train valid 0.00  demands 0.519  secs/episode 30.1
  iter  101  train valid 0.00  demands 0.372  secs/episode 30.2
  iter  102  train valid 0.00  demands 0.514  secs/episode 30.2
  iter  103  train valid 0.00  demands 0.565  secs/episode 29.4
  iter  104  train valid 0.00  demands 0.670  secs/episode 29.8
  iter  105  train valid 0.00  demands 0.653  secs/episode 29.1
  iter  106  train valid 0.00  demands 0.623  secs/episode 30.1
  iter  107  train valid 0.00  demands 0.604  secs/episode 27.5
  iter  108  train valid 0.00  demands 0.523  secs/episode 27.0
  iter  109  train valid 0.00  demands 0.553  secs/episode 27.9
  iter 109 held-out within 30s: valid 0.00  demands 0.621  episodes tried 1.2  over 30 instances
    fill70-a2.0 0.00/4  fill70-a3.0 0.00/1  fill80-a2.0 0.00/3  fill80-a3.0 0.00/2  fill85-a2.0 0.00/2  fill85-a3.0 0.00/5  fill90-a2.0 0.00/3  fill90-a3.0 0.00/3  fill95-a2.0 0.00/5  fill95-a3.0 0.00/2
  iter  110  train valid 0.00  demands 0.529  secs/episode 30.1
  iter  111  train valid 0.00  demands 0.450  secs/episode 30.2
  iter  112  train valid 0.00  demands 0.556  secs/episode 30.2
  iter  113  train valid 0.00  demands 0.514  secs/episode 29.8
  iter  114  train valid 0.00  demands 0.630  secs/episode 29.8
  iter  115  train valid 0.00  demands 0.654  secs/episode 28.5
  iter  116  train valid 0.00  demands 0.595  secs/episode 27.6
  iter  117  train valid 0.00  demands 0.643  secs/episode 29.0
  iter  118  train valid 0.00  demands 0.686  secs/episode 25.8
  iter  119  train valid 0.00  demands 0.635  secs/episode 28.0
  iter 119 held-out within 30s: valid 0.00  demands 0.617  episodes tried 1.2  over 30 instances
    fill70-a2.0 0.00/4  fill70-a3.0 0.00/1  fill80-a2.0 0.00/3  fill80-a3.0 0.00/2  fill85-a2.0 0.00/2  fill85-a3.0 0.00/5  fill90-a2.0 0.00/3  fill90-a3.0 0.00/3  fill95-a2.0 0.00/5  fill95-a3.0 0.00/2
