{"cache": "runs/diverse/labels.pkl", "key": ["runs/diverse/corpus", 220, 70, 2, 8, 256, 0], "device": "cpu", "width": 64}
  training lineages: 419 states compiled, 0 candidates dropped, 0 without native coordinates, 61s
  held-out lineages: 135 states compiled, 0 candidates dropped, 0 without native coordinates, 20s
  family split: 468 states from 6 families fit, 86 states of modular held out
  scorer parameters 125121
  step   1  nll 0.66730  rank 1.95848  train regret 0.1637  grad 364.999  inner -
  step  51  nll 0.62491  rank 1.75583  train regret 0.0582  grad 3839.754  inner -
  step 101  nll 0.63561  rank 1.68957  train regret 0.0399  grad 5756.798  inner -
  step 151  nll 0.58655  rank 1.55114  train regret 0.0183  grad 1459.930  inner -
  step 201  nll 0.58305  rank 1.43711  train regret 0.0128  grad 3480.163  inner -
  step 251  nll 0.57780  rank 1.38667  train regret 0.0077  grad 3715.255  inner -
  step 301  nll 0.56474  rank 1.40135  train regret 0.0089  grad 5352.364  inner -
  step 351  nll 0.56236  rank 1.32668  train regret 0.0044  grad 3818.649  inner -
  step 400  nll 0.54473  rank 1.32939  train regret 0.0048  grad 3342.593  inner -

== TRAINING states, fitted on, 86 states, every pick re-measured on 512 independent reads
  picking by oracle     0.4352  over 86 states
  picking by head       0.4282  over 86 states
  picking by random     0.3398  over 86 states
  picking by resource   0.3550  over 86 states
  picking by incumbent  0.3568  over 86 states
  head minus random                    n  86 states in  46 lineages  +0.0895 [+0.0627, +0.1190]  (paired by lineage)
  head minus the protected incumbent   n  86 states in  46 lineages  +0.0728 [+0.0513, +0.0965]  (paired by lineage)
  oracle minus random, the ceiling     n  86 states in  46 lineages  +0.0963 [+0.0685, +0.1271]  (paired by lineage)
  head minus oracle, left on the table n  86 states in  46 lineages  -0.0069 [-0.0120, -0.0017]  (paired by lineage)
  median within-state rank correlation +0.771

== HELD-OUT lineages, never trained on, 86 states, every pick re-measured on 512 independent reads
  picking by oracle     0.7003  over 86 states
  picking by head       0.5487  over 86 states
  picking by random     0.5379  over 86 states
  picking by resource   0.5865  over 86 states
  picking by incumbent  0.5652  over 86 states
  head minus random                    n  86 states in  44 lineages  +0.0137 [-0.0352, +0.0633]  (paired by lineage)
  head minus the protected incumbent   n  86 states in  44 lineages  -0.0118 [-0.0522, +0.0251]  (paired by lineage)
  oracle minus random, the ceiling     n  86 states in  44 lineages  +0.1671 [+0.1248, +0.2110]  (paired by lineage)
  head minus oracle, left on the table n  86 states in  44 lineages  -0.1533 [-0.1988, -0.1094]  (paired by lineage)
  median within-state rank correlation +0.149

SUCCESSOR SCORER DONE
