{"cache": "runs/diverse/labels.pkl", "key": ["runs/diverse/corpus", 220, 70, 2, 8, 256, 0], "device": "cpu", "width": 64}
  training lineages: 419 states compiled, 0 candidates dropped, 0 without native coordinates, 30s
  held-out lineages: 135 states compiled, 0 candidates dropped, 0 without native coordinates, 9s
  family split: 468 states from 6 families fit, 86 states of modular held out
  scorer parameters 124161
  step   1  nll 0.70094  rank 1.94407  train regret 0.1718  grad 237.515  inner -
  step  51  nll 0.61685  rank 1.87601  train regret 0.1058  grad 1934.481  inner -
  step 101  nll 0.60931  rank 1.73422  train regret 0.0628  grad 2259.060  inner -
  step 151  nll 0.59625  rank 1.58297  train regret 0.0331  grad 1879.715  inner -
  step 201  nll 0.58907  rank 1.48979  train regret 0.0193  grad 2012.722  inner -
  step 251  nll 0.57949  rank 1.44181  train regret 0.0146  grad 3406.934  inner -
  step 301  nll 0.57677  rank 1.39199  train regret 0.0092  grad 2814.553  inner -
  step 351  nll 0.56385  rank 1.34013  train regret 0.0067  grad 2990.698  inner -
  step 400  nll 0.55368  rank 1.32096  train regret 0.0056  grad 1429.568  inner -

== TRAINING states, fitted on, 86 states, every pick re-measured on 512 independent reads
  picking by oracle     0.4352  over 86 states
  picking by head       0.4299  over 86 states
  picking by random     0.3398  over 86 states
  picking by resource   0.3550  over 86 states
  picking by incumbent  0.3568  over 86 states
  head minus random                    n  86 states in  46 lineages  +0.0911 [+0.0642, +0.1206]  (paired by lineage)
  head minus the protected incumbent   n  86 states in  46 lineages  +0.0744 [+0.0530, +0.0976]  (paired by lineage)
  oracle minus random, the ceiling     n  86 states in  46 lineages  +0.0963 [+0.0685, +0.1271]  (paired by lineage)
  head minus oracle, left on the table n  86 states in  46 lineages  -0.0053 [-0.0104, -0.0004]  (paired by lineage)
  median within-state rank correlation +0.765

== HELD-OUT lineages, never trained on, 86 states, every pick re-measured on 512 independent reads
  picking by oracle     0.7003  over 86 states
  picking by head       0.5877  over 86 states
  picking by random     0.5379  over 86 states
  picking by resource   0.5865  over 86 states
  picking by incumbent  0.5652  over 86 states
  head minus random                    n  86 states in  44 lineages  +0.0544 [+0.0081, +0.1018]  (paired by lineage)
  head minus the protected incumbent   n  86 states in  44 lineages  +0.0289 [-0.0160, +0.0764]  (paired by lineage)
  oracle minus random, the ceiling     n  86 states in  44 lineages  +0.1671 [+0.1248, +0.2110]  (paired by lineage)
  head minus oracle, left on the table n  86 states in  44 lineages  -0.1127 [-0.1476, -0.0785]  (paired by lineage)
  median within-state rank correlation +0.189

SUCCESSOR SCORER DONE
