{"cache": "runs/diverse/labels.pkl", "key": ["runs/diverse/corpus", 220, 70, 2, 8, 256, 0], "device": "cpu", "width": 64}
  training lineages: 419 states compiled, 0 candidates dropped, 0 without native coordinates, 8s
  held-out lineages: 135 states compiled, 0 candidates dropped, 0 without native coordinates, 3s
  family split: 468 states from 6 families fit, 86 states of modular held out
  scorer parameters 124289
  step   1  nll 0.68433  rank 1.94706  train regret 0.1753  grad 183.273  inner -
  step  51  nll 0.61738  rank 1.87738  train regret 0.0960  grad 105.199  inner -
  step 101  nll 0.60850  rank 1.76759  train regret 0.0683  grad 1445.177  inner -
  step 151  nll 0.59927  rank 1.67065  train regret 0.0494  grad 3157.922  inner -
  step 201  nll 0.59146  rank 1.56881  train regret 0.0325  grad 2635.426  inner -
  step 251  nll 0.59703  rank 1.49241  train regret 0.0188  grad 4327.600  inner -
  step 301  nll 0.58069  rank 1.42501  train regret 0.0113  grad 2415.527  inner -
  step 351  nll 0.57222  rank 1.42970  train regret 0.0120  grad 2929.749  inner -
  step 400  nll 0.56926  rank 1.36290  train regret 0.0074  grad 2926.628  inner -

== TRAINING states, fitted on, 86 states, every pick re-measured on 512 independent reads
  picking by oracle     0.4352  over 86 states
  picking by head       0.4240  over 86 states
  picking by random     0.3398  over 86 states
  picking by resource   0.3550  over 86 states
  picking by incumbent  0.3568  over 86 states
  head minus random                    n  86 states in  46 lineages  +0.0854 [+0.0576, +0.1163]  (paired by lineage)
  head minus the protected incumbent   n  86 states in  46 lineages  +0.0688 [+0.0461, +0.0936]  (paired by lineage)
  oracle minus random, the ceiling     n  86 states in  46 lineages  +0.0963 [+0.0685, +0.1271]  (paired by lineage)
  head minus oracle, left on the table n  86 states in  46 lineages  -0.0109 [-0.0182, -0.0043]  (paired by lineage)
  median within-state rank correlation +0.675

== HELD-OUT lineages, never trained on, 86 states, every pick re-measured on 512 independent reads
  picking by oracle     0.7003  over 86 states
  picking by head       0.5876  over 86 states
  picking by random     0.5379  over 86 states
  picking by resource   0.5865  over 86 states
  picking by incumbent  0.5652  over 86 states
  head minus random                    n  86 states in  44 lineages  +0.0457 [+0.0019, +0.0920]  (paired by lineage)
  head minus the protected incumbent   n  86 states in  44 lineages  +0.0202 [-0.0181, +0.0609]  (paired by lineage)
  oracle minus random, the ceiling     n  86 states in  44 lineages  +0.1671 [+0.1248, +0.2110]  (paired by lineage)
  head minus oracle, left on the table n  86 states in  44 lineages  -0.1214 [-0.1659, -0.0806]  (paired by lineage)
  median within-state rank correlation +0.240

SUCCESSOR SCORER DONE
