{"probe": "solvability_frontier", "host": "zephyr", "sizes": [1, 2], "fill": 0.95, "sweeps": [200, 2000], "reads": 512, "field_rates": [0.0], "instances": 12}
  host       vars qubits   fill   chain  field   sweeps    p_reg   p_best     p_mm  p_grown
{"host": "zephyr1", "qubits": 48, "vars": 38, "witness_qubits": 46, "realised_fill": 0.9583333333333334, "mean_chain": 1.2105263157894737, "field_rate": 0.0, "sweeps": 200, "reads": 512, "p_registered": 0.158203125, "p_by_strength": [0.06640625, 0.158203125, 0.267578125, 0.08984375], "p_best": 0.267578125, "mm_valid": false, "mm_qubits": null, "mm_secs": 3.365140438079834, "p_minorminer": null, "p_grown": null, "grown_extra": 0, "instance": 1}
  zephyr1      38     46   0.96    1.21   0.00      200    0.158    0.268        -        -
{"host": "zephyr1", "qubits": 48, "vars": 38, "witness_qubits": 46, "realised_fill": 0.9583333333333334, "mean_chain": 1.2105263157894737, "field_rate": 0.0, "sweeps": 2000, "reads": 512, "p_registered": 0.19140625, "p_by_strength": [0.091796875, 0.19140625, 0.337890625, 0.095703125], "p_best": 0.337890625, "mm_valid": false, "mm_qubits": null, "mm_secs": 3.365140438079834, "p_minorminer": null, "p_grown": null, "grown_extra": 0, "instance": 1}
  zephyr1      38     46   0.96    1.21   0.00     2000    0.191    0.338        -        -
{"host": "zephyr1", "qubits": 48, "vars": 40, "witness_qubits": 46, "realised_fill": 0.9583333333333334, "mean_chain": 1.15, "field_rate": 0.0, "sweeps": 200, "reads": 512, "p_registered": 0.177734375, "p_by_strength": [0.140625, 0.177734375, 0.21484375, 0.04296875], "p_best": 0.21484375, "mm_valid": false, "mm_qubits": null, "mm_secs": 2.8728628158569336, "p_minorminer": null, "p_grown": null, "grown_extra": 0, "instance": 2}
  zephyr1      40     46   0.96    1.15   0.00      200    0.178    0.215        -        -
{"host": "zephyr1", "qubits": 48, "vars": 40, "witness_qubits": 46, "realised_fill": 0.9583333333333334, "mean_chain": 1.15, "field_rate": 0.0, "sweeps": 2000, "reads": 512, "p_registered": 0.181640625, "p_by_strength": [0.15234375, 0.181640625, 0.21875, 0.068359375], "p_best": 0.21875, "mm_valid": false, "mm_qubits": null, "mm_secs": 2.8728628158569336, "p_minorminer": null, "p_grown": null, "grown_extra": 0, "instance": 2}
  zephyr1      40     46   0.96    1.15   0.00     2000    0.182    0.219        -        -
{"host": "zephyr1", "qubits": 48, "vars": 32, "witness_qubits": 46, "realised_fill": 0.9583333333333334, "mean_chain": 1.4375, "field_rate": 0.0, "sweeps": 200, "reads": 512, "p_registered": 0.0703125, "p_by_strength": [0.013671875, 0.0703125, 0.224609375, 0.072265625], "p_best": 0.224609375, "mm_valid": true, "mm_qubits": 45, "mm_secs": 0.0859382152557373, "p_minorminer": 0.11328125, "p_grown": null, "grown_extra": 0, "instance": 3}
  zephyr1      32     46   0.96    1.44   0.00      200    0.070    0.225    0.113        -
{"host": "zephyr1", "qubits": 48, "vars": 32, "witness_qubits": 46, "realised_fill": 0.9583333333333334, "mean_chain": 1.4375, "field_rate": 0.0, "sweeps": 2000, "reads": 512, "p_registered": 0.05078125, "p_by_strength": [0.0078125, 0.05078125, 0.390625, 0.138671875], "p_best": 0.390625, "mm_valid": true, "mm_qubits": 45, "mm_secs": 0.0859382152557373, "p_minorminer": 0.1796875, "p_grown": null, "grown_extra": 0, "instance": 3}
  zephyr1      32     46   0.96    1.44   0.00     2000    0.051    0.391    0.180        -
{"host": "zephyr1", "qubits": 48, "vars": 37, "witness_qubits": 46, "realised_fill": 0.9583333333333334, "mean_chain": 1.2432432432432432, "field_rate": 0.0, "sweeps": 200, "reads": 512, "p_registered": 0.0, "p_by_strength": [0.0, 0.0, 0.0, 0.021484375], "p_best": 0.021484375, "mm_valid": false, "mm_qubits": null, "mm_secs": 3.3025577068328857, "p_minorminer": null, "p_grown": null, "grown_extra": 0, "instance": 4}
  zephyr1      37     46   0.96    1.24   0.00      200    0.000    0.021        -        -
{"host": "zephyr1", "qubits": 48, "vars": 37, "witness_qubits": 46, "realised_fill": 0.9583333333333334, "mean_chain": 1.2432432432432432, "field_rate": 0.0, "sweeps": 2000, "reads": 512, "p_registered": 0.0, "p_by_strength": [0.0, 0.0, 0.0, 0.03515625], "p_best": 0.03515625, "mm_valid": false, "mm_qubits": null, "mm_secs": 3.3025577068328857, "p_minorminer": null, "p_grown": null, "grown_extra": 0, "instance": 4}
  zephyr1      37     46   0.96    1.24   0.00     2000    0.000    0.035        -        -
{"host": "zephyr1", "qubits": 48, "vars": 40, "witness_qubits": 46, "realised_fill": 0.9583333333333334, "mean_chain": 1.15, "field_rate": 0.0, "sweeps": 200, "reads": 512, "p_registered": 0.306640625, "p_by_strength": [0.22265625, 0.306640625, 0.37890625, 0.0703125], "p_best": 0.37890625, "mm_valid": false, "mm_qubits": null, "mm_secs": 4.209862232208252, "p_minorminer": null, "p_grown": null, "grown_extra": 0, "instance": 5}
  zephyr1      40     46   0.96    1.15   0.00      200    0.307    0.379        -        -
{"host": "zephyr1", "qubits": 48, "vars": 40, "witness_qubits": 46, "realised_fill": 0.9583333333333334, "mean_chain": 1.15, "field_rate": 0.0, "sweeps": 2000, "reads": 512, "p_registered": 0.298828125, "p_by_strength": [0.181640625, 0.298828125, 0.505859375, 0.111328125], "p_best": 0.505859375, "mm_valid": false, "mm_qubits": null, "mm_secs": 4.209862232208252, "p_minorminer": null, "p_grown": null, "grown_extra": 0, "instance": 5}
  zephyr1      40     46   0.96    1.15   0.00     2000    0.299    0.506        -        -
{"host": "zephyr1", "qubits": 48, "vars": 35, "witness_qubits": 46, "realised_fill": 0.9583333333333334, "mean_chain": 1.3142857142857143, "field_rate": 0.0, "sweeps": 200, "reads": 512, "p_registered": 0.017578125, "p_by_strength": [0.0, 0.017578125, 0.04296875, 0.001953125], "p_best": 0.04296875, "mm_valid": false, "mm_qubits": null, "mm_secs": 2.201996088027954, "p_minorminer": null, "p_grown": null, "grown_extra": 0, "instance": 6}
  zephyr1      35     46   0.96    1.31   0.00      200    0.018    0.043        -        -
{"host": "zephyr1", "qubits": 48, "vars": 35, "witness_qubits": 46, "realised_fill": 0.9583333333333334, "mean_chain": 1.3142857142857143, "field_rate": 0.0, "sweeps": 2000, "reads": 512, "p_registered": 0.013671875, "p_by_strength": [0.0, 0.013671875, 0.08203125, 0.009765625], "p_best": 0.08203125, "mm_valid": false, "mm_qubits": null, "mm_secs": 2.201996088027954, "p_minorminer": null, "p_grown": null, "grown_extra": 0, "instance": 6}
  zephyr1      35     46   0.96    1.31   0.00     2000    0.014    0.082        -        -
{"host": "zephyr1", "qubits": 48, "vars": 34, "witness_qubits": 46, "realised_fill": 0.9583333333333334, "mean_chain": 1.3529411764705883, "field_rate": 0.0, "sweeps": 200, "reads": 512, "p_registered": 0.51953125, "p_by_strength": [0.291015625, 0.51953125, 0.501953125, 0.23046875], "p_best": 0.51953125, "mm_valid": false, "mm_qubits": null, "mm_secs": 1.7650601863861084, "p_minorminer": null, "p_grown": null, "grown_extra": 0, "instance": 7}
  zephyr1      34     46   0.96    1.35   0.00      200    0.520    0.520        -        -
{"host": "zephyr1", "qubits": 48, "vars": 34, "witness_qubits": 46, "realised_fill": 0.9583333333333334, "mean_chain": 1.3529411764705883, "field_rate": 0.0, "sweeps": 2000, "reads": 512, "p_registered": 0.61328125, "p_by_strength": [0.32421875, 0.61328125, 0.671875, 0.3359375], "p_best": 0.671875, "mm_valid": false, "mm_qubits": null, "mm_secs": 1.7650601863861084, "p_minorminer": null, "p_grown": null, "grown_extra": 0, "instance": 7}
  zephyr1      34     46   0.96    1.35   0.00     2000    0.613    0.672        -        -
{"host": "zephyr1", "qubits": 48, "vars": 33, "witness_qubits": 46, "realised_fill": 0.9583333333333334, "mean_chain": 1.393939393939394, "field_rate": 0.0, "sweeps": 200, "reads": 512, "p_registered": 0.19921875, "p_by_strength": [0.08203125, 0.19921875, 0.515625, 0.25], "p_best": 0.515625, "mm_valid": false, "mm_qubits": null, "mm_secs": 2.9935739040374756, "p_minorminer": null, "p_grown": null, "grown_extra": 0, "instance": 8}
  zephyr1      33     46   0.96    1.39   0.00      200    0.199    0.516        -        -
{"host": "zephyr1", "qubits": 48, "vars": 33, "witness_qubits": 46, "realised_fill": 0.9583333333333334, "mean_chain": 1.393939393939394, "field_rate": 0.0, "sweeps": 2000, "reads": 512, "p_registered": 0.08203125, "p_by_strength": [0.02734375, 0.08203125, 0.4921875, 0.353515625], "p_best": 0.4921875, "mm_valid": false, "mm_qubits": null, "mm_secs": 2.9935739040374756, "p_minorminer": null, "p_grown": null, "grown_extra": 0, "instance": 8}
  zephyr1      33     46   0.96    1.39   0.00     2000    0.082    0.492        -        -
{"host": "zephyr1", "qubits": 48, "vars": 41, "witness_qubits": 46, "realised_fill": 0.9583333333333334, "mean_chain": 1.1219512195121952, "field_rate": 0.0, "sweeps": 200, "reads": 512, "p_registered": 0.119140625, "p_by_strength": [0.013671875, 0.119140625, 0.265625, 0.060546875], "p_best": 0.265625, "mm_valid": false, "mm_qubits": null, "mm_secs": 2.5373587608337402, "p_minorminer": null, "p_grown": null, "grown_extra": 0, "instance": 9}
  zephyr1      41     46   0.96    1.12   0.00      200    0.119    0.266        -        -
{"host": "zephyr1", "qubits": 48, "vars": 41, "witness_qubits": 46, "realised_fill": 0.9583333333333334, "mean_chain": 1.1219512195121952, "field_rate": 0.0, "sweeps": 2000, "reads": 512, "p_registered": 0.1796875, "p_by_strength": [0.017578125, 0.1796875, 0.353515625, 0.099609375], "p_best": 0.353515625, "mm_valid": false, "mm_qubits": null, "mm_secs": 2.5373587608337402, "p_minorminer": null, "p_grown": null, "grown_extra": 0, "instance": 9}
  zephyr1      41     46   0.96    1.12   0.00     2000    0.180    0.354        -        -
{"host": "zephyr1", "qubits": 48, "vars": 35, "witness_qubits": 46, "realised_fill": 0.9583333333333334, "mean_chain": 1.3142857142857143, "field_rate": 0.0, "sweeps": 200, "reads": 512, "p_registered": 0.6171875, "p_by_strength": [0.322265625, 0.6171875, 0.541015625, 0.142578125], "p_best": 0.6171875, "mm_valid": false, "mm_qubits": null, "mm_secs": 2.988260507583618, "p_minorminer": null, "p_grown": null, "grown_extra": 0, "instance": 10}
  zephyr1      35     46   0.96    1.31   0.00      200    0.617    0.617        -        -
{"host": "zephyr1", "qubits": 48, "vars": 35, "witness_qubits": 46, "realised_fill": 0.9583333333333334, "mean_chain": 1.3142857142857143, "field_rate": 0.0, "sweeps": 2000, "reads": 512, "p_registered": 0.71484375, "p_by_strength": [0.3671875, 0.71484375, 0.68359375, 0.22265625], "p_best": 0.71484375, "mm_valid": false, "mm_qubits": null, "mm_secs": 2.988260507583618, "p_minorminer": null, "p_grown": null, "grown_extra": 0, "instance": 10}
  zephyr1      35     46   0.96    1.31   0.00     2000    0.715    0.715        -        -
{"host": "zephyr1", "qubits": 48, "vars": 38, "witness_qubits": 46, "realised_fill": 0.9583333333333334, "mean_chain": 1.2105263157894737, "field_rate": 0.0, "sweeps": 200, "reads": 512, "p_registered": 0.1015625, "p_by_strength": [0.01953125, 0.1015625, 0.15234375, 0.041015625], "p_best": 0.15234375, "mm_valid": false, "mm_qubits": null, "mm_secs": 2.358315944671631, "p_minorminer": null, "p_grown": null, "grown_extra": 0, "instance": 11}
  zephyr1      38     46   0.96    1.21   0.00      200    0.102    0.152        -        -
{"host": "zephyr1", "qubits": 48, "vars": 38, "witness_qubits": 46, "realised_fill": 0.9583333333333334, "mean_chain": 1.2105263157894737, "field_rate": 0.0, "sweeps": 2000, "reads": 512, "p_registered": 0.0390625, "p_by_strength": [0.00390625, 0.0390625, 0.208984375, 0.04296875], "p_best": 0.208984375, "mm_valid": false, "mm_qubits": null, "mm_secs": 2.358315944671631, "p_minorminer": null, "p_grown": null, "grown_extra": 0, "instance": 11}
  zephyr1      38     46   0.96    1.21   0.00     2000    0.039    0.209        -        -
{"host": "zephyr1", "qubits": 48, "vars": 34, "witness_qubits": 46, "realised_fill": 0.9583333333333334, "mean_chain": 1.3529411764705883, "field_rate": 0.0, "sweeps": 200, "reads": 512, "p_registered": 0.31640625, "p_by_strength": [0.203125, 0.31640625, 0.302734375, 0.087890625], "p_best": 0.31640625, "mm_valid": false, "mm_qubits": null, "mm_secs": 1.6268317699432373, "p_minorminer": null, "p_grown": null, "grown_extra": 0, "instance": 12}
  zephyr1      34     46   0.96    1.35   0.00      200    0.316    0.316        -        -
{"host": "zephyr1", "qubits": 48, "vars": 34, "witness_qubits": 46, "realised_fill": 0.9583333333333334, "mean_chain": 1.3529411764705883, "field_rate": 0.0, "sweeps": 2000, "reads": 512, "p_registered": 0.330078125, "p_by_strength": [0.224609375, 0.330078125, 0.41015625, 0.080078125], "p_best": 0.41015625, "mm_valid": false, "mm_qubits": null, "mm_secs": 1.6268317699432373, "p_minorminer": null, "p_grown": null, "grown_extra": 0, "instance": 12}
  zephyr1      34     46   0.96    1.35   0.00     2000    0.330    0.410        -        -
{"host": "zephyr2", "qubits": 160, "vars": 121, "witness_qubits": 152, "realised_fill": 0.95, "mean_chain": 1.256198347107438, "field_rate": 0.0, "sweeps": 200, "reads": 512, "p_registered": 0.0, "p_by_strength": [0.0, 0.0, 0.0, 0.0], "p_best": 0.0, "mm_valid": false, "mm_qubits": null, "mm_secs": 30.91469693183899, "p_minorminer": null, "p_grown": null, "grown_extra": 0, "instance": 13}
  zephyr2     121    152   0.95    1.26   0.00      200    0.000    0.000        -        -
{"host": "zephyr2", "qubits": 160, "vars": 121, "witness_qubits": 152, "realised_fill": 0.95, "mean_chain": 1.256198347107438, "field_rate": 0.0, "sweeps": 2000, "reads": 512, "p_registered": 0.0, "p_by_strength": [0.0, 0.0, 0.0, 0.0], "p_best": 0.0, "mm_valid": false, "mm_qubits": null, "mm_secs": 30.91469693183899, "p_minorminer": null, "p_grown": null, "grown_extra": 0, "instance": 13}
  zephyr2     121    152   0.95    1.26   0.00     2000    0.000    0.000        -        -
{"host": "zephyr2", "qubits": 160, "vars": 117, "witness_qubits": 152, "realised_fill": 0.95, "mean_chain": 1.2991452991452992, "field_rate": 0.0, "sweeps": 200, "reads": 512, "p_registered": 0.0, "p_by_strength": [0.0, 0.0, 0.0, 0.0], "p_best": 0.0, "mm_valid": false, "mm_qubits": null, "mm_secs": 26.10964560508728, "p_minorminer": null, "p_grown": null, "grown_extra": 0, "instance": 14}
  zephyr2     117    152   0.95    1.30   0.00      200    0.000    0.000        -        -
{"host": "zephyr2", "qubits": 160, "vars": 117, "witness_qubits": 152, "realised_fill": 0.95, "mean_chain": 1.2991452991452992, "field_rate": 0.0, "sweeps": 2000, "reads": 512, "p_registered": 0.0, "p_by_strength": [0.0, 0.0, 0.00390625, 0.0], "p_best": 0.00390625, "mm_valid": false, "mm_qubits": null, "mm_secs": 26.10964560508728, "p_minorminer": null, "p_grown": null, "grown_extra": 0, "instance": 14}
  zephyr2     117    152   0.95    1.30   0.00     2000    0.000    0.004        -        -
{"host": "zephyr2", "qubits": 160, "vars": 117, "witness_qubits": 152, "realised_fill": 0.95, "mean_chain": 1.2991452991452992, "field_rate": 0.0, "sweeps": 200, "reads": 512, "p_registered": 0.0, "p_by_strength": [0.0, 0.0, 0.009765625, 0.0], "p_best": 0.009765625, "mm_valid": false, "mm_qubits": null, "mm_secs": 28.11413264274597, "p_minorminer": null, "p_grown": null, "grown_extra": 0, "instance": 15}
  zephyr2     117    152   0.95    1.30   0.00      200    0.000    0.010        -        -
{"host": "zephyr2", "qubits": 160, "vars": 117, "witness_qubits": 152, "realised_fill": 0.95, "mean_chain": 1.2991452991452992, "field_rate": 0.0, "sweeps": 2000, "reads": 512, "p_registered": 0.0, "p_by_strength": [0.0, 0.0, 0.025390625, 0.0], "p_best": 0.025390625, "mm_valid": false, "mm_qubits": null, "mm_secs": 28.11413264274597, "p_minorminer": null, "p_grown": null, "grown_extra": 0, "instance": 15}
  zephyr2     117    152   0.95    1.30   0.00     2000    0.000    0.025        -        -
{"host": "zephyr2", "qubits": 160, "vars": 127, "witness_qubits": 152, "realised_fill": 0.95, "mean_chain": 1.1968503937007875, "field_rate": 0.0, "sweeps": 200, "reads": 512, "p_registered": 0.0, "p_by_strength": [0.0, 0.0, 0.0, 0.0], "p_best": 0.0, "mm_valid": false, "mm_qubits": null, "mm_secs": 30.836451768875122, "p_minorminer": null, "p_grown": null, "grown_extra": 0, "instance": 16}
  zephyr2     127    152   0.95    1.20   0.00      200    0.000    0.000        -        -
{"host": "zephyr2", "qubits": 160, "vars": 127, "witness_qubits": 152, "realised_fill": 0.95, "mean_chain": 1.1968503937007875, "field_rate": 0.0, "sweeps": 2000, "reads": 512, "p_registered": 0.0, "p_by_strength": [0.0, 0.0, 0.005859375, 0.0], "p_best": 0.005859375, "mm_valid": false, "mm_qubits": null, "mm_secs": 30.836451768875122, "p_minorminer": null, "p_grown": null, "grown_extra": 0, "instance": 16}
  zephyr2     127    152   0.95    1.20   0.00     2000    0.000    0.006        -        -
{"host": "zephyr2", "qubits": 160, "vars": 125, "witness_qubits": 152, "realised_fill": 0.95, "mean_chain": 1.216, "field_rate": 0.0, "sweeps": 200, "reads": 512, "p_registered": 0.0, "p_by_strength": [0.0, 0.0, 0.013671875, 0.0], "p_best": 0.013671875, "mm_valid": false, "mm_qubits": null, "mm_secs": 29.17079496383667, "p_minorminer": null, "p_grown": null, "grown_extra": 0, "instance": 17}
  zephyr2     125    152   0.95    1.22   0.00      200    0.000    0.014        -        -
{"host": "zephyr2", "qubits": 160, "vars": 125, "witness_qubits": 152, "realised_fill": 0.95, "mean_chain": 1.216, "field_rate": 0.0, "sweeps": 2000, "reads": 512, "p_registered": 0.001953125, "p_by_strength": [0.0, 0.001953125, 0.025390625, 0.0], "p_best": 0.025390625, "mm_valid": false, "mm_qubits": null, "mm_secs": 29.17079496383667, "p_minorminer": null, "p_grown": null, "grown_extra": 0, "instance": 17}
  zephyr2     125    152   0.95    1.22   0.00     2000    0.002    0.025        -        -
{"host": "zephyr2", "qubits": 160, "vars": 130, "witness_qubits": 152, "realised_fill": 0.95, "mean_chain": 1.1692307692307693, "field_rate": 0.0, "sweeps": 200, "reads": 512, "p_registered": 0.0, "p_by_strength": [0.0, 0.0, 0.00390625, 0.0], "p_best": 0.00390625, "mm_valid": false, "mm_qubits": null, "mm_secs": 31.33685040473938, "p_minorminer": null, "p_grown": null, "grown_extra": 0, "instance": 18}
  zephyr2     130    152   0.95    1.17   0.00      200    0.000    0.004        -        -
{"host": "zephyr2", "qubits": 160, "vars": 130, "witness_qubits": 152, "realised_fill": 0.95, "mean_chain": 1.1692307692307693, "field_rate": 0.0, "sweeps": 2000, "reads": 512, "p_registered": 0.00390625, "p_by_strength": [0.0, 0.00390625, 0.005859375, 0.0], "p_best": 0.005859375, "mm_valid": false, "mm_qubits": null, "mm_secs": 31.33685040473938, "p_minorminer": null, "p_grown": null, "grown_extra": 0, "instance": 18}
  zephyr2     130    152   0.95    1.17   0.00     2000    0.004    0.006        -        -
{"host": "zephyr2", "qubits": 160, "vars": 125, "witness_qubits": 152, "realised_fill": 0.95, "mean_chain": 1.216, "field_rate": 0.0, "sweeps": 200, "reads": 512, "p_registered": 0.00390625, "p_by_strength": [0.0, 0.00390625, 0.0078125, 0.0], "p_best": 0.0078125, "mm_valid": false, "mm_qubits": null, "mm_secs": 27.833304166793823, "p_minorminer": null, "p_grown": null, "grown_extra": 0, "instance": 19}
  zephyr2     125    152   0.95    1.22   0.00      200    0.004    0.008        -        -
{"host": "zephyr2", "qubits": 160, "vars": 125, "witness_qubits": 152, "realised_fill": 0.95, "mean_chain": 1.216, "field_rate": 0.0, "sweeps": 2000, "reads": 512, "p_registered": 0.001953125, "p_by_strength": [0.0, 0.001953125, 0.015625, 0.0], "p_best": 0.015625, "mm_valid": false, "mm_qubits": null, "mm_secs": 27.833304166793823, "p_minorminer": null, "p_grown": null, "grown_extra": 0, "instance": 19}
  zephyr2     125    152   0.95    1.22   0.00     2000    0.002    0.016        -        -
