{"probe": "solvability_frontier", "host": "pegasus", "sizes": [2, 3], "fill": 0.95, "sweeps": [200, 2000], "reads": 512, "field_rates": [0.0], "instances": 12}
  host       vars qubits   fill   chain  field   sweeps    p_reg   p_best     p_mm  p_grown
{"host": "pegasus2", "qubits": 40, "vars": 30, "witness_qubits": 38, "realised_fill": 0.95, "mean_chain": 1.2666666666666666, "field_rate": 0.0, "sweeps": 200, "reads": 512, "p_registered": 0.080078125, "p_by_strength": [0.021484375, 0.080078125, 0.40625, 0.158203125], "p_best": 0.40625, "mm_valid": false, "mm_qubits": null, "mm_secs": 2.162893533706665, "p_minorminer": null, "p_grown": null, "grown_extra": 0, "instance": 1}
  pegasus2     30     38   0.95    1.27   0.00      200    0.080    0.406        -        -
{"host": "pegasus2", "qubits": 40, "vars": 30, "witness_qubits": 38, "realised_fill": 0.95, "mean_chain": 1.2666666666666666, "field_rate": 0.0, "sweeps": 2000, "reads": 512, "p_registered": 0.060546875, "p_by_strength": [0.001953125, 0.060546875, 0.552734375, 0.224609375], "p_best": 0.552734375, "mm_valid": false, "mm_qubits": null, "mm_secs": 2.162893533706665, "p_minorminer": null, "p_grown": null, "grown_extra": 0, "instance": 1}
  pegasus2     30     38   0.95    1.27   0.00     2000    0.061    0.553        -        -
{"host": "pegasus2", "qubits": 40, "vars": 34, "witness_qubits": 38, "realised_fill": 0.95, "mean_chain": 1.1176470588235294, "field_rate": 0.0, "sweeps": 200, "reads": 512, "p_registered": 0.279296875, "p_by_strength": [0.189453125, 0.279296875, 0.279296875, 0.08203125], "p_best": 0.279296875, "mm_valid": false, "mm_qubits": null, "mm_secs": 2.1757078170776367, "p_minorminer": null, "p_grown": null, "grown_extra": 0, "instance": 2}
  pegasus2     34     38   0.95    1.12   0.00      200    0.279    0.279        -        -
{"host": "pegasus2", "qubits": 40, "vars": 34, "witness_qubits": 38, "realised_fill": 0.95, "mean_chain": 1.1176470588235294, "field_rate": 0.0, "sweeps": 2000, "reads": 512, "p_registered": 0.408203125, "p_by_strength": [0.251953125, 0.408203125, 0.400390625, 0.140625], "p_best": 0.408203125, "mm_valid": false, "mm_qubits": null, "mm_secs": 2.1757078170776367, "p_minorminer": null, "p_grown": null, "grown_extra": 0, "instance": 2}
  pegasus2     34     38   0.95    1.12   0.00     2000    0.408    0.408        -        -
{"host": "pegasus2", "qubits": 40, "vars": 29, "witness_qubits": 38, "realised_fill": 0.95, "mean_chain": 1.3103448275862069, "field_rate": 0.0, "sweeps": 200, "reads": 512, "p_registered": 0.435546875, "p_by_strength": [0.29296875, 0.435546875, 0.505859375, 0.224609375], "p_best": 0.505859375, "mm_valid": true, "mm_qubits": 35, "mm_secs": 0.2530648708343506, "p_minorminer": 0.505859375, "p_grown": null, "grown_extra": 0, "instance": 3}
  pegasus2     29     38   0.95    1.31   0.00      200    0.436    0.506    0.506        -
{"host": "pegasus2", "qubits": 40, "vars": 29, "witness_qubits": 38, "realised_fill": 0.95, "mean_chain": 1.3103448275862069, "field_rate": 0.0, "sweeps": 2000, "reads": 512, "p_registered": 0.541015625, "p_by_strength": [0.349609375, 0.541015625, 0.611328125, 0.31640625], "p_best": 0.611328125, "mm_valid": true, "mm_qubits": 35, "mm_secs": 0.2530648708343506, "p_minorminer": 0.623046875, "p_grown": null, "grown_extra": 0, "instance": 3}
  pegasus2     29     38   0.95    1.31   0.00     2000    0.541    0.611    0.623        -
{"host": "pegasus2", "qubits": 40, "vars": 32, "witness_qubits": 38, "realised_fill": 0.95, "mean_chain": 1.1875, "field_rate": 0.0, "sweeps": 200, "reads": 512, "p_registered": 0.228515625, "p_by_strength": [0.0546875, 0.228515625, 0.380859375, 0.0859375], "p_best": 0.380859375, "mm_valid": false, "mm_qubits": null, "mm_secs": 1.546116828918457, "p_minorminer": null, "p_grown": null, "grown_extra": 0, "instance": 4}
  pegasus2     32     38   0.95    1.19   0.00      200    0.229    0.381        -        -
{"host": "pegasus2", "qubits": 40, "vars": 32, "witness_qubits": 38, "realised_fill": 0.95, "mean_chain": 1.1875, "field_rate": 0.0, "sweeps": 2000, "reads": 512, "p_registered": 0.236328125, "p_by_strength": [0.052734375, 0.236328125, 0.466796875, 0.140625], "p_best": 0.466796875, "mm_valid": false, "mm_qubits": null, "mm_secs": 1.546116828918457, "p_minorminer": null, "p_grown": null, "grown_extra": 0, "instance": 4}
  pegasus2     32     38   0.95    1.19   0.00     2000    0.236    0.467        -        -
{"host": "pegasus2", "qubits": 40, "vars": 31, "witness_qubits": 38, "realised_fill": 0.95, "mean_chain": 1.2258064516129032, "field_rate": 0.0, "sweeps": 200, "reads": 512, "p_registered": 0.154296875, "p_by_strength": [0.037109375, 0.154296875, 0.271484375, 0.044921875], "p_best": 0.271484375, "mm_valid": false, "mm_qubits": null, "mm_secs": 0.9867568016052246, "p_minorminer": null, "p_grown": null, "grown_extra": 0, "instance": 5}
  pegasus2     31     38   0.95    1.23   0.00      200    0.154    0.271        -        -
{"host": "pegasus2", "qubits": 40, "vars": 31, "witness_qubits": 38, "realised_fill": 0.95, "mean_chain": 1.2258064516129032, "field_rate": 0.0, "sweeps": 2000, "reads": 512, "p_registered": 0.1328125, "p_by_strength": [0.037109375, 0.1328125, 0.33203125, 0.046875], "p_best": 0.33203125, "mm_valid": false, "mm_qubits": null, "mm_secs": 0.9867568016052246, "p_minorminer": null, "p_grown": null, "grown_extra": 0, "instance": 5}
  pegasus2     31     38   0.95    1.23   0.00     2000    0.133    0.332        -        -
{"host": "pegasus2", "qubits": 40, "vars": 29, "witness_qubits": 38, "realised_fill": 0.95, "mean_chain": 1.3103448275862069, "field_rate": 0.0, "sweeps": 200, "reads": 512, "p_registered": 0.21875, "p_by_strength": [0.2265625, 0.21875, 0.142578125, 0.064453125], "p_best": 0.2265625, "mm_valid": true, "mm_qubits": 34, "mm_secs": 0.02484726905822754, "p_minorminer": 0.32421875, "p_grown": null, "grown_extra": 0, "instance": 6}
  pegasus2     29     38   0.95    1.31   0.00      200    0.219    0.227    0.324        -
{"host": "pegasus2", "qubits": 40, "vars": 29, "witness_qubits": 38, "realised_fill": 0.95, "mean_chain": 1.3103448275862069, "field_rate": 0.0, "sweeps": 2000, "reads": 512, "p_registered": 0.283203125, "p_by_strength": [0.255859375, 0.283203125, 0.19140625, 0.09765625], "p_best": 0.283203125, "mm_valid": true, "mm_qubits": 34, "mm_secs": 0.02484726905822754, "p_minorminer": 0.359375, "p_grown": null, "grown_extra": 0, "instance": 6}
  pegasus2     29     38   0.95    1.31   0.00     2000    0.283    0.283    0.359        -
{"host": "pegasus2", "qubits": 40, "vars": 32, "witness_qubits": 38, "realised_fill": 0.95, "mean_chain": 1.1875, "field_rate": 0.0, "sweeps": 200, "reads": 512, "p_registered": 0.064453125, "p_by_strength": [0.02734375, 0.064453125, 0.208984375, 0.091796875], "p_best": 0.208984375, "mm_valid": true, "mm_qubits": 39, "mm_secs": 2.1908316612243652, "p_minorminer": 0.2109375, "p_grown": null, "grown_extra": 0, "instance": 7}
  pegasus2     32     38   0.95    1.19   0.00      200    0.064    0.209    0.211        -
{"host": "pegasus2", "qubits": 40, "vars": 32, "witness_qubits": 38, "realised_fill": 0.95, "mean_chain": 1.1875, "field_rate": 0.0, "sweeps": 2000, "reads": 512, "p_registered": 0.07421875, "p_by_strength": [0.01171875, 0.07421875, 0.30078125, 0.09375], "p_best": 0.30078125, "mm_valid": true, "mm_qubits": 39, "mm_secs": 2.1908316612243652, "p_minorminer": 0.267578125, "p_grown": null, "grown_extra": 0, "instance": 7}
  pegasus2     32     38   0.95    1.19   0.00     2000    0.074    0.301    0.268        -
{"host": "pegasus2", "qubits": 40, "vars": 33, "witness_qubits": 38, "realised_fill": 0.95, "mean_chain": 1.1515151515151516, "field_rate": 0.0, "sweeps": 200, "reads": 512, "p_registered": 0.306640625, "p_by_strength": [0.31640625, 0.306640625, 0.33203125, 0.087890625], "p_best": 0.33203125, "mm_valid": true, "mm_qubits": 35, "mm_secs": 0.28240442276000977, "p_minorminer": 0.310546875, "p_grown": null, "grown_extra": 0, "instance": 8}
  pegasus2     33     38   0.95    1.15   0.00      200    0.307    0.332    0.311        -
{"host": "pegasus2", "qubits": 40, "vars": 33, "witness_qubits": 38, "realised_fill": 0.95, "mean_chain": 1.1515151515151516, "field_rate": 0.0, "sweeps": 2000, "reads": 512, "p_registered": 0.380859375, "p_by_strength": [0.322265625, 0.380859375, 0.35546875, 0.103515625], "p_best": 0.380859375, "mm_valid": true, "mm_qubits": 35, "mm_secs": 0.28240442276000977, "p_minorminer": 0.376953125, "p_grown": null, "grown_extra": 0, "instance": 8}
  pegasus2     33     38   0.95    1.15   0.00     2000    0.381    0.381    0.377        -
{"host": "pegasus2", "qubits": 40, "vars": 36, "witness_qubits": 38, "realised_fill": 0.95, "mean_chain": 1.0555555555555556, "field_rate": 0.0, "sweeps": 200, "reads": 512, "p_registered": 0.12109375, "p_by_strength": [0.125, 0.12109375, 0.150390625, 0.02734375], "p_best": 0.150390625, "mm_valid": false, "mm_qubits": null, "mm_secs": 2.324256181716919, "p_minorminer": null, "p_grown": null, "grown_extra": 0, "instance": 9}
  pegasus2     36     38   0.95    1.06   0.00      200    0.121    0.150        -        -
{"host": "pegasus2", "qubits": 40, "vars": 36, "witness_qubits": 38, "realised_fill": 0.95, "mean_chain": 1.0555555555555556, "field_rate": 0.0, "sweeps": 2000, "reads": 512, "p_registered": 0.14453125, "p_by_strength": [0.150390625, 0.14453125, 0.15625, 0.041015625], "p_best": 0.15625, "mm_valid": false, "mm_qubits": null, "mm_secs": 2.324256181716919, "p_minorminer": null, "p_grown": null, "grown_extra": 0, "instance": 9}
  pegasus2     36     38   0.95    1.06   0.00     2000    0.145    0.156        -        -
{"host": "pegasus2", "qubits": 40, "vars": 26, "witness_qubits": 38, "realised_fill": 0.95, "mean_chain": 1.4615384615384615, "field_rate": 0.0, "sweeps": 200, "reads": 512, "p_registered": 0.19921875, "p_by_strength": [0.140625, 0.19921875, 0.16015625, 0.046875], "p_best": 0.19921875, "mm_valid": true, "mm_qubits": 30, "mm_secs": 0.02087116241455078, "p_minorminer": 0.15234375, "p_grown": null, "grown_extra": 0, "instance": 10}
  pegasus2     26     38   0.95    1.46   0.00      200    0.199    0.199    0.152        -
{"host": "pegasus2", "qubits": 40, "vars": 26, "witness_qubits": 38, "realised_fill": 0.95, "mean_chain": 1.4615384615384615, "field_rate": 0.0, "sweeps": 2000, "reads": 512, "p_registered": 0.23828125, "p_by_strength": [0.1171875, 0.23828125, 0.181640625, 0.0546875], "p_best": 0.23828125, "mm_valid": true, "mm_qubits": 30, "mm_secs": 0.02087116241455078, "p_minorminer": 0.1796875, "p_grown": null, "grown_extra": 0, "instance": 10}
  pegasus2     26     38   0.95    1.46   0.00     2000    0.238    0.238    0.180        -
{"host": "pegasus2", "qubits": 40, "vars": 30, "witness_qubits": 38, "realised_fill": 0.95, "mean_chain": 1.2666666666666666, "field_rate": 0.0, "sweeps": 200, "reads": 512, "p_registered": 0.611328125, "p_by_strength": [0.583984375, 0.611328125, 0.5859375, 0.26171875], "p_best": 0.611328125, "mm_valid": true, "mm_qubits": 35, "mm_secs": 0.2731337547302246, "p_minorminer": 0.5625, "p_grown": null, "grown_extra": 0, "instance": 11}
  pegasus2     30     38   0.95    1.27   0.00      200    0.611    0.611    0.562        -
{"host": "pegasus2", "qubits": 40, "vars": 30, "witness_qubits": 38, "realised_fill": 0.95, "mean_chain": 1.2666666666666666, "field_rate": 0.0, "sweeps": 2000, "reads": 512, "p_registered": 0.611328125, "p_by_strength": [0.61328125, 0.611328125, 0.6484375, 0.291015625], "p_best": 0.6484375, "mm_valid": true, "mm_qubits": 35, "mm_secs": 0.2731337547302246, "p_minorminer": 0.57421875, "p_grown": null, "grown_extra": 0, "instance": 11}
  pegasus2     30     38   0.95    1.27   0.00     2000    0.611    0.648    0.574        -
{"host": "pegasus2", "qubits": 40, "vars": 36, "witness_qubits": 38, "realised_fill": 0.95, "mean_chain": 1.0555555555555556, "field_rate": 0.0, "sweeps": 200, "reads": 512, "p_registered": 0.13671875, "p_by_strength": [0.09375, 0.13671875, 0.169921875, 0.02734375], "p_best": 0.169921875, "mm_valid": true, "mm_qubits": 38, "mm_secs": 0.0720372200012207, "p_minorminer": 0.16796875, "p_grown": null, "grown_extra": 0, "instance": 12}
  pegasus2     36     38   0.95    1.06   0.00      200    0.137    0.170    0.168        -
{"host": "pegasus2", "qubits": 40, "vars": 36, "witness_qubits": 38, "realised_fill": 0.95, "mean_chain": 1.0555555555555556, "field_rate": 0.0, "sweeps": 2000, "reads": 512, "p_registered": 0.22265625, "p_by_strength": [0.095703125, 0.22265625, 0.24609375, 0.0546875], "p_best": 0.24609375, "mm_valid": true, "mm_qubits": 38, "mm_secs": 0.0720372200012207, "p_minorminer": 0.22265625, "p_grown": null, "grown_extra": 0, "instance": 12}
  pegasus2     36     38   0.95    1.06   0.00     2000    0.223    0.246    0.223        -
{"host": "pegasus3", "qubits": 128, "vars": 100, "witness_qubits": 122, "realised_fill": 0.953125, "mean_chain": 1.22, "field_rate": 0.0, "sweeps": 200, "reads": 512, "p_registered": 0.0, "p_by_strength": [0.0, 0.0, 0.00390625, 0.0], "p_best": 0.00390625, "mm_valid": false, "mm_qubits": null, "mm_secs": 18.930362462997437, "p_minorminer": null, "p_grown": null, "grown_extra": 0, "instance": 13}
  pegasus3    100    122   0.95    1.22   0.00      200    0.000    0.004        -        -
{"host": "pegasus3", "qubits": 128, "vars": 100, "witness_qubits": 122, "realised_fill": 0.953125, "mean_chain": 1.22, "field_rate": 0.0, "sweeps": 2000, "reads": 512, "p_registered": 0.0, "p_by_strength": [0.0, 0.0, 0.0, 0.0], "p_best": 0.0, "mm_valid": false, "mm_qubits": null, "mm_secs": 18.930362462997437, "p_minorminer": null, "p_grown": null, "grown_extra": 0, "instance": 13}
  pegasus3    100    122   0.95    1.22   0.00     2000    0.000    0.000        -        -
{"host": "pegasus3", "qubits": 128, "vars": 102, "witness_qubits": 122, "realised_fill": 0.953125, "mean_chain": 1.196078431372549, "field_rate": 0.0, "sweeps": 200, "reads": 512, "p_registered": 0.001953125, "p_by_strength": [0.0, 0.001953125, 0.001953125, 0.0], "p_best": 0.001953125, "mm_valid": false, "mm_qubits": null, "mm_secs": 14.557501077651978, "p_minorminer": null, "p_grown": null, "grown_extra": 0, "instance": 14}
  pegasus3    102    122   0.95    1.20   0.00      200    0.002    0.002        -        -
{"host": "pegasus3", "qubits": 128, "vars": 102, "witness_qubits": 122, "realised_fill": 0.953125, "mean_chain": 1.196078431372549, "field_rate": 0.0, "sweeps": 2000, "reads": 512, "p_registered": 0.00390625, "p_by_strength": [0.0, 0.00390625, 0.001953125, 0.0], "p_best": 0.00390625, "mm_valid": false, "mm_qubits": null, "mm_secs": 14.557501077651978, "p_minorminer": null, "p_grown": null, "grown_extra": 0, "instance": 14}
  pegasus3    102    122   0.95    1.20   0.00     2000    0.004    0.004        -        -
{"host": "pegasus3", "qubits": 128, "vars": 91, "witness_qubits": 122, "realised_fill": 0.953125, "mean_chain": 1.3406593406593406, "field_rate": 0.0, "sweeps": 200, "reads": 512, "p_registered": 0.0, "p_by_strength": [0.0, 0.0, 0.005859375, 0.0], "p_best": 0.005859375, "mm_valid": false, "mm_qubits": null, "mm_secs": 12.709502458572388, "p_minorminer": null, "p_grown": null, "grown_extra": 0, "instance": 15}
  pegasus3     91    122   0.95    1.34   0.00      200    0.000    0.006        -        -
{"host": "pegasus3", "qubits": 128, "vars": 91, "witness_qubits": 122, "realised_fill": 0.953125, "mean_chain": 1.3406593406593406, "field_rate": 0.0, "sweeps": 2000, "reads": 512, "p_registered": 0.0, "p_by_strength": [0.0, 0.0, 0.013671875, 0.0], "p_best": 0.013671875, "mm_valid": false, "mm_qubits": null, "mm_secs": 12.709502458572388, "p_minorminer": null, "p_grown": null, "grown_extra": 0, "instance": 15}
  pegasus3     91    122   0.95    1.34   0.00     2000    0.000    0.014        -        -
{"host": "pegasus3", "qubits": 128, "vars": 97, "witness_qubits": 122, "realised_fill": 0.953125, "mean_chain": 1.2577319587628866, "field_rate": 0.0, "sweeps": 200, "reads": 512, "p_registered": 0.0, "p_by_strength": [0.0, 0.0, 0.0, 0.0], "p_best": 0.0, "mm_valid": false, "mm_qubits": null, "mm_secs": 16.123534679412842, "p_minorminer": null, "p_grown": null, "grown_extra": 0, "instance": 16}
  pegasus3     97    122   0.95    1.26   0.00      200    0.000    0.000        -        -
{"host": "pegasus3", "qubits": 128, "vars": 97, "witness_qubits": 122, "realised_fill": 0.953125, "mean_chain": 1.2577319587628866, "field_rate": 0.0, "sweeps": 2000, "reads": 512, "p_registered": 0.0, "p_by_strength": [0.0, 0.0, 0.001953125, 0.0], "p_best": 0.001953125, "mm_valid": false, "mm_qubits": null, "mm_secs": 16.123534679412842, "p_minorminer": null, "p_grown": null, "grown_extra": 0, "instance": 16}
  pegasus3     97    122   0.95    1.26   0.00     2000    0.000    0.002        -        -
{"host": "pegasus3", "qubits": 128, "vars": 109, "witness_qubits": 122, "realised_fill": 0.953125, "mean_chain": 1.1192660550458715, "field_rate": 0.0, "sweeps": 200, "reads": 512, "p_registered": 0.0, "p_by_strength": [0.0, 0.0, 0.005859375, 0.0], "p_best": 0.005859375, "mm_valid": false, "mm_qubits": null, "mm_secs": 19.125037908554077, "p_minorminer": null, "p_grown": null, "grown_extra": 0, "instance": 17}
  pegasus3    109    122   0.95    1.12   0.00      200    0.000    0.006        -        -
{"host": "pegasus3", "qubits": 128, "vars": 109, "witness_qubits": 122, "realised_fill": 0.953125, "mean_chain": 1.1192660550458715, "field_rate": 0.0, "sweeps": 2000, "reads": 512, "p_registered": 0.0078125, "p_by_strength": [0.0, 0.0078125, 0.013671875, 0.001953125], "p_best": 0.013671875, "mm_valid": false, "mm_qubits": null, "mm_secs": 19.125037908554077, "p_minorminer": null, "p_grown": null, "grown_extra": 0, "instance": 17}
  pegasus3    109    122   0.95    1.12   0.00     2000    0.008    0.014        -        -
{"host": "pegasus3", "qubits": 128, "vars": 93, "witness_qubits": 122, "realised_fill": 0.953125, "mean_chain": 1.3118279569892473, "field_rate": 0.0, "sweeps": 200, "reads": 512, "p_registered": 0.0, "p_by_strength": [0.0, 0.0, 0.0, 0.0], "p_best": 0.0, "mm_valid": false, "mm_qubits": null, "mm_secs": 15.736088991165161, "p_minorminer": null, "p_grown": null, "grown_extra": 0, "instance": 18}
  pegasus3     93    122   0.95    1.31   0.00      200    0.000    0.000        -        -
{"host": "pegasus3", "qubits": 128, "vars": 93, "witness_qubits": 122, "realised_fill": 0.953125, "mean_chain": 1.3118279569892473, "field_rate": 0.0, "sweeps": 2000, "reads": 512, "p_registered": 0.001953125, "p_by_strength": [0.0, 0.001953125, 0.0, 0.0], "p_best": 0.001953125, "mm_valid": false, "mm_qubits": null, "mm_secs": 15.736088991165161, "p_minorminer": null, "p_grown": null, "grown_extra": 0, "instance": 18}
  pegasus3     93    122   0.95    1.31   0.00     2000    0.002    0.002        -        -
{"host": "pegasus3", "qubits": 128, "vars": 86, "witness_qubits": 122, "realised_fill": 0.953125, "mean_chain": 1.4186046511627908, "field_rate": 0.0, "sweeps": 200, "reads": 512, "p_registered": 0.01953125, "p_by_strength": [0.015625, 0.01953125, 0.0546875, 0.005859375], "p_best": 0.0546875, "mm_valid": false, "mm_qubits": null, "mm_secs": 12.236740112304688, "p_minorminer": null, "p_grown": null, "grown_extra": 0, "instance": 19}
  pegasus3     86    122   0.95    1.42   0.00      200    0.020    0.055        -        -
{"host": "pegasus3", "qubits": 128, "vars": 86, "witness_qubits": 122, "realised_fill": 0.953125, "mean_chain": 1.4186046511627908, "field_rate": 0.0, "sweeps": 2000, "reads": 512, "p_registered": 0.02734375, "p_by_strength": [0.017578125, 0.02734375, 0.08984375, 0.009765625], "p_best": 0.08984375, "mm_valid": false, "mm_qubits": null, "mm_secs": 12.236740112304688, "p_minorminer": null, "p_grown": null, "grown_extra": 0, "instance": 19}
  pegasus3     86    122   0.95    1.42   0.00     2000    0.027    0.090        -        -
{"host": "pegasus3", "qubits": 128, "vars": 96, "witness_qubits": 122, "realised_fill": 0.953125, "mean_chain": 1.2708333333333333, "field_rate": 0.0, "sweeps": 200, "reads": 512, "p_registered": 0.001953125, "p_by_strength": [0.0, 0.001953125, 0.009765625, 0.0], "p_best": 0.009765625, "mm_valid": false, "mm_qubits": null, "mm_secs": 14.619930267333984, "p_minorminer": null, "p_grown": null, "grown_extra": 0, "instance": 20}
  pegasus3     96    122   0.95    1.27   0.00      200    0.002    0.010        -        -
{"host": "pegasus3", "qubits": 128, "vars": 96, "witness_qubits": 122, "realised_fill": 0.953125, "mean_chain": 1.2708333333333333, "field_rate": 0.0, "sweeps": 2000, "reads": 512, "p_registered": 0.00390625, "p_by_strength": [0.0, 0.00390625, 0.0390625, 0.0], "p_best": 0.0390625, "mm_valid": false, "mm_qubits": null, "mm_secs": 14.619930267333984, "p_minorminer": null, "p_grown": null, "grown_extra": 0, "instance": 20}
  pegasus3     96    122   0.95    1.27   0.00     2000    0.004    0.039        -        -
{"host": "pegasus3", "qubits": 128, "vars": 99, "witness_qubits": 122, "realised_fill": 0.953125, "mean_chain": 1.2323232323232323, "field_rate": 0.0, "sweeps": 200, "reads": 512, "p_registered": 0.0, "p_by_strength": [0.0, 0.0, 0.00390625, 0.0], "p_best": 0.00390625, "mm_valid": false, "mm_qubits": null, "mm_secs": 14.956932306289673, "p_minorminer": null, "p_grown": null, "grown_extra": 0, "instance": 21}
  pegasus3     99    122   0.95    1.23   0.00      200    0.000    0.004        -        -
{"host": "pegasus3", "qubits": 128, "vars": 99, "witness_qubits": 122, "realised_fill": 0.953125, "mean_chain": 1.2323232323232323, "field_rate": 0.0, "sweeps": 2000, "reads": 512, "p_registered": 0.0, "p_by_strength": [0.0, 0.0, 0.0, 0.0], "p_best": 0.0, "mm_valid": false, "mm_qubits": null, "mm_secs": 14.956932306289673, "p_minorminer": null, "p_grown": null, "grown_extra": 0, "instance": 21}
  pegasus3     99    122   0.95    1.23   0.00     2000    0.000    0.000        -        -
{"host": "pegasus3", "qubits": 128, "vars": 96, "witness_qubits": 122, "realised_fill": 0.953125, "mean_chain": 1.2708333333333333, "field_rate": 0.0, "sweeps": 200, "reads": 512, "p_registered": 0.0, "p_by_strength": [0.0, 0.0, 0.0078125, 0.0], "p_best": 0.0078125, "mm_valid": false, "mm_qubits": null, "mm_secs": 14.72073245048523, "p_minorminer": null, "p_grown": null, "grown_extra": 0, "instance": 22}
  pegasus3     96    122   0.95    1.27   0.00      200    0.000    0.008        -        -
{"host": "pegasus3", "qubits": 128, "vars": 96, "witness_qubits": 122, "realised_fill": 0.953125, "mean_chain": 1.2708333333333333, "field_rate": 0.0, "sweeps": 2000, "reads": 512, "p_registered": 0.0, "p_by_strength": [0.0, 0.0, 0.029296875, 0.0], "p_best": 0.029296875, "mm_valid": false, "mm_qubits": null, "mm_secs": 14.72073245048523, "p_minorminer": null, "p_grown": null, "grown_extra": 0, "instance": 22}
  pegasus3     96    122   0.95    1.27   0.00     2000    0.000    0.029        -        -
{"host": "pegasus3", "qubits": 128, "vars": 100, "witness_qubits": 122, "realised_fill": 0.953125, "mean_chain": 1.22, "field_rate": 0.0, "sweeps": 200, "reads": 512, "p_registered": 0.001953125, "p_by_strength": [0.0, 0.001953125, 0.009765625, 0.0], "p_best": 0.009765625, "mm_valid": false, "mm_qubits": null, "mm_secs": 14.140202283859253, "p_minorminer": null, "p_grown": null, "grown_extra": 0, "instance": 23}
  pegasus3    100    122   0.95    1.22   0.00      200    0.002    0.010        -        -
{"host": "pegasus3", "qubits": 128, "vars": 100, "witness_qubits": 122, "realised_fill": 0.953125, "mean_chain": 1.22, "field_rate": 0.0, "sweeps": 2000, "reads": 512, "p_registered": 0.0, "p_by_strength": [0.0, 0.0, 0.033203125, 0.0078125], "p_best": 0.033203125, "mm_valid": false, "mm_qubits": null, "mm_secs": 14.140202283859253, "p_minorminer": null, "p_grown": null, "grown_extra": 0, "instance": 23}
  pegasus3    100    122   0.95    1.22   0.00     2000    0.000    0.033        -        -
{"host": "pegasus3", "qubits": 128, "vars": 92, "witness_qubits": 122, "realised_fill": 0.953125, "mean_chain": 1.326086956521739, "field_rate": 0.0, "sweeps": 200, "reads": 512, "p_registered": 0.01171875, "p_by_strength": [0.001953125, 0.01171875, 0.0078125, 0.0], "p_best": 0.01171875, "mm_valid": false, "mm_qubits": null, "mm_secs": 13.571862697601318, "p_minorminer": null, "p_grown": null, "grown_extra": 0, "instance": 24}
  pegasus3     92    122   0.95    1.33   0.00      200    0.012    0.012        -        -
