{"probe": "solvability_frontier", "host": "pegasus", "sizes": [3], "fill": 0.9, "sweeps": [200, 2000, 20000], "reads": 512, "field_rates": [0.0], "instances": 3}
  host       vars qubits   fill   chain  field   sweeps    p_reg   p_best     p_mm
{"host": "pegasus3", "qubits": 128, "vars": 94, "witness_qubits": 115, "realised_fill": 0.8984375, "mean_chain": 1.2234042553191489, "field_rate": 0.0, "sweeps": 200, "reads": 512, "p_registered": 0.03515625, "p_by_strength": [0.01171875, 0.03515625, 0.048828125, 0.0], "p_best": 0.048828125, "mm_valid": false, "mm_qubits": null, "mm_secs": 1.5537865161895752, "p_minorminer": null, "instance": 1}
  pegasus3     94    115   0.90    1.22   0.00      200    0.035    0.049        -
{"host": "pegasus3", "qubits": 128, "vars": 94, "witness_qubits": 115, "realised_fill": 0.8984375, "mean_chain": 1.2234042553191489, "field_rate": 0.0, "sweeps": 2000, "reads": 512, "p_registered": 0.05078125, "p_by_strength": [0.01953125, 0.05078125, 0.072265625, 0.001953125], "p_best": 0.072265625, "mm_valid": false, "mm_qubits": null, "mm_secs": 1.5537865161895752, "p_minorminer": null, "instance": 1}
  pegasus3     94    115   0.90    1.22   0.00     2000    0.051    0.072        -
{"host": "pegasus3", "qubits": 128, "vars": 94, "witness_qubits": 115, "realised_fill": 0.8984375, "mean_chain": 1.2234042553191489, "field_rate": 0.0, "sweeps": 20000, "reads": 512, "p_registered": 0.0625, "p_by_strength": [0.033203125, 0.0625, 0.083984375, 0.00390625], "p_best": 0.083984375, "mm_valid": false, "mm_qubits": null, "mm_secs": 1.5537865161895752, "p_minorminer": null, "instance": 1}
  pegasus3     94    115   0.90    1.22   0.00    20000    0.062    0.084        -
{"host": "pegasus3", "qubits": 128, "vars": 99, "witness_qubits": 115, "realised_fill": 0.8984375, "mean_chain": 1.1616161616161615, "field_rate": 0.0, "sweeps": 200, "reads": 512, "p_registered": 0.0, "p_by_strength": [0.0, 0.0, 0.0, 0.0], "p_best": 0.0, "mm_valid": false, "mm_qubits": null, "mm_secs": 1.9148457050323486, "p_minorminer": null, "instance": 2}
  pegasus3     99    115   0.90    1.16   0.00      200    0.000    0.000        -
{"host": "pegasus3", "qubits": 128, "vars": 99, "witness_qubits": 115, "realised_fill": 0.8984375, "mean_chain": 1.1616161616161615, "field_rate": 0.0, "sweeps": 2000, "reads": 512, "p_registered": 0.0, "p_by_strength": [0.0, 0.0, 0.001953125, 0.0], "p_best": 0.001953125, "mm_valid": false, "mm_qubits": null, "mm_secs": 1.9148457050323486, "p_minorminer": null, "instance": 2}
  pegasus3     99    115   0.90    1.16   0.00     2000    0.000    0.002        -
{"host": "pegasus3", "qubits": 128, "vars": 99, "witness_qubits": 115, "realised_fill": 0.8984375, "mean_chain": 1.1616161616161615, "field_rate": 0.0, "sweeps": 20000, "reads": 512, "p_registered": 0.0, "p_by_strength": [0.0, 0.0, 0.005859375, 0.0], "p_best": 0.005859375, "mm_valid": false, "mm_qubits": null, "mm_secs": 1.9148457050323486, "p_minorminer": null, "instance": 2}
  pegasus3     99    115   0.90    1.16   0.00    20000    0.000    0.006        -
{"host": "pegasus3", "qubits": 128, "vars": 87, "witness_qubits": 115, "realised_fill": 0.8984375, "mean_chain": 1.3218390804597702, "field_rate": 0.0, "sweeps": 200, "reads": 512, "p_registered": 0.0, "p_by_strength": [0.0, 0.0, 0.00390625, 0.0], "p_best": 0.00390625, "mm_valid": false, "mm_qubits": null, "mm_secs": 1.783454418182373, "p_minorminer": null, "instance": 3}
  pegasus3     87    115   0.90    1.32   0.00      200    0.000    0.004        -
{"host": "pegasus3", "qubits": 128, "vars": 87, "witness_qubits": 115, "realised_fill": 0.8984375, "mean_chain": 1.3218390804597702, "field_rate": 0.0, "sweeps": 2000, "reads": 512, "p_registered": 0.0078125, "p_by_strength": [0.0, 0.0078125, 0.0078125, 0.0], "p_best": 0.0078125, "mm_valid": false, "mm_qubits": null, "mm_secs": 1.783454418182373, "p_minorminer": null, "instance": 3}
  pegasus3     87    115   0.90    1.32   0.00     2000    0.008    0.008        -
{"host": "pegasus3", "qubits": 128, "vars": 87, "witness_qubits": 115, "realised_fill": 0.8984375, "mean_chain": 1.3218390804597702, "field_rate": 0.0, "sweeps": 20000, "reads": 512, "p_registered": 0.001953125, "p_by_strength": [0.0, 0.001953125, 0.0078125, 0.0], "p_best": 0.0078125, "mm_valid": false, "mm_qubits": null, "mm_secs": 1.783454418182373, "p_minorminer": null, "instance": 3}
  pegasus3     87    115   0.90    1.32   0.00    20000    0.002    0.008        -
SOLVABILITY FRONTIER DONE
