{"probe": "solvability_frontier", "host": "pegasus", "sizes": [5], "fill": 0.9, "sweeps": [200, 2000], "reads": 512, "field_rates": [0.1, 0.25, 0.5], "instances": 2}
  host       vars qubits   fill   chain  field   sweeps    p_reg   p_best     p_mm
{"host": "pegasus5", "qubits": 448, "vars": 332, "witness_qubits": 403, "realised_fill": 0.8995535714285714, "mean_chain": 1.213855421686747, "field_rate": 0.1, "sweeps": 200, "reads": 512, "p_registered": 0.0, "p_by_strength": [0.0, 0.0, 0.0, 0.0], "p_best": 0.0, "mm_valid": false, "mm_qubits": null, "mm_secs": 39.00137281417847, "p_minorminer": null, "instance": 1}
  pegasus5    332    403   0.90    1.21   0.10      200    0.000    0.000        -
{"host": "pegasus5", "qubits": 448, "vars": 332, "witness_qubits": 403, "realised_fill": 0.8995535714285714, "mean_chain": 1.213855421686747, "field_rate": 0.1, "sweeps": 2000, "reads": 512, "p_registered": 0.0, "p_by_strength": [0.0, 0.0, 0.0, 0.0], "p_best": 0.0, "mm_valid": false, "mm_qubits": null, "mm_secs": 39.00137281417847, "p_minorminer": null, "instance": 1}
  pegasus5    332    403   0.90    1.21   0.10     2000    0.000    0.000        -
{"host": "pegasus5", "qubits": 448, "vars": 332, "witness_qubits": 403, "realised_fill": 0.8995535714285714, "mean_chain": 1.213855421686747, "field_rate": 0.25, "sweeps": 200, "reads": 512, "p_registered": 0.0, "p_by_strength": [0.0, 0.0, 0.0, 0.0], "p_best": 0.0, "mm_valid": false, "mm_qubits": null, "mm_secs": 39.20929169654846, "p_minorminer": null, "instance": 1}
  pegasus5    332    403   0.90    1.21   0.25      200    0.000    0.000        -
{"host": "pegasus5", "qubits": 448, "vars": 332, "witness_qubits": 403, "realised_fill": 0.8995535714285714, "mean_chain": 1.213855421686747, "field_rate": 0.25, "sweeps": 2000, "reads": 512, "p_registered": 0.0, "p_by_strength": [0.0, 0.0, 0.0, 0.0], "p_best": 0.0, "mm_valid": false, "mm_qubits": null, "mm_secs": 39.20929169654846, "p_minorminer": null, "instance": 1}
  pegasus5    332    403   0.90    1.21   0.25     2000    0.000    0.000        -
{"host": "pegasus5", "qubits": 448, "vars": 332, "witness_qubits": 403, "realised_fill": 0.8995535714285714, "mean_chain": 1.213855421686747, "field_rate": 0.5, "sweeps": 200, "reads": 512, "p_registered": 0.0, "p_by_strength": [0.0, 0.0, 0.0, 0.0], "p_best": 0.0, "mm_valid": false, "mm_qubits": null, "mm_secs": 40.190146923065186, "p_minorminer": null, "instance": 1}
  pegasus5    332    403   0.90    1.21   0.50      200    0.000    0.000        -
{"host": "pegasus5", "qubits": 448, "vars": 332, "witness_qubits": 403, "realised_fill": 0.8995535714285714, "mean_chain": 1.213855421686747, "field_rate": 0.5, "sweeps": 2000, "reads": 512, "p_registered": 0.0, "p_by_strength": [0.0, 0.0, 0.0, 0.0], "p_best": 0.0, "mm_valid": false, "mm_qubits": null, "mm_secs": 40.190146923065186, "p_minorminer": null, "instance": 1}
  pegasus5    332    403   0.90    1.21   0.50     2000    0.000    0.000        -
{"host": "pegasus5", "qubits": 448, "vars": 317, "witness_qubits": 403, "realised_fill": 0.8995535714285714, "mean_chain": 1.2712933753943219, "field_rate": 0.1, "sweeps": 200, "reads": 512, "p_registered": 0.0, "p_by_strength": [0.0, 0.0, 0.0, 0.0], "p_best": 0.0, "mm_valid": false, "mm_qubits": null, "mm_secs": 35.3513126373291, "p_minorminer": null, "instance": 2}
  pegasus5    317    403   0.90    1.27   0.10      200    0.000    0.000        -
{"host": "pegasus5", "qubits": 448, "vars": 317, "witness_qubits": 403, "realised_fill": 0.8995535714285714, "mean_chain": 1.2712933753943219, "field_rate": 0.1, "sweeps": 2000, "reads": 512, "p_registered": 0.0, "p_by_strength": [0.0, 0.0, 0.0, 0.0], "p_best": 0.0, "mm_valid": false, "mm_qubits": null, "mm_secs": 35.3513126373291, "p_minorminer": null, "instance": 2}
  pegasus5    317    403   0.90    1.27   0.10     2000    0.000    0.000        -
{"host": "pegasus5", "qubits": 448, "vars": 317, "witness_qubits": 403, "realised_fill": 0.8995535714285714, "mean_chain": 1.2712933753943219, "field_rate": 0.25, "sweeps": 200, "reads": 512, "p_registered": 0.0, "p_by_strength": [0.0, 0.0, 0.0, 0.0], "p_best": 0.0, "mm_valid": false, "mm_qubits": null, "mm_secs": 29.39503240585327, "p_minorminer": null, "instance": 2}
  pegasus5    317    403   0.90    1.27   0.25      200    0.000    0.000        -
{"host": "pegasus5", "qubits": 448, "vars": 317, "witness_qubits": 403, "realised_fill": 0.8995535714285714, "mean_chain": 1.2712933753943219, "field_rate": 0.25, "sweeps": 2000, "reads": 512, "p_registered": 0.0, "p_by_strength": [0.0, 0.0, 0.0, 0.0], "p_best": 0.0, "mm_valid": false, "mm_qubits": null, "mm_secs": 29.39503240585327, "p_minorminer": null, "instance": 2}
  pegasus5    317    403   0.90    1.27   0.25     2000    0.000    0.000        -
{"host": "pegasus5", "qubits": 448, "vars": 317, "witness_qubits": 403, "realised_fill": 0.8995535714285714, "mean_chain": 1.2712933753943219, "field_rate": 0.5, "sweeps": 200, "reads": 512, "p_registered": 0.0, "p_by_strength": [0.0, 0.0, 0.0, 0.0], "p_best": 0.0, "mm_valid": false, "mm_qubits": null, "mm_secs": 28.446985006332397, "p_minorminer": null, "instance": 2}
  pegasus5    317    403   0.90    1.27   0.50      200    0.000    0.000        -
{"host": "pegasus5", "qubits": 448, "vars": 317, "witness_qubits": 403, "realised_fill": 0.8995535714285714, "mean_chain": 1.2712933753943219, "field_rate": 0.5, "sweeps": 2000, "reads": 512, "p_registered": 0.0, "p_by_strength": [0.0, 0.0, 0.0, 0.0], "p_best": 0.0, "mm_valid": false, "mm_qubits": null, "mm_secs": 28.446985006332397, "p_minorminer": null, "instance": 2}
  pegasus5    317    403   0.90    1.27   0.50     2000    0.000    0.000        -
SOLVABILITY FRONTIER DONE
