{"probe": "solvability_frontier", "host": "pegasus", "sizes": [2], "fill": 0.9, "sweeps": [200, 2000, 20000], "reads": 512, "field_rates": [0.0], "instances": 3}
  host       vars qubits   fill   chain  field   sweeps    p_reg   p_best     p_mm
{"host": "pegasus2", "qubits": 40, "vars": 28, "witness_qubits": 36, "realised_fill": 0.9, "mean_chain": 1.2857142857142858, "field_rate": 0.0, "sweeps": 200, "reads": 512, "p_registered": 0.4765625, "p_by_strength": [0.296875, 0.4765625, 0.548828125, 0.16015625], "p_best": 0.548828125, "mm_valid": true, "mm_qubits": 35, "mm_secs": 0.04224252700805664, "p_minorminer": 0.4453125, "instance": 1}
  pegasus2     28     36   0.90    1.29   0.00      200    0.477    0.549    0.445
{"host": "pegasus2", "qubits": 40, "vars": 28, "witness_qubits": 36, "realised_fill": 0.9, "mean_chain": 1.2857142857142858, "field_rate": 0.0, "sweeps": 2000, "reads": 512, "p_registered": 0.5234375, "p_by_strength": [0.380859375, 0.5234375, 0.603515625, 0.16796875], "p_best": 0.603515625, "mm_valid": true, "mm_qubits": 35, "mm_secs": 0.04224252700805664, "p_minorminer": 0.40234375, "instance": 1}
  pegasus2     28     36   0.90    1.29   0.00     2000    0.523    0.604    0.402
{"host": "pegasus2", "qubits": 40, "vars": 28, "witness_qubits": 36, "realised_fill": 0.9, "mean_chain": 1.2857142857142858, "field_rate": 0.0, "sweeps": 20000, "reads": 512, "p_registered": 0.529296875, "p_by_strength": [0.37109375, 0.529296875, 0.638671875, 0.203125], "p_best": 0.638671875, "mm_valid": true, "mm_qubits": 35, "mm_secs": 0.04224252700805664, "p_minorminer": 0.4921875, "instance": 1}
  pegasus2     28     36   0.90    1.29   0.00    20000    0.529    0.639    0.492
{"host": "pegasus2", "qubits": 40, "vars": 33, "witness_qubits": 36, "realised_fill": 0.9, "mean_chain": 1.0909090909090908, "field_rate": 0.0, "sweeps": 200, "reads": 512, "p_registered": 0.2734375, "p_by_strength": [0.27734375, 0.2734375, 0.265625, 0.080078125], "p_best": 0.27734375, "mm_valid": false, "mm_qubits": null, "mm_secs": 0.10985183715820312, "p_minorminer": null, "instance": 2}
  pegasus2     33     36   0.90    1.09   0.00      200    0.273    0.277        -
{"host": "pegasus2", "qubits": 40, "vars": 33, "witness_qubits": 36, "realised_fill": 0.9, "mean_chain": 1.0909090909090908, "field_rate": 0.0, "sweeps": 2000, "reads": 512, "p_registered": 0.310546875, "p_by_strength": [0.30859375, 0.310546875, 0.337890625, 0.0703125], "p_best": 0.337890625, "mm_valid": false, "mm_qubits": null, "mm_secs": 0.10985183715820312, "p_minorminer": null, "instance": 2}
  pegasus2     33     36   0.90    1.09   0.00     2000    0.311    0.338        -
{"host": "pegasus2", "qubits": 40, "vars": 33, "witness_qubits": 36, "realised_fill": 0.9, "mean_chain": 1.0909090909090908, "field_rate": 0.0, "sweeps": 20000, "reads": 512, "p_registered": 0.353515625, "p_by_strength": [0.2578125, 0.353515625, 0.326171875, 0.09375], "p_best": 0.353515625, "mm_valid": false, "mm_qubits": null, "mm_secs": 0.10985183715820312, "p_minorminer": null, "instance": 2}
  pegasus2     33     36   0.90    1.09   0.00    20000    0.354    0.354        -
{"host": "pegasus2", "qubits": 40, "vars": 27, "witness_qubits": 36, "realised_fill": 0.9, "mean_chain": 1.3333333333333333, "field_rate": 0.0, "sweeps": 200, "reads": 512, "p_registered": 0.140625, "p_by_strength": [0.103515625, 0.140625, 0.38671875, 0.119140625], "p_best": 0.38671875, "mm_valid": true, "mm_qubits": 34, "mm_secs": 0.08954024314880371, "p_minorminer": 0.5390625, "instance": 3}
  pegasus2     27     36   0.90    1.33   0.00      200    0.141    0.387    0.539
{"host": "pegasus2", "qubits": 40, "vars": 27, "witness_qubits": 36, "realised_fill": 0.9, "mean_chain": 1.3333333333333333, "field_rate": 0.0, "sweeps": 2000, "reads": 512, "p_registered": 0.16015625, "p_by_strength": [0.099609375, 0.16015625, 0.4765625, 0.1640625], "p_best": 0.4765625, "mm_valid": true, "mm_qubits": 34, "mm_secs": 0.08954024314880371, "p_minorminer": 0.55859375, "instance": 3}
  pegasus2     27     36   0.90    1.33   0.00     2000    0.160    0.477    0.559
{"host": "pegasus2", "qubits": 40, "vars": 27, "witness_qubits": 36, "realised_fill": 0.9, "mean_chain": 1.3333333333333333, "field_rate": 0.0, "sweeps": 20000, "reads": 512, "p_registered": 0.201171875, "p_by_strength": [0.12109375, 0.201171875, 0.517578125, 0.2421875], "p_best": 0.517578125, "mm_valid": true, "mm_qubits": 34, "mm_secs": 0.08954024314880371, "p_minorminer": 0.51953125, "instance": 3}
  pegasus2     27     36   0.90    1.33   0.00    20000    0.201    0.518    0.520
SOLVABILITY FRONTIER DONE
