{"probe": "solvability_frontier", "host": "pegasus", "sizes": [4], "fill": 0.9, "sweeps": [200, 2000], "reads": 512, "field_rates": [0.1, 0.25, 0.5], "instances": 2}
  host       vars qubits   fill   chain  field   sweeps    p_reg   p_best     p_mm
{"host": "pegasus4", "qubits": 264, "vars": 202, "witness_qubits": 238, "realised_fill": 0.9015151515151515, "mean_chain": 1.1782178217821782, "field_rate": 0.1, "sweeps": 200, "reads": 512, "p_registered": 0.0, "p_by_strength": [0.0, 0.0, 0.0, 0.0], "p_best": 0.0, "mm_valid": false, "mm_qubits": null, "mm_secs": 8.955124855041504, "p_minorminer": null, "instance": 1}
  pegasus4    202    238   0.90    1.18   0.10      200    0.000    0.000        -
{"host": "pegasus4", "qubits": 264, "vars": 202, "witness_qubits": 238, "realised_fill": 0.9015151515151515, "mean_chain": 1.1782178217821782, "field_rate": 0.1, "sweeps": 2000, "reads": 512, "p_registered": 0.0, "p_by_strength": [0.0, 0.0, 0.0, 0.0], "p_best": 0.0, "mm_valid": false, "mm_qubits": null, "mm_secs": 8.955124855041504, "p_minorminer": null, "instance": 1}
  pegasus4    202    238   0.90    1.18   0.10     2000    0.000    0.000        -
{"host": "pegasus4", "qubits": 264, "vars": 202, "witness_qubits": 238, "realised_fill": 0.9015151515151515, "mean_chain": 1.1782178217821782, "field_rate": 0.25, "sweeps": 200, "reads": 512, "p_registered": 0.0, "p_by_strength": [0.0, 0.0, 0.0, 0.0], "p_best": 0.0, "mm_valid": false, "mm_qubits": null, "mm_secs": 8.433848857879639, "p_minorminer": null, "instance": 1}
  pegasus4    202    238   0.90    1.18   0.25      200    0.000    0.000        -
{"host": "pegasus4", "qubits": 264, "vars": 202, "witness_qubits": 238, "realised_fill": 0.9015151515151515, "mean_chain": 1.1782178217821782, "field_rate": 0.25, "sweeps": 2000, "reads": 512, "p_registered": 0.0, "p_by_strength": [0.0, 0.0, 0.0, 0.0], "p_best": 0.0, "mm_valid": false, "mm_qubits": null, "mm_secs": 8.433848857879639, "p_minorminer": null, "instance": 1}
  pegasus4    202    238   0.90    1.18   0.25     2000    0.000    0.000        -
{"host": "pegasus4", "qubits": 264, "vars": 202, "witness_qubits": 238, "realised_fill": 0.9015151515151515, "mean_chain": 1.1782178217821782, "field_rate": 0.5, "sweeps": 200, "reads": 512, "p_registered": 0.0, "p_by_strength": [0.0, 0.0, 0.0, 0.0], "p_best": 0.0, "mm_valid": false, "mm_qubits": null, "mm_secs": 7.9107325077056885, "p_minorminer": null, "instance": 1}
  pegasus4    202    238   0.90    1.18   0.50      200    0.000    0.000        -
{"host": "pegasus4", "qubits": 264, "vars": 202, "witness_qubits": 238, "realised_fill": 0.9015151515151515, "mean_chain": 1.1782178217821782, "field_rate": 0.5, "sweeps": 2000, "reads": 512, "p_registered": 0.0, "p_by_strength": [0.0, 0.0, 0.0, 0.0], "p_best": 0.0, "mm_valid": false, "mm_qubits": null, "mm_secs": 7.9107325077056885, "p_minorminer": null, "instance": 1}
  pegasus4    202    238   0.90    1.18   0.50     2000    0.000    0.000        -
{"host": "pegasus4", "qubits": 264, "vars": 188, "witness_qubits": 238, "realised_fill": 0.9015151515151515, "mean_chain": 1.2659574468085106, "field_rate": 0.1, "sweeps": 200, "reads": 512, "p_registered": 0.0, "p_by_strength": [0.0, 0.0, 0.0, 0.0], "p_best": 0.0, "mm_valid": false, "mm_qubits": null, "mm_secs": 7.846970081329346, "p_minorminer": null, "instance": 2}
  pegasus4    188    238   0.90    1.27   0.10      200    0.000    0.000        -
{"host": "pegasus4", "qubits": 264, "vars": 188, "witness_qubits": 238, "realised_fill": 0.9015151515151515, "mean_chain": 1.2659574468085106, "field_rate": 0.1, "sweeps": 2000, "reads": 512, "p_registered": 0.0, "p_by_strength": [0.0, 0.0, 0.0, 0.0], "p_best": 0.0, "mm_valid": false, "mm_qubits": null, "mm_secs": 7.846970081329346, "p_minorminer": null, "instance": 2}
  pegasus4    188    238   0.90    1.27   0.10     2000    0.000    0.000        -
{"host": "pegasus4", "qubits": 264, "vars": 188, "witness_qubits": 238, "realised_fill": 0.9015151515151515, "mean_chain": 1.2659574468085106, "field_rate": 0.25, "sweeps": 200, "reads": 512, "p_registered": 0.0, "p_by_strength": [0.0, 0.0, 0.0, 0.0], "p_best": 0.0, "mm_valid": false, "mm_qubits": null, "mm_secs": 8.074450969696045, "p_minorminer": null, "instance": 2}
  pegasus4    188    238   0.90    1.27   0.25      200    0.000    0.000        -
{"host": "pegasus4", "qubits": 264, "vars": 188, "witness_qubits": 238, "realised_fill": 0.9015151515151515, "mean_chain": 1.2659574468085106, "field_rate": 0.25, "sweeps": 2000, "reads": 512, "p_registered": 0.0, "p_by_strength": [0.0, 0.0, 0.001953125, 0.0], "p_best": 0.001953125, "mm_valid": false, "mm_qubits": null, "mm_secs": 8.074450969696045, "p_minorminer": null, "instance": 2}
  pegasus4    188    238   0.90    1.27   0.25     2000    0.000    0.002        -
{"host": "pegasus4", "qubits": 264, "vars": 188, "witness_qubits": 238, "realised_fill": 0.9015151515151515, "mean_chain": 1.2659574468085106, "field_rate": 0.5, "sweeps": 200, "reads": 512, "p_registered": 0.0, "p_by_strength": [0.0, 0.0, 0.0, 0.0], "p_best": 0.0, "mm_valid": false, "mm_qubits": null, "mm_secs": 7.794832468032837, "p_minorminer": null, "instance": 2}
  pegasus4    188    238   0.90    1.27   0.50      200    0.000    0.000        -
{"host": "pegasus4", "qubits": 264, "vars": 188, "witness_qubits": 238, "realised_fill": 0.9015151515151515, "mean_chain": 1.2659574468085106, "field_rate": 0.5, "sweeps": 2000, "reads": 512, "p_registered": 0.0, "p_by_strength": [0.0, 0.0, 0.0, 0.0], "p_best": 0.0, "mm_valid": false, "mm_qubits": null, "mm_secs": 7.794832468032837, "p_minorminer": null, "instance": 2}
  pegasus4    188    238   0.90    1.27   0.50     2000    0.000    0.000        -
SOLVABILITY FRONTIER DONE
