{"probe": "witness_prune", "host": "zephyr", "sizes": [1, 2], "fills": [0.8, 0.9, 0.95], "instances": 12, "mm_tries": 200}
  host       vars  named  witness   pruned prunedfl lowbound mmqubits   mm_ok   mmfill
{"host": "zephyr1", "named_fill": 0.8, "qubits": 48, "vars": 32, "witness": 38, "pruned": 37, "mm": 44, "pruned_fill": 0.7708333333333334, "lower_bound_fill": 0.6666666666666666, "instance": 1}
{"host": "zephyr1", "named_fill": 0.8, "qubits": 48, "vars": 31, "witness": 38, "pruned": 37, "mm": 46, "pruned_fill": 0.7708333333333334, "lower_bound_fill": 0.6458333333333334, "instance": 2}
{"host": "zephyr1", "named_fill": 0.8, "qubits": 48, "vars": 30, "witness": 38, "pruned": 35, "mm": null, "pruned_fill": 0.7291666666666666, "lower_bound_fill": 0.625, "instance": 3}
{"host": "zephyr1", "named_fill": 0.8, "qubits": 48, "vars": 27, "witness": 38, "pruned": 34, "mm": 34, "pruned_fill": 0.7083333333333334, "lower_bound_fill": 0.5625, "instance": 4}
{"host": "zephyr1", "named_fill": 0.8, "qubits": 48, "vars": 29, "witness": 38, "pruned": 37, "mm": 35, "pruned_fill": 0.7708333333333334, "lower_bound_fill": 0.6041666666666666, "instance": 5}
{"host": "zephyr1", "named_fill": 0.8, "qubits": 48, "vars": 31, "witness": 38, "pruned": 37, "mm": 38, "pruned_fill": 0.7708333333333334, "lower_bound_fill": 0.6458333333333334, "instance": 6}
{"host": "zephyr1", "named_fill": 0.8, "qubits": 48, "vars": 26, "witness": 38, "pruned": 33, "mm": 34, "pruned_fill": 0.6875, "lower_bound_fill": 0.5416666666666666, "instance": 7}
{"host": "zephyr1", "named_fill": 0.8, "qubits": 48, "vars": 30, "witness": 38, "pruned": 36, "mm": 42, "pruned_fill": 0.75, "lower_bound_fill": 0.625, "instance": 8}
{"host": "zephyr1", "named_fill": 0.8, "qubits": 48, "vars": 35, "witness": 38, "pruned": 38, "mm": 45, "pruned_fill": 0.7916666666666666, "lower_bound_fill": 0.7291666666666666, "instance": 9}
{"host": "zephyr1", "named_fill": 0.8, "qubits": 48, "vars": 26, "witness": 38, "pruned": 33, "mm": 33, "pruned_fill": 0.6875, "lower_bound_fill": 0.5416666666666666, "instance": 10}
{"host": "zephyr1", "named_fill": 0.8, "qubits": 48, "vars": 29, "witness": 38, "pruned": 37, "mm": 41, "pruned_fill": 0.7708333333333334, "lower_bound_fill": 0.6041666666666666, "instance": 11}
{"host": "zephyr1", "named_fill": 0.8, "qubits": 48, "vars": 35, "witness": 38, "pruned": 38, "mm": 48, "pruned_fill": 0.7916666666666666, "lower_bound_fill": 0.7291666666666666, "instance": 12}
  zephyr1      30   0.80     38.0     36.0     0.75     0.63     40.0    0.92     0.83
{"host": "zephyr1", "named_fill": 0.9, "qubits": 48, "vars": 37, "witness": 43, "pruned": 41, "mm": null, "pruned_fill": 0.8541666666666666, "lower_bound_fill": 0.7708333333333334, "instance": 13}
{"host": "zephyr1", "named_fill": 0.9, "qubits": 48, "vars": 29, "witness": 43, "pruned": 38, "mm": 36, "pruned_fill": 0.7916666666666666, "lower_bound_fill": 0.6041666666666666, "instance": 14}
{"host": "zephyr1", "named_fill": 0.9, "qubits": 48, "vars": 34, "witness": 43, "pruned": 40, "mm": 45, "pruned_fill": 0.8333333333333334, "lower_bound_fill": 0.7083333333333334, "instance": 15}
{"host": "zephyr1", "named_fill": 0.9, "qubits": 48, "vars": 37, "witness": 43, "pruned": 41, "mm": null, "pruned_fill": 0.8541666666666666, "lower_bound_fill": 0.7708333333333334, "instance": 16}
{"host": "zephyr1", "named_fill": 0.9, "qubits": 48, "vars": 37, "witness": 43, "pruned": 42, "mm": null, "pruned_fill": 0.875, "lower_bound_fill": 0.7708333333333334, "instance": 17}
{"host": "zephyr1", "named_fill": 0.9, "qubits": 48, "vars": 33, "witness": 43, "pruned": 39, "mm": null, "pruned_fill": 0.8125, "lower_bound_fill": 0.6875, "instance": 18}
{"host": "zephyr1", "named_fill": 0.9, "qubits": 48, "vars": 36, "witness": 43, "pruned": 43, "mm": null, "pruned_fill": 0.8958333333333334, "lower_bound_fill": 0.75, "instance": 19}
{"host": "zephyr1", "named_fill": 0.9, "qubits": 48, "vars": 37, "witness": 43, "pruned": 42, "mm": null, "pruned_fill": 0.875, "lower_bound_fill": 0.7708333333333334, "instance": 20}
{"host": "zephyr1", "named_fill": 0.9, "qubits": 48, "vars": 35, "witness": 43, "pruned": 42, "mm": 46, "pruned_fill": 0.875, "lower_bound_fill": 0.7291666666666666, "instance": 21}
{"host": "zephyr1", "named_fill": 0.9, "qubits": 48, "vars": 37, "witness": 43, "pruned": 42, "mm": null, "pruned_fill": 0.875, "lower_bound_fill": 0.7708333333333334, "instance": 22}
{"host": "zephyr1", "named_fill": 0.9, "qubits": 48, "vars": 34, "witness": 43, "pruned": 41, "mm": null, "pruned_fill": 0.8541666666666666, "lower_bound_fill": 0.7083333333333334, "instance": 23}
{"host": "zephyr1", "named_fill": 0.9, "qubits": 48, "vars": 40, "witness": 43, "pruned": 43, "mm": null, "pruned_fill": 0.8958333333333334, "lower_bound_fill": 0.8333333333333334, "instance": 24}
  zephyr1      36   0.90     43.0     41.2     0.86     0.74     42.3    0.25     0.88
{"host": "zephyr1", "named_fill": 0.95, "qubits": 48, "vars": 38, "witness": 46, "pruned": 45, "mm": null, "pruned_fill": 0.9375, "lower_bound_fill": 0.7916666666666666, "instance": 25}
{"host": "zephyr1", "named_fill": 0.95, "qubits": 48, "vars": 39, "witness": 46, "pruned": 46, "mm": null, "pruned_fill": 0.9583333333333334, "lower_bound_fill": 0.8125, "instance": 26}
{"host": "zephyr1", "named_fill": 0.95, "qubits": 48, "vars": 36, "witness": 46, "pruned": 44, "mm": null, "pruned_fill": 0.9166666666666666, "lower_bound_fill": 0.75, "instance": 27}
{"host": "zephyr1", "named_fill": 0.95, "qubits": 48, "vars": 36, "witness": 46, "pruned": 41, "mm": null, "pruned_fill": 0.8541666666666666, "lower_bound_fill": 0.75, "instance": 28}
{"host": "zephyr1", "named_fill": 0.95, "qubits": 48, "vars": 33, "witness": 46, "pruned": 45, "mm": 44, "pruned_fill": 0.9375, "lower_bound_fill": 0.6875, "instance": 29}
{"host": "zephyr1", "named_fill": 0.95, "qubits": 48, "vars": 39, "witness": 46, "pruned": 43, "mm": null, "pruned_fill": 0.8958333333333334, "lower_bound_fill": 0.8125, "instance": 30}
{"host": "zephyr1", "named_fill": 0.95, "qubits": 48, "vars": 41, "witness": 46, "pruned": 46, "mm": null, "pruned_fill": 0.9583333333333334, "lower_bound_fill": 0.8541666666666666, "instance": 31}
{"host": "zephyr1", "named_fill": 0.95, "qubits": 48, "vars": 37, "witness": 46, "pruned": 41, "mm": null, "pruned_fill": 0.8541666666666666, "lower_bound_fill": 0.7708333333333334, "instance": 32}
{"host": "zephyr1", "named_fill": 0.95, "qubits": 48, "vars": 36, "witness": 46, "pruned": 45, "mm": null, "pruned_fill": 0.9375, "lower_bound_fill": 0.75, "instance": 33}
{"host": "zephyr1", "named_fill": 0.95, "qubits": 48, "vars": 36, "witness": 46, "pruned": 45, "mm": 46, "pruned_fill": 0.9375, "lower_bound_fill": 0.75, "instance": 34}
{"host": "zephyr1", "named_fill": 0.95, "qubits": 48, "vars": 42, "witness": 46, "pruned": 45, "mm": null, "pruned_fill": 0.9375, "lower_bound_fill": 0.875, "instance": 35}
{"host": "zephyr1", "named_fill": 0.95, "qubits": 48, "vars": 40, "witness": 46, "pruned": 45, "mm": null, "pruned_fill": 0.9375, "lower_bound_fill": 0.8333333333333334, "instance": 36}
  zephyr1      38   0.95     46.0     44.2     0.92     0.79     45.0    0.17     0.94
{"host": "zephyr2", "named_fill": 0.8, "qubits": 160, "vars": 112, "witness": 128, "pruned": 128, "mm": null, "pruned_fill": 0.8, "lower_bound_fill": 0.7, "instance": 37}
{"host": "zephyr2", "named_fill": 0.8, "qubits": 160, "vars": 103, "witness": 128, "pruned": 122, "mm": null, "pruned_fill": 0.7625, "lower_bound_fill": 0.64375, "instance": 38}
{"host": "zephyr2", "named_fill": 0.8, "qubits": 160, "vars": 104, "witness": 128, "pruned": 124, "mm": null, "pruned_fill": 0.775, "lower_bound_fill": 0.65, "instance": 39}
{"host": "zephyr2", "named_fill": 0.8, "qubits": 160, "vars": 90, "witness": 128, "pruned": 120, "mm": 136, "pruned_fill": 0.75, "lower_bound_fill": 0.5625, "instance": 40}
{"host": "zephyr2", "named_fill": 0.8, "qubits": 160, "vars": 102, "witness": 128, "pruned": 122, "mm": null, "pruned_fill": 0.7625, "lower_bound_fill": 0.6375, "instance": 41}
{"host": "zephyr2", "named_fill": 0.8, "qubits": 160, "vars": 98, "witness": 128, "pruned": 121, "mm": 134, "pruned_fill": 0.75625, "lower_bound_fill": 0.6125, "instance": 42}
{"host": "zephyr2", "named_fill": 0.8, "qubits": 160, "vars": 97, "witness": 128, "pruned": 122, "mm": 139, "pruned_fill": 0.7625, "lower_bound_fill": 0.60625, "instance": 43}
{"host": "zephyr2", "named_fill": 0.8, "qubits": 160, "vars": 108, "witness": 128, "pruned": 127, "mm": null, "pruned_fill": 0.79375, "lower_bound_fill": 0.675, "instance": 44}
{"host": "zephyr2", "named_fill": 0.8, "qubits": 160, "vars": 95, "witness": 128, "pruned": 119, "mm": 151, "pruned_fill": 0.74375, "lower_bound_fill": 0.59375, "instance": 45}
{"host": "zephyr2", "named_fill": 0.8, "qubits": 160, "vars": 104, "witness": 128, "pruned": 125, "mm": null, "pruned_fill": 0.78125, "lower_bound_fill": 0.65, "instance": 46}
{"host": "zephyr2", "named_fill": 0.8, "qubits": 160, "vars": 113, "witness": 128, "pruned": 127, "mm": null, "pruned_fill": 0.79375, "lower_bound_fill": 0.70625, "instance": 47}
{"host": "zephyr2", "named_fill": 0.8, "qubits": 160, "vars": 107, "witness": 128, "pruned": 125, "mm": null, "pruned_fill": 0.78125, "lower_bound_fill": 0.66875, "instance": 48}
  zephyr2     103   0.80    128.0    123.5     0.77     0.64    140.0    0.33     0.88
{"host": "zephyr2", "named_fill": 0.9, "qubits": 160, "vars": 109, "witness": 144, "pruned": 136, "mm": null, "pruned_fill": 0.85, "lower_bound_fill": 0.68125, "instance": 49}
{"host": "zephyr2", "named_fill": 0.9, "qubits": 160, "vars": 123, "witness": 144, "pruned": 140, "mm": null, "pruned_fill": 0.875, "lower_bound_fill": 0.76875, "instance": 50}
{"host": "zephyr2", "named_fill": 0.9, "qubits": 160, "vars": 121, "witness": 144, "pruned": 141, "mm": null, "pruned_fill": 0.88125, "lower_bound_fill": 0.75625, "instance": 51}
{"host": "zephyr2", "named_fill": 0.9, "qubits": 160, "vars": 119, "witness": 144, "pruned": 141, "mm": null, "pruned_fill": 0.88125, "lower_bound_fill": 0.74375, "instance": 52}
{"host": "zephyr2", "named_fill": 0.9, "qubits": 160, "vars": 118, "witness": 144, "pruned": 139, "mm": null, "pruned_fill": 0.86875, "lower_bound_fill": 0.7375, "instance": 53}
{"host": "zephyr2", "named_fill": 0.9, "qubits": 160, "vars": 115, "witness": 144, "pruned": 136, "mm": null, "pruned_fill": 0.85, "lower_bound_fill": 0.71875, "instance": 54}
{"host": "zephyr2", "named_fill": 0.9, "qubits": 160, "vars": 120, "witness": 144, "pruned": 139, "mm": null, "pruned_fill": 0.86875, "lower_bound_fill": 0.75, "instance": 55}
{"host": "zephyr2", "named_fill": 0.9, "qubits": 160, "vars": 111, "witness": 144, "pruned": 140, "mm": null, "pruned_fill": 0.875, "lower_bound_fill": 0.69375, "instance": 56}
{"host": "zephyr2", "named_fill": 0.9, "qubits": 160, "vars": 120, "witness": 144, "pruned": 143, "mm": null, "pruned_fill": 0.89375, "lower_bound_fill": 0.75, "instance": 57}
{"host": "zephyr2", "named_fill": 0.9, "qubits": 160, "vars": 110, "witness": 144, "pruned": 139, "mm": null, "pruned_fill": 0.86875, "lower_bound_fill": 0.6875, "instance": 58}
{"host": "zephyr2", "named_fill": 0.9, "qubits": 160, "vars": 97, "witness": 144, "pruned": 133, "mm": null, "pruned_fill": 0.83125, "lower_bound_fill": 0.60625, "instance": 59}
{"host": "zephyr2", "named_fill": 0.9, "qubits": 160, "vars": 124, "witness": 144, "pruned": 142, "mm": null, "pruned_fill": 0.8875, "lower_bound_fill": 0.775, "instance": 60}
  zephyr2     116   0.90    144.0    139.1     0.87     0.72        -    0.00        -
{"host": "zephyr2", "named_fill": 0.95, "qubits": 160, "vars": 114, "witness": 152, "pruned": 144, "mm": null, "pruned_fill": 0.9, "lower_bound_fill": 0.7125, "instance": 61}
{"host": "zephyr2", "named_fill": 0.95, "qubits": 160, "vars": 116, "witness": 152, "pruned": 144, "mm": null, "pruned_fill": 0.9, "lower_bound_fill": 0.725, "instance": 62}
{"host": "zephyr2", "named_fill": 0.95, "qubits": 160, "vars": 121, "witness": 152, "pruned": 142, "mm": null, "pruned_fill": 0.8875, "lower_bound_fill": 0.75625, "instance": 63}
{"host": "zephyr2", "named_fill": 0.95, "qubits": 160, "vars": 121, "witness": 152, "pruned": 145, "mm": null, "pruned_fill": 0.90625, "lower_bound_fill": 0.75625, "instance": 64}
{"host": "zephyr2", "named_fill": 0.95, "qubits": 160, "vars": 116, "witness": 152, "pruned": 137, "mm": null, "pruned_fill": 0.85625, "lower_bound_fill": 0.725, "instance": 65}
{"host": "zephyr2", "named_fill": 0.95, "qubits": 160, "vars": 127, "witness": 152, "pruned": 150, "mm": null, "pruned_fill": 0.9375, "lower_bound_fill": 0.79375, "instance": 66}
{"host": "zephyr2", "named_fill": 0.95, "qubits": 160, "vars": 118, "witness": 152, "pruned": 146, "mm": null, "pruned_fill": 0.9125, "lower_bound_fill": 0.7375, "instance": 67}
{"host": "zephyr2", "named_fill": 0.95, "qubits": 160, "vars": 113, "witness": 152, "pruned": 146, "mm": null, "pruned_fill": 0.9125, "lower_bound_fill": 0.70625, "instance": 68}
{"host": "zephyr2", "named_fill": 0.95, "qubits": 160, "vars": 124, "witness": 152, "pruned": 149, "mm": null, "pruned_fill": 0.93125, "lower_bound_fill": 0.775, "instance": 69}
{"host": "zephyr2", "named_fill": 0.95, "qubits": 160, "vars": 128, "witness": 152, "pruned": 147, "mm": null, "pruned_fill": 0.91875, "lower_bound_fill": 0.8, "instance": 70}
{"host": "zephyr2", "named_fill": 0.95, "qubits": 160, "vars": 126, "witness": 152, "pruned": 149, "mm": null, "pruned_fill": 0.93125, "lower_bound_fill": 0.7875, "instance": 71}
{"host": "zephyr2", "named_fill": 0.95, "qubits": 160, "vars": 120, "witness": 152, "pruned": 146, "mm": null, "pruned_fill": 0.9125, "lower_bound_fill": 0.75, "instance": 72}
  zephyr2     120   0.95    152.0    145.4     0.91     0.75        -    0.00        -
WITNESS PRUNE DONE
