{"probe": "solvability_frontier", "host": "zephyr", "sizes": [2], "fill": 0.9, "sweeps": [200, 2000, 20000], "reads": 512, "field_rates": [0.0], "instances": 3}
  host       vars qubits   fill   chain  field   sweeps    p_reg   p_best     p_mm
{"host": "zephyr2", "qubits": 160, "vars": 114, "witness_qubits": 144, "realised_fill": 0.9, "mean_chain": 1.263157894736842, "field_rate": 0.0, "sweeps": 200, "reads": 512, "p_registered": 0.0, "p_by_strength": [0.0, 0.0, 0.0, 0.0], "p_best": 0.0, "mm_valid": false, "mm_qubits": null, "mm_secs": 3.80784010887146, "p_minorminer": null, "instance": 1}
  zephyr2     114    144   0.90    1.26   0.00      200    0.000    0.000        -
{"host": "zephyr2", "qubits": 160, "vars": 114, "witness_qubits": 144, "realised_fill": 0.9, "mean_chain": 1.263157894736842, "field_rate": 0.0, "sweeps": 2000, "reads": 512, "p_registered": 0.0, "p_by_strength": [0.0, 0.0, 0.0, 0.0], "p_best": 0.0, "mm_valid": false, "mm_qubits": null, "mm_secs": 3.80784010887146, "p_minorminer": null, "instance": 1}
  zephyr2     114    144   0.90    1.26   0.00     2000    0.000    0.000        -
{"host": "zephyr2", "qubits": 160, "vars": 114, "witness_qubits": 144, "realised_fill": 0.9, "mean_chain": 1.263157894736842, "field_rate": 0.0, "sweeps": 20000, "reads": 512, "p_registered": 0.0, "p_by_strength": [0.0, 0.0, 0.0, 0.001953125], "p_best": 0.001953125, "mm_valid": false, "mm_qubits": null, "mm_secs": 3.80784010887146, "p_minorminer": null, "instance": 1}
  zephyr2     114    144   0.90    1.26   0.00    20000    0.000    0.002        -
{"host": "zephyr2", "qubits": 160, "vars": 110, "witness_qubits": 144, "realised_fill": 0.9, "mean_chain": 1.309090909090909, "field_rate": 0.0, "sweeps": 200, "reads": 512, "p_registered": 0.01171875, "p_by_strength": [0.0, 0.01171875, 0.029296875, 0.0], "p_best": 0.029296875, "mm_valid": false, "mm_qubits": null, "mm_secs": 2.2774465084075928, "p_minorminer": null, "instance": 2}
  zephyr2     110    144   0.90    1.31   0.00      200    0.012    0.029        -
{"host": "zephyr2", "qubits": 160, "vars": 110, "witness_qubits": 144, "realised_fill": 0.9, "mean_chain": 1.309090909090909, "field_rate": 0.0, "sweeps": 2000, "reads": 512, "p_registered": 0.00390625, "p_by_strength": [0.0, 0.00390625, 0.037109375, 0.0], "p_best": 0.037109375, "mm_valid": false, "mm_qubits": null, "mm_secs": 2.2774465084075928, "p_minorminer": null, "instance": 2}
  zephyr2     110    144   0.90    1.31   0.00     2000    0.004    0.037        -
{"host": "zephyr2", "qubits": 160, "vars": 110, "witness_qubits": 144, "realised_fill": 0.9, "mean_chain": 1.309090909090909, "field_rate": 0.0, "sweeps": 20000, "reads": 512, "p_registered": 0.0078125, "p_by_strength": [0.0, 0.0078125, 0.056640625, 0.001953125], "p_best": 0.056640625, "mm_valid": false, "mm_qubits": null, "mm_secs": 2.2774465084075928, "p_minorminer": null, "instance": 2}
  zephyr2     110    144   0.90    1.31   0.00    20000    0.008    0.057        -
{"host": "zephyr2", "qubits": 160, "vars": 113, "witness_qubits": 144, "realised_fill": 0.9, "mean_chain": 1.2743362831858407, "field_rate": 0.0, "sweeps": 200, "reads": 512, "p_registered": 0.001953125, "p_by_strength": [0.0, 0.001953125, 0.005859375, 0.0], "p_best": 0.005859375, "mm_valid": false, "mm_qubits": null, "mm_secs": 5.337572813034058, "p_minorminer": null, "instance": 3}
  zephyr2     113    144   0.90    1.27   0.00      200    0.002    0.006        -
{"host": "zephyr2", "qubits": 160, "vars": 113, "witness_qubits": 144, "realised_fill": 0.9, "mean_chain": 1.2743362831858407, "field_rate": 0.0, "sweeps": 2000, "reads": 512, "p_registered": 0.0078125, "p_by_strength": [0.0, 0.0078125, 0.013671875, 0.0], "p_best": 0.013671875, "mm_valid": false, "mm_qubits": null, "mm_secs": 5.337572813034058, "p_minorminer": null, "instance": 3}
  zephyr2     113    144   0.90    1.27   0.00     2000    0.008    0.014        -
{"host": "zephyr2", "qubits": 160, "vars": 113, "witness_qubits": 144, "realised_fill": 0.9, "mean_chain": 1.2743362831858407, "field_rate": 0.0, "sweeps": 20000, "reads": 512, "p_registered": 0.00390625, "p_by_strength": [0.0, 0.00390625, 0.021484375, 0.0], "p_best": 0.021484375, "mm_valid": false, "mm_qubits": null, "mm_secs": 5.337572813034058, "p_minorminer": null, "instance": 3}
  zephyr2     113    144   0.90    1.27   0.00    20000    0.004    0.021        -
SOLVABILITY FRONTIER DONE
