{"probe": "solvability_frontier", "host": "zephyr", "sizes": [4], "fill": 0.9, "sweeps": [200, 2000], "reads": 512, "field_rates": [0.1, 0.25, 0.5], "instances": 2}
  host       vars qubits   fill   chain  field   sweeps    p_reg   p_best     p_mm
{"host": "zephyr4", "qubits": 576, "vars": 416, "witness_qubits": 518, "realised_fill": 0.8993055555555556, "mean_chain": 1.2451923076923077, "field_rate": 0.1, "sweeps": 200, "reads": 512, "p_registered": 0.0, "p_by_strength": [0.0, 0.0, 0.0, 0.0], "p_best": 0.0, "mm_valid": false, "mm_qubits": null, "mm_secs": 72.83342242240906, "p_minorminer": null, "instance": 1}
  zephyr4     416    518   0.90    1.25   0.10      200    0.000    0.000        -
{"host": "zephyr4", "qubits": 576, "vars": 416, "witness_qubits": 518, "realised_fill": 0.8993055555555556, "mean_chain": 1.2451923076923077, "field_rate": 0.1, "sweeps": 2000, "reads": 512, "p_registered": 0.0, "p_by_strength": [0.0, 0.0, 0.0, 0.0], "p_best": 0.0, "mm_valid": false, "mm_qubits": null, "mm_secs": 72.83342242240906, "p_minorminer": null, "instance": 1}
  zephyr4     416    518   0.90    1.25   0.10     2000    0.000    0.000        -
{"host": "zephyr4", "qubits": 576, "vars": 416, "witness_qubits": 518, "realised_fill": 0.8993055555555556, "mean_chain": 1.2451923076923077, "field_rate": 0.25, "sweeps": 200, "reads": 512, "p_registered": 0.0, "p_by_strength": [0.0, 0.0, 0.0, 0.0], "p_best": 0.0, "mm_valid": false, "mm_qubits": null, "mm_secs": 67.87911438941956, "p_minorminer": null, "instance": 1}
  zephyr4     416    518   0.90    1.25   0.25      200    0.000    0.000        -
{"host": "zephyr4", "qubits": 576, "vars": 416, "witness_qubits": 518, "realised_fill": 0.8993055555555556, "mean_chain": 1.2451923076923077, "field_rate": 0.25, "sweeps": 2000, "reads": 512, "p_registered": 0.0, "p_by_strength": [0.0, 0.0, 0.0, 0.0], "p_best": 0.0, "mm_valid": false, "mm_qubits": null, "mm_secs": 67.87911438941956, "p_minorminer": null, "instance": 1}
  zephyr4     416    518   0.90    1.25   0.25     2000    0.000    0.000        -
{"host": "zephyr4", "qubits": 576, "vars": 416, "witness_qubits": 518, "realised_fill": 0.8993055555555556, "mean_chain": 1.2451923076923077, "field_rate": 0.5, "sweeps": 200, "reads": 512, "p_registered": 0.0, "p_by_strength": [0.0, 0.0, 0.0, 0.0], "p_best": 0.0, "mm_valid": false, "mm_qubits": null, "mm_secs": 57.13130187988281, "p_minorminer": null, "instance": 1}
  zephyr4     416    518   0.90    1.25   0.50      200    0.000    0.000        -
{"host": "zephyr4", "qubits": 576, "vars": 416, "witness_qubits": 518, "realised_fill": 0.8993055555555556, "mean_chain": 1.2451923076923077, "field_rate": 0.5, "sweeps": 2000, "reads": 512, "p_registered": 0.0, "p_by_strength": [0.0, 0.0, 0.0, 0.0], "p_best": 0.0, "mm_valid": false, "mm_qubits": null, "mm_secs": 57.13130187988281, "p_minorminer": null, "instance": 1}
  zephyr4     416    518   0.90    1.25   0.50     2000    0.000    0.000        -
{"host": "zephyr4", "qubits": 576, "vars": 404, "witness_qubits": 518, "realised_fill": 0.8993055555555556, "mean_chain": 1.2821782178217822, "field_rate": 0.1, "sweeps": 200, "reads": 512, "p_registered": 0.0, "p_by_strength": [0.0, 0.0, 0.0, 0.0], "p_best": 0.0, "mm_valid": false, "mm_qubits": null, "mm_secs": 63.26164102554321, "p_minorminer": null, "instance": 2}
  zephyr4     404    518   0.90    1.28   0.10      200    0.000    0.000        -
{"host": "zephyr4", "qubits": 576, "vars": 404, "witness_qubits": 518, "realised_fill": 0.8993055555555556, "mean_chain": 1.2821782178217822, "field_rate": 0.1, "sweeps": 2000, "reads": 512, "p_registered": 0.0, "p_by_strength": [0.0, 0.0, 0.0, 0.0], "p_best": 0.0, "mm_valid": false, "mm_qubits": null, "mm_secs": 63.26164102554321, "p_minorminer": null, "instance": 2}
  zephyr4     404    518   0.90    1.28   0.10     2000    0.000    0.000        -
{"host": "zephyr4", "qubits": 576, "vars": 404, "witness_qubits": 518, "realised_fill": 0.8993055555555556, "mean_chain": 1.2821782178217822, "field_rate": 0.25, "sweeps": 200, "reads": 512, "p_registered": 0.0, "p_by_strength": [0.0, 0.0, 0.0, 0.0], "p_best": 0.0, "mm_valid": false, "mm_qubits": null, "mm_secs": 57.397313833236694, "p_minorminer": null, "instance": 2}
  zephyr4     404    518   0.90    1.28   0.25      200    0.000    0.000        -
{"host": "zephyr4", "qubits": 576, "vars": 404, "witness_qubits": 518, "realised_fill": 0.8993055555555556, "mean_chain": 1.2821782178217822, "field_rate": 0.25, "sweeps": 2000, "reads": 512, "p_registered": 0.0, "p_by_strength": [0.0, 0.0, 0.0, 0.0], "p_best": 0.0, "mm_valid": false, "mm_qubits": null, "mm_secs": 57.397313833236694, "p_minorminer": null, "instance": 2}
  zephyr4     404    518   0.90    1.28   0.25     2000    0.000    0.000        -
{"host": "zephyr4", "qubits": 576, "vars": 404, "witness_qubits": 518, "realised_fill": 0.8993055555555556, "mean_chain": 1.2821782178217822, "field_rate": 0.5, "sweeps": 200, "reads": 512, "p_registered": 0.0, "p_by_strength": [0.0, 0.0, 0.0, 0.0], "p_best": 0.0, "mm_valid": false, "mm_qubits": null, "mm_secs": 56.924598932266235, "p_minorminer": null, "instance": 2}
  zephyr4     404    518   0.90    1.28   0.50      200    0.000    0.000        -
