{"probe": "solvability_frontier", "host": "zephyr", "sizes": [1], "fill": 0.9, "sweeps": [200, 2000, 20000], "reads": 512, "field_rates": [0.0], "instances": 3}
  host       vars qubits   fill   chain  field   sweeps    p_reg   p_best     p_mm
{"host": "zephyr1", "qubits": 48, "vars": 36, "witness_qubits": 43, "realised_fill": 0.8958333333333334, "mean_chain": 1.1944444444444444, "field_rate": 0.0, "sweeps": 200, "reads": 512, "p_registered": 0.107421875, "p_by_strength": [0.04296875, 0.107421875, 0.287109375, 0.087890625], "p_best": 0.287109375, "mm_valid": false, "mm_qubits": null, "mm_secs": 0.19533610343933105, "p_minorminer": null, "instance": 1}
  zephyr1      36     43   0.90    1.19   0.00      200    0.107    0.287        -
{"host": "zephyr1", "qubits": 48, "vars": 36, "witness_qubits": 43, "realised_fill": 0.8958333333333334, "mean_chain": 1.1944444444444444, "field_rate": 0.0, "sweeps": 2000, "reads": 512, "p_registered": 0.11328125, "p_by_strength": [0.0390625, 0.11328125, 0.380859375, 0.158203125], "p_best": 0.380859375, "mm_valid": false, "mm_qubits": null, "mm_secs": 0.19533610343933105, "p_minorminer": null, "instance": 1}
  zephyr1      36     43   0.90    1.19   0.00     2000    0.113    0.381        -
{"host": "zephyr1", "qubits": 48, "vars": 36, "witness_qubits": 43, "realised_fill": 0.8958333333333334, "mean_chain": 1.1944444444444444, "field_rate": 0.0, "sweeps": 20000, "reads": 512, "p_registered": 0.1640625, "p_by_strength": [0.05078125, 0.1640625, 0.4375, 0.13671875], "p_best": 0.4375, "mm_valid": false, "mm_qubits": null, "mm_secs": 0.19533610343933105, "p_minorminer": null, "instance": 1}
  zephyr1      36     43   0.90    1.19   0.00    20000    0.164    0.438        -
{"host": "zephyr1", "qubits": 48, "vars": 39, "witness_qubits": 43, "realised_fill": 0.8958333333333334, "mean_chain": 1.1025641025641026, "field_rate": 0.0, "sweeps": 200, "reads": 512, "p_registered": 0.1328125, "p_by_strength": [0.052734375, 0.1328125, 0.25, 0.123046875], "p_best": 0.25, "mm_valid": false, "mm_qubits": null, "mm_secs": 0.15992975234985352, "p_minorminer": null, "instance": 2}
  zephyr1      39     43   0.90    1.10   0.00      200    0.133    0.250        -
{"host": "zephyr1", "qubits": 48, "vars": 39, "witness_qubits": 43, "realised_fill": 0.8958333333333334, "mean_chain": 1.1025641025641026, "field_rate": 0.0, "sweeps": 2000, "reads": 512, "p_registered": 0.087890625, "p_by_strength": [0.046875, 0.087890625, 0.314453125, 0.11328125], "p_best": 0.314453125, "mm_valid": false, "mm_qubits": null, "mm_secs": 0.15992975234985352, "p_minorminer": null, "instance": 2}
  zephyr1      39     43   0.90    1.10   0.00     2000    0.088    0.314        -
{"host": "zephyr1", "qubits": 48, "vars": 39, "witness_qubits": 43, "realised_fill": 0.8958333333333334, "mean_chain": 1.1025641025641026, "field_rate": 0.0, "sweeps": 20000, "reads": 512, "p_registered": 0.1171875, "p_by_strength": [0.017578125, 0.1171875, 0.34765625, 0.140625], "p_best": 0.34765625, "mm_valid": false, "mm_qubits": null, "mm_secs": 0.15992975234985352, "p_minorminer": null, "instance": 2}
  zephyr1      39     43   0.90    1.10   0.00    20000    0.117    0.348        -
{"host": "zephyr1", "qubits": 48, "vars": 30, "witness_qubits": 43, "realised_fill": 0.8958333333333334, "mean_chain": 1.4333333333333333, "field_rate": 0.0, "sweeps": 200, "reads": 512, "p_registered": 0.43359375, "p_by_strength": [0.46875, 0.43359375, 0.466796875, 0.171875], "p_best": 0.46875, "mm_valid": true, "mm_qubits": 46, "mm_secs": 0.016880035400390625, "p_minorminer": 0.5625, "instance": 3}
  zephyr1      30     43   0.90    1.43   0.00      200    0.434    0.469    0.562
{"host": "zephyr1", "qubits": 48, "vars": 30, "witness_qubits": 43, "realised_fill": 0.8958333333333334, "mean_chain": 1.4333333333333333, "field_rate": 0.0, "sweeps": 2000, "reads": 512, "p_registered": 0.41796875, "p_by_strength": [0.474609375, 0.41796875, 0.55078125, 0.212890625], "p_best": 0.55078125, "mm_valid": true, "mm_qubits": 46, "mm_secs": 0.016880035400390625, "p_minorminer": 0.54296875, "instance": 3}
  zephyr1      30     43   0.90    1.43   0.00     2000    0.418    0.551    0.543
{"host": "zephyr1", "qubits": 48, "vars": 30, "witness_qubits": 43, "realised_fill": 0.8958333333333334, "mean_chain": 1.4333333333333333, "field_rate": 0.0, "sweeps": 20000, "reads": 512, "p_registered": 0.41796875, "p_by_strength": [0.455078125, 0.41796875, 0.517578125, 0.208984375], "p_best": 0.517578125, "mm_valid": true, "mm_qubits": 46, "mm_secs": 0.016880035400390625, "p_minorminer": 0.5859375, "instance": 3}
  zephyr1      30     43   0.90    1.43   0.00    20000    0.418    0.518    0.586
SOLVABILITY FRONTIER DONE
