{"probe": "solvability_frontier", "host": "zephyr", "sizes": [3], "fill": 0.9, "sweeps": [200, 2000], "reads": 512, "field_rates": [0.1, 0.25, 0.5], "instances": 2}
  host       vars qubits   fill   chain  field   sweeps    p_reg   p_best     p_mm
{"host": "zephyr3", "qubits": 336, "vars": 248, "witness_qubits": 302, "realised_fill": 0.8988095238095238, "mean_chain": 1.217741935483871, "field_rate": 0.1, "sweeps": 200, "reads": 512, "p_registered": 0.0, "p_by_strength": [0.0, 0.0, 0.0, 0.0], "p_best": 0.0, "mm_valid": false, "mm_qubits": null, "mm_secs": 15.975544214248657, "p_minorminer": null, "instance": 1}
  zephyr3     248    302   0.90    1.22   0.10      200    0.000    0.000        -
{"host": "zephyr3", "qubits": 336, "vars": 248, "witness_qubits": 302, "realised_fill": 0.8988095238095238, "mean_chain": 1.217741935483871, "field_rate": 0.1, "sweeps": 2000, "reads": 512, "p_registered": 0.0, "p_by_strength": [0.0, 0.0, 0.0, 0.0], "p_best": 0.0, "mm_valid": false, "mm_qubits": null, "mm_secs": 15.975544214248657, "p_minorminer": null, "instance": 1}
  zephyr3     248    302   0.90    1.22   0.10     2000    0.000    0.000        -
{"host": "zephyr3", "qubits": 336, "vars": 248, "witness_qubits": 302, "realised_fill": 0.8988095238095238, "mean_chain": 1.217741935483871, "field_rate": 0.25, "sweeps": 200, "reads": 512, "p_registered": 0.0, "p_by_strength": [0.0, 0.0, 0.0, 0.0], "p_best": 0.0, "mm_valid": false, "mm_qubits": null, "mm_secs": 15.385510206222534, "p_minorminer": null, "instance": 1}
  zephyr3     248    302   0.90    1.22   0.25      200    0.000    0.000        -
{"host": "zephyr3", "qubits": 336, "vars": 248, "witness_qubits": 302, "realised_fill": 0.8988095238095238, "mean_chain": 1.217741935483871, "field_rate": 0.25, "sweeps": 2000, "reads": 512, "p_registered": 0.0, "p_by_strength": [0.0, 0.0, 0.0, 0.0], "p_best": 0.0, "mm_valid": false, "mm_qubits": null, "mm_secs": 15.385510206222534, "p_minorminer": null, "instance": 1}
  zephyr3     248    302   0.90    1.22   0.25     2000    0.000    0.000        -
{"host": "zephyr3", "qubits": 336, "vars": 248, "witness_qubits": 302, "realised_fill": 0.8988095238095238, "mean_chain": 1.217741935483871, "field_rate": 0.5, "sweeps": 200, "reads": 512, "p_registered": 0.0, "p_by_strength": [0.0, 0.0, 0.0, 0.0], "p_best": 0.0, "mm_valid": false, "mm_qubits": null, "mm_secs": 16.264631986618042, "p_minorminer": null, "instance": 1}
  zephyr3     248    302   0.90    1.22   0.50      200    0.000    0.000        -
{"host": "zephyr3", "qubits": 336, "vars": 248, "witness_qubits": 302, "realised_fill": 0.8988095238095238, "mean_chain": 1.217741935483871, "field_rate": 0.5, "sweeps": 2000, "reads": 512, "p_registered": 0.0, "p_by_strength": [0.0, 0.0, 0.0, 0.0], "p_best": 0.0, "mm_valid": false, "mm_qubits": null, "mm_secs": 16.264631986618042, "p_minorminer": null, "instance": 1}
  zephyr3     248    302   0.90    1.22   0.50     2000    0.000    0.000        -
{"host": "zephyr3", "qubits": 336, "vars": 255, "witness_qubits": 302, "realised_fill": 0.8988095238095238, "mean_chain": 1.184313725490196, "field_rate": 0.1, "sweeps": 200, "reads": 512, "p_registered": 0.0, "p_by_strength": [0.0, 0.0, 0.0, 0.0], "p_best": 0.0, "mm_valid": false, "mm_qubits": null, "mm_secs": 19.179608821868896, "p_minorminer": null, "instance": 2}
  zephyr3     255    302   0.90    1.18   0.10      200    0.000    0.000        -
{"host": "zephyr3", "qubits": 336, "vars": 255, "witness_qubits": 302, "realised_fill": 0.8988095238095238, "mean_chain": 1.184313725490196, "field_rate": 0.1, "sweeps": 2000, "reads": 512, "p_registered": 0.0, "p_by_strength": [0.0, 0.0, 0.0, 0.0], "p_best": 0.0, "mm_valid": false, "mm_qubits": null, "mm_secs": 19.179608821868896, "p_minorminer": null, "instance": 2}
  zephyr3     255    302   0.90    1.18   0.10     2000    0.000    0.000        -
{"host": "zephyr3", "qubits": 336, "vars": 255, "witness_qubits": 302, "realised_fill": 0.8988095238095238, "mean_chain": 1.184313725490196, "field_rate": 0.25, "sweeps": 200, "reads": 512, "p_registered": 0.0, "p_by_strength": [0.0, 0.0, 0.0, 0.0], "p_best": 0.0, "mm_valid": false, "mm_qubits": null, "mm_secs": 18.871997833251953, "p_minorminer": null, "instance": 2}
  zephyr3     255    302   0.90    1.18   0.25      200    0.000    0.000        -
{"host": "zephyr3", "qubits": 336, "vars": 255, "witness_qubits": 302, "realised_fill": 0.8988095238095238, "mean_chain": 1.184313725490196, "field_rate": 0.25, "sweeps": 2000, "reads": 512, "p_registered": 0.0, "p_by_strength": [0.0, 0.0, 0.0, 0.0], "p_best": 0.0, "mm_valid": false, "mm_qubits": null, "mm_secs": 18.871997833251953, "p_minorminer": null, "instance": 2}
  zephyr3     255    302   0.90    1.18   0.25     2000    0.000    0.000        -
{"host": "zephyr3", "qubits": 336, "vars": 255, "witness_qubits": 302, "realised_fill": 0.8988095238095238, "mean_chain": 1.184313725490196, "field_rate": 0.5, "sweeps": 200, "reads": 512, "p_registered": 0.0, "p_by_strength": [0.0, 0.0, 0.001953125, 0.0], "p_best": 0.001953125, "mm_valid": false, "mm_qubits": null, "mm_secs": 18.515640020370483, "p_minorminer": null, "instance": 2}
  zephyr3     255    302   0.90    1.18   0.50      200    0.000    0.002        -
{"host": "zephyr3", "qubits": 336, "vars": 255, "witness_qubits": 302, "realised_fill": 0.8988095238095238, "mean_chain": 1.184313725490196, "field_rate": 0.5, "sweeps": 2000, "reads": 512, "p_registered": 0.0, "p_by_strength": [0.0, 0.0, 0.00390625, 0.0], "p_best": 0.00390625, "mm_valid": false, "mm_qubits": null, "mm_secs": 18.515640020370483, "p_minorminer": null, "instance": 2}
  zephyr3     255    302   0.90    1.18   0.50     2000    0.000    0.004        -
SOLVABILITY FRONTIER DONE
