{"corpus": "runs/fill/pegasus6/corpus", "instances": 48, "qubits": 680}
    1/48 pegasus6-fill80-a3.0-0
    2/48 pegasus6-fill80-a3.0-1
    3/48 pegasus6-fill80-a3.0-2
    4/48 pegasus6-fill80-a3.0-3
    5/48 pegasus6-fill80-a3.0-4
    6/48 pegasus6-fill80-a3.0-5
    7/48 pegasus6-fill80-a2.0-0
    8/48 pegasus6-fill80-a2.0-1
    9/48 pegasus6-fill80-a2.0-2
   10/48 pegasus6-fill80-a2.0-3
   11/48 pegasus6-fill80-a2.0-4
   12/48 pegasus6-fill80-a2.0-5
   13/48 pegasus6-fill85-a3.0-0
   14/48 pegasus6-fill85-a3.0-1
   15/48 pegasus6-fill85-a3.0-2
   16/48 pegasus6-fill85-a3.0-3
   17/48 pegasus6-fill85-a3.0-4
   18/48 pegasus6-fill85-a3.0-5
   19/48 pegasus6-fill85-a2.0-0
   20/48 pegasus6-fill85-a2.0-1
   21/48 pegasus6-fill85-a2.0-2
   22/48 pegasus6-fill85-a2.0-3
   23/48 pegasus6-fill85-a2.0-4
   24/48 pegasus6-fill85-a2.0-5
   25/48 pegasus6-fill90-a3.0-0
   26/48 pegasus6-fill90-a3.0-1
   27/48 pegasus6-fill90-a3.0-2
   28/48 pegasus6-fill90-a3.0-3
   29/48 pegasus6-fill90-a3.0-4
   30/48 pegasus6-fill90-a3.0-5
   31/48 pegasus6-fill90-a2.0-0
   32/48 pegasus6-fill90-a2.0-1
   33/48 pegasus6-fill90-a2.0-2
   34/48 pegasus6-fill90-a2.0-3
   35/48 pegasus6-fill90-a2.0-4
   36/48 pegasus6-fill90-a2.0-5
   37/48 pegasus6-fill95-a3.0-0
   38/48 pegasus6-fill95-a3.0-1
   39/48 pegasus6-fill95-a3.0-2
   40/48 pegasus6-fill95-a3.0-3
   41/48 pegasus6-fill95-a3.0-4
   42/48 pegasus6-fill95-a3.0-5
   43/48 pegasus6-fill95-a2.0-0
   44/48 pegasus6-fill95-a2.0-1
   45/48 pegasus6-fill95-a2.0-2
   46/48 pegasus6-fill95-a2.0-3
   47/48 pegasus6-fill95-a2.0-4
   48/48 pegasus6-fill95-a2.0-5

  cell               n    witness  mm valid    mm best  witness res  mm best res
  fill80-a2.0        6     0.0000      0.83     0.0000        0.146        0.178
  fill80-a3.0        6     0.0000      0.00          -        0.104            -
  fill85-a2.0        6     0.0000      0.00          -        0.140            -
  fill85-a3.0        6     0.0000      0.00          -        0.100            -
  fill90-a2.0        6     0.0000      0.00          -        0.142            -
  fill90-a3.0        6     0.0000      0.00          -        0.102            -
  fill95-a2.0        6     0.0000      0.00          -        0.135            -
  fill95-a3.0        6     0.0000      0.00          -        0.113            -

  paired, witness minus minorminer best, on instances where both exist
  cell               n      solve probability        energy residual
  fill80-a2.0        5 +0.0000 [+0.0000, +0.0000] -0.0316 [-0.0471, -0.0166]
Traceback (most recent call last):
  File "/home/nguyencongt/prj_IsingFold/probes/witness_quality.py", line 122, in <module>
    raise SystemExit(main())
                     ^^^^^^
  File "/home/nguyencongt/prj_IsingFold/probes/witness_quality.py", line 116, in main
    print("  schedule: %s" % (str(ctx.beta_range) if ctx.beta_range is not None else "auto",))
          ^^^^^^^^^^^^^^^^^^^^^^^^^^^^^^^^^^^^^^^^^^^^^^^^^^^^^^^^^^^^^^^^^^^^^^^^^^^^^
TypeError: not all arguments converted during string formatting
