{"corpus": "runs/fill/pegasus6/corpus", "instances": 48, "qubits": 680, "tries_per_call": 10, "deadlines": [30.0, 60.0, 120.0, 300.0]}
    1/48 pegasus6-fill80-a3.0-0   none within 300s attempts 4
    2/48 pegasus6-fill80-a3.0-1   none within 300s attempts 4
    3/48 pegasus6-fill80-a3.0-2   none within 300s attempts 4
    4/48 pegasus6-fill80-a3.0-3   none within 300s attempts 5
    5/48 pegasus6-fill80-a3.0-4   none within 300s attempts 5
    6/48 pegasus6-fill80-a3.0-5   none within 300s attempts 4
    7/48 pegasus6-fill80-a2.0-0   valid at 6s attempts 1
    8/48 pegasus6-fill80-a2.0-1   valid at 208s attempts 3
    9/48 pegasus6-fill80-a2.0-2   valid at 99s attempts 1
   10/48 pegasus6-fill80-a2.0-3   valid at 73s attempts 1
   11/48 pegasus6-fill80-a2.0-4   valid at 155s attempts 2
   12/48 pegasus6-fill80-a2.0-5   valid at 222s attempts 3
   13/48 pegasus6-fill85-a3.0-0   none within 300s attempts 4
   14/48 pegasus6-fill85-a3.0-1   none within 300s attempts 3
   15/48 pegasus6-fill85-a3.0-2   none within 300s attempts 2
   16/48 pegasus6-fill85-a3.0-3   none within 300s attempts 2
   17/48 pegasus6-fill85-a3.0-4   none within 300s attempts 2
   18/48 pegasus6-fill85-a3.0-5   none within 300s attempts 2
   19/48 pegasus6-fill85-a2.0-0   none within 300s attempts 2
   20/48 pegasus6-fill85-a2.0-1   none within 300s attempts 2
   21/48 pegasus6-fill85-a2.0-2   none within 300s attempts 2
   22/48 pegasus6-fill85-a2.0-3   none within 300s attempts 3
   23/48 pegasus6-fill85-a2.0-4   none within 300s attempts 2
   24/48 pegasus6-fill85-a2.0-5   none within 300s attempts 3
   25/48 pegasus6-fill90-a3.0-0   none within 300s attempts 2
   26/48 pegasus6-fill90-a3.0-1   none within 300s attempts 2
   27/48 pegasus6-fill90-a3.0-2   none within 300s attempts 2
   28/48 pegasus6-fill90-a3.0-3   none within 300s attempts 2
   29/48 pegasus6-fill90-a3.0-4   none within 300s attempts 2
   30/48 pegasus6-fill90-a3.0-5   none within 300s attempts 2
   31/48 pegasus6-fill90-a2.0-0   none within 300s attempts 2
   32/48 pegasus6-fill90-a2.0-1   none within 300s attempts 2
   33/48 pegasus6-fill90-a2.0-2   none within 300s attempts 2
   34/48 pegasus6-fill90-a2.0-3   none within 300s attempts 2
   35/48 pegasus6-fill90-a2.0-4   none within 300s attempts 2
   36/48 pegasus6-fill90-a2.0-5   none within 300s attempts 2
   37/48 pegasus6-fill95-a3.0-0   none within 300s attempts 2
   38/48 pegasus6-fill95-a3.0-1   none within 300s attempts 2
   39/48 pegasus6-fill95-a3.0-2   none within 300s attempts 2
   40/48 pegasus6-fill95-a3.0-3   none within 300s attempts 2
   41/48 pegasus6-fill95-a3.0-4   none within 300s attempts 3
   42/48 pegasus6-fill95-a3.0-5   none within 300s attempts 3
   43/48 pegasus6-fill95-a2.0-0   none within 300s attempts 3
   44/48 pegasus6-fill95-a2.0-1   none within 300s attempts 9
   45/48 pegasus6-fill95-a2.0-2   none within 300s attempts 3
   46/48 pegasus6-fill95-a2.0-3   none within 300s attempts 3
   47/48 pegasus6-fill95-a2.0-4   none within 300s attempts 2
   48/48 pegasus6-fill95-a2.0-5   none within 300s attempts 2

  cell               n   <=30s   <=60s  <=120s  <=300s  attempts   mmfill
  fill80-a2.0        6    0.17    0.17    0.50    1.00       1.8     0.85
  fill80-a3.0        6    0.00    0.00    0.00    0.00       4.3        -
  fill85-a2.0        6    0.00    0.00    0.00    0.00       2.3        -
  fill85-a3.0        6    0.00    0.00    0.00    0.00       2.5        -
  fill90-a2.0        6    0.00    0.00    0.00    0.00       2.0        -
  fill90-a3.0        6    0.00    0.00    0.00    0.00       2.0        -
  fill95-a2.0        6    0.00    0.00    0.00    0.00       3.7        -
  fill95-a3.0        6    0.00    0.00    0.00    0.00       2.3        -

  Validity at each deadline is the fraction of instances whose first valid embedding
  arrived within it; every attempt, including failures, is counted in wall time.

ANYTIME BASELINE DONE
