{"corpus": "runs/fill/pegasus6/corpus", "instances": 48}
    1/48 pegasus6-fill80-a3.0-0     stuck   steps    69    31.6s  placed 0.15
    2/48 pegasus6-fill80-a3.0-1     stuck   steps     0     0.0s  placed 0.00
    3/48 pegasus6-fill80-a3.0-2     stuck   steps     2     0.7s  placed 0.00
    4/48 pegasus6-fill80-a3.0-3     stuck   steps     0     0.0s  placed 0.00
    5/48 pegasus6-fill80-a3.0-4     stuck   steps    56    25.2s  placed 0.11
    6/48 pegasus6-fill80-a3.0-5     stuck   steps     0     0.0s  placed 0.00
    7/48 pegasus6-fill80-a2.0-0     stuck   steps    10     2.9s  placed 0.03
    8/48 pegasus6-fill80-a2.0-1     stuck   steps     0     0.0s  placed 0.00
    9/48 pegasus6-fill80-a2.0-2     stuck   steps     0     0.0s  placed 0.00
   10/48 pegasus6-fill80-a2.0-3     stuck   steps     0     0.0s  placed 0.00
   11/48 pegasus6-fill80-a2.0-4     stuck   steps     0     0.0s  placed 0.00
   12/48 pegasus6-fill80-a2.0-5     stuck   steps     3     0.9s  placed 0.01
   13/48 pegasus6-fill85-a3.0-0     stuck   steps     0     0.0s  placed 0.00
   14/48 pegasus6-fill85-a3.0-1     stuck   steps    79    38.8s  placed 0.15
   15/48 pegasus6-fill85-a3.0-2     stuck   steps     1     0.5s  placed 0.00
   16/48 pegasus6-fill85-a3.0-3     stuck   steps     0     0.0s  placed 0.00
   17/48 pegasus6-fill85-a3.0-4     stuck   steps     1     0.5s  placed 0.00
   18/48 pegasus6-fill85-a3.0-5     stuck   steps     0     0.0s  placed 0.00
   19/48 pegasus6-fill85-a2.0-0     stuck   steps     0     0.0s  placed 0.00
   20/48 pegasus6-fill85-a2.0-1     stuck   steps     4     1.2s  placed 0.01
   21/48 pegasus6-fill85-a2.0-2     stuck   steps    23     7.9s  placed 0.07
   22/48 pegasus6-fill85-a2.0-3     stuck   steps     0     0.0s  placed 0.00
   23/48 pegasus6-fill85-a2.0-4     stuck   steps     0     0.0s  placed 0.00
   24/48 pegasus6-fill85-a2.0-5     stuck   steps     0     0.0s  placed 0.00
   25/48 pegasus6-fill90-a3.0-0     stuck   steps     1     0.4s  placed 0.00
   26/48 pegasus6-fill90-a3.0-1     stuck   steps   100    53.4s  placed 0.17
   27/48 pegasus6-fill90-a3.0-2     stuck   steps    80    39.8s  placed 0.15
   28/48 pegasus6-fill90-a3.0-3     stuck   steps   121    68.4s  placed 0.22
   29/48 pegasus6-fill90-a3.0-4     stuck   steps     3     1.2s  placed 0.01
   30/48 pegasus6-fill90-a3.0-5     stuck   steps     0     0.0s  placed 0.00
   31/48 pegasus6-fill90-a2.0-0     stuck   steps     0     0.0s  placed 0.00
   32/48 pegasus6-fill90-a2.0-1     stuck   steps     0     0.0s  placed 0.00
   33/48 pegasus6-fill90-a2.0-2     stuck   steps     0     0.0s  placed 0.00
   34/48 pegasus6-fill90-a2.0-3     stuck   steps     1     0.3s  placed 0.00
   35/48 pegasus6-fill90-a2.0-4     stuck   steps    43    17.8s  placed 0.09
   36/48 pegasus6-fill90-a2.0-5     stuck   steps     0     0.0s  placed 0.00
   37/48 pegasus6-fill95-a3.0-0     stuck   steps     0     0.0s  placed 0.00
   38/48 pegasus6-fill95-a3.0-1     stuck   steps     4     1.8s  placed 0.01
   39/48 pegasus6-fill95-a3.0-2     stuck   steps     0     0.0s  placed 0.00
   40/48 pegasus6-fill95-a3.0-3     stuck   steps     0     0.0s  placed 0.00
   41/48 pegasus6-fill95-a3.0-4     stuck   steps   215   135.5s  placed 0.35
   42/48 pegasus6-fill95-a3.0-5     stuck   steps    14     6.5s  placed 0.02
   43/48 pegasus6-fill95-a2.0-0     stuck   steps     0     0.0s  placed 0.00
   44/48 pegasus6-fill95-a2.0-1     stuck   steps   129    64.1s  placed 0.23
   45/48 pegasus6-fill95-a2.0-2     stuck   steps     1     0.4s  placed 0.00
   46/48 pegasus6-fill95-a2.0-3     stuck   steps     0     0.0s  placed 0.00
   47/48 pegasus6-fill95-a2.0-4     stuck   steps     3     1.1s  placed 0.01
   48/48 pegasus6-fill95-a2.0-5     stuck   steps     0     0.0s  placed 0.00

  cell               n  reached    steps     secs stops
  fill80-a2.0        6     0.00        2      0.6 {'stuck': 6}
  fill80-a3.0        6     0.00       21      9.6 {'stuck': 6}
  fill85-a2.0        6     0.00        4      1.5 {'stuck': 6}
  fill85-a3.0        6     0.00       14      6.6 {'stuck': 6}
  fill90-a2.0        6     0.00        7      3.0 {'stuck': 6}
  fill90-a3.0        6     0.00       51     27.2 {'stuck': 6}
  fill95-a2.0        6     0.00       22     10.9 {'stuck': 6}
  fill95-a3.0        6     0.00       39     24.0 {'stuck': 6}

WITNESS REPLAY DONE
