{"corpus": "runs/fill/zephyr4/corpus", "instances": 48, "qubits": 576, "tries_per_call": 10, "deadlines": [300.0, 600.0]}
    1/48 zephyr4-fill80-a3.0-0    none within 600s attempts 7
    2/48 zephyr4-fill80-a3.0-1    none within 600s attempts 7
    3/48 zephyr4-fill80-a3.0-2    none within 600s attempts 7
    4/48 zephyr4-fill80-a3.0-3    none within 600s attempts 7
    5/48 zephyr4-fill80-a3.0-4    none within 600s attempts 7
    6/48 zephyr4-fill80-a3.0-5    none within 600s attempts 7
    7/48 zephyr4-fill80-a2.0-0    valid at 14s attempts 1
    8/48 zephyr4-fill80-a2.0-1    valid at 6s attempts 1
    9/48 zephyr4-fill80-a2.0-2    valid at 41s attempts 1
   10/48 zephyr4-fill80-a2.0-3    valid at 151s attempts 2
   11/48 zephyr4-fill80-a2.0-4    valid at 3s attempts 1
   12/48 zephyr4-fill80-a2.0-5    valid at 6s attempts 1
   13/48 zephyr4-fill85-a3.0-0    none within 600s attempts 7
   14/48 zephyr4-fill85-a3.0-1    none within 600s attempts 7
   15/48 zephyr4-fill85-a3.0-2    none within 600s attempts 7
   16/48 zephyr4-fill85-a3.0-3    none within 600s attempts 7
   17/48 zephyr4-fill85-a3.0-4    none within 600s attempts 7
   18/48 zephyr4-fill85-a3.0-5    none within 600s attempts 7
   19/48 zephyr4-fill85-a2.0-0    valid at 21s attempts 1
   20/48 zephyr4-fill85-a2.0-1    none within 600s attempts 7
   21/48 zephyr4-fill85-a2.0-2    valid at 61s attempts 1
   22/48 zephyr4-fill85-a2.0-3    valid at 16s attempts 1
   23/48 zephyr4-fill85-a2.0-4    valid at 38s attempts 1
   24/48 zephyr4-fill85-a2.0-5    valid at 102s attempts 2
   25/48 zephyr4-fill90-a3.0-0    none within 600s attempts 7
   26/48 zephyr4-fill90-a3.0-1    none within 600s attempts 6
   27/48 zephyr4-fill90-a3.0-2    none within 600s attempts 6
   28/48 zephyr4-fill90-a3.0-3    none within 600s attempts 6
   29/48 zephyr4-fill90-a3.0-4    none within 600s attempts 6
   30/48 zephyr4-fill90-a3.0-5    none within 600s attempts 7
   31/48 zephyr4-fill90-a2.0-0    none within 600s attempts 7
   32/48 zephyr4-fill90-a2.0-1    none within 600s attempts 8
   33/48 zephyr4-fill90-a2.0-2    none within 600s attempts 7
   34/48 zephyr4-fill90-a2.0-3    none within 600s attempts 7
   35/48 zephyr4-fill90-a2.0-4    valid at 63s attempts 1
   36/48 zephyr4-fill90-a2.0-5    valid at 63s attempts 1
   37/48 zephyr4-fill95-a3.0-0    none within 600s attempts 6
   38/48 zephyr4-fill95-a3.0-1    none within 600s attempts 6
   39/48 zephyr4-fill95-a3.0-2    none within 600s attempts 7
   40/48 zephyr4-fill95-a3.0-3    none within 600s attempts 6
   41/48 zephyr4-fill95-a3.0-4    none within 600s attempts 6
   42/48 zephyr4-fill95-a3.0-5    none within 600s attempts 6
   43/48 zephyr4-fill95-a2.0-0    none within 600s attempts 7
   44/48 zephyr4-fill95-a2.0-1    none within 600s attempts 7
   45/48 zephyr4-fill95-a2.0-2    none within 600s attempts 7
   46/48 zephyr4-fill95-a2.0-3    none within 600s attempts 7
   47/48 zephyr4-fill95-a2.0-4    none within 600s attempts 7
   48/48 zephyr4-fill95-a2.0-5    none within 600s attempts 8

  cell               n  <=300s  <=600s  attempts   mmfill
  fill80-a2.0        6    1.00    1.00       1.2     0.82
  fill80-a3.0        6    0.00    0.00       7.0        -
  fill85-a2.0        6    0.83    0.83       2.2     0.84
  fill85-a3.0        6    0.00    0.00       7.0        -
  fill90-a2.0        6    0.33    0.33       5.2     0.85
  fill90-a3.0        6    0.00    0.00       6.3        -
  fill95-a2.0        6    0.00    0.00       7.2        -
  fill95-a3.0        6    0.00    0.00       6.2        -

  Validity at each deadline is the fraction of instances whose first valid embedding
  arrived within it; every attempt, including failures, is counted in wall time.

ANYTIME BASELINE DONE
