{"corpus": "runs/fill/zephyr4/corpus", "instances": 48, "qubits": 576, "tries_per_call": 10, "deadlines": [30.0, 60.0, 120.0, 300.0]}
    1/48 zephyr4-fill80-a3.0-0    none within 300s attempts 5
    2/48 zephyr4-fill80-a3.0-1    none within 300s attempts 5
    3/48 zephyr4-fill80-a3.0-2    none within 300s attempts 5
    4/48 zephyr4-fill80-a3.0-3    none within 300s attempts 5
    5/48 zephyr4-fill80-a3.0-4    none within 300s attempts 5
    6/48 zephyr4-fill80-a3.0-5    none within 300s attempts 5
    7/48 zephyr4-fill80-a2.0-0    valid at 2s attempts 1
    8/48 zephyr4-fill80-a2.0-1    valid at 4s attempts 1
    9/48 zephyr4-fill80-a2.0-2    valid at 89s attempts 2
   10/48 zephyr4-fill80-a2.0-3    valid at 16s attempts 1
   11/48 zephyr4-fill80-a2.0-4    valid at 5s attempts 1
   12/48 zephyr4-fill80-a2.0-5    valid at 11s attempts 1
   13/48 zephyr4-fill85-a3.0-0    none within 300s attempts 4
   14/48 zephyr4-fill85-a3.0-1    none within 300s attempts 4
   15/48 zephyr4-fill85-a3.0-2    none within 300s attempts 5
   16/48 zephyr4-fill85-a3.0-3    none within 300s attempts 5
   17/48 zephyr4-fill85-a3.0-4    none within 300s attempts 3
   18/48 zephyr4-fill85-a3.0-5    none within 300s attempts 2
   19/48 zephyr4-fill85-a2.0-0    valid at 249s attempts 2
   20/48 zephyr4-fill85-a2.0-1    none within 300s attempts 2
   21/48 zephyr4-fill85-a2.0-2    valid at 9s attempts 1
   22/48 zephyr4-fill85-a2.0-3    valid at 13s attempts 1
   23/48 zephyr4-fill85-a2.0-4    valid at 77s attempts 1
   24/48 zephyr4-fill85-a2.0-5    valid at 73s attempts 1
   25/48 zephyr4-fill90-a3.0-0    none within 300s attempts 3
   26/48 zephyr4-fill90-a3.0-1    none within 300s attempts 3
   27/48 zephyr4-fill90-a3.0-2    none within 300s attempts 2
   28/48 zephyr4-fill90-a3.0-3    none within 300s attempts 2
   29/48 zephyr4-fill90-a3.0-4    none within 300s attempts 3
   30/48 zephyr4-fill90-a3.0-5    none within 300s attempts 3
   31/48 zephyr4-fill90-a2.0-0    none within 300s attempts 3
   32/48 zephyr4-fill90-a2.0-1    none within 300s attempts 3
   33/48 zephyr4-fill90-a2.0-2    none within 300s attempts 3
   34/48 zephyr4-fill90-a2.0-3    none within 300s attempts 3
   35/48 zephyr4-fill90-a2.0-4    valid at 216s attempts 2
   36/48 zephyr4-fill90-a2.0-5    valid at 109s attempts 1
   37/48 zephyr4-fill95-a3.0-0    none within 300s attempts 2
   38/48 zephyr4-fill95-a3.0-1    none within 300s attempts 2
   39/48 zephyr4-fill95-a3.0-2    none within 300s attempts 2
   40/48 zephyr4-fill95-a3.0-3    none within 300s attempts 2
   41/48 zephyr4-fill95-a3.0-4    none within 300s attempts 2
   42/48 zephyr4-fill95-a3.0-5    none within 300s attempts 2
   43/48 zephyr4-fill95-a2.0-0    none within 300s attempts 3
   44/48 zephyr4-fill95-a2.0-1    none within 300s attempts 3
   45/48 zephyr4-fill95-a2.0-2    none within 300s attempts 3
   46/48 zephyr4-fill95-a2.0-3    none within 300s attempts 3
   47/48 zephyr4-fill95-a2.0-4    none within 300s attempts 3
   48/48 zephyr4-fill95-a2.0-5    none within 300s attempts 3

  cell               n   <=30s   <=60s  <=120s  <=300s  attempts   mmfill
  fill80-a2.0        6    0.83    0.83    1.00    1.00       1.2     0.81
  fill80-a3.0        6    0.00    0.00    0.00    0.00       5.0        -
  fill85-a2.0        6    0.33    0.33    0.67    0.83       1.3     0.84
  fill85-a3.0        6    0.00    0.00    0.00    0.00       3.8        -
  fill90-a2.0        6    0.00    0.00    0.17    0.33       2.5     0.82
  fill90-a3.0        6    0.00    0.00    0.00    0.00       2.7        -
  fill95-a2.0        6    0.00    0.00    0.00    0.00       3.0        -
  fill95-a3.0        6    0.00    0.00    0.00    0.00       2.0        -

  Validity at each deadline is the fraction of instances whose first valid embedding
  arrived within it; every attempt, including failures, is counted in wall time.

ANYTIME BASELINE DONE
