{"corpus": "runs/fill/zephyr4/corpus", "instances": 48}
    1/48 zephyr4-fill80-a3.0-0      stuck   steps     0     0.0s  placed 0.00
    2/48 zephyr4-fill80-a3.0-1      stuck   steps     1     0.3s  placed 0.01
    3/48 zephyr4-fill80-a3.0-2      stuck   steps     1     0.3s  placed 0.01
    4/48 zephyr4-fill80-a3.0-3      stuck   steps     1     0.3s  placed 0.01
    5/48 zephyr4-fill80-a3.0-4      stuck   steps     0     0.0s  placed 0.00
    6/48 zephyr4-fill80-a3.0-5      stuck   steps     0     0.0s  placed 0.00
    7/48 zephyr4-fill80-a2.0-0      stuck   steps     9     2.5s  placed 0.03
    8/48 zephyr4-fill80-a2.0-1      stuck   steps     5     1.2s  placed 0.02
    9/48 zephyr4-fill80-a2.0-2      stuck   steps     0     0.0s  placed 0.00
   10/48 zephyr4-fill80-a2.0-3      stuck   steps     0     0.0s  placed 0.00
   11/48 zephyr4-fill80-a2.0-4      stuck   steps     0     0.0s  placed 0.00
   12/48 zephyr4-fill80-a2.0-5      stuck   steps     8     2.4s  placed 0.03
   13/48 zephyr4-fill85-a3.0-0      stuck   steps     0     0.0s  placed 0.00
   14/48 zephyr4-fill85-a3.0-1      stuck   steps     2     0.9s  placed 0.01
   15/48 zephyr4-fill85-a3.0-2      stuck   steps     0     0.0s  placed 0.00
   16/48 zephyr4-fill85-a3.0-3      stuck   steps    56    24.2s  placed 0.13
   17/48 zephyr4-fill85-a3.0-4      stuck   steps     4     1.4s  placed 0.01
   18/48 zephyr4-fill85-a3.0-5      stuck   steps     0     0.0s  placed 0.00
   19/48 zephyr4-fill85-a2.0-0      stuck   steps    15     4.6s  placed 0.04
   20/48 zephyr4-fill85-a2.0-1      stuck   steps     0     0.0s  placed 0.00
   21/48 zephyr4-fill85-a2.0-2      stuck   steps     5     1.4s  placed 0.02
   22/48 zephyr4-fill85-a2.0-3      stuck   steps     1     0.2s  placed 0.01
   23/48 zephyr4-fill85-a2.0-4      stuck   steps    10     2.8s  placed 0.03
   24/48 zephyr4-fill85-a2.0-5      stuck   steps     1     0.3s  placed 0.01
   25/48 zephyr4-fill90-a3.0-0      stuck   steps     0     0.0s  placed 0.00
   26/48 zephyr4-fill90-a3.0-1      stuck   steps     2     0.8s  placed 0.00
   27/48 zephyr4-fill90-a3.0-2      stuck   steps     2     0.8s  placed 0.01
   28/48 zephyr4-fill90-a3.0-3      stuck   steps     0     0.0s  placed 0.00
   29/48 zephyr4-fill90-a3.0-4      stuck   steps     0     0.0s  placed 0.00
   30/48 zephyr4-fill90-a3.0-5      stuck   steps     9     3.7s  placed 0.02
   31/48 zephyr4-fill90-a2.0-0      stuck   steps     0     0.0s  placed 0.00
   32/48 zephyr4-fill90-a2.0-1      stuck   steps     0     0.0s  placed 0.00
   33/48 zephyr4-fill90-a2.0-2      stuck   steps     0     0.0s  placed 0.00
   34/48 zephyr4-fill90-a2.0-3      stuck   steps     1     0.3s  placed 0.01
   35/48 zephyr4-fill90-a2.0-4      stuck   steps    26     8.3s  placed 0.07
   36/48 zephyr4-fill90-a2.0-5      stuck   steps     0     0.0s  placed 0.00
   37/48 zephyr4-fill95-a3.0-0      stuck   steps     0     0.0s  placed 0.00
   38/48 zephyr4-fill95-a3.0-1      stuck   steps    93    48.2s  placed 0.18
   39/48 zephyr4-fill95-a3.0-2      stuck   steps     0     0.0s  placed 0.00
   40/48 zephyr4-fill95-a3.0-3      stuck   steps     5     2.3s  placed 0.01
   41/48 zephyr4-fill95-a3.0-4      stuck   steps     0     0.0s  placed 0.00
   42/48 zephyr4-fill95-a3.0-5      stuck   steps     0     0.0s  placed 0.00
   43/48 zephyr4-fill95-a2.0-0      stuck   steps     5     1.6s  placed 0.01
   44/48 zephyr4-fill95-a2.0-1      stuck   steps     4     1.3s  placed 0.01
   45/48 zephyr4-fill95-a2.0-2      stuck   steps    82    32.9s  placed 0.21
   46/48 zephyr4-fill95-a2.0-3      stuck   steps     1     0.3s  placed 0.01
   47/48 zephyr4-fill95-a2.0-4      stuck   steps     1     0.4s  placed 0.01
   48/48 zephyr4-fill95-a2.0-5      stuck   steps     2     0.6s  placed 0.01

  cell               n  reached    steps     secs stops
  fill80-a2.0        6     0.00        4      1.0 {'stuck': 6}
  fill80-a3.0        6     0.00        0      0.2 {'stuck': 6}
  fill85-a2.0        6     0.00        5      1.6 {'stuck': 6}
  fill85-a3.0        6     0.00       10      4.4 {'stuck': 6}
  fill90-a2.0        6     0.00        4      1.4 {'stuck': 6}
  fill90-a3.0        6     0.00        2      0.9 {'stuck': 6}
  fill95-a2.0        6     0.00       16      6.2 {'stuck': 6}
  fill95-a3.0        6     0.00       16      8.4 {'stuck': 6}

WITNESS REPLAY DONE
