{"corpus": "runs/v1/corpus", "family": "if-dual", "train_lineages": 200, "eval_lineages": 60, "states": 2, "max_candidates": 8, "reads": 256}
  389 training states, 118 held-out states, 3831 labelled candidates, 739s
  fitting on 293 states, stopping on 96 held out of the training lineages
  epoch   0  loss 2.71005  inner rank 0.000  best 0.000
  epoch  25  loss 2.62878  inner rank 0.000  best 0.071
  stopping at epoch 45; the inner split stopped improving at 0.071
  restored the checkpoint with the best inner rank correlation 0.071

== TRAINING states, fitted on, 118 states, every pick re-measured on 512 independent reads
  picking by oracle     0.6422  over 118 states
  picking by head       0.5062  over 118 states
  picking by random     0.4986  over 118 states
  picking by resource   0.4996  over 118 states
  picking by incumbent  0.4965  over 118 states
  head minus random                    n 118 states in  61 lineages  +0.0113 [-0.0240, +0.0505]  (paired by lineage)
  head minus the protected incumbent   n 118 states in  61 lineages  +0.0150 [-0.0278, +0.0597]  (paired by lineage)
  oracle minus random, the ceiling     n 118 states in  61 lineages  +0.1467 [+0.1125, +0.1848]  (paired by lineage)
  head minus oracle, what is left on the table n 118 states in  61 lineages  -0.1354 [-0.1665, -0.1063]  (paired by lineage)
  median within-state rank correlation +0.167

== HELD-OUT lineages, never trained on, 118 states, every pick re-measured on 512 independent reads
  picking by oracle     0.7083  over 118 states
  picking by head       0.5895  over 118 states
  picking by random     0.5947  over 118 states
  picking by resource   0.5739  over 118 states
  picking by incumbent  0.6006  over 118 states
  head minus random                    n 118 states in  60 lineages  -0.0049 [-0.0378, +0.0266]  (paired by lineage)
  head minus the protected incumbent   n 118 states in  60 lineages  -0.0104 [-0.0507, +0.0318]  (paired by lineage)
  oracle minus random, the ceiling     n 118 states in  60 lineages  +0.1123 [+0.0832, +0.1440]  (paired by lineage)
  head minus oracle, what is left on the table n 118 states in  60 lineages  -0.1172 [-0.1490, -0.0874]  (paired by lineage)
  median within-state rank correlation +0.048

TRAIN QUALITY DONE
