{"corpus": "runs/v1/corpus", "family": "if-mlp", "train_lineages": 200, "eval_lineages": 60, "states": 2, "max_candidates": 8, "reads": 256}
  wrote labels to runs/r1/labels.pkl
  389 training states, 118 held-out states, 3831 labelled candidates, 828s
  step   1  nll 0.69377  rank 0.00000  train regret 0.1968  grad 8.027
  step  51  nll 0.65458  rank 0.00000  train regret 0.1329  grad 130.568
  step 101  nll 0.61505  rank 0.00000  train regret 0.1302  grad 78.961
  step 151  nll 0.60363  rank 0.00000  train regret 0.1220  grad 751.257
  step 201  nll 0.55082  rank 0.00000  train regret 0.1109  grad 386.724
  step 251  nll 0.52543  rank 0.00000  train regret 0.0880  grad 73.491
  step 301  nll 0.52569  rank 0.00000  train regret 0.0828  grad 245.820
  step 351  nll 0.51046  rank 0.00000  train regret 0.0514  grad 184.599
  step 401  nll 0.49472  rank 0.00000  train regret 0.0177  grad 45.761
  step 451  nll 0.49708  rank 0.00000  train regret 0.0107  grad 182.276
  step 501  nll 0.49045  rank 0.00000  train regret 0.0063  grad 81.596
  step 551  nll 0.48918  rank 0.00000  train regret 0.0048  grad 83.468
  step 601  nll 0.48804  rank 0.00000  train regret 0.0038  grad 60.979
  step 651  nll 0.48782  rank 0.00000  train regret 0.0023  grad 61.541
  step 701  nll 0.48762  rank 0.00000  train regret 0.0040  grad 26.852
  step 751  nll 0.48672  rank 0.00000  train regret 0.0021  grad 42.380
  step 800  nll 0.48644  rank 0.00000  train regret 0.0013  grad 36.645

== TRAINING states, fitted on, 118 states, every pick re-measured on 512 independent reads
  picking by oracle     0.6242  over 118 states
  picking by head       0.6276  over 118 states
  picking by random     0.4704  over 118 states
  picking by resource   0.4832  over 118 states
  picking by incumbent  0.4918  over 118 states
  head minus random                    n 118 states in  61 lineages  +0.1549 [+0.1249, +0.1882]  (paired by lineage)
  head minus the protected incumbent   n 118 states in  61 lineages  +0.1362 [+0.1000, +0.1744]  (paired by lineage)
  oracle minus random, the ceiling     n 118 states in  61 lineages  +0.1513 [+0.1219, +0.1859]  (paired by lineage)
  head minus oracle, what is left on the table n 118 states in  61 lineages  +0.0036 [-0.0010, +0.0083]  (paired by lineage)
  median within-state rank correlation +0.972

== HELD-OUT lineages, never trained on, 118 states, every pick re-measured on 512 independent reads
  picking by oracle     0.7083  over 118 states
  picking by head       0.5802  over 118 states
  picking by random     0.5947  over 118 states
  picking by resource   0.5739  over 118 states
  picking by incumbent  0.6006  over 118 states
  head minus random                    n 118 states in  60 lineages  -0.0140 [-0.0405, +0.0119]  (paired by lineage)
  head minus the protected incumbent   n 118 states in  60 lineages  -0.0195 [-0.0510, +0.0127]  (paired by lineage)
  oracle minus random, the ceiling     n 118 states in  60 lineages  +0.1123 [+0.0832, +0.1440]  (paired by lineage)
  head minus oracle, what is left on the table n 118 states in  60 lineages  -0.1263 [-0.1582, -0.0956]  (paired by lineage)
  median within-state rank correlation +0.060
  wrote runs/r1/bce.json and runs/r1/bce.pt

TRAIN QUALITY DONE
